Renesas Optimizing Linker (W2.04.00 )             18-Nov-2018 03:06:06

*** Options ***

-subcommand=LinkerSubCommand.tmp
-input="./UserSrc/Buzzer.obj"
-input="./UserSrc/ControlAngularVelocity.obj"
-input="./UserSrc/ControlSensorAngle.obj"
-input="./UserSrc/ControlVelocity.obj"
-input="./UserSrc/DriveAssert.obj"
-input="./UserSrc/FunctionTimer.obj"
-input="./UserSrc/Led.obj"
-input="./UserSrc/Log.obj"
-input="./UserSrc/Mode.obj"
-input="./UserSrc/SciFifo.obj"
-input="./UserSrc/Sensor.obj"
-input="./UserSrc/Switch.obj"
-input="./UserSrc/TaskTimer.obj"
-input="./UserSrc/Test.obj"
-input="./UserSrc/Tracer.obj"
-input="./src/cg_src/r_cg_cgc.obj"
-input="./src/cg_src/r_cg_cgc_user.obj"
-input="./src/cg_src/r_cg_cmt.obj"
-input="./src/cg_src/r_cg_cmt_user.obj"
-input="./src/cg_src/r_cg_dbsct.obj"
-input="./src/cg_src/r_cg_hardware_setup.obj"
-input="./src/cg_src/r_cg_icu.obj"
-input="./src/cg_src/r_cg_icu_user.obj"
-input="./src/cg_src/r_cg_intprg.obj"
-input="./src/cg_src/r_cg_main.obj"
-input="./src/cg_src/r_cg_mtu3.obj"
-input="./src/cg_src/r_cg_mtu3_user.obj"
-input="./src/cg_src/r_cg_port.obj"
-input="./src/cg_src/r_cg_port_user.obj"
-input="./src/cg_src/r_cg_resetprg.obj"
-input="./src/cg_src/r_cg_rspi.obj"
-input="./src/cg_src/r_cg_rspi_user.obj"
-input="./src/cg_src/r_cg_s12ad.obj"
-input="./src/cg_src/r_cg_s12ad_user.obj"
-input="./src/cg_src/r_cg_sbrk.obj"
-input="./src/cg_src/r_cg_sci.obj"
-input="./src/cg_src/r_cg_sci_user.obj"
-input="./src/cg_src/r_cg_vecttbl.obj"
-start=SU,SI,B_1,R_1,B_2,R_2,B,R/04,PResetPRG,C_1,C_2,C,C$*,D*,W*,L,PIntPRG,P/0FFC00000,EXCEPTVECT/0FFFFFF80,RESETVECT/0FFFFFFFC
-library=C:\Users\shuuichi\OneDrive\Robomech\ROBOTR~1\2018\program\VERDIR~1\HARDWA~2\VerdiRT17_RX64M.lib
-noprelink
-list=VerdiRT17_RX64M.map
-show
-nooptimize
-debug
-output=C:\Users\shuuichi\OneDrive\Robomech\Robotrace\2018\program\VerdiRT17_RX64M\HardwareDebug\VerdiRT17_RX64M.abs
-rom=D=R,D_1=R_1,D_2=R_2
-nocompress
-nomessage
-nologo

*** Error information ***

*** Mapping List ***

SECTION                            START      END         SIZE   ALIGN

SU
                                  00000004  00000303       300   4
SI
                                  00000304  00000803       500   4
B_1
                                  00000804  000008f6        f3   1
R_1
                                  000008f7  00000947        51   1
B_2
                                  00000948  00000db7       470   2
R_2
                                  00000db8  00000db8         0   1
B
                                  00000db8  00077c6b     76eb4   4
R
                                  00077c6c  00077eef       284   4
$ADDR_C_120040
                                  00120040  00120043         4   1
$ADDR_C_120048
                                  00120048  0012004b         4   1
$ADDR_C_120050
                                  00120050  0012006f        20   1
PResetPRG
                                  ffc00000  ffc0003d        3e   1
C_1
                                  ffc0003e  ffc0010f        d2   1
C_2
                                  ffc00110  ffc00311       202   2
C
                                  ffc00314  ffc003c7        b4   4
C$DSEC
                                  ffc003c8  ffc003eb        24   4
C$BSEC
                                  ffc003ec  ffc00403        18   4
C$INIT
                                  ffc00404  ffc00404         0   1
C$VECT
                                  ffc00404  ffc00803       400   4
C$VTBL
                                  ffc00804  ffc00804         0   1
D
                                  ffc00804  ffc00a87       284   4
D_1
                                  ffc00a88  ffc00ad8        51   1
D_2
                                  ffc00ad9  ffc00ad9         0   1
W
                                  ffc00adc  ffc00adc         0   4
W_1
                                  ffc00adc  ffc00adc         0   1
W_2
                                  ffc00adc  ffc00b2d        52   2
L
                                  ffc00b30  ffc010bc       58d   4
PIntPRG
                                  ffc010bd  ffc01134        78   1
P
                                  ffc01135  ffc083c3      728f   1
EXCEPTVECT
                                  ffffff80  fffffffb        7c   4
RESETVECT
                                  fffffffc  ffffffff         4   4

*** Symbol List ***

SECTION=
FILE=                               START        END    SIZE
  SYMBOL                            ADDR        SIZE    INFO      COUNTS  OPT

SECTION=SU
FILE=.\src\cg_src\r_cg_resetprg.obj
                                  00000004  00000303       300

SECTION=SI
FILE=.\src\cg_src\r_cg_resetprg.obj
                                  00000304  00000803       500

SECTION=B_1
FILE=.\UserSrc\Log.obj
                                  00000804  000008cc        c9
  _st_SendBuf
                                  00000804        c8   data ,l        1c
  _st_BufSize
                                  000008cc         1   data ,l        1c
FILE=.\UserSrc\Sensor.obj
                                  000008cd  000008e1        15
  _st_SendBuf
                                  000008cd        14   data ,l         2
  _st_SensorCalibFlag
                                  000008e1         1   data ,l         6
FILE=.\UserSrc\Test.obj
                                  000008e2  000008f6        15
  _st_SendBuf
                                  000008e2        14   data ,l        17
  _st_BufSize
                                  000008f6         1   data ,l        17

SECTION=R_1
FILE=xfiles
                                  000008f7  00000946        50
  _ebuf
                                  000008f7        50   data ,l         5
FILE=xstate
                                  00000947  00000947         1
  __Mbcurmax
                                  00000947         1   data ,g         1

SECTION=B_2
FILE=.\UserSrc\ControlAngularVelocity.obj
                                  00000948  00000955         e
  _st_SensorData
                                  00000948         e   data ,l         2
FILE=.\UserSrc\ControlSensorAngle.obj
                                  00000956  00000963         e
  _st_SensorData
                                  00000956         e   data ,l         5
FILE=.\UserSrc\DriveAssert.obj
                                  00000964  00000971         e
  _st_SensorData
                                  00000964         e   data ,l         3
FILE=.\UserSrc\Sensor.obj
                                  00000972  0000099d        2c
  _st_LineSensor
                                  00000972        18   data ,l         c
  _st_InstantMax
                                  0000098a         8   data ,l        10
  _st_InstantMin
                                  00000992         8   data ,l        14
  _st_SensorCalibMax
                                  0000099a         2   data ,l         9
  _st_SensorCalibMin
                                  0000099c         2   data ,l         9
FILE=.\UserSrc\Tracer.obj
                                  0000099e  000009ab         e
  _st_SensorData
                                  0000099e         e   data ,l         3
FILE=.\src\cg_src\r_cg_rspi.obj
                                  000009ac  000009b1         6
  _g_rspi0_tx_count
                                  000009ac         2   data ,g         3
  _g_rspi0_rx_count
                                  000009ae         2   data ,g         4
  _g_rspi0_rx_length
                                  000009b0         2   data ,g         3
FILE=.\src\cg_src\r_cg_sbrk.obj
                                  000009b2  00000db1       400
  _heap_area
                                  000009b2       400   data ,l         2
FILE=.\src\cg_src\r_cg_sci.obj
                                  00000db2  00000db7         6
  _g_sci2_tx_count
                                  00000db2         2   data ,g         3
  _g_sci2_rx_count
                                  00000db4         2   data ,g         4
  _g_sci2_rx_length
                                  00000db6         2   data ,g         3

SECTION=B
FILE=.\UserSrc\Buzzer.obj
                                  00000db8  00000dc3         c
  _st_BeepCount
                                  00000db8         4   data ,l         5
  _st_TaskCounter
                                  00000dbc         4   data ,l         5
  _st_TaskInterval
                                  00000dc0         4   data ,l         3
FILE=.\UserSrc\ControlAngularVelocity.obj
                                  00000dc4  00000e63        a0
  _st_BodyOmega
                                  00000dc4         4   data ,l         5
  _st_BodyAngle
                                  00000dc8         4   data ,l         5
  _st_VirtualGeometry
                                  00000dcc        14   data ,l         e
  _st_Controller
                                  00000de0        48   data ,l        36
  _st_LogHeader
                                  00000e28        14   data ,l         2
  _st_LogArray
                                  00000e3c        28   data ,l         7
FILE=.\UserSrc\ControlSensorAngle.obj
                                  00000e64  00000ef3        90
  _st_Theta
                                  00000e64        50   data ,l        28
  _st_PotentioTheta
                                  00000eb4         4   data ,l         3
  _st_LogHeader
                                  00000eb8        14   data ,l         2
  _st_LogArray
                                  00000ecc        28   data ,l         8
FILE=.\UserSrc\ControlVelocity.obj
                                  00000ef4  00000fa7        b4
  _st_Encoder
                                  00000ef4        30   data ,l        24
  _st_Controller
                                  00000f24        48   data ,l        36
  _st_LogHeader
                                  00000f6c        14   data ,l         2
  _st_LogArray
                                  00000f80        28   data ,l         6
FILE=.\UserSrc\DriveAssert.obj
                                  00000fa8  00000fb3         c
  _st_AssertFlag
                                  00000fa8         4   data ,l         5
  _st_LineAssert
                                  00000fac         8   data ,l         9
FILE=.\UserSrc\FunctionTimer.obj
                                  00000fb4  00000fff        4c
  _st_BuzzerDuty
                                  00000fb4         c   data ,l         9
  _st_RightMotorDuty
                                  00000fc0        14   data ,l        15
  _st_LeftMotorDuty
                                  00000fd4        14   data ,l        15
  _st_SensorMotorDuty
                                  00000fe8         c   data ,l         b
  _st_VelocityDutyArray
                                  00000ff4         8   data ,l         3
  _st_SensorDutyArray
                                  00000ffc         4   data ,l         2
FILE=.\UserSrc\Log.obj
                                  00001000  00077ab3     76ab4
  _st_ControlLog
                                  00001000     50950   data ,l        31
  _st_CourceLog
                                  00051950     26164   data ,l        10
FILE=.\UserSrc\Mode.obj
                                  00077ab4  00077abf         c
  _st_Swt
                                  00077ab4         4   data ,l         2
  _st_ModeKind
                                  00077ab8         4   data ,l         5
  _st_Decision
                                  00077abc         4   data ,l         5
FILE=.\UserSrc\Sensor.obj
                                  00077ac0  00077bbf       100
  _st_SensorData
                                  00077ac0        b0   data ,l        43
  _st_Tx
                                  00077b70         8   data ,l         5
  _st_Rx
                                  00077b78         8   data ,l         5
  _st_LineCoefficient
                                  00077b80        10   data ,l         c
  _st_CourceMarker
                                  00077b90        30   data ,l        3f
FILE=.\UserSrc\Switch.obj
                                  00077bc0  00077bf7        38
  _st_Swt
                                  00077bc0        1c   data ,l        22
  _st_udMin
                                  00077bdc         4   data ,l         4
  _st_udMax
                                  00077be0         4   data ,l         4
  _st_rlMin
                                  00077be4         4   data ,l         4
  _st_rlMax
                                  00077be8         4   data ,l         4
  _st_Decision
                                  00077bec         c   data ,l         a
FILE=.\UserSrc\TaskTimer.obj
                                  00077bf8  00077c2b        34
  _st_TaskState
                                  00077bf8         4   data ,l         c
  _st_TaskSchedule
                                  00077bfc        30   data ,l        10
FILE=.\UserSrc\Test.obj
                                  00077c2c  00077c37         c
  _st_Swt
                                  00077c2c         4   data ,l        12
  _st_ModeLevel
                                  00077c30         4   data ,l         4
  _st_Decision
                                  00077c34         4   data ,l        3a
FILE=.\UserSrc\Tracer.obj
                                  00077c38  00077c57        20
  _st_Decision
                                  00077c38         4   data ,l         9
  _st_CourceLogStoreParam
                                  00077c3c        1c   data ,l        13
FILE=.\src\cg_src\r_cg_rspi.obj
                                  00077c58  00077c5f         8
  _gp_rspi0_tx_address
                                  00077c58         4   data ,g         3
  _gp_rspi0_rx_address
                                  00077c5c         4   data ,g         3
FILE=.\src\cg_src\r_cg_sci.obj
                                  00077c60  00077c67         8
  _gp_sci2_tx_address
                                  00077c60         4   data ,g         3
  _gp_sci2_rx_address
                                  00077c64         4   data ,g         3
FILE=_errno
                                  00077c68  00077c6b         4
  __errno
                                  00077c68         4   data ,g         3

SECTION=R
FILE=.\src\cg_src\r_cg_sbrk.obj
                                  00077c6c  00077c6f         4
  _brk
                                  00077c6c         4   data ,l         3
FILE=sincosfsub
                                  00077c70  00077cab        3c
  _sinf_coeff
                                  00077c70        10   data ,l         1
  _cosf_coeff
                                  00077c80        10   data ,l         1
  _pi4ptr_table
                                  00077c90         c   data ,l         1
  _sub_table
                                  00077c9c        10   data ,l         1
FILE=xprintf
                                  00077cac  00077caf         4
  _stderr
                                  00077cac         4   data ,g         0
FILE=xfiles
                                  00077cb0  00077d87        d8
  __Stdin
                                  00077cb0        48   data ,g         7
  __Stdout
                                  00077cf8        48   data ,g         7
  __Stderr
                                  00077d40        48   data ,g         3
FILE=xctype
                                  00077d88  00077d8f         8
  __Ctype
                                  00077d88         4   data ,g         2
  __Tls_setup__Ctype
                                  00077d8c         4   data ,g         1
FILE=xstate
                                  00077d90  00077dd7        48
  __Tls_setup__Mbcurmax
                                  00077d90         4   data ,g         1
  __Mbstate
                                  00077d94        40   data ,g         2
  __Tls_setup__Mbstate
                                  00077dd4         4   data ,g         2
FILE=malloc
                                  00077dd8  00077ddf         8
  __Aldata
                                  00077dd8         8   data ,g         3
FILE=localeco
                                  00077de0  00077e33        54
  __Locale
                                  00077de0        50   data ,g         1
  __Tls_setup__Locale
                                  00077e30         4   data ,g         0
FILE=xwcstate
                                  00077e34  00077e77        44
  __Wcstate
                                  00077e34        40   data ,g         2
  __Tls_setup__Wcstate
                                  00077e74         4   data ,g         2
FILE=xfvalues
                                  00077e78  00077eef        78
  __FDenorm
                                  00077e78        10   data ,g         0
  __FEps
                                  00077e88        10   data ,g         0
  __FHugeval
                                  00077e98        10   data ,g         0
  __FInf
                                  00077ea8        10   data ,g         1
  __FNan
                                  00077eb8        10   data ,g         0
  __FSnan
                                  00077ec8        10   data ,g         0
  __FRteps
                                  00077ed8        10   data ,g         0
  __FXbig
                                  00077ee8         4   data ,g         0
  __FZero
                                  00077eec         4   data ,g         0

SECTION=$ADDR_C_120040
FILE=.\src\cg_src\r_cg_vecttbl.obj
                                  00120040  00120043         4
  ___SPCCreg
                                  00120040         4   data ,g         0

SECTION=$ADDR_C_120048
FILE=.\src\cg_src\r_cg_vecttbl.obj
                                  00120048  0012004b         4
  ___TMEFreg
                                  00120048         4   data ,g         0

SECTION=$ADDR_C_120050
FILE=.\src\cg_src\r_cg_vecttbl.obj
                                  00120050  0012006f        20
  ___OSISreg
                                  00120050        10   data ,g         0
  ___TMINFreg
                                  00120060         4   data ,g         0
  ___MDEreg
                                  00120064         4   data ,g         0
  ___OFS0reg
                                  00120068         4   data ,g         0
  ___OFS1reg
                                  0012006c         4   data ,g         0

SECTION=PResetPRG
FILE=.\src\cg_src\r_cg_resetprg.obj
                                  ffc00000  ffc0003d        3e
  _PowerON_Reset_PC
                                  ffc00000        3e   entry,g         1

SECTION=C_1
FILE=xprintf
                                  ffc0003e  ffc00047         a
  _fchar$1
                                  ffc0003e         a   data ,l         1
FILE=xputtxt
                                  ffc00048  ffc000ec        a5
  _spaces
                                  ffc00048        21   data ,l         1
  _zeroes
                                  ffc00069        21   data ,l         1
  _asterisk
                                  ffc0008a        21   data ,l         1
  _plus
                                  ffc000ab        21   data ,l         1
  _minus
                                  ffc000cc        21   data ,l         1
FILE=xlitob
                                  ffc000ed  ffc0010e        22
  _ldigs
                                  ffc000ed        11   data ,l         1
  _udigs
                                  ffc000fe        11   data ,l         1
FILE=localeco
                                  ffc0010f  ffc0010f         1
  _null
                                  ffc0010f         1   data ,l         d

SECTION=C_2
FILE=xctype
                                  ffc00110  ffc00311       202
  _ctyp_tab
                                  ffc00110       202   data ,l         1

SECTION=C
FILE=.\src\cg_src\r_cg_dbsct.obj
                                  ffc00314  ffc00347        34
  __CTBL
                                  ffc00314        34   data ,g         0
FILE=xprintf
                                  ffc00348  ffc0035f        18
  _fbit$2
                                  ffc00348        18   data ,l         1
FILE=xldtob
                                  ffc00360  ffc00377        18
  _pows
                                  ffc00360        18   data ,l         1
FILE=floatval
                                  ffc00378  ffc0039f        28
  __FLT_MAX_VAL
                                  ffc00378         0   none ,g         1
  __FLT_MIN_VAL
                                  ffc0037c         0   none ,g         0
  __DBL_MAX_VAL
                                  ffc00380         0   none ,g         0
  __DBL_MIN_VAL
                                  ffc00388         0   none ,g         0
  __LDBL_MAX_VAL
                                  ffc00390         0   none ,g         0
  __LDBL_MIN_VAL
                                  ffc00398         0   none ,g         0
FILE=_const
                                  ffc003a0  ffc003c3        24
  __IFNAND
                                  ffc003a0         0   none ,g         0
  __IFINFD
                                  ffc003a8         0   none ,g         0
  __NIFINFD
                                  ffc003b0         0   none ,g         0
  __IFNANS
                                  ffc003b8         0   none ,g         1
  __IFINFS
                                  ffc003bc         0   none ,g         0
  __NIFINFS
                                  ffc003c0         0   none ,g         0
FILE=_sbrk_si
                                  ffc003c4  ffc003c7         4
  __sbrk_size
                                  ffc003c4         4   data ,g         1

SECTION=C$DSEC
FILE=.\src\cg_src\r_cg_dbsct.obj
                                  ffc003c8  ffc003eb        24
  __DTBL
                                  ffc003c8        24   data ,g         0

SECTION=C$BSEC
FILE=.\src\cg_src\r_cg_dbsct.obj
                                  ffc003ec  ffc00403        18
  __BTBL
                                  ffc003ec        18   data ,g         0

SECTION=C$VECT
FILE=.\src\cg_src\r_cg_dbsct.obj
                                  ffc00404  ffc00803       400

SECTION=D
FILE=.\src\cg_src\r_cg_sbrk.obj
                                  ffc00804  ffc00807         4
FILE=sincosfsub
                                  ffc00808  ffc00843        3c
FILE=xprintf
                                  ffc00844  ffc00847         4
FILE=xfiles
                                  ffc00848  ffc0091f        d8
FILE=xctype
                                  ffc00920  ffc00927         8
FILE=xstate
                                  ffc00928  ffc0096f        48
FILE=malloc
                                  ffc00970  ffc00977         8
FILE=localeco
                                  ffc00978  ffc009cb        54
FILE=xwcstate
                                  ffc009cc  ffc00a0f        44
FILE=xfvalues
                                  ffc00a10  ffc00a87        78

SECTION=D_1
FILE=xfiles
                                  ffc00a88  ffc00ad7        50
FILE=xstate
                                  ffc00ad8  ffc00ad8         1

SECTION=W_2
FILE=.\UserSrc\Led.obj
                                  ffc00adc  ffc00afb        20
FILE=.\UserSrc\TaskTimer.obj
                                  ffc00afc  ffc00b0f        14
FILE=.\UserSrc\Test.obj
                                  ffc00b10  ffc00b2d        1e

SECTION=L
FILE=.\UserSrc\Log.obj
                                  ffc00b30  ffc00f3b       40c
FILE=.\UserSrc\Sensor.obj
                                  ffc00f3c  ffc00f75        3a
FILE=.\UserSrc\Test.obj
                                  ffc00f78  ffc0107d       106
FILE=xprintf
                                  ffc01080  ffc01086         7
FILE=xldtob
                                  ffc01088  ffc010a9        22
FILE=xgenld
                                  ffc010ac  ffc010ad         2
FILE=localeco
                                  ffc010b0  ffc010bc         d

SECTION=PIntPRG
FILE=.\src\cg_src\r_cg_intprg.obj
                                  ffc010bd  ffc01134        78
  _r_undefined_exception
                                  ffc010bd         2   func ,g         3
  _r_reserved_exception
                                  ffc010bf         2   func ,g        1b
  _r_nmi_exception
                                  ffc010c1         2   func ,g         1
  _r_brk_exception
                                  ffc010c3         2   func ,g         0
  _r_icu_group_be0_interrupt
                                  ffc010c5         2   func ,g         0
  _r_icu_group_bl0_interrupt
                                  ffc010c7        35   func ,g         0
  _r_icu_group_bl1_interrupt
                                  ffc010fc         2   func ,g         0
  _r_icu_group_al0_interrupt
                                  ffc010fe        35   func ,g         0
  _r_icu_group_al1_interrupt
                                  ffc01133         2   func ,g         0

SECTION=P
FILE=.\UserSrc\Buzzer.obj
                                  ffc01135  ffc011e2        ae
  _BZR_Init
                                  ffc01135        26   func ,g         1
  _BZR_BuzzerOn
                                  ffc0115b         b   func ,g         2
  _BZR_BuzzerOff
                                  ffc01166         7   func ,g         2
  _BZR_SetBeepCount
                                  ffc0116d        22   func ,g        12
  _BZR_BuzzerTask
                                  ffc0118f        54   func ,g         1
FILE=.\UserSrc\ControlAngularVelocity.obj
                                  ffc011e3  ffc01689       4a7
  _CAV_Init
                                  ffc011e3       116   func ,g         4
  _CAV_StartDriveMotor
                                  ffc012f9        22   func ,g         3
  _CAV_StopDriveMotor
                                  ffc0131b         d   func ,g         0
  _CAV_SetTargetUpAccel
                                  ffc01328         e   func ,g         1
  _CAV_SetTargetDownAccel
                                  ffc01336         e   func ,g         1
  _CAV_SetTarget
                                  ffc01344        51   func ,g         2
  _CAV_ControlTask
                                  ffc01395        10   func ,g         1
  _CAV_GetTarget
                                  ffc013a5         e   func ,g         3
  _CAV_GetVelocity
                                  ffc013b3         e   func ,g         5
  _CAV_GetErrorNow
                                  ffc013c1         e   func ,g         4
  _CAV_GetAngle
                                  ffc013cf         e   func ,g         0
  _CAV_GetRadius
                                  ffc013dd         e   func ,g         1
  _CAV_GetVirtualThetaDeg
                                  ffc013eb         e   func ,g         9
  _CAV_ClearAngle
                                  ffc013f9         a   func ,g         0
  _CAV_GetLogHeader
                                  ffc01403        2b   func ,g         1
  _CAV_GetLogArray
                                  ffc0142e        90   func ,g         1
  _st_CalcTarget
                                  ffc014be        82   func ,l         1
  _st_CalcGyro
                                  ffc01540        3e   func ,l         1
  _st_UpdateTarget
                                  ffc0157e        3d   func ,l         1
  _st_CalcError
                                  ffc015bb        b3   func ,l         1
  _st_SetMotorDuty
                                  ffc0166e        1c   func ,l         1
FILE=.\UserSrc\ControlSensorAngle.obj
                                  ffc0168a  ffc01969       2e0
  _CSA_Init
                                  ffc0168a        d0   func ,g         1
  _CSA_StartSensorMotor
                                  ffc0175a         d   func ,g         3
  _CSA_StopSensorMotor
                                  ffc01767         d   func ,g         3
  _CSA_StartSensorTask
                                  ffc01774         b   func ,g         4
  _CSA_ControlSensorTask
                                  ffc0177f        e3   func ,g         1
  _CSA_GetSensorTheta
                                  ffc01862        26   func ,g         3
  _CSA_GetLogHeader
                                  ffc01888        2b   func ,g         1
  _CSA_GetLogArray
                                  ffc018b3        8d   func ,g         1
  _st_CalcSensorAngle
                                  ffc01940        1c   func ,l         1
  _st_DriveSensorMotor
                                  ffc0195c         e   func ,l         1
FILE=.\UserSrc\ControlVelocity.obj
                                  ffc0196a  ffc01eab       542
  _CVL_Init
                                  ffc0196a       16a   func ,g         6
  _CVL_StartDriveMotor
                                  ffc01ad4        22   func ,g         6
  _CVL_StopDriveMotor
                                  ffc01af6         d   func ,g         4
  _CVL_SetTargetUpAccel
                                  ffc01b03         e   func ,g         1
  _CVL_SetTargetDownAccel
                                  ffc01b11         e   func ,g         1
  _CVL_SetTarget
                                  ffc01b1f        51   func ,g        15
  _CVL_ControlTask
                                  ffc01b70         d   func ,g         1
  _CVL_GetTarget
                                  ffc01b7d         e   func ,g         5
  _CVL_GetVelocity
                                  ffc01b8b         e   func ,g         7
  _CVL_GetErrorNow
                                  ffc01b99         e   func ,g         4
  _CVL_GetDistance
                                  ffc01ba7         e   func ,g         8
  _CVL_GetEncoderDiff
                                  ffc01bb5         e   func ,g         1
  _CVL_GetLogHeader
                                  ffc01bc3        2b   func ,g         1
  _CVL_GetLogArray
                                  ffc01bee        68   func ,g         1
  _st_CalcEncoder
                                  ffc01c56       14c   func ,l         1
  _st_UpdateTarget
                                  ffc01da2        3d   func ,l         1
  _st_CalcError
                                  ffc01ddf        b4   func ,l         1
  _st_SetMotorDuty
                                  ffc01e93        19   func ,l         1
FILE=.\UserSrc\DriveAssert.obj
                                  ffc01eac  ffc01f89        de
  _DAS_Init
                                  ffc01eac        1c   func ,g         5
  _DAS_AssertTask
                                  ffc01ec8        30   func ,g         1
  _DAS_GetAssertFlag
                                  ffc01ef8         e   func ,g         1
  _DAS_ClearAssertFlag
                                  ffc01f06        13   func ,g         1
  _st_LineSensorAssert
                                  ffc01f19        71   func ,l         1
FILE=.\UserSrc\FunctionTimer.obj
                                  ffc01f8a  ffc02551       5c8
  _FTR_Init
                                  ffc01f8a        e9   func ,g         1
  _FTR_StartBuzzerTimer
                                  ffc02073         5   func ,g         1
  _FTR_SetBuzzerDuty
                                  ffc02078        55   func ,g         2
  _FTR_StartRightEncoderTimer
                                  ffc020cd         5   func ,g         2
  _FTR_GetRightEncoderCount
                                  ffc020d2         e   func ,g         2
  _FTR_StartLeftEncoderTimer
                                  ffc020e0         5   func ,g         2
  _FTR_GetLeftEncoderCount
                                  ffc020e5         e   func ,g         2
  _FTR_StartRightMotorTimer
                                  ffc020f3        20   func ,g         2
  _FTR_SetTransitionRightMotorDuty
                                  ffc02113        4a   func ,g         4
  _FTR_SetAngularRightMotorDuty
                                  ffc0215d        48   func ,g         1
  _FTR_GetRightMotorDuty
                                  ffc021a5         e   func ,g         5
  _FTR_StartLeftMotorTimer
                                  ffc021b3        20   func ,g         2
  _FTR_SetTransitionLeftMotorDuty
                                  ffc021d3        4a   func ,g         4
  _FTR_SetAngularLeftMotorDuty
                                  ffc0221d        48   func ,g         1
  _FTR_GetLeftMotorDuty
                                  ffc02265         e   func ,g         5
  _FTR_StartSensorMotorTimer
                                  ffc02273         5   func ,g         2
  _FTR_SetSensorMotorDuty
                                  ffc02278        90   func ,g         2
  _FTR_GetSensorMotorDuty
                                  ffc02308         e   func ,g         0
  _FTR_GetVelocityLogDutyArray
                                  ffc02316        2c   func ,g         1
  _FTR_GetSensorLogDutyArray
                                  ffc02342        1c   func ,g         1
  _st_SetLeftMotorDuty
                                  ffc0235e        76   func ,l         2
  _st_SetRightMotorDuty
                                  ffc023d4        76   func ,l         2
  _st_SetLeftDriveCw
                                  ffc0244a        2c   func ,l         1
  _st_SetLeftDriveCcw
                                  ffc02476        2c   func ,l         1
  _st_SetRightDriveCw
                                  ffc024a2        2c   func ,l         1
  _st_SetRightDriveCcw
                                  ffc024ce        2c   func ,l         1
  _st_SetSensorDriveCw
                                  ffc024fa        2c   func ,l         1
  _st_SetSensorDriveCcw
                                  ffc02526        2c   func ,l         1
FILE=.\UserSrc\Led.obj
                                  ffc02552  ffc02793       242
  _LED_binaryOn
                                  ffc02552       181   func ,g         3
  _LED_AllOff
                                  ffc026d3        15   func ,g         1
  _LED_On
                                  ffc026e8        56   func ,g        21
  _LED_Off
                                  ffc0273e        56   func ,g        25
FILE=.\UserSrc\Log.obj
                                  ffc02794  ffc030e9       956
  _LOG_Init
                                  ffc02794         7   func ,g         1
  _LOG_InitControl
                                  ffc0279b       2a2   func ,g         1
  _LOG_InitCource
                                  ffc02a3d        82   func ,g         1
  _LOG_RecordControl
                                  ffc02abf       145   func ,g         1
  _LOG_RecordCource
                                  ffc02c04        82   func ,g         2
  _LOG_PrintControlRecord
                                  ffc02c86       3b6   func ,g         1
  _LOG_PrintCourceRecord
                                  ffc0303c        ae   func ,g         1
FILE=.\UserSrc\Mode.obj
                                  ffc030ea  ffc031b3        ca
  _MDE_InitMode
                                  ffc030ea         e   func ,g         1
  _MDE_SelectMode
                                  ffc030f8        bc   func ,g         1
FILE=.\UserSrc\SciFifo.obj
                                  ffc031b4  ffc031dc        29
  _SCF_Init
                                  ffc031b4         5   func ,g         1
  _SCF_WriteData
                                  ffc031b9        24   func ,g        1a
FILE=.\UserSrc\Sensor.obj
                                  ffc031dd  ffc03e65       c89
  _SSR_Init
                                  ffc031dd       243   func ,g         3
  _SSR_TaskStartSensorGate
                                  ffc03420         4   func ,g         1
  _SSR_TaskStopSensorGate
                                  ffc03424         4   func ,g         1
  _SSR_TaskGetAnalogSensor
                                  ffc03428         7   func ,g         2
  _SSR_TaskStartReadGyro
                                  ffc0342f         4   func ,g         1
  _SSR_TaskCalcSensor
                                  ffc03433        c2   func ,g         1
  _SSR_TaskCalcFilter
                                  ffc034f5       143   func ,g         1
  _SSR_TaskJudgeMarkerSensor
                                  ffc03638       198   func ,g         1
  _SSR_CalibSensor
                                  ffc037d0       23d   func ,g         5
  _SSR_GetSensorData
                                  ffc03a0d        22   func ,g         6
  _SSR_GetPotentioData
                                  ffc03a2f         f   func ,g         0
  _SSR_SetPotentioData
                                  ffc03a3e         f   func ,g         1
  _SSR_GetGyroData
                                  ffc03a4d         f   func ,g         0
  _SSR_SetGyroData
                                  ffc03a5c         f   func ,g         0
  _SSR_GetMarkerState
                                  ffc03a6b        21   func ,g         8
  _SSR_GetCourceMarker
                                  ffc03a8c        4f   func ,g         6
  _SSR_PrintAllSensor
                                  ffc03adb        55   func ,g         2
  _st_SetSensorGateOn
                                  ffc03b30         d   func ,l         1
  _st_SetSensorGateOff
                                  ffc03b3d         d   func ,l         2
  _st_ReadLineSensor
                                  ffc03b4a        68   func ,l         2
  _st_ReadOtherSensor
                                  ffc03bb2        3c   func ,l         1
  _st_ReadDarkSensor
                                  ffc03bee         c   func ,l         1
  _st_ReadLightSensor
                                  ffc03bfa         c   func ,l         1
  _st_CalcLineSensor
                                  ffc03c06        63   func ,l         1
  _st_CalcMarkerSensor
                                  ffc03c69        3e   func ,l         2
  _st_RegistResetCourceMarker
                                  ffc03ca7        eb   func ,l         2
  _st_InitGyro
                                  ffc03d92        67   func ,l         1
  _st_StartReadGyro
                                  ffc03df9        11   func ,l         1
  _st_CommunicateGyro
                                  ffc03e0a        45   func ,l         6
  _st_ParseGyro
                                  ffc03e4f        17   func ,l         1
FILE=.\UserSrc\Switch.obj
                                  ffc03e66  ffc04158       2f3
  _SWT_Init
                                  ffc03e66        a3   func ,g         6
  _SWT_CallCenter
                                  ffc03f09        13   func ,g         1
  _SWT_CallRight
                                  ffc03f1c        16   func ,g         1
  _SWT_CallLeft
                                  ffc03f32        16   func ,g         1
  _SWT_CallUp
                                  ffc03f48        16   func ,g         1
  _SWT_CallDown
                                  ffc03f5e        16   func ,g         1
  _SWT_ClearSwitchCount
                                  ffc03f74        34   func ,g         0
  _SWT_GetSwitch
                                  ffc03fa8         c   func ,g         2
  _SWT_SetSwitch
                                  ffc03fb4        28   func ,g         0
  _SWT_GetCenterDecision
                                  ffc03fdc        40   func ,g        19
  _st_CalcRL
                                  ffc0401c        7c   func ,l         3
  _st_CalcUD
                                  ffc04098        7c   func ,l         3
  _st_CalcDecision
                                  ffc04114        45   func ,l         2
FILE=.\UserSrc\TaskTimer.obj
                                  ffc04159  ffc0434a       1f2
  _TSK_Init
                                  ffc04159        2f   func ,g         1
  _TSK_Main
                                  ffc04188       15c   func ,g         1
  _TSK_Start
                                  ffc042e4        11   func ,g        18
  _TSK_Stop
                                  ffc042f5        11   func ,g         1
  _st_Task0
                                  ffc04306         5   func ,l         1
  _st_Task1
                                  ffc0430b         5   func ,l         1
  _st_Task2
                                  ffc04310         5   func ,l         1
  _st_Task3
                                  ffc04315         5   func ,l         1
  _st_Task4
                                  ffc0431a         5   func ,l         1
  _st_Task5
                                  ffc0431f         5   func ,l         1
  _st_Task6
                                  ffc04324         5   func ,l         1
  _st_Task7
                                  ffc04329         1   func ,l         1
  _st_Task8
                                  ffc0432a         1   func ,l         1
  _st_Task9
                                  ffc0432b         5   func ,l         1
  _st_Task10_StartCalc
                                  ffc04330         9   func ,l         1
  _st_Task10_StartComm
                                  ffc04339         d   func ,l         1
  _st_Task11
                                  ffc04346         5   func ,l         1
FILE=.\UserSrc\Test.obj
                                  ffc0434b  ffc04bba       870
  _TST_TestMode
                                  ffc0434b       17b   func ,g         1
  _st_SciTest
                                  ffc044c6        52   func ,l         1
  _st_IrqTest
                                  ffc04518        70   func ,l         1
  _st_LedTest
                                  ffc04588        df   func ,l         1
  _st_PwmTest
                                  ffc04667        bc   func ,l         1
  _st_BuzzerTest
                                  ffc04723        84   func ,l         1
  _st_IntBuzzerTest
                                  ffc047a7        94   func ,l         1
  _st_EncoderTest
                                  ffc0483b        5f   func ,l         1
  _st_SensorTest
                                  ffc0489a        2e   func ,l         1
  _st_GyroTest
                                  ffc048c8        2a   func ,l         1
  _st_CalibSensorTest
                                  ffc048f2         5   func ,l         1
  _st_MarkerTest
                                  ffc048f7        8e   func ,l         1
  _st_StraightTest
                                  ffc04985        a1   func ,l         1
  _st_RotationTest
                                  ffc04a26        ac   func ,l         1
  _st_AssertTest
                                  ffc04ad2        97   func ,l         1
  _st_LogTest
                                  ffc04b69        52   func ,l         1
FILE=.\UserSrc\Tracer.obj
                                  ffc04bbb  ffc0545d       8a3
  _TRC_Init
                                  ffc04bbb         1   func ,g         1
  _TRC_StartSearchMode
                                  ffc04bbc       2b8   func ,g         1
  _TRC_StartDriveMode
                                  ffc04e74       278   func ,g         1
  _TRC_StartDriveMode2
                                  ffc050ec       278   func ,g         1
  _TRC_RecordCourceTask
                                  ffc05364        79   func ,g         1
  _st_StartRecordCource
                                  ffc053dd        3f   func ,l         1
  _st_GetCourceMarker
                                  ffc0541c        42   func ,l         2
FILE=.\src\cg_src\r_cg_cgc.obj
                                  ffc0545e  ffc05506        a9
  _R_CGC_Create
                                  ffc0545e        a9   func ,g         1
FILE=.\src\cg_src\r_cg_cmt.obj
                                  ffc05507  ffc055c4        be
  _R_CMT0_Create
                                  ffc05507        34   func ,g         1
  _R_CMT0_Start
                                  ffc0553b        13   func ,g         1
  _R_CMT0_Stop
                                  ffc0554e        16   func ,g         0
  _R_CMT1_Create
                                  ffc05564        38   func ,g         1
  _R_CMT1_Start
                                  ffc0559c        13   func ,g         5
  _R_CMT1_Stop
                                  ffc055af        16   func ,g         0
FILE=.\src\cg_src\r_cg_cmt_user.obj
                                  ffc055c5  ffc055f0        2c
  _r_cmt_cmi0_interrupt
                                  ffc055c5         e   func ,l         0
  _r_cmt_cmi1_interrupt
                                  ffc055d3        1e   func ,l         0
FILE=.\src\cg_src\r_cg_hardware_setup.obj
                                  ffc055f1  ffc05697        a7
  _R_Systeminit
                                  ffc055f1        a3   func ,g         1
  _HardwareSetup
                                  ffc05694         4   func ,g         1
FILE=.\src\cg_src\r_cg_icu.obj
                                  ffc05698  ffc05854       1bd
  _R_ICU_Create
                                  ffc05698       16d   func ,g         1
  _R_ICU_IRQ5_Start
                                  ffc05805         8   func ,g         2
  _R_ICU_IRQ5_Stop
                                  ffc0580d         8   func ,g         1
  _R_ICU_IRQ6_Start
                                  ffc05815         8   func ,g         2
  _R_ICU_IRQ6_Stop
                                  ffc0581d         8   func ,g         1
  _R_ICU_IRQ7_Start
                                  ffc05825         8   func ,g         2
  _R_ICU_IRQ7_Stop
                                  ffc0582d         8   func ,g         1
  _R_ICU_IRQ8_Start
                                  ffc05835         8   func ,g         2
  _R_ICU_IRQ8_Stop
                                  ffc0583d         8   func ,g         1
  _R_ICU_IRQ9_Start
                                  ffc05845         8   func ,g         2
  _R_ICU_IRQ9_Stop
                                  ffc0584d         8   func ,g         1
FILE=.\src\cg_src\r_cg_icu_user.obj
                                  ffc05855  ffc058c2        6e
  _r_icu_irq5_interrupt
                                  ffc05855        16   func ,l         0
  _r_icu_irq6_interrupt
                                  ffc0586b        16   func ,l         0
  _r_icu_irq7_interrupt
                                  ffc05881        16   func ,l         0
  _r_icu_irq8_interrupt
                                  ffc05897        16   func ,l         0
  _r_icu_irq9_interrupt
                                  ffc058ad        16   func ,l         0
FILE=.\src\cg_src\r_cg_main.obj
                                  ffc058c3  ffc058f2        30
  _main
                                  ffc058c3         f   func ,g         1
  _R_MAIN_UserInit
                                  ffc058d2        21   func ,l         1
FILE=.\src\cg_src\r_cg_mtu3.obj
                                  ffc058f3  ffc05d10       41e
  _R_MTU3_Create
                                  ffc058f3       2a0   func ,g         1
  _R_MTU3_C0_Start
                                  ffc05b93         8   func ,g         1
  _R_MTU3_C0_Stop
                                  ffc05b9b         8   func ,g         0
  _R_MTU3_C1_Start
                                  ffc05ba3         8   func ,g         1
  _R_MTU3_C1_Stop
                                  ffc05bab         8   func ,g         0
  _R_MTU3_C2_Start
                                  ffc05bb3         8   func ,g         1
  _R_MTU3_C2_Stop
                                  ffc05bbb         8   func ,g         0
  _R_MTU3_C3_Start
                                  ffc05bc3         8   func ,g         1
  _R_MTU3_C3_Stop
                                  ffc05bcb         8   func ,g         0
  _R_MTU3_C4_Start
                                  ffc05bd3         8   func ,g         2
  _R_MTU3_C4_Stop
                                  ffc05bdb         8   func ,g         0
  _R_MTU0_SetTGRA
                                  ffc05be3         d   func ,g         0
  _R_MTU0_GetTGRA
                                  ffc05bf0        10   func ,g         0
  _R_MTU0_GetTGRB
                                  ffc05c00        10   func ,g         0
  _R_MTU0_SetTGRC
                                  ffc05c10         d   func ,g         2
  _R_MTU0_GetTGRC
                                  ffc05c1d        10   func ,g         0
  _R_MTU0_GetTGRD
                                  ffc05c2d        10   func ,g         1
  _R_MTU1_GetTcnt
                                  ffc05c3d        10   func ,g         1
  _R_MTU2_GetTcnt
                                  ffc05c4d        10   func ,g         1
  _R_MTU3_SetTGRA
                                  ffc05c5d         d   func ,g         0
  _R_MTU3_GetTGRA
                                  ffc05c6a        10   func ,g         0
  _R_MTU3_GetTGRB
                                  ffc05c7a        10   func ,g         0
  _R_MTU3_SetTGRC
                                  ffc05c8a         d   func ,g         2
  _R_MTU3_GetTGRC
                                  ffc05c97        10   func ,g         0
  _R_MTU3_GetTGRD
                                  ffc05ca7        10   func ,g         1
  _R_MTU4_SetTGRA
                                  ffc05cb7         d   func ,g         2
  _R_MTU4_GetTGRA
                                  ffc05cc4        10   func ,g         0
  _R_MTU4_GetTGRB
                                  ffc05cd4        10   func ,g         1
  _R_MTU4_SetTGRC
                                  ffc05ce4         d   func ,g         2
  _R_MTU4_GetTGRC
                                  ffc05cf1        10   func ,g         0
  _R_MTU4_GetTGRD
                                  ffc05d01        10   func ,g         1
FILE=.\src\cg_src\r_cg_port.obj
                                  ffc05d11  ffc05f18       208
  _R_PORT_Create
                                  ffc05d11        7a   func ,g         1
  _R_PORT_SetP05
                                  ffc05d8b        1c   func ,g         0
  _R_PORT_SetP07
                                  ffc05da7        18   func ,g         0
  _R_PORT_SetP14
                                  ffc05dbf        1c   func ,g         2
  _R_PORT_SetPB0
                                  ffc05ddb        19   func ,g         3
  _R_PORT_SetPB2
                                  ffc05df4        1b   func ,g         4
  _R_PORT_SetPB4
                                  ffc05e0f        1c   func ,g         2
  _R_PORT_SetPC0
                                  ffc05e2b        19   func ,g         4
  _R_PORT_SetPC1
                                  ffc05e44        1b   func ,g         4
  _R_PORT_SetPC2
                                  ffc05e5f        1b   func ,g         4
  _R_PORT_SetPC3
                                  ffc05e7a        1b   func ,g         4
  _R_PORT_SetPD0
                                  ffc05e95        19   func ,g         3
  _R_PORT_SetPD1
                                  ffc05eae        1b   func ,g         3
  _R_PORT_SetPE0
                                  ffc05ec9        19   func ,g         3
  _R_PORT_SetPE3
                                  ffc05ee2        1b   func ,g         3
  _R_PORT_SetPE4
                                  ffc05efd        1c   func ,g         3
FILE=.\src\cg_src\r_cg_rspi.obj
                                  ffc05f19  ffc060f7       1df
  _R_RSPI0_Create
                                  ffc05f19       107   func ,g         1
  _R_RSPI0_Start
                                  ffc06020        40   func ,g         1
  _R_RSPI0_Stop
                                  ffc06060        2c   func ,g         0
  _R_RSPI0_Send_Receive
                                  ffc0608c        6c   func ,g         1
FILE=.\src\cg_src\r_cg_rspi_user.obj
                                  ffc060f8  ffc0625b       164
  _r_rspi0_transmit_interrupt
                                  ffc060f8        67   func ,l         0
  _r_rspi0_receive_interrupt
                                  ffc0615f        7f   func ,l         0
  _r_rspi0_error_interrupt
                                  ffc061de        63   func ,g         1
  _r_rspi0_idle_interrupt
                                  ffc06241        13   func ,g         1
  _r_rspi0_callback_transmitend
                                  ffc06254         1   func ,l         1
  _r_rspi0_callback_receiveend
                                  ffc06255         1   func ,l         1
  _r_rspi0_callback_error
                                  ffc06256         6   func ,l         1
FILE=.\src\cg_src\r_cg_s12ad.obj
                                  ffc0625c  ffc064ce       273
  _R_S12AD0_Create
                                  ffc0625c       13e   func ,g         1
  _R_S12AD0_Start
                                  ffc0639a         c   func ,g         2
  _R_S12AD0_Stop
                                  ffc063a6         e   func ,g         0
  _R_S12AD0_Get_ValueResult
                                  ffc063b4        e3   func ,g         6
  _R_S12AD0_Set_CompareValue
                                  ffc06497        19   func ,g         0
  _R_S12AD0_WaitAdcEnd
                                  ffc064b0        1f   func ,g         2
FILE=.\src\cg_src\r_cg_sbrk.obj
                                  ffc064cf  ffc0650b        3d
  _sbrk
                                  ffc064cf        3d   func ,g         1
FILE=.\src\cg_src\r_cg_sci.obj
                                  ffc0650c  ffc066c3       1b8
  _R_SCI2_Create
                                  ffc0650c        99   func ,g         1
  _R_SCI2_Start
                                  ffc065a5        33   func ,g         1
  _R_SCI2_Stop
                                  ffc065d8        56   func ,g         0
  _R_SCI2_Serial_Receive
                                  ffc0662e        48   func ,g         0
  _R_SCI2_Serial_Send
                                  ffc06676        4e   func ,g         1
FILE=.\src\cg_src\r_cg_sci_user.obj
                                  ffc066c4  ffc067bf        fc
  _r_sci2_transmit_interrupt
                                  ffc066c4        4d   func ,l         0
  _r_sci2_transmitend_interrupt
                                  ffc06711        28   func ,g         1
  _r_sci2_receive_interrupt
                                  ffc06739        60   func ,l         0
  _r_sci2_receiveerror_interrupt
                                  ffc06799        25   func ,g         1
  _r_sci2_callback_transmitend
                                  ffc067be         1   func ,l         1
  _r_sci2_callback_receiveend
                                  ffc067bf         1   func ,l         1
FILE=sinf
                                  ffc067c0  ffc067fe        3f
  _sinl
                                  ffc067c0         2   func ,g         0
  _sin
                                  ffc067c2         2   func ,g         1
  _sinf
                                  ffc067c4        3b   func ,g         2
FILE=sprintf
                                  ffc067ff  ffc06835        37
  _prout
                                  ffc067ff         b   func ,l         1
  _sprintf
                                  ffc0680a        2c   func ,g        1b
FILE=__initsct
                                  ffc06836  ffc0687f        4a
  __INITSCT
                                  ffc06836         0   none ,g         1
  loop1
                                  ffc06848         0   none ,l         1
  next_loop1
                                  ffc06856         0   none ,l         2
  loop3
                                  ffc06868         0   none ,l         1
  next_loop3
                                  ffc06879         0   none ,l         2
FILE=sincosfsub
                                  ffc06880  ffc06967        e8
  ___poly_sinf
                                  ffc06880        31   func ,g         3
  ___poly_cosf
                                  ffc068b1        28   func ,g         2
  _poly_cosfn
                                  ffc068d9         7   func ,l         1
  _poly_sinfn
                                  ffc068e0         5   func ,l         1
  _sincosf_special
                                  ffc068e5        33   func ,l         1
  ___internal_sincosf
                                  ffc06918        50   func ,g         3
FILE=xprintf
                                  ffc06968  ffc06bcd       266
  __Printf
                                  ffc06968       266   func ,g         1
FILE=fmodf
                                  ffc06bce  ffc06bff        32
  _fmodl
                                  ffc06bce         2   func ,g         0
  _fmod
                                  ffc06bd0         2   func ,g         1
  _fmodf
                                  ffc06bd2        2e   func ,g         2
FILE=nanfval
                                  ffc06c00  ffc06c06         7
  ___nanf_value
                                  ffc06c00         7   func ,g         1
FILE=xputfld
                                  ffc06c07  ffc0709d       497
  __Putfld
                                  ffc06c07       497   func ,g         1
FILE=xvacopy
                                  ffc0709e  ffc070a5         8
  __Vacopy
                                  ffc0709e         8   func ,g         2
FILE=xputtxt
                                  ffc070a6  ffc0738a       2e5
  __Puttxt
                                  ffc070a6       2e5   func ,g         3
FILE=strchr
                                  ffc0738b  ffc073a0        16
  _strchr
                                  ffc0738b        16   func ,g         2
FILE=xctype
                                  ffc073a1  ffc073b6        16
  __Getpctype
                                  ffc073a1        16   func ,g         0
FILE=_i_fmds
                                  ffc073b7  ffc0748e        d8
  __in_fmods
                                  ffc073b7        d8   func ,g         1
FILE=xldtob
                                  ffc0748f  ffc078c5       437
  __Ldtob
                                  ffc0748f       437   func ,g         1
FILE=xputstr
                                  ffc078c6  ffc079a5        e0
  __Putstr
                                  ffc078c6        e0   func ,g         1
FILE=xlitob
                                  ffc079a6  ffc07abd       118
  __Litob
                                  ffc079a6       118   func ,g         1
FILE=xgenld
                                  ffc07abe  ffc07d6b       2ae
  __Genld
                                  ffc07abe       2ae   func ,g         1
FILE=xwctomb
                                  ffc07d6c  ffc07ec3       158
  __Wctombx
                                  ffc07d6c       112   func ,g         1
  __Wctomb
                                  ffc07e7e        46   func ,g         1
FILE=xstate
                                  ffc07ec4  ffc07ef5        32
  __Getmbcurmax
                                  ffc07ec4        16   func ,g         2
  __Getpmbstate
                                  ffc07eda        1c   func ,g         0
FILE=xldscale
                                  ffc07ef6  ffc07ef9         4
  __LDscale
                                  ffc07ef6         4   func ,g         1
FILE=xldunsca
                                  ffc07efa  ffc07efd         4
  __LDunscale
                                  ffc07efa         4   func ,g         1
FILE=__COM_DIV64u
                                  ffc07efe  ffc07f96        99
  __COM_DIV64u
                                  ffc07efe         0   none ,g         2
  _Loop_Init
                                  ffc07f08         0   none ,l         2
  _Loop
                                  ffc07f10         0   none ,l         1
  _DivStart
                                  ffc07f1c         0   none ,l         3
  _Success
                                  ffc07f2a         0   none ,l         1
  _DivEnd
                                  ffc07f36         0   none ,l         0
  IXI6DIV
                                  ffc07f3b         0   none ,l         1
  IXI4DIV
                                  ffc07f4d         0   none ,l         1
  IXI2DIV
                                  ffc07f5d         0   none ,l         1
  I8I2DIV
                                  ffc07f65         0   none ,l         1
  I4I2DIV
                                  ffc07f93         0   none ,l         1
  _i8divU_End
                                  ffc07f96         0   none ,l         0
FILE=__COM_MOD64u
                                  ffc07f97  ffc0801d        87
  __COM_MOD64u
                                  ffc07f97         0   none ,g         1
  _Loop_Init
                                  ffc07fa1         0   none ,l         2
  _Loop
                                  ffc07fa5         0   none ,l         1
  _DivStart
                                  ffc07fb1         0   none ,l         3
  _Success
                                  ffc07fbf         0   none ,l         1
  _DivEnd
                                  ffc07fc7         0   none ,l         0
  IXI6DIV
                                  ffc07fc8         0   none ,l         1
  IXI4DIV
                                  ffc07fda         0   none ,l         1
  IXI2DIV
                                  ffc07fea         0   none ,l         1
  I8I2DIV
                                  ffc07ff2         0   none ,l         1
  I4I2DIV
                                  ffc08012         0   none ,l         1
FILE=_div
                                  ffc0801e  ffc08029         c
  _ldiv
                                  ffc0801e         0   none ,g         1
  _div
                                  ffc0801e         0   none ,g         1
FILE=free
                                  ffc0802a  ffc080ac        83
  _free
                                  ffc0802a        83   func ,g         2
FILE=malloc
                                  ffc080ad  ffc0818a        de
  _findmem
                                  ffc080ad        7b   func ,l         1
  _malloc
                                  ffc08128        63   func ,g         1
FILE=localeco
                                  ffc0818b  ffc08191         7
  _localeconv
                                  ffc0818b         7   func ,g         1
FILE=xwcstate
                                  ffc08192  ffc081ad        1c
  __Getpwcstate
                                  ffc08192        1c   func ,g         0
FILE=xfdscale
                                  ffc081ae  ffc082ce       121
  __FDscale
                                  ffc081ae       121   func ,g         1
FILE=xfdunsca
                                  ffc082cf  ffc08329        5b
  __FDunscale
                                  ffc082cf        5b   func ,g         1
FILE=xgetmem
                                  ffc0832a  ffc08344        1b
  __Getmem
                                  ffc0832a        1b   func ,g         1
FILE=xfdnorm
                                  ffc08345  ffc083c3        7f
  __FDnorm
                                  ffc08345        7f   func ,g         2

SECTION=EXCEPTVECT
FILE=.\src\cg_src\r_cg_vecttbl.obj
                                  ffffff80  fffffffb        7c
  _Excpt_Vectors
                                  ffffff80        7c   data ,g         0

SECTION=RESETVECT
FILE=.\src\cg_src\r_cg_vecttbl.obj
                                  fffffffc  ffffffff         4
  _Reset_Vectors
                                  fffffffc         4   data ,g         0

*** Unfilled Areas ***

AREA                                START    END

*** Delete Symbols ***

SYMBOL                                SIZE    INFO
