Renesas Optimizing Linker (W2.04.00 )             01-Dec-2018 14:59:53

*** Options ***

-subcommand=LinkerSubCommand.tmp
-input="./UserSrc/Buzzer.obj"
-input="./UserSrc/ControlAngularVelocity.obj"
-input="./UserSrc/ControlSensorAngle.obj"
-input="./UserSrc/ControlVelocity.obj"
-input="./UserSrc/DriveAssert.obj"
-input="./UserSrc/FunctionTimer.obj"
-input="./UserSrc/Led.obj"
-input="./UserSrc/Log.obj"
-input="./UserSrc/Mode.obj"
-input="./UserSrc/SciFifo.obj"
-input="./UserSrc/Sensor.obj"
-input="./UserSrc/Switch.obj"
-input="./UserSrc/TaskTimer.obj"
-input="./UserSrc/Test.obj"
-input="./UserSrc/Tracer.obj"
-input="./src/cg_src/r_cg_cgc.obj"
-input="./src/cg_src/r_cg_cgc_user.obj"
-input="./src/cg_src/r_cg_cmt.obj"
-input="./src/cg_src/r_cg_cmt_user.obj"
-input="./src/cg_src/r_cg_dbsct.obj"
-input="./src/cg_src/r_cg_hardware_setup.obj"
-input="./src/cg_src/r_cg_icu.obj"
-input="./src/cg_src/r_cg_icu_user.obj"
-input="./src/cg_src/r_cg_intprg.obj"
-input="./src/cg_src/r_cg_main.obj"
-input="./src/cg_src/r_cg_mtu3.obj"
-input="./src/cg_src/r_cg_mtu3_user.obj"
-input="./src/cg_src/r_cg_port.obj"
-input="./src/cg_src/r_cg_port_user.obj"
-input="./src/cg_src/r_cg_resetprg.obj"
-input="./src/cg_src/r_cg_rspi.obj"
-input="./src/cg_src/r_cg_rspi_user.obj"
-input="./src/cg_src/r_cg_s12ad.obj"
-input="./src/cg_src/r_cg_s12ad_user.obj"
-input="./src/cg_src/r_cg_sbrk.obj"
-input="./src/cg_src/r_cg_sci.obj"
-input="./src/cg_src/r_cg_sci_user.obj"
-input="./src/cg_src/r_cg_vecttbl.obj"
-start=SU,SI,B_1,R_1,B_2,R_2,B,R/04,PResetPRG,C_1,C_2,C,C$*,D*,W*,L,PIntPRG,P/0FFC00000,EXCEPTVECT/0FFFFFF80,RESETVECT/0FFFFFFFC
-library=C:\Users\shuuichi\OneDrive\Robomech\ROBOTR~1\2018\program\VERDIR~1\HARDWA~2\VerdiRT17_RX64M.lib
-noprelink
-list=VerdiRT17_RX64M.map
-show
-nooptimize
-debug
-output=C:\Users\shuuichi\OneDrive\Robomech\Robotrace\2018\program\VerdiRT17_RX64M\HardwareDebug\VerdiRT17_RX64M.abs
-rom=D=R,D_1=R_1,D_2=R_2
-nocompress
-nomessage
-nologo

*** Error information ***

*** Mapping List ***

SECTION                            START      END         SIZE   ALIGN

SU
                                  00000004  00000303       300   4
SI
                                  00000304  00000803       500   4
B_1
                                  00000804  00000929       126   1
R_1
                                  0000092a  0000097a        51   1
B_2
                                  0000097c  00000ddd       462   2
R_2
                                  00000dde  00000dde         0   1
B
                                  00000de0  000715ff     70820   4
R
                                  00071600  00071883       284   4
$ADDR_C_120040
                                  00120040  00120043         4   1
$ADDR_C_120048
                                  00120048  0012004b         4   1
$ADDR_C_120050
                                  00120050  0012006f        20   1
PResetPRG
                                  ffc00000  ffc0003d        3e   1
C_1
                                  ffc0003e  ffc0010f        d2   1
C_2
                                  ffc00110  ffc00311       202   2
C
                                  ffc00314  ffc00477       164   4
C$DSEC
                                  ffc00478  ffc0049b        24   4
C$BSEC
                                  ffc0049c  ffc004b3        18   4
C$INIT
                                  ffc004b4  ffc004b4         0   1
C$VECT
                                  ffc004b4  ffc008b3       400   4
C$VTBL
                                  ffc008b4  ffc008b4         0   1
D
                                  ffc008b4  ffc00b37       284   4
D_1
                                  ffc00b38  ffc00b88        51   1
D_2
                                  ffc00b89  ffc00b89         0   1
W
                                  ffc00b8c  ffc00b8c         0   4
W_1
                                  ffc00b8c  ffc00b8c         0   1
W_2
                                  ffc00b8c  ffc00bdd        52   2
L
                                  ffc00be0  ffc011d0       5f1   4
PIntPRG
                                  ffc011d1  ffc01248        78   1
P
                                  ffc01249  ffc091da      7f92   1
EXCEPTVECT
                                  ffffff80  fffffffb        7c   4
RESETVECT
                                  fffffffc  ffffffff         4   4

*** Symbol List ***

SECTION=
FILE=                               START        END    SIZE
  SYMBOL                            ADDR        SIZE    INFO      COUNTS  OPT

SECTION=SU
FILE=.\src\cg_src\r_cg_resetprg.obj
                                  00000004  00000303       300

SECTION=SI
FILE=.\src\cg_src\r_cg_resetprg.obj
                                  00000304  00000803       500

SECTION=B_1
FILE=.\UserSrc\Log.obj
                                  00000804  000008cc        c9
  _st_SendBuf
                                  00000804        c8   data ,l        1c
  _st_BufSize
                                  000008cc         1   data ,l        1c
FILE=.\UserSrc\Sensor.obj
                                  000008cd  000008e1        15
  _st_SendBuf
                                  000008cd        14   data ,l         2
  _st_SensorCalibFlag
                                  000008e1         1   data ,l         6
FILE=.\UserSrc\Test.obj
                                  000008e2  000008f6        15
  _st_SendBuf
                                  000008e2        14   data ,l        17
  _st_BufSize
                                  000008f6         1   data ,l        17
FILE=.\UserSrc\Tracer.obj
                                  000008f7  00000929        33
  _st_SendBuf
                                  000008f7        32   data ,l         4
  _st_BufSize
                                  00000929         1   data ,l         4

SECTION=R_1
FILE=xfiles
                                  0000092a  00000979        50
  _ebuf
                                  0000092a        50   data ,l         5
FILE=xstate
                                  0000097a  0000097a         1
  __Mbcurmax
                                  0000097a         1   data ,g         1

SECTION=B_2
FILE=.\UserSrc\ControlAngularVelocity.obj
                                  0000097c  00000989         e
  _st_SensorData
                                  0000097c         e   data ,l         2
FILE=.\UserSrc\ControlSensorAngle.obj
                                  0000098a  00000997         e
  _st_SensorData
                                  0000098a         e   data ,l         5
FILE=.\UserSrc\DriveAssert.obj
                                  00000998  000009a5         e
  _st_SensorData
                                  00000998         e   data ,l         3
FILE=.\UserSrc\Sensor.obj
                                  000009a6  000009d1        2c
  _st_LineSensor
                                  000009a6        18   data ,l         c
  _st_InstantMax
                                  000009be         8   data ,l        10
  _st_InstantMin
                                  000009c6         8   data ,l        14
  _st_SensorCalibMax
                                  000009ce         2   data ,l         9
  _st_SensorCalibMin
                                  000009d0         2   data ,l         9
FILE=.\src\cg_src\r_cg_rspi.obj
                                  000009d2  000009d7         6
  _g_rspi0_tx_count
                                  000009d2         2   data ,g         3
  _g_rspi0_rx_count
                                  000009d4         2   data ,g         4
  _g_rspi0_rx_length
                                  000009d6         2   data ,g         3
FILE=.\src\cg_src\r_cg_sbrk.obj
                                  000009d8  00000dd7       400
  _heap_area
                                  000009d8       400   data ,l         2
FILE=.\src\cg_src\r_cg_sci.obj
                                  00000dd8  00000ddd         6
  _g_sci2_tx_count
                                  00000dd8         2   data ,g         3
  _g_sci2_rx_count
                                  00000dda         2   data ,g         4
  _g_sci2_rx_length
                                  00000ddc         2   data ,g         3

SECTION=B
FILE=.\UserSrc\Buzzer.obj
                                  00000de0  00000deb         c
  _st_BeepCount
                                  00000de0         4   data ,l         5
  _st_TaskCounter
                                  00000de4         4   data ,l         5
  _st_TaskInterval
                                  00000de8         4   data ,l         3
FILE=.\UserSrc\ControlAngularVelocity.obj
                                  00000dec  00000e8b        a0
  _st_BodyOmega
                                  00000dec         4   data ,l         6
  _st_BodyAngle
                                  00000df0         4   data ,l         5
  _st_VirtualGeometry
                                  00000df4        14   data ,l         f
  _st_Controller
                                  00000e08        48   data ,l        36
  _st_LogHeader
                                  00000e50        14   data ,l         2
  _st_LogArray
                                  00000e64        28   data ,l         7
FILE=.\UserSrc\ControlSensorAngle.obj
                                  00000e8c  00000f1b        90
  _st_Theta
                                  00000e8c        50   data ,l        29
  _st_PotentioTheta
                                  00000edc         4   data ,l         3
  _st_LogHeader
                                  00000ee0        14   data ,l         2
  _st_LogArray
                                  00000ef4        28   data ,l         8
FILE=.\UserSrc\ControlVelocity.obj
                                  00000f1c  00000fcf        b4
  _st_Encoder
                                  00000f1c        30   data ,l        24
  _st_Controller
                                  00000f4c        48   data ,l        38
  _st_LogHeader
                                  00000f94        14   data ,l         2
  _st_LogArray
                                  00000fa8        28   data ,l         6
FILE=.\UserSrc\DriveAssert.obj
                                  00000fd0  00000fdb         c
  _st_AssertFlag
                                  00000fd0         4   data ,l         5
  _st_LineAssert
                                  00000fd4         8   data ,l         9
FILE=.\UserSrc\FunctionTimer.obj
                                  00000fdc  00001027        4c
  _st_BuzzerDuty
                                  00000fdc         c   data ,l         9
  _st_RightMotorDuty
                                  00000fe8        14   data ,l        16
  _st_LeftMotorDuty
                                  00000ffc        14   data ,l        16
  _st_SensorMotorDuty
                                  00001010         c   data ,l         b
  _st_VelocityDutyArray
                                  0000101c         8   data ,l         3
  _st_SensorDutyArray
                                  00001024         4   data ,l         2
FILE=.\UserSrc\Log.obj
                                  00001028  00070d7b     6fd54
  _st_ControlLog
                                  00001028     305b0   data ,l        32
  _st_CourceLog
                                  000315d8     3f7a4   data ,l        15
FILE=.\UserSrc\Mode.obj
                                  00070d7c  00070d87         c
  _st_Swt
                                  00070d7c         4   data ,l         2
  _st_ModeKind
                                  00070d80         4   data ,l         5
  _st_Decision
                                  00070d84         4   data ,l         5
FILE=.\UserSrc\Sensor.obj
                                  00070d88  00070e87       100
  _st_SensorData
                                  00070d88        b0   data ,l        43
  _st_Tx
                                  00070e38         8   data ,l         5
  _st_Rx
                                  00070e40         8   data ,l         5
  _st_LineCoefficient
                                  00070e48        10   data ,l         c
  _st_CourceMarker
                                  00070e58        30   data ,l        3f
FILE=.\UserSrc\Switch.obj
                                  00070e88  00070ebf        38
  _st_Swt
                                  00070e88        1c   data ,l        22
  _st_udMin
                                  00070ea4         4   data ,l         4
  _st_udMax
                                  00070ea8         4   data ,l         4
  _st_rlMin
                                  00070eac         4   data ,l         4
  _st_rlMax
                                  00070eb0         4   data ,l         4
  _st_Decision
                                  00070eb4         c   data ,l         a
FILE=.\UserSrc\TaskTimer.obj
                                  00070ec0  00070ef3        34
  _st_TaskState
                                  00070ec0         4   data ,l         c
  _st_TaskSchedule
                                  00070ec4        30   data ,l        10
FILE=.\UserSrc\Test.obj
                                  00070ef4  00070eff         c
  _st_Swt
                                  00070ef4         4   data ,l        12
  _st_ModeLevel
                                  00070ef8         4   data ,l         4
  _st_Decision
                                  00070efc         4   data ,l        3a
FILE=.\UserSrc\Tracer.obj
                                  00070f00  000715eb       6ec
  _st_Decision
                                  00070f00         4   data ,l         a
  _st_CourceLogStoreParam
                                  00070f04        20   data ,l        1e
  _st_CourceLog
                                  00070f24         c   data ,l        3c
  _st_CourceAnalysisParam
                                  00070f30         c   data ,l         8
  _st_CrossMarkerArray
                                  00070f3c       640   data ,l         1
  _st_RightMarkerArray
                                  0007157c        50   data ,l         1
  _st_CrossMarkerRecord
                                  000715cc         c   data ,l        11
  _st_RightMarkerRecord
                                  000715d8         c   data ,l        11
  _st_ModeKind
                                  000715e4         4   data ,l         4
  _st_Swt
                                  000715e8         4   data ,l         2
FILE=.\src\cg_src\r_cg_rspi.obj
                                  000715ec  000715f3         8
  _gp_rspi0_tx_address
                                  000715ec         4   data ,g         3
  _gp_rspi0_rx_address
                                  000715f0         4   data ,g         3
FILE=.\src\cg_src\r_cg_sci.obj
                                  000715f4  000715fb         8
  _gp_sci2_tx_address
                                  000715f4         4   data ,g         3
  _gp_sci2_rx_address
                                  000715f8         4   data ,g         3
FILE=_errno
                                  000715fc  000715ff         4
  __errno
                                  000715fc         4   data ,g         4

SECTION=R
FILE=.\src\cg_src\r_cg_sbrk.obj
                                  00071600  00071603         4
  _brk
                                  00071600         4   data ,l         3
FILE=sincosfsub
                                  00071604  0007163f        3c
  _sinf_coeff
                                  00071604        10   data ,l         1
  _cosf_coeff
                                  00071614        10   data ,l         1
  _pi4ptr_table
                                  00071624         c   data ,l         1
  _sub_table
                                  00071630        10   data ,l         1
FILE=xprintf
                                  00071640  00071643         4
  _stderr
                                  00071640         4   data ,g         0
FILE=xfiles
                                  00071644  0007171b        d8
  __Stdin
                                  00071644        48   data ,g         7
  __Stdout
                                  0007168c        48   data ,g         7
  __Stderr
                                  000716d4        48   data ,g         3
FILE=xctype
                                  0007171c  00071723         8
  __Ctype
                                  0007171c         4   data ,g         2
  __Tls_setup__Ctype
                                  00071720         4   data ,g         1
FILE=xstate
                                  00071724  0007176b        48
  __Tls_setup__Mbcurmax
                                  00071724         4   data ,g         1
  __Mbstate
                                  00071728        40   data ,g         2
  __Tls_setup__Mbstate
                                  00071768         4   data ,g         2
FILE=malloc
                                  0007176c  00071773         8
  __Aldata
                                  0007176c         8   data ,g         3
FILE=localeco
                                  00071774  000717c7        54
  __Locale
                                  00071774        50   data ,g         1
  __Tls_setup__Locale
                                  000717c4         4   data ,g         0
FILE=xwcstate
                                  000717c8  0007180b        44
  __Wcstate
                                  000717c8        40   data ,g         2
  __Tls_setup__Wcstate
                                  00071808         4   data ,g         2
FILE=xfvalues
                                  0007180c  00071883        78
  __FDenorm
                                  0007180c        10   data ,g         0
  __FEps
                                  0007181c        10   data ,g         0
  __FHugeval
                                  0007182c        10   data ,g         0
  __FInf
                                  0007183c        10   data ,g         1
  __FNan
                                  0007184c        10   data ,g         0
  __FSnan
                                  0007185c        10   data ,g         0
  __FRteps
                                  0007186c        10   data ,g         0
  __FXbig
                                  0007187c         4   data ,g         0
  __FZero
                                  00071880         4   data ,g         0

SECTION=$ADDR_C_120040
FILE=.\src\cg_src\r_cg_vecttbl.obj
                                  00120040  00120043         4
  ___SPCCreg
                                  00120040         4   data ,g         0

SECTION=$ADDR_C_120048
FILE=.\src\cg_src\r_cg_vecttbl.obj
                                  00120048  0012004b         4
  ___TMEFreg
                                  00120048         4   data ,g         0

SECTION=$ADDR_C_120050
FILE=.\src\cg_src\r_cg_vecttbl.obj
                                  00120050  0012006f        20
  ___OSISreg
                                  00120050        10   data ,g         0
  ___TMINFreg
                                  00120060         4   data ,g         0
  ___MDEreg
                                  00120064         4   data ,g         0
  ___OFS0reg
                                  00120068         4   data ,g         0
  ___OFS1reg
                                  0012006c         4   data ,g         0

SECTION=PResetPRG
FILE=.\src\cg_src\r_cg_resetprg.obj
                                  ffc00000  ffc0003d        3e
  _PowerON_Reset_PC
                                  ffc00000        3e   entry,g         1

SECTION=C_1
FILE=xprintf
                                  ffc0003e  ffc00047         a
  _fchar$1
                                  ffc0003e         a   data ,l         1
FILE=xputtxt
                                  ffc00048  ffc000ec        a5
  _spaces
                                  ffc00048        21   data ,l         1
  _zeroes
                                  ffc00069        21   data ,l         1
  _asterisk
                                  ffc0008a        21   data ,l         1
  _plus
                                  ffc000ab        21   data ,l         1
  _minus
                                  ffc000cc        21   data ,l         1
FILE=xlitob
                                  ffc000ed  ffc0010e        22
  _ldigs
                                  ffc000ed        11   data ,l         1
  _udigs
                                  ffc000fe        11   data ,l         1
FILE=localeco
                                  ffc0010f  ffc0010f         1
  _null
                                  ffc0010f         1   data ,l         d

SECTION=C_2
FILE=xctype
                                  ffc00110  ffc00311       202
  _ctyp_tab
                                  ffc00110       202   data ,l         1

SECTION=C
FILE=.\src\cg_src\r_cg_dbsct.obj
                                  ffc00314  ffc00347        34
  __CTBL
                                  ffc00314        34   data ,g         0
FILE=xprintf
                                  ffc00348  ffc0035f        18
  _fbit$2
                                  ffc00348        18   data ,l         1
FILE=_in_exps
                                  ffc00360  ffc00397        38
  _exp_lcoef$2
                                  ffc00360        1c   data ,l         1
  _exp_hcoef$1
                                  ffc0037c        1c   data ,l         1
FILE=_in_logs
                                  ffc00398  ffc003b7        20
  _log_coef$3
                                  ffc00398        20   data ,l         1
FILE=consts
                                  ffc003b8  ffc0040f        58
  __IFZEROS
                                  ffc003b8         4   data ,g         4
  __IFONES
                                  ffc003bc         4   data ,g         3
  __HALFS
                                  ffc003c0         4   data ,g         1
  __QUOTS
                                  ffc003c4         4   data ,g         0
  __TWOS
                                  ffc003c8         4   data ,g         0
  __FOURS
                                  ffc003cc         4   data ,g         0
  __PAIS
                                  ffc003d0         4   data ,g         0
  __2PAIS
                                  ffc003d4         4   data ,g         0
  __HLFPAIS
                                  ffc003d8         4   data ,g         0
  __QUOPAIS
                                  ffc003dc         4   data ,g         0
  __LOGE2S
                                  ffc003e0         4   data ,g         2
  __NIFZEROS
                                  ffc003e4         4   data ,g         1
  __NIFONES
                                  ffc003e8         4   data ,g         1
  __NHALFS
                                  ffc003ec         4   data ,g         0
  __NQUOTS
                                  ffc003f0         4   data ,g         0
  __NTWOS
                                  ffc003f4         4   data ,g         0
  __NFOURS
                                  ffc003f8         4   data ,g         0
  __NPAIS
                                  ffc003fc         4   data ,g         0
  __N2PAIS
                                  ffc00400         4   data ,g         0
  __NHLFPAIS
                                  ffc00404         4   data ,g         0
  __NQUOPAIS
                                  ffc00408         4   data ,g         0
  __NLOGE2S
                                  ffc0040c         4   data ,g         0
FILE=_const
                                  ffc00410  ffc00433        24
  __IFNAND
                                  ffc00410         0   none ,g         0
  __IFINFD
                                  ffc00418         0   none ,g         0
  __NIFINFD
                                  ffc00420         0   none ,g         0
  __IFNANS
                                  ffc00428         0   none ,g         5
  __IFINFS
                                  ffc0042c         0   none ,g         3
  __NIFINFS
                                  ffc00430         0   none ,g         2
FILE=xldtob
                                  ffc00434  ffc0044b        18
  _pows
                                  ffc00434        18   data ,l         1
FILE=floatval
                                  ffc0044c  ffc00473        28
  __FLT_MAX_VAL
                                  ffc0044c         0   none ,g         1
  __FLT_MIN_VAL
                                  ffc00450         0   none ,g         0
  __DBL_MAX_VAL
                                  ffc00454         0   none ,g         0
  __DBL_MIN_VAL
                                  ffc0045c         0   none ,g         0
  __LDBL_MAX_VAL
                                  ffc00464         0   none ,g         0
  __LDBL_MIN_VAL
                                  ffc0046c         0   none ,g         0
FILE=_sbrk_si
                                  ffc00474  ffc00477         4
  __sbrk_size
                                  ffc00474         4   data ,g         1

SECTION=C$DSEC
FILE=.\src\cg_src\r_cg_dbsct.obj
                                  ffc00478  ffc0049b        24
  __DTBL
                                  ffc00478        24   data ,g         0

SECTION=C$BSEC
FILE=.\src\cg_src\r_cg_dbsct.obj
                                  ffc0049c  ffc004b3        18
  __BTBL
                                  ffc0049c        18   data ,g         0

SECTION=C$VECT
FILE=.\src\cg_src\r_cg_dbsct.obj
                                  ffc004b4  ffc008b3       400

SECTION=D
FILE=.\src\cg_src\r_cg_sbrk.obj
                                  ffc008b4  ffc008b7         4
FILE=sincosfsub
                                  ffc008b8  ffc008f3        3c
FILE=xprintf
                                  ffc008f4  ffc008f7         4
FILE=xfiles
                                  ffc008f8  ffc009cf        d8
FILE=xctype
                                  ffc009d0  ffc009d7         8
FILE=xstate
                                  ffc009d8  ffc00a1f        48
FILE=malloc
                                  ffc00a20  ffc00a27         8
FILE=localeco
                                  ffc00a28  ffc00a7b        54
FILE=xwcstate
                                  ffc00a7c  ffc00abf        44
FILE=xfvalues
                                  ffc00ac0  ffc00b37        78

SECTION=D_1
FILE=xfiles
                                  ffc00b38  ffc00b87        50
FILE=xstate
                                  ffc00b88  ffc00b88         1

SECTION=W_2
FILE=.\UserSrc\Led.obj
                                  ffc00b8c  ffc00bab        20
FILE=.\UserSrc\TaskTimer.obj
                                  ffc00bac  ffc00bbf        14
FILE=.\UserSrc\Test.obj
                                  ffc00bc0  ffc00bdd        1e

SECTION=L
FILE=.\UserSrc\Log.obj
                                  ffc00be0  ffc0101f       440
FILE=.\UserSrc\Sensor.obj
                                  ffc01020  ffc01059        3a
FILE=.\UserSrc\Test.obj
                                  ffc0105c  ffc01161       106
FILE=.\UserSrc\Tracer.obj
                                  ffc01164  ffc01193        30
FILE=xprintf
                                  ffc01194  ffc0119a         7
FILE=xldtob
                                  ffc0119c  ffc011bd        22
FILE=xgenld
                                  ffc011c0  ffc011c1         2
FILE=localeco
                                  ffc011c4  ffc011d0         d

SECTION=PIntPRG
FILE=.\src\cg_src\r_cg_intprg.obj
                                  ffc011d1  ffc01248        78
  _r_undefined_exception
                                  ffc011d1         2   func ,g         3
  _r_reserved_exception
                                  ffc011d3         2   func ,g        1b
  _r_nmi_exception
                                  ffc011d5         2   func ,g         1
  _r_brk_exception
                                  ffc011d7         2   func ,g         0
  _r_icu_group_be0_interrupt
                                  ffc011d9         2   func ,g         0
  _r_icu_group_bl0_interrupt
                                  ffc011db        35   func ,g         0
  _r_icu_group_bl1_interrupt
                                  ffc01210         2   func ,g         0
  _r_icu_group_al0_interrupt
                                  ffc01212        35   func ,g         0
  _r_icu_group_al1_interrupt
                                  ffc01247         2   func ,g         0

SECTION=P
FILE=.\UserSrc\Buzzer.obj
                                  ffc01249  ffc012f6        ae
  _BZR_Init
                                  ffc01249        26   func ,g         1
  _BZR_BuzzerOn
                                  ffc0126f         b   func ,g         2
  _BZR_BuzzerOff
                                  ffc0127a         7   func ,g         2
  _BZR_SetBeepCount
                                  ffc01281        22   func ,g        19
  _BZR_BuzzerTask
                                  ffc012a3        54   func ,g         1
FILE=.\UserSrc\ControlAngularVelocity.obj
                                  ffc012f7  ffc017bf       4c9
  _CAV_Init
                                  ffc012f7       11f   func ,g         5
  _CAV_StartDriveMotor
                                  ffc01416        22   func ,g         2
  _CAV_StopDriveMotor
                                  ffc01438         d   func ,g         0
  _CAV_SetTargetUpAccel
                                  ffc01445         e   func ,g         1
  _CAV_SetTargetDownAccel
                                  ffc01453         e   func ,g         1
  _CAV_SetTarget
                                  ffc01461        51   func ,g         2
  _CAV_ControlTask
                                  ffc014b2        10   func ,g         1
  _CAV_GetTarget
                                  ffc014c2         e   func ,g         0
  _CAV_GetVelocity
                                  ffc014d0         e   func ,g         2
  _CAV_GetErrorNow
                                  ffc014de         e   func ,g         1
  _CAV_GetAngle
                                  ffc014ec         e   func ,g         0
  _CAV_GetRadius
                                  ffc014fa         e   func ,g         1
  _CAV_GetVirtualThetaDeg
                                  ffc01508         e   func ,g         1
  _CAV_ClearAngle
                                  ffc01516         a   func ,g         0
  _CAV_GetLogHeader
                                  ffc01520        2b   func ,g         1
  _CAV_GetLogArray
                                  ffc0154b        90   func ,g         1
  _st_CalcTarget
                                  ffc015db        9b   func ,l         1
  _st_CalcGyro
                                  ffc01676        3e   func ,l         1
  _st_UpdateTarget
                                  ffc016b4        3d   func ,l         1
  _st_CalcError
                                  ffc016f1        b3   func ,l         1
  _st_SetMotorDuty
                                  ffc017a4        1c   func ,l         1
FILE=.\UserSrc\ControlSensorAngle.obj
                                  ffc017c0  ffc01aab       2ec
  _CSA_Init
                                  ffc017c0        cd   func ,g         1
  _CSA_StartSensorMotor
                                  ffc0188d         d   func ,g         2
  _CSA_StopSensorMotor
                                  ffc0189a         d   func ,g         2
  _CSA_StartSensorTask
                                  ffc018a7         b   func ,g         3
  _CSA_ControlSensorTask
                                  ffc018b2        f4   func ,g         1
  _CSA_GetSensorTheta
                                  ffc019a6        1b   func ,g         4
  _CSA_GetLogHeader
                                  ffc019c1        2b   func ,g         1
  _CSA_GetLogArray
                                  ffc019ec        8d   func ,g         1
  _st_CalcSensorAngle
                                  ffc01a79        25   func ,l         1
  _st_DriveSensorMotor
                                  ffc01a9e         e   func ,l         1
FILE=.\UserSrc\ControlVelocity.obj
                                  ffc01aac  ffc02009       55e
  _CVL_Init
                                  ffc01aac       16a   func ,g         5
  _CVL_StartDriveMotor
                                  ffc01c16        22   func ,g         5
  _CVL_StopDriveMotor
                                  ffc01c38         d   func ,g         3
  _CVL_SetTargetUpAccel
                                  ffc01c45         e   func ,g         1
  _CVL_SetTargetDownAccel
                                  ffc01c53         e   func ,g         1
  _CVL_SetTarget
                                  ffc01c61        51   func ,g         d
  _CVL_ControlTask
                                  ffc01cb2         d   func ,g         1
  _CVL_GetTarget
                                  ffc01cbf         e   func ,g         2
  _CVL_GetVelocity
                                  ffc01ccd         e   func ,g         4
  _CVL_GetErrorNow
                                  ffc01cdb         e   func ,g         1
  _CVL_GetDistance
                                  ffc01ce9         e   func ,g         9
  _CVL_GetEncoderDiff
                                  ffc01cf7         e   func ,g         1
  _CVL_GetUpAccel
                                  ffc01d05         e   func ,g         1
  _CVL_GetDownAccel
                                  ffc01d13         e   func ,g         1
  _CVL_GetLogHeader
                                  ffc01d21        2b   func ,g         1
  _CVL_GetLogArray
                                  ffc01d4c        68   func ,g         1
  _st_CalcEncoder
                                  ffc01db4       14c   func ,l         1
  _st_UpdateTarget
                                  ffc01f00        3d   func ,l         1
  _st_CalcError
                                  ffc01f3d        b4   func ,l         1
  _st_SetMotorDuty
                                  ffc01ff1        19   func ,l         1
FILE=.\UserSrc\DriveAssert.obj
                                  ffc0200a  ffc020e7        de
  _DAS_Init
                                  ffc0200a        1c   func ,g         4
  _DAS_AssertTask
                                  ffc02026        30   func ,g         1
  _DAS_GetAssertFlag
                                  ffc02056         e   func ,g         2
  _DAS_ClearAssertFlag
                                  ffc02064        13   func ,g         1
  _st_LineSensorAssert
                                  ffc02077        71   func ,l         1
FILE=.\UserSrc\FunctionTimer.obj
                                  ffc020e8  ffc026cb       5e4
  _FTR_Init
                                  ffc020e8        e9   func ,g         1
  _FTR_StartBuzzerTimer
                                  ffc021d1         5   func ,g         1
  _FTR_SetBuzzerDuty
                                  ffc021d6        55   func ,g         2
  _FTR_StartRightEncoderTimer
                                  ffc0222b         5   func ,g         2
  _FTR_GetRightEncoderCount
                                  ffc02230         e   func ,g         2
  _FTR_StartLeftEncoderTimer
                                  ffc0223e         5   func ,g         2
  _FTR_GetLeftEncoderCount
                                  ffc02243         e   func ,g         2
  _FTR_StartRightMotorTimer
                                  ffc02251        2e   func ,g         2
  _FTR_SetTransitionRightMotorDuty
                                  ffc0227f        4a   func ,g         4
  _FTR_SetAngularRightMotorDuty
                                  ffc022c9        48   func ,g         1
  _FTR_GetRightMotorDuty
                                  ffc02311         e   func ,g         2
  _FTR_StartLeftMotorTimer
                                  ffc0231f        2e   func ,g         2
  _FTR_SetTransitionLeftMotorDuty
                                  ffc0234d        4a   func ,g         4
  _FTR_SetAngularLeftMotorDuty
                                  ffc02397        48   func ,g         1
  _FTR_GetLeftMotorDuty
                                  ffc023df         e   func ,g         2
  _FTR_StartSensorMotorTimer
                                  ffc023ed         5   func ,g         2
  _FTR_SetSensorMotorDuty
                                  ffc023f2        90   func ,g         2
  _FTR_GetSensorMotorDuty
                                  ffc02482         e   func ,g         0
  _FTR_GetVelocityLogDutyArray
                                  ffc02490        2c   func ,g         1
  _FTR_GetSensorLogDutyArray
                                  ffc024bc        1c   func ,g         1
  _st_SetLeftMotorDuty
                                  ffc024d8        76   func ,l         3
  _st_SetRightMotorDuty
                                  ffc0254e        76   func ,l         3
  _st_SetLeftDriveCw
                                  ffc025c4        2c   func ,l         1
  _st_SetLeftDriveCcw
                                  ffc025f0        2c   func ,l         1
  _st_SetRightDriveCw
                                  ffc0261c        2c   func ,l         3
  _st_SetRightDriveCcw
                                  ffc02648        2c   func ,l         1
  _st_SetSensorDriveCw
                                  ffc02674        2c   func ,l         1
  _st_SetSensorDriveCcw
                                  ffc026a0        2c   func ,l         1
FILE=.\UserSrc\Led.obj
                                  ffc026cc  ffc0290d       242
  _LED_binaryOn
                                  ffc026cc       181   func ,g         4
  _LED_AllOff
                                  ffc0284d        15   func ,g         1
  _LED_On
                                  ffc02862        56   func ,g        21
  _LED_Off
                                  ffc028b8        56   func ,g        25
FILE=.\UserSrc\Log.obj
                                  ffc0290e  ffc032e6       9d9
  _LOG_Init
                                  ffc0290e         7   func ,g         1
  _LOG_InitControl
                                  ffc02915       29f   func ,g         1
  _LOG_InitCource
                                  ffc02bb4        c6   func ,g         1
  _LOG_RecordControl
                                  ffc02c7a       13b   func ,g         1
  _LOG_RecordCource
                                  ffc02db5        9e   func ,g         2
  _LOG_PrintControlRecord
                                  ffc02e53       3b0   func ,g         0
  _LOG_PrintCourceRecord
                                  ffc03203        c8   func ,g         0
  _LOG_GetCourceRecordIndex
                                  ffc032cb        10   func ,g         1
  _LOG_GetCourceRecord
                                  ffc032db         c   func ,g         1
FILE=.\UserSrc\Mode.obj
                                  ffc032e7  ffc033c3        dd
  _MDE_InitMode
                                  ffc032e7         e   func ,g         1
  _MDE_SelectMode
                                  ffc032f5        cf   func ,g         1
FILE=.\UserSrc\SciFifo.obj
                                  ffc033c4  ffc033ec        29
  _SCF_Init
                                  ffc033c4         5   func ,g         1
  _SCF_WriteData
                                  ffc033c9        24   func ,g        1c
FILE=.\UserSrc\Sensor.obj
                                  ffc033ed  ffc040f9       d0d
  _SSR_Init
                                  ffc033ed       243   func ,g         3
  _SSR_TaskStartSensorGate
                                  ffc03630         4   func ,g         1
  _SSR_TaskStopSensorGate
                                  ffc03634         4   func ,g         1
  _SSR_TaskGetAnalogSensor
                                  ffc03638         7   func ,g         2
  _SSR_TaskStartReadGyro
                                  ffc0363f         4   func ,g         1
  _SSR_TaskCalcSensor
                                  ffc03643        c2   func ,g         1
  _SSR_TaskCalcFilter
                                  ffc03705       143   func ,g         1
  _SSR_TaskJudgeMarkerSensor
                                  ffc03848       198   func ,g         1
  _SSR_CalibSensor
                                  ffc039e0       23d   func ,g         3
  _SSR_GetSensorData
                                  ffc03c1d        22   func ,g         3
  _SSR_GetPotentioData
                                  ffc03c3f         f   func ,g         0
  _SSR_SetPotentioData
                                  ffc03c4e         f   func ,g         1
  _SSR_GetGyroData
                                  ffc03c5d         f   func ,g         0
  _SSR_SetGyroData
                                  ffc03c6c         f   func ,g         0
  _SSR_GetMarkerState
                                  ffc03c7b        21   func ,g         2
  _SSR_GetCourceMarker
                                  ffc03c9c        4f   func ,g         3
  _SSR_PrintAllSensor
                                  ffc03ceb        55   func ,g         2
  _st_SetSensorGateOn
                                  ffc03d40         d   func ,l         1
  _st_SetSensorGateOff
                                  ffc03d4d         d   func ,l         2
  _st_ReadLineSensor
                                  ffc03d5a        68   func ,l         2
  _st_ReadOtherSensor
                                  ffc03dc2        3c   func ,l         1
  _st_ReadDarkSensor
                                  ffc03dfe         c   func ,l         1
  _st_ReadLightSensor
                                  ffc03e0a         c   func ,l         1
  _st_CalcLineSensor
                                  ffc03e16        63   func ,l         1
  _st_CalcMarkerSensor
                                  ffc03e79        3e   func ,l         2
  _st_RegistResetCourceMarker
                                  ffc03eb7        ec   func ,l         2
  _st_InitGyro
                                  ffc03fa3        ea   func ,l         1
  _st_StartReadGyro
                                  ffc0408d        11   func ,l         1
  _st_CommunicateGyro
                                  ffc0409e        45   func ,l         7
  _st_ParseGyro
                                  ffc040e3        17   func ,l         1
FILE=.\UserSrc\Switch.obj
                                  ffc040fa  ffc043ec       2f3
  _SWT_Init
                                  ffc040fa        a3   func ,g         7
  _SWT_CallCenter
                                  ffc0419d        13   func ,g         1
  _SWT_CallRight
                                  ffc041b0        16   func ,g         1
  _SWT_CallLeft
                                  ffc041c6        16   func ,g         1
  _SWT_CallUp
                                  ffc041dc        16   func ,g         1
  _SWT_CallDown
                                  ffc041f2        16   func ,g         1
  _SWT_ClearSwitchCount
                                  ffc04208        34   func ,g         0
  _SWT_GetSwitch
                                  ffc0423c         c   func ,g         3
  _SWT_SetSwitch
                                  ffc04248        28   func ,g         0
  _SWT_GetCenterDecision
                                  ffc04270        40   func ,g        17
  _st_CalcRL
                                  ffc042b0        7c   func ,l         3
  _st_CalcUD
                                  ffc0432c        7c   func ,l         3
  _st_CalcDecision
                                  ffc043a8        45   func ,l         2
FILE=.\UserSrc\TaskTimer.obj
                                  ffc043ed  ffc045e2       1f6
  _TSK_Init
                                  ffc043ed        2f   func ,g         1
  _TSK_Main
                                  ffc0441c       15c   func ,g         1
  _TSK_Start
                                  ffc04578        11   func ,g        15
  _TSK_Stop
                                  ffc04589        11   func ,g         b
  _st_Task0
                                  ffc0459a         5   func ,l         1
  _st_Task1
                                  ffc0459f         5   func ,l         1
  _st_Task2
                                  ffc045a4         5   func ,l         1
  _st_Task3
                                  ffc045a9         5   func ,l         1
  _st_Task4
                                  ffc045ae         5   func ,l         1
  _st_Task5
                                  ffc045b3         5   func ,l         1
  _st_Task6
                                  ffc045b8         5   func ,l         1
  _st_Task7
                                  ffc045bd         5   func ,l         1
  _st_Task8
                                  ffc045c2         1   func ,l         1
  _st_Task9
                                  ffc045c3         5   func ,l         1
  _st_Task10_StartCalc
                                  ffc045c8         9   func ,l         1
  _st_Task10_StartComm
                                  ffc045d1         d   func ,l         1
  _st_Task11
                                  ffc045de         5   func ,l         1
FILE=.\UserSrc\Test.obj
                                  ffc045e3  ffc04e52       870
  _TST_TestMode
                                  ffc045e3       17b   func ,g         1
  _st_SciTest
                                  ffc0475e        52   func ,l         1
  _st_IrqTest
                                  ffc047b0        70   func ,l         1
  _st_LedTest
                                  ffc04820        df   func ,l         1
  _st_PwmTest
                                  ffc048ff        bc   func ,l         1
  _st_BuzzerTest
                                  ffc049bb        84   func ,l         1
  _st_IntBuzzerTest
                                  ffc04a3f        94   func ,l         1
  _st_EncoderTest
                                  ffc04ad3        5f   func ,l         1
  _st_SensorTest
                                  ffc04b32        2e   func ,l         1
  _st_GyroTest
                                  ffc04b60        2a   func ,l         1
  _st_CalibSensorTest
                                  ffc04b8a         5   func ,l         1
  _st_MarkerTest
                                  ffc04b8f        8e   func ,l         1
  _st_StraightTest
                                  ffc04c1d        a1   func ,l         1
  _st_RotationTest
                                  ffc04cbe        ac   func ,l         1
  _st_AssertTest
                                  ffc04d6a        97   func ,l         1
  _st_LogTest
                                  ffc04e01        52   func ,l         1
FILE=.\UserSrc\Tracer.obj
                                  ffc04e53  ffc05efd      10ab
  _TRC_Init
                                  ffc04e53        d2   func ,g         1
  _TRC_StartSearchMode
                                  ffc04f25       23d   func ,g         3
  _TRC_DriveMode
                                  ffc05162       151   func ,g         1
  _TRC_RecordCourceTask
                                  ffc052b3        a7   func ,g         1
  _TRC_PlayCourceTask
                                  ffc0535a       212   func ,g         1
  _st_SetAnalysisParam
                                  ffc0556c        1a   func ,l         5
  _st_StartRecordCource
                                  ffc05586        63   func ,l         2
  _st_GetCourceMarker
                                  ffc055e9        42   func ,l         2
  _st_PrepareCource
                                  ffc0562b       1b1   func ,l         1
  _st_AnalyzeCource
                                  ffc057dc       4e5   func ,l         5
  _st_CalculateRadius
                                  ffc05cc1        4f   func ,l         3
  _st_ExecuteDriveMode
                                  ffc05d10       19a   func ,l         4
  _st_CalculateVelocityFromSensorAngle
                                  ffc05eaa        54   func ,l         1
FILE=.\src\cg_src\r_cg_cgc.obj
                                  ffc05efe  ffc05fa6        a9
  _R_CGC_Create
                                  ffc05efe        a9   func ,g         1
FILE=.\src\cg_src\r_cg_cmt.obj
                                  ffc05fa7  ffc06064        be
  _R_CMT0_Create
                                  ffc05fa7        34   func ,g         1
  _R_CMT0_Start
                                  ffc05fdb        13   func ,g         1
  _R_CMT0_Stop
                                  ffc05fee        16   func ,g         0
  _R_CMT1_Create
                                  ffc06004        38   func ,g         1
  _R_CMT1_Start
                                  ffc0603c        13   func ,g         5
  _R_CMT1_Stop
                                  ffc0604f        16   func ,g         0
FILE=.\src\cg_src\r_cg_cmt_user.obj
                                  ffc06065  ffc06090        2c
  _r_cmt_cmi0_interrupt
                                  ffc06065         e   func ,l         0
  _r_cmt_cmi1_interrupt
                                  ffc06073        1e   func ,l         0
FILE=.\src\cg_src\r_cg_hardware_setup.obj
                                  ffc06091  ffc06137        a7
  _R_Systeminit
                                  ffc06091        a3   func ,g         1
  _HardwareSetup
                                  ffc06134         4   func ,g         1
FILE=.\src\cg_src\r_cg_icu.obj
                                  ffc06138  ffc062f4       1bd
  _R_ICU_Create
                                  ffc06138       16d   func ,g         1
  _R_ICU_IRQ5_Start
                                  ffc062a5         8   func ,g         2
  _R_ICU_IRQ5_Stop
                                  ffc062ad         8   func ,g         1
  _R_ICU_IRQ6_Start
                                  ffc062b5         8   func ,g         2
  _R_ICU_IRQ6_Stop
                                  ffc062bd         8   func ,g         1
  _R_ICU_IRQ7_Start
                                  ffc062c5         8   func ,g         2
  _R_ICU_IRQ7_Stop
                                  ffc062cd         8   func ,g         1
  _R_ICU_IRQ8_Start
                                  ffc062d5         8   func ,g         2
  _R_ICU_IRQ8_Stop
                                  ffc062dd         8   func ,g         1
  _R_ICU_IRQ9_Start
                                  ffc062e5         8   func ,g         2
  _R_ICU_IRQ9_Stop
                                  ffc062ed         8   func ,g         1
FILE=.\src\cg_src\r_cg_icu_user.obj
                                  ffc062f5  ffc06362        6e
  _r_icu_irq5_interrupt
                                  ffc062f5        16   func ,l         0
  _r_icu_irq6_interrupt
                                  ffc0630b        16   func ,l         0
  _r_icu_irq7_interrupt
                                  ffc06321        16   func ,l         0
  _r_icu_irq8_interrupt
                                  ffc06337        16   func ,l         0
  _r_icu_irq9_interrupt
                                  ffc0634d        16   func ,l         0
FILE=.\src\cg_src\r_cg_main.obj
                                  ffc06363  ffc06392        30
  _main
                                  ffc06363         f   func ,g         1
  _R_MAIN_UserInit
                                  ffc06372        21   func ,l         1
FILE=.\src\cg_src\r_cg_mtu3.obj
                                  ffc06393  ffc067b0       41e
  _R_MTU3_Create
                                  ffc06393       2a0   func ,g         1
  _R_MTU3_C0_Start
                                  ffc06633         8   func ,g         1
  _R_MTU3_C0_Stop
                                  ffc0663b         8   func ,g         0
  _R_MTU3_C1_Start
                                  ffc06643         8   func ,g         1
  _R_MTU3_C1_Stop
                                  ffc0664b         8   func ,g         0
  _R_MTU3_C2_Start
                                  ffc06653         8   func ,g         1
  _R_MTU3_C2_Stop
                                  ffc0665b         8   func ,g         0
  _R_MTU3_C3_Start
                                  ffc06663         8   func ,g         1
  _R_MTU3_C3_Stop
                                  ffc0666b         8   func ,g         0
  _R_MTU3_C4_Start
                                  ffc06673         8   func ,g         2
  _R_MTU3_C4_Stop
                                  ffc0667b         8   func ,g         0
  _R_MTU0_SetTGRA
                                  ffc06683         d   func ,g         0
  _R_MTU0_GetTGRA
                                  ffc06690        10   func ,g         0
  _R_MTU0_GetTGRB
                                  ffc066a0        10   func ,g         0
  _R_MTU0_SetTGRC
                                  ffc066b0         d   func ,g         2
  _R_MTU0_GetTGRC
                                  ffc066bd        10   func ,g         0
  _R_MTU0_GetTGRD
                                  ffc066cd        10   func ,g         1
  _R_MTU1_GetTcnt
                                  ffc066dd        10   func ,g         1
  _R_MTU2_GetTcnt
                                  ffc066ed        10   func ,g         1
  _R_MTU3_SetTGRA
                                  ffc066fd         d   func ,g         0
  _R_MTU3_GetTGRA
                                  ffc0670a        10   func ,g         0
  _R_MTU3_GetTGRB
                                  ffc0671a        10   func ,g         0
  _R_MTU3_SetTGRC
                                  ffc0672a         d   func ,g         2
  _R_MTU3_GetTGRC
                                  ffc06737        10   func ,g         0
  _R_MTU3_GetTGRD
                                  ffc06747        10   func ,g         1
  _R_MTU4_SetTGRA
                                  ffc06757         d   func ,g         2
  _R_MTU4_GetTGRA
                                  ffc06764        10   func ,g         0
  _R_MTU4_GetTGRB
                                  ffc06774        10   func ,g         1
  _R_MTU4_SetTGRC
                                  ffc06784         d   func ,g         2
  _R_MTU4_GetTGRC
                                  ffc06791        10   func ,g         0
  _R_MTU4_GetTGRD
                                  ffc067a1        10   func ,g         1
FILE=.\src\cg_src\r_cg_port.obj
                                  ffc067b1  ffc069b8       208
  _R_PORT_Create
                                  ffc067b1        7a   func ,g         1
  _R_PORT_SetP05
                                  ffc0682b        1c   func ,g         0
  _R_PORT_SetP07
                                  ffc06847        18   func ,g         0
  _R_PORT_SetP14
                                  ffc0685f        1c   func ,g         2
  _R_PORT_SetPB0
                                  ffc0687b        19   func ,g         3
  _R_PORT_SetPB2
                                  ffc06894        1b   func ,g         4
  _R_PORT_SetPB4
                                  ffc068af        1c   func ,g         2
  _R_PORT_SetPC0
                                  ffc068cb        19   func ,g         4
  _R_PORT_SetPC1
                                  ffc068e4        1b   func ,g         4
  _R_PORT_SetPC2
                                  ffc068ff        1b   func ,g         4
  _R_PORT_SetPC3
                                  ffc0691a        1b   func ,g         4
  _R_PORT_SetPD0
                                  ffc06935        19   func ,g         3
  _R_PORT_SetPD1
                                  ffc0694e        1b   func ,g         3
  _R_PORT_SetPE0
                                  ffc06969        19   func ,g         3
  _R_PORT_SetPE3
                                  ffc06982        1b   func ,g         3
  _R_PORT_SetPE4
                                  ffc0699d        1c   func ,g         3
FILE=.\src\cg_src\r_cg_rspi.obj
                                  ffc069b9  ffc06b97       1df
  _R_RSPI0_Create
                                  ffc069b9       107   func ,g         1
  _R_RSPI0_Start
                                  ffc06ac0        40   func ,g         1
  _R_RSPI0_Stop
                                  ffc06b00        2c   func ,g         0
  _R_RSPI0_Send_Receive
                                  ffc06b2c        6c   func ,g         1
FILE=.\src\cg_src\r_cg_rspi_user.obj
                                  ffc06b98  ffc06cfb       164
  _r_rspi0_transmit_interrupt
                                  ffc06b98        67   func ,l         0
  _r_rspi0_receive_interrupt
                                  ffc06bff        7f   func ,l         0
  _r_rspi0_error_interrupt
                                  ffc06c7e        63   func ,g         1
  _r_rspi0_idle_interrupt
                                  ffc06ce1        13   func ,g         1
  _r_rspi0_callback_transmitend
                                  ffc06cf4         1   func ,l         1
  _r_rspi0_callback_receiveend
                                  ffc06cf5         1   func ,l         1
  _r_rspi0_callback_error
                                  ffc06cf6         6   func ,l         1
FILE=.\src\cg_src\r_cg_s12ad.obj
                                  ffc06cfc  ffc06f6e       273
  _R_S12AD0_Create
                                  ffc06cfc       13e   func ,g         1
  _R_S12AD0_Start
                                  ffc06e3a         c   func ,g         2
  _R_S12AD0_Stop
                                  ffc06e46         e   func ,g         0
  _R_S12AD0_Get_ValueResult
                                  ffc06e54        e3   func ,g         6
  _R_S12AD0_Set_CompareValue
                                  ffc06f37        19   func ,g         0
  _R_S12AD0_WaitAdcEnd
                                  ffc06f50        1f   func ,g         2
FILE=.\src\cg_src\r_cg_sbrk.obj
                                  ffc06f6f  ffc06fab        3d
  _sbrk
                                  ffc06f6f        3d   func ,g         1
FILE=.\src\cg_src\r_cg_sci.obj
                                  ffc06fac  ffc07163       1b8
  _R_SCI2_Create
                                  ffc06fac        99   func ,g         1
  _R_SCI2_Start
                                  ffc07045        33   func ,g         1
  _R_SCI2_Stop
                                  ffc07078        56   func ,g         0
  _R_SCI2_Serial_Receive
                                  ffc070ce        48   func ,g         0
  _R_SCI2_Serial_Send
                                  ffc07116        4e   func ,g         1
FILE=.\src\cg_src\r_cg_sci_user.obj
                                  ffc07164  ffc0725f        fc
  _r_sci2_transmit_interrupt
                                  ffc07164        4d   func ,l         0
  _r_sci2_transmitend_interrupt
                                  ffc071b1        28   func ,g         1
  _r_sci2_receive_interrupt
                                  ffc071d9        60   func ,l         0
  _r_sci2_receiveerror_interrupt
                                  ffc07239        25   func ,g         1
  _r_sci2_callback_transmitend
                                  ffc0725e         1   func ,l         1
  _r_sci2_callback_receiveend
                                  ffc0725f         1   func ,l         1
FILE=sinf
                                  ffc07260  ffc0729e        3f
  _sinl
                                  ffc07260         2   func ,g         0
  _sin
                                  ffc07262         2   func ,g         1
  _sinf
                                  ffc07264        3b   func ,g         3
FILE=powf
                                  ffc0729f  ffc072cb        2d
  _powl
                                  ffc0729f         2   func ,g         0
  _pow
                                  ffc072a1         2   func ,g         1
  _powf
                                  ffc072a3        29   func ,g         5
FILE=sprintf
                                  ffc072cc  ffc07302        37
  _prout
                                  ffc072cc         b   func ,l         1
  _sprintf
                                  ffc072d7        2c   func ,g        1d
FILE=__initsct
                                  ffc07303  ffc0734c        4a
  __INITSCT
                                  ffc07303         0   none ,g         1
  loop1
                                  ffc07315         0   none ,l         1
  next_loop1
                                  ffc07323         0   none ,l         2
  loop3
                                  ffc07335         0   none ,l         1
  next_loop3
                                  ffc07346         0   none ,l         2
FILE=_in_pows
                                  ffc0734d  ffc07455       109
  __in_pows
                                  ffc0734d       109   func ,g         1
FILE=sincosfsub
                                  ffc07456  ffc0753d        e8
  ___poly_sinf
                                  ffc07456        31   func ,g         3
  ___poly_cosf
                                  ffc07487        28   func ,g         2
  _poly_cosfn
                                  ffc074af         7   func ,l         1
  _poly_sinfn
                                  ffc074b6         5   func ,l         1
  _sincosf_special
                                  ffc074bb        33   func ,l         1
  ___internal_sincosf
                                  ffc074ee        50   func ,g         3
FILE=xprintf
                                  ffc0753e  ffc077a3       266
  __Printf
                                  ffc0753e       266   func ,g         1
FILE=fmodf
                                  ffc077a4  ffc077d5        32
  _fmodl
                                  ffc077a4         2   func ,g         0
  _fmod
                                  ffc077a6         2   func ,g         1
  _fmodf
                                  ffc077a8        2e   func ,g         2
FILE=_i_ldes
                                  ffc077d6  ffc07854        7f
  __in_ldexps
                                  ffc077d6        7f   func ,g         2
FILE=_in_exps
                                  ffc07855  ffc0794f        fb
  __in_exps
                                  ffc07855        fb   func ,g         2
FILE=_in_logs
                                  ffc07950  ffc07a16        c7
  __in_logs
                                  ffc07950        c7   func ,g         2
FILE=nanfval
                                  ffc07a17  ffc07a1d         7
  ___nanf_value
                                  ffc07a17         7   func ,g         1
FILE=xputfld
                                  ffc07a1e  ffc07eb4       497
  __Putfld
                                  ffc07a1e       497   func ,g         1
FILE=xvacopy
                                  ffc07eb5  ffc07ebc         8
  __Vacopy
                                  ffc07eb5         8   func ,g         2
FILE=xputtxt
                                  ffc07ebd  ffc081a1       2e5
  __Puttxt
                                  ffc07ebd       2e5   func ,g         3
FILE=strchr
                                  ffc081a2  ffc081b7        16
  _strchr
                                  ffc081a2        16   func ,g         2
FILE=xctype
                                  ffc081b8  ffc081cd        16
  __Getpctype
                                  ffc081b8        16   func ,g         0
FILE=_i_fmds
                                  ffc081ce  ffc082a5        d8
  __in_fmods
                                  ffc081ce        d8   func ,g         1
FILE=xldtob
                                  ffc082a6  ffc086dc       437
  __Ldtob
                                  ffc082a6       437   func ,g         1
FILE=xputstr
                                  ffc086dd  ffc087bc        e0
  __Putstr
                                  ffc086dd        e0   func ,g         1
FILE=xlitob
                                  ffc087bd  ffc088d4       118
  __Litob
                                  ffc087bd       118   func ,g         1
FILE=xgenld
                                  ffc088d5  ffc08b82       2ae
  __Genld
                                  ffc088d5       2ae   func ,g         1
FILE=xwctomb
                                  ffc08b83  ffc08cda       158
  __Wctombx
                                  ffc08b83       112   func ,g         1
  __Wctomb
                                  ffc08c95        46   func ,g         1
FILE=xstate
                                  ffc08cdb  ffc08d0c        32
  __Getmbcurmax
                                  ffc08cdb        16   func ,g         2
  __Getpmbstate
                                  ffc08cf1        1c   func ,g         0
FILE=xldscale
                                  ffc08d0d  ffc08d10         4
  __LDscale
                                  ffc08d0d         4   func ,g         1
FILE=xldunsca
                                  ffc08d11  ffc08d14         4
  __LDunscale
                                  ffc08d11         4   func ,g         1
FILE=__COM_DIV64u
                                  ffc08d15  ffc08dad        99
  __COM_DIV64u
                                  ffc08d15         0   none ,g         2
  _Loop_Init
                                  ffc08d1f         0   none ,l         2
  _Loop
                                  ffc08d27         0   none ,l         1
  _DivStart
                                  ffc08d33         0   none ,l         3
  _Success
                                  ffc08d41         0   none ,l         1
  _DivEnd
                                  ffc08d4d         0   none ,l         0
  IXI6DIV
                                  ffc08d52         0   none ,l         1
  IXI4DIV
                                  ffc08d64         0   none ,l         1
  IXI2DIV
                                  ffc08d74         0   none ,l         1
  I8I2DIV
                                  ffc08d7c         0   none ,l         1
  I4I2DIV
                                  ffc08daa         0   none ,l         1
  _i8divU_End
                                  ffc08dad         0   none ,l         0
FILE=__COM_MOD64u
                                  ffc08dae  ffc08e34        87
  __COM_MOD64u
                                  ffc08dae         0   none ,g         1
  _Loop_Init
                                  ffc08db8         0   none ,l         2
  _Loop
                                  ffc08dbc         0   none ,l         1
  _DivStart
                                  ffc08dc8         0   none ,l         3
  _Success
                                  ffc08dd6         0   none ,l         1
  _DivEnd
                                  ffc08dde         0   none ,l         0
  IXI6DIV
                                  ffc08ddf         0   none ,l         1
  IXI4DIV
                                  ffc08df1         0   none ,l         1
  IXI2DIV
                                  ffc08e01         0   none ,l         1
  I8I2DIV
                                  ffc08e09         0   none ,l         1
  I4I2DIV
                                  ffc08e29         0   none ,l         1
FILE=_div
                                  ffc08e35  ffc08e40         c
  _ldiv
                                  ffc08e35         0   none ,g         1
  _div
                                  ffc08e35         0   none ,g         1
FILE=free
                                  ffc08e41  ffc08ec3        83
  _free
                                  ffc08e41        83   func ,g         2
FILE=malloc
                                  ffc08ec4  ffc08fa1        de
  _findmem
                                  ffc08ec4        7b   func ,l         1
  _malloc
                                  ffc08f3f        63   func ,g         1
FILE=localeco
                                  ffc08fa2  ffc08fa8         7
  _localeconv
                                  ffc08fa2         7   func ,g         1
FILE=xwcstate
                                  ffc08fa9  ffc08fc4        1c
  __Getpwcstate
                                  ffc08fa9        1c   func ,g         0
FILE=xfdscale
                                  ffc08fc5  ffc090e5       121
  __FDscale
                                  ffc08fc5       121   func ,g         1
FILE=xfdunsca
                                  ffc090e6  ffc09140        5b
  __FDunscale
                                  ffc090e6        5b   func ,g         1
FILE=xgetmem
                                  ffc09141  ffc0915b        1b
  __Getmem
                                  ffc09141        1b   func ,g         1
FILE=xfdnorm
                                  ffc0915c  ffc091da        7f
  __FDnorm
                                  ffc0915c        7f   func ,g         2

SECTION=EXCEPTVECT
FILE=.\src\cg_src\r_cg_vecttbl.obj
                                  ffffff80  fffffffb        7c
  _Excpt_Vectors
                                  ffffff80        7c   data ,g         0

SECTION=RESETVECT
FILE=.\src\cg_src\r_cg_vecttbl.obj
                                  fffffffc  ffffffff         4
  _Reset_Vectors
                                  fffffffc         4   data ,g         0

*** Unfilled Areas ***

AREA                                START    END

*** Delete Symbols ***

SYMBOL                                SIZE    INFO
