Renesas Optimizing Linker (W2.04.00 )             30-Nov-2018 00:51:29

*** Options ***

-subcommand=LinkerSubCommand.tmp
-input="./UserSrc/Buzzer.obj"
-input="./UserSrc/ControlAngularVelocity.obj"
-input="./UserSrc/ControlSensorAngle.obj"
-input="./UserSrc/ControlVelocity.obj"
-input="./UserSrc/DriveAssert.obj"
-input="./UserSrc/FunctionTimer.obj"
-input="./UserSrc/Led.obj"
-input="./UserSrc/Log.obj"
-input="./UserSrc/Mode.obj"
-input="./UserSrc/SciFifo.obj"
-input="./UserSrc/Sensor.obj"
-input="./UserSrc/Switch.obj"
-input="./UserSrc/TaskTimer.obj"
-input="./UserSrc/Test.obj"
-input="./UserSrc/Tracer.obj"
-input="./src/cg_src/r_cg_cgc.obj"
-input="./src/cg_src/r_cg_cgc_user.obj"
-input="./src/cg_src/r_cg_cmt.obj"
-input="./src/cg_src/r_cg_cmt_user.obj"
-input="./src/cg_src/r_cg_dbsct.obj"
-input="./src/cg_src/r_cg_hardware_setup.obj"
-input="./src/cg_src/r_cg_icu.obj"
-input="./src/cg_src/r_cg_icu_user.obj"
-input="./src/cg_src/r_cg_intprg.obj"
-input="./src/cg_src/r_cg_main.obj"
-input="./src/cg_src/r_cg_mtu3.obj"
-input="./src/cg_src/r_cg_mtu3_user.obj"
-input="./src/cg_src/r_cg_port.obj"
-input="./src/cg_src/r_cg_port_user.obj"
-input="./src/cg_src/r_cg_resetprg.obj"
-input="./src/cg_src/r_cg_rspi.obj"
-input="./src/cg_src/r_cg_rspi_user.obj"
-input="./src/cg_src/r_cg_s12ad.obj"
-input="./src/cg_src/r_cg_s12ad_user.obj"
-input="./src/cg_src/r_cg_sbrk.obj"
-input="./src/cg_src/r_cg_sci.obj"
-input="./src/cg_src/r_cg_sci_user.obj"
-input="./src/cg_src/r_cg_vecttbl.obj"
-start=SU,SI,B_1,R_1,B_2,R_2,B,R/04,PResetPRG,C_1,C_2,C,C$*,D*,W*,L,PIntPRG,P/0FFC00000,EXCEPTVECT/0FFFFFF80,RESETVECT/0FFFFFFFC
-library=C:\Users\shuuichi\OneDrive\Robomech\ROBOTR~1\2018\program\VERDIR~1\HARDWA~2\VerdiRT17_RX64M.lib
-noprelink
-list=VerdiRT17_RX64M.map
-show
-nooptimize
-debug
-output=C:\Users\shuuichi\OneDrive\Robomech\Robotrace\2018\program\VerdiRT17_RX64M\HardwareDebug\VerdiRT17_RX64M.abs
-rom=D=R,D_1=R_1,D_2=R_2
-nocompress
-nomessage
-nologo

*** Error information ***

*** Mapping List ***

SECTION                            START      END         SIZE   ALIGN

SU
                                  00000004  00000303       300   4
SI
                                  00000304  00000803       500   4
B_1
                                  00000804  00000929       126   1
R_1
                                  0000092a  0000097a        51   1
B_2
                                  0000097c  00000deb       470   2
R_2
                                  00000dec  00000dec         0   1
B
                                  00000dec  000715fb     70810   4
R
                                  000715fc  0007187f       284   4
$ADDR_C_120040
                                  00120040  00120043         4   1
$ADDR_C_120048
                                  00120048  0012004b         4   1
$ADDR_C_120050
                                  00120050  0012006f        20   1
PResetPRG
                                  ffc00000  ffc0003d        3e   1
C_1
                                  ffc0003e  ffc0010f        d2   1
C_2
                                  ffc00110  ffc00311       202   2
C
                                  ffc00314  ffc00477       164   4
C$DSEC
                                  ffc00478  ffc0049b        24   4
C$BSEC
                                  ffc0049c  ffc004b3        18   4
C$INIT
                                  ffc004b4  ffc004b4         0   1
C$VECT
                                  ffc004b4  ffc008b3       400   4
C$VTBL
                                  ffc008b4  ffc008b4         0   1
D
                                  ffc008b4  ffc00b37       284   4
D_1
                                  ffc00b38  ffc00b88        51   1
D_2
                                  ffc00b89  ffc00b89         0   1
W
                                  ffc00b8c  ffc00b8c         0   4
W_1
                                  ffc00b8c  ffc00b8c         0   1
W_2
                                  ffc00b8c  ffc00bdd        52   2
L
                                  ffc00be0  ffc0124c       66d   4
PIntPRG
                                  ffc0124d  ffc012c4        78   1
P
                                  ffc012c5  ffc09510      824c   1
EXCEPTVECT
                                  ffffff80  fffffffb        7c   4
RESETVECT
                                  fffffffc  ffffffff         4   4

*** Symbol List ***

SECTION=
FILE=                               START        END    SIZE
  SYMBOL                            ADDR        SIZE    INFO      COUNTS  OPT

SECTION=SU
FILE=.\src\cg_src\r_cg_resetprg.obj
                                  00000004  00000303       300

SECTION=SI
FILE=.\src\cg_src\r_cg_resetprg.obj
                                  00000304  00000803       500

SECTION=B_1
FILE=.\UserSrc\Log.obj
                                  00000804  000008cc        c9
  _st_SendBuf
                                  00000804        c8   data ,l        1c
  _st_BufSize
                                  000008cc         1   data ,l        1c
FILE=.\UserSrc\Sensor.obj
                                  000008cd  000008e1        15
  _st_SendBuf
                                  000008cd        14   data ,l         2
  _st_SensorCalibFlag
                                  000008e1         1   data ,l         6
FILE=.\UserSrc\Test.obj
                                  000008e2  000008f6        15
  _st_SendBuf
                                  000008e2        14   data ,l        17
  _st_BufSize
                                  000008f6         1   data ,l        17
FILE=.\UserSrc\Tracer.obj
                                  000008f7  00000929        33
  _st_SendBuf
                                  000008f7        32   data ,l        16
  _st_BufSize
                                  00000929         1   data ,l        16

SECTION=R_1
FILE=xfiles
                                  0000092a  00000979        50
  _ebuf
                                  0000092a        50   data ,l         5
FILE=xstate
                                  0000097a  0000097a         1
  __Mbcurmax
                                  0000097a         1   data ,g         1

SECTION=B_2
FILE=.\UserSrc\ControlAngularVelocity.obj
                                  0000097c  00000989         e
  _st_SensorData
                                  0000097c         e   data ,l         2
FILE=.\UserSrc\ControlSensorAngle.obj
                                  0000098a  00000997         e
  _st_SensorData
                                  0000098a         e   data ,l         5
FILE=.\UserSrc\DriveAssert.obj
                                  00000998  000009a5         e
  _st_SensorData
                                  00000998         e   data ,l         3
FILE=.\UserSrc\Sensor.obj
                                  000009a6  000009d1        2c
  _st_LineSensor
                                  000009a6        18   data ,l         c
  _st_InstantMax
                                  000009be         8   data ,l        10
  _st_InstantMin
                                  000009c6         8   data ,l        14
  _st_SensorCalibMax
                                  000009ce         2   data ,l         9
  _st_SensorCalibMin
                                  000009d0         2   data ,l         9
FILE=.\UserSrc\Tracer.obj
                                  000009d2  000009df         e
  _st_SensorData
                                  000009d2         e   data ,l         3
FILE=.\src\cg_src\r_cg_rspi.obj
                                  000009e0  000009e5         6
  _g_rspi0_tx_count
                                  000009e0         2   data ,g         3
  _g_rspi0_rx_count
                                  000009e2         2   data ,g         4
  _g_rspi0_rx_length
                                  000009e4         2   data ,g         3
FILE=.\src\cg_src\r_cg_sbrk.obj
                                  000009e6  00000de5       400
  _heap_area
                                  000009e6       400   data ,l         2
FILE=.\src\cg_src\r_cg_sci.obj
                                  00000de6  00000deb         6
  _g_sci2_tx_count
                                  00000de6         2   data ,g         3
  _g_sci2_rx_count
                                  00000de8         2   data ,g         4
  _g_sci2_rx_length
                                  00000dea         2   data ,g         3

SECTION=B
FILE=.\UserSrc\Buzzer.obj
                                  00000dec  00000df7         c
  _st_BeepCount
                                  00000dec         4   data ,l         5
  _st_TaskCounter
                                  00000df0         4   data ,l         5
  _st_TaskInterval
                                  00000df4         4   data ,l         3
FILE=.\UserSrc\ControlAngularVelocity.obj
                                  00000df8  00000e97        a0
  _st_BodyOmega
                                  00000df8         4   data ,l         5
  _st_BodyAngle
                                  00000dfc         4   data ,l         5
  _st_VirtualGeometry
                                  00000e00        14   data ,l         e
  _st_Controller
                                  00000e14        48   data ,l        36
  _st_LogHeader
                                  00000e5c        14   data ,l         2
  _st_LogArray
                                  00000e70        28   data ,l         7
FILE=.\UserSrc\ControlSensorAngle.obj
                                  00000e98  00000f27        90
  _st_Theta
                                  00000e98        50   data ,l        29
  _st_PotentioTheta
                                  00000ee8         4   data ,l         3
  _st_LogHeader
                                  00000eec        14   data ,l         2
  _st_LogArray
                                  00000f00        28   data ,l         8
FILE=.\UserSrc\ControlVelocity.obj
                                  00000f28  00000fdb        b4
  _st_Encoder
                                  00000f28        30   data ,l        24
  _st_Controller
                                  00000f58        48   data ,l        38
  _st_LogHeader
                                  00000fa0        14   data ,l         2
  _st_LogArray
                                  00000fb4        28   data ,l         6
FILE=.\UserSrc\DriveAssert.obj
                                  00000fdc  00000fe7         c
  _st_AssertFlag
                                  00000fdc         4   data ,l         5
  _st_LineAssert
                                  00000fe0         8   data ,l         9
FILE=.\UserSrc\FunctionTimer.obj
                                  00000fe8  00001033        4c
  _st_BuzzerDuty
                                  00000fe8         c   data ,l         9
  _st_RightMotorDuty
                                  00000ff4        14   data ,l        15
  _st_LeftMotorDuty
                                  00001008        14   data ,l        15
  _st_SensorMotorDuty
                                  0000101c         c   data ,l         b
  _st_VelocityDutyArray
                                  00001028         8   data ,l         3
  _st_SensorDutyArray
                                  00001030         4   data ,l         2
FILE=.\UserSrc\Log.obj
                                  00001034  00070d87     6fd54
  _st_ControlLog
                                  00001034     305b0   data ,l        31
  _st_CourceLog
                                  000315e4     3f7a4   data ,l        16
FILE=.\UserSrc\Mode.obj
                                  00070d88  00070d93         c
  _st_Swt
                                  00070d88         4   data ,l         2
  _st_ModeKind
                                  00070d8c         4   data ,l         5
  _st_Decision
                                  00070d90         4   data ,l         5
FILE=.\UserSrc\Sensor.obj
                                  00070d94  00070e93       100
  _st_SensorData
                                  00070d94        b0   data ,l        43
  _st_Tx
                                  00070e44         8   data ,l         5
  _st_Rx
                                  00070e4c         8   data ,l         5
  _st_LineCoefficient
                                  00070e54        10   data ,l         c
  _st_CourceMarker
                                  00070e64        30   data ,l        3f
FILE=.\UserSrc\Switch.obj
                                  00070e94  00070ecb        38
  _st_Swt
                                  00070e94        1c   data ,l        22
  _st_udMin
                                  00070eb0         4   data ,l         4
  _st_udMax
                                  00070eb4         4   data ,l         4
  _st_rlMin
                                  00070eb8         4   data ,l         4
  _st_rlMax
                                  00070ebc         4   data ,l         4
  _st_Decision
                                  00070ec0         c   data ,l         a
FILE=.\UserSrc\TaskTimer.obj
                                  00070ecc  00070eff        34
  _st_TaskState
                                  00070ecc         4   data ,l         c
  _st_TaskSchedule
                                  00070ed0        30   data ,l        10
FILE=.\UserSrc\Test.obj
                                  00070f00  00070f0b         c
  _st_Swt
                                  00070f00         4   data ,l        12
  _st_ModeLevel
                                  00070f04         4   data ,l         4
  _st_Decision
                                  00070f08         4   data ,l        3a
FILE=.\UserSrc\Tracer.obj
                                  00070f0c  000715e7       6dc
  _st_Decision
                                  00070f0c         4   data ,l         9
  _st_CourceLogStoreParam
                                  00070f10        20   data ,l        1c
  _st_CourceLog
                                  00070f30         c   data ,l        37
  _st_CourceAnalysisParam
                                  00070f3c         c   data ,l         9
  _st_CrossMarkerArray
                                  00070f48       640   data ,l         1
  _st_RightMarkerArray
                                  00071588        50   data ,l         1
  _st_CrossMarkerRecord
                                  000715d8         8   data ,l         e
  _st_RightMarkerRecord
                                  000715e0         8   data ,l         e
FILE=.\src\cg_src\r_cg_rspi.obj
                                  000715e8  000715ef         8
  _gp_rspi0_tx_address
                                  000715e8         4   data ,g         3
  _gp_rspi0_rx_address
                                  000715ec         4   data ,g         3
FILE=.\src\cg_src\r_cg_sci.obj
                                  000715f0  000715f7         8
  _gp_sci2_tx_address
                                  000715f0         4   data ,g         3
  _gp_sci2_rx_address
                                  000715f4         4   data ,g         3
FILE=_errno
                                  000715f8  000715fb         4
  __errno
                                  000715f8         4   data ,g         4

SECTION=R
FILE=.\src\cg_src\r_cg_sbrk.obj
                                  000715fc  000715ff         4
  _brk
                                  000715fc         4   data ,l         3
FILE=sincosfsub
                                  00071600  0007163b        3c
  _sinf_coeff
                                  00071600        10   data ,l         1
  _cosf_coeff
                                  00071610        10   data ,l         1
  _pi4ptr_table
                                  00071620         c   data ,l         1
  _sub_table
                                  0007162c        10   data ,l         1
FILE=xprintf
                                  0007163c  0007163f         4
  _stderr
                                  0007163c         4   data ,g         0
FILE=xfiles
                                  00071640  00071717        d8
  __Stdin
                                  00071640        48   data ,g         7
  __Stdout
                                  00071688        48   data ,g         7
  __Stderr
                                  000716d0        48   data ,g         3
FILE=xctype
                                  00071718  0007171f         8
  __Ctype
                                  00071718         4   data ,g         2
  __Tls_setup__Ctype
                                  0007171c         4   data ,g         1
FILE=xstate
                                  00071720  00071767        48
  __Tls_setup__Mbcurmax
                                  00071720         4   data ,g         1
  __Mbstate
                                  00071724        40   data ,g         2
  __Tls_setup__Mbstate
                                  00071764         4   data ,g         2
FILE=malloc
                                  00071768  0007176f         8
  __Aldata
                                  00071768         8   data ,g         3
FILE=localeco
                                  00071770  000717c3        54
  __Locale
                                  00071770        50   data ,g         1
  __Tls_setup__Locale
                                  000717c0         4   data ,g         0
FILE=xwcstate
                                  000717c4  00071807        44
  __Wcstate
                                  000717c4        40   data ,g         2
  __Tls_setup__Wcstate
                                  00071804         4   data ,g         2
FILE=xfvalues
                                  00071808  0007187f        78
  __FDenorm
                                  00071808        10   data ,g         0
  __FEps
                                  00071818        10   data ,g         0
  __FHugeval
                                  00071828        10   data ,g         0
  __FInf
                                  00071838        10   data ,g         1
  __FNan
                                  00071848        10   data ,g         0
  __FSnan
                                  00071858        10   data ,g         0
  __FRteps
                                  00071868        10   data ,g         0
  __FXbig
                                  00071878         4   data ,g         0
  __FZero
                                  0007187c         4   data ,g         0

SECTION=$ADDR_C_120040
FILE=.\src\cg_src\r_cg_vecttbl.obj
                                  00120040  00120043         4
  ___SPCCreg
                                  00120040         4   data ,g         0

SECTION=$ADDR_C_120048
FILE=.\src\cg_src\r_cg_vecttbl.obj
                                  00120048  0012004b         4
  ___TMEFreg
                                  00120048         4   data ,g         0

SECTION=$ADDR_C_120050
FILE=.\src\cg_src\r_cg_vecttbl.obj
                                  00120050  0012006f        20
  ___OSISreg
                                  00120050        10   data ,g         0
  ___TMINFreg
                                  00120060         4   data ,g         0
  ___MDEreg
                                  00120064         4   data ,g         0
  ___OFS0reg
                                  00120068         4   data ,g         0
  ___OFS1reg
                                  0012006c         4   data ,g         0

SECTION=PResetPRG
FILE=.\src\cg_src\r_cg_resetprg.obj
                                  ffc00000  ffc0003d        3e
  _PowerON_Reset_PC
                                  ffc00000        3e   entry,g         1

SECTION=C_1
FILE=xprintf
                                  ffc0003e  ffc00047         a
  _fchar$1
                                  ffc0003e         a   data ,l         1
FILE=xputtxt
                                  ffc00048  ffc000ec        a5
  _spaces
                                  ffc00048        21   data ,l         1
  _zeroes
                                  ffc00069        21   data ,l         1
  _asterisk
                                  ffc0008a        21   data ,l         1
  _plus
                                  ffc000ab        21   data ,l         1
  _minus
                                  ffc000cc        21   data ,l         1
FILE=xlitob
                                  ffc000ed  ffc0010e        22
  _ldigs
                                  ffc000ed        11   data ,l         1
  _udigs
                                  ffc000fe        11   data ,l         1
FILE=localeco
                                  ffc0010f  ffc0010f         1
  _null
                                  ffc0010f         1   data ,l         d

SECTION=C_2
FILE=xctype
                                  ffc00110  ffc00311       202
  _ctyp_tab
                                  ffc00110       202   data ,l         1

SECTION=C
FILE=.\src\cg_src\r_cg_dbsct.obj
                                  ffc00314  ffc00347        34
  __CTBL
                                  ffc00314        34   data ,g         0
FILE=xprintf
                                  ffc00348  ffc0035f        18
  _fbit$2
                                  ffc00348        18   data ,l         1
FILE=_in_exps
                                  ffc00360  ffc00397        38
  _exp_lcoef$2
                                  ffc00360        1c   data ,l         1
  _exp_hcoef$1
                                  ffc0037c        1c   data ,l         1
FILE=_in_logs
                                  ffc00398  ffc003b7        20
  _log_coef$3
                                  ffc00398        20   data ,l         1
FILE=consts
                                  ffc003b8  ffc0040f        58
  __IFZEROS
                                  ffc003b8         4   data ,g         4
  __IFONES
                                  ffc003bc         4   data ,g         3
  __HALFS
                                  ffc003c0         4   data ,g         1
  __QUOTS
                                  ffc003c4         4   data ,g         0
  __TWOS
                                  ffc003c8         4   data ,g         0
  __FOURS
                                  ffc003cc         4   data ,g         0
  __PAIS
                                  ffc003d0         4   data ,g         0
  __2PAIS
                                  ffc003d4         4   data ,g         0
  __HLFPAIS
                                  ffc003d8         4   data ,g         0
  __QUOPAIS
                                  ffc003dc         4   data ,g         0
  __LOGE2S
                                  ffc003e0         4   data ,g         2
  __NIFZEROS
                                  ffc003e4         4   data ,g         1
  __NIFONES
                                  ffc003e8         4   data ,g         1
  __NHALFS
                                  ffc003ec         4   data ,g         0
  __NQUOTS
                                  ffc003f0         4   data ,g         0
  __NTWOS
                                  ffc003f4         4   data ,g         0
  __NFOURS
                                  ffc003f8         4   data ,g         0
  __NPAIS
                                  ffc003fc         4   data ,g         0
  __N2PAIS
                                  ffc00400         4   data ,g         0
  __NHLFPAIS
                                  ffc00404         4   data ,g         0
  __NQUOPAIS
                                  ffc00408         4   data ,g         0
  __NLOGE2S
                                  ffc0040c         4   data ,g         0
FILE=_const
                                  ffc00410  ffc00433        24
  __IFNAND
                                  ffc00410         0   none ,g         0
  __IFINFD
                                  ffc00418         0   none ,g         0
  __NIFINFD
                                  ffc00420         0   none ,g         0
  __IFNANS
                                  ffc00428         0   none ,g         5
  __IFINFS
                                  ffc0042c         0   none ,g         3
  __NIFINFS
                                  ffc00430         0   none ,g         2
FILE=xldtob
                                  ffc00434  ffc0044b        18
  _pows
                                  ffc00434        18   data ,l         1
FILE=floatval
                                  ffc0044c  ffc00473        28
  __FLT_MAX_VAL
                                  ffc0044c         0   none ,g         1
  __FLT_MIN_VAL
                                  ffc00450         0   none ,g         0
  __DBL_MAX_VAL
                                  ffc00454         0   none ,g         0
  __DBL_MIN_VAL
                                  ffc0045c         0   none ,g         0
  __LDBL_MAX_VAL
                                  ffc00464         0   none ,g         0
  __LDBL_MIN_VAL
                                  ffc0046c         0   none ,g         0
FILE=_sbrk_si
                                  ffc00474  ffc00477         4
  __sbrk_size
                                  ffc00474         4   data ,g         1

SECTION=C$DSEC
FILE=.\src\cg_src\r_cg_dbsct.obj
                                  ffc00478  ffc0049b        24
  __DTBL
                                  ffc00478        24   data ,g         0

SECTION=C$BSEC
FILE=.\src\cg_src\r_cg_dbsct.obj
                                  ffc0049c  ffc004b3        18
  __BTBL
                                  ffc0049c        18   data ,g         0

SECTION=C$VECT
FILE=.\src\cg_src\r_cg_dbsct.obj
                                  ffc004b4  ffc008b3       400

SECTION=D
FILE=.\src\cg_src\r_cg_sbrk.obj
                                  ffc008b4  ffc008b7         4
FILE=sincosfsub
                                  ffc008b8  ffc008f3        3c
FILE=xprintf
                                  ffc008f4  ffc008f7         4
FILE=xfiles
                                  ffc008f8  ffc009cf        d8
FILE=xctype
                                  ffc009d0  ffc009d7         8
FILE=xstate
                                  ffc009d8  ffc00a1f        48
FILE=malloc
                                  ffc00a20  ffc00a27         8
FILE=localeco
                                  ffc00a28  ffc00a7b        54
FILE=xwcstate
                                  ffc00a7c  ffc00abf        44
FILE=xfvalues
                                  ffc00ac0  ffc00b37        78

SECTION=D_1
FILE=xfiles
                                  ffc00b38  ffc00b87        50
FILE=xstate
                                  ffc00b88  ffc00b88         1

SECTION=W_2
FILE=.\UserSrc\Led.obj
                                  ffc00b8c  ffc00bab        20
FILE=.\UserSrc\TaskTimer.obj
                                  ffc00bac  ffc00bbf        14
FILE=.\UserSrc\Test.obj
                                  ffc00bc0  ffc00bdd        1e

SECTION=L
FILE=.\UserSrc\Log.obj
                                  ffc00be0  ffc0101f       440
FILE=.\UserSrc\Sensor.obj
                                  ffc01020  ffc01059        3a
FILE=.\UserSrc\Test.obj
                                  ffc0105c  ffc01161       106
FILE=.\UserSrc\Tracer.obj
                                  ffc01164  ffc0120c        a9
FILE=xprintf
                                  ffc01210  ffc01216         7
FILE=xldtob
                                  ffc01218  ffc01239        22
FILE=xgenld
                                  ffc0123c  ffc0123d         2
FILE=localeco
                                  ffc01240  ffc0124c         d

SECTION=PIntPRG
FILE=.\src\cg_src\r_cg_intprg.obj
                                  ffc0124d  ffc012c4        78
  _r_undefined_exception
                                  ffc0124d         2   func ,g         3
  _r_reserved_exception
                                  ffc0124f         2   func ,g        1b
  _r_nmi_exception
                                  ffc01251         2   func ,g         1
  _r_brk_exception
                                  ffc01253         2   func ,g         0
  _r_icu_group_be0_interrupt
                                  ffc01255         2   func ,g         0
  _r_icu_group_bl0_interrupt
                                  ffc01257        35   func ,g         0
  _r_icu_group_bl1_interrupt
                                  ffc0128c         2   func ,g         0
  _r_icu_group_al0_interrupt
                                  ffc0128e        35   func ,g         0
  _r_icu_group_al1_interrupt
                                  ffc012c3         2   func ,g         0

SECTION=P
FILE=.\UserSrc\Buzzer.obj
                                  ffc012c5  ffc01372        ae
  _BZR_Init
                                  ffc012c5        26   func ,g         1
  _BZR_BuzzerOn
                                  ffc012eb         b   func ,g         2
  _BZR_BuzzerOff
                                  ffc012f6         7   func ,g         2
  _BZR_SetBeepCount
                                  ffc012fd        22   func ,g        15
  _BZR_BuzzerTask
                                  ffc0131f        54   func ,g         1
FILE=.\UserSrc\ControlAngularVelocity.obj
                                  ffc01373  ffc01819       4a7
  _CAV_Init
                                  ffc01373       116   func ,g         4
  _CAV_StartDriveMotor
                                  ffc01489        22   func ,g         3
  _CAV_StopDriveMotor
                                  ffc014ab         d   func ,g         0
  _CAV_SetTargetUpAccel
                                  ffc014b8         e   func ,g         1
  _CAV_SetTargetDownAccel
                                  ffc014c6         e   func ,g         1
  _CAV_SetTarget
                                  ffc014d4        51   func ,g         2
  _CAV_ControlTask
                                  ffc01525        10   func ,g         1
  _CAV_GetTarget
                                  ffc01535         e   func ,g         3
  _CAV_GetVelocity
                                  ffc01543         e   func ,g         5
  _CAV_GetErrorNow
                                  ffc01551         e   func ,g         4
  _CAV_GetAngle
                                  ffc0155f         e   func ,g         0
  _CAV_GetRadius
                                  ffc0156d         e   func ,g         1
  _CAV_GetVirtualThetaDeg
                                  ffc0157b         e   func ,g         9
  _CAV_ClearAngle
                                  ffc01589         a   func ,g         0
  _CAV_GetLogHeader
                                  ffc01593        2b   func ,g         1
  _CAV_GetLogArray
                                  ffc015be        90   func ,g         1
  _st_CalcTarget
                                  ffc0164e        82   func ,l         1
  _st_CalcGyro
                                  ffc016d0        3e   func ,l         1
  _st_UpdateTarget
                                  ffc0170e        3d   func ,l         1
  _st_CalcError
                                  ffc0174b        b3   func ,l         1
  _st_SetMotorDuty
                                  ffc017fe        1c   func ,l         1
FILE=.\UserSrc\ControlSensorAngle.obj
                                  ffc0181a  ffc01b05       2ec
  _CSA_Init
                                  ffc0181a        cd   func ,g         1
  _CSA_StartSensorMotor
                                  ffc018e7         d   func ,g         3
  _CSA_StopSensorMotor
                                  ffc018f4         d   func ,g         3
  _CSA_StartSensorTask
                                  ffc01901         b   func ,g         4
  _CSA_ControlSensorTask
                                  ffc0190c        f4   func ,g         1
  _CSA_GetSensorTheta
                                  ffc01a00        1b   func ,g         3
  _CSA_GetLogHeader
                                  ffc01a1b        2b   func ,g         1
  _CSA_GetLogArray
                                  ffc01a46        8d   func ,g         1
  _st_CalcSensorAngle
                                  ffc01ad3        25   func ,l         1
  _st_DriveSensorMotor
                                  ffc01af8         e   func ,l         1
FILE=.\UserSrc\ControlVelocity.obj
                                  ffc01b06  ffc02063       55e
  _CVL_Init
                                  ffc01b06       16a   func ,g         6
  _CVL_StartDriveMotor
                                  ffc01c70        22   func ,g         6
  _CVL_StopDriveMotor
                                  ffc01c92         d   func ,g         4
  _CVL_SetTargetUpAccel
                                  ffc01c9f         e   func ,g         1
  _CVL_SetTargetDownAccel
                                  ffc01cad         e   func ,g         1
  _CVL_SetTarget
                                  ffc01cbb        51   func ,g        16
  _CVL_ControlTask
                                  ffc01d0c         d   func ,g         1
  _CVL_GetTarget
                                  ffc01d19         e   func ,g         5
  _CVL_GetVelocity
                                  ffc01d27         e   func ,g         7
  _CVL_GetErrorNow
                                  ffc01d35         e   func ,g         4
  _CVL_GetDistance
                                  ffc01d43         e   func ,g         9
  _CVL_GetEncoderDiff
                                  ffc01d51         e   func ,g         1
  _CVL_GetUpAccel
                                  ffc01d5f         e   func ,g         1
  _CVL_GetDownAccel
                                  ffc01d6d         e   func ,g         1
  _CVL_GetLogHeader
                                  ffc01d7b        2b   func ,g         1
  _CVL_GetLogArray
                                  ffc01da6        68   func ,g         1
  _st_CalcEncoder
                                  ffc01e0e       14c   func ,l         1
  _st_UpdateTarget
                                  ffc01f5a        3d   func ,l         1
  _st_CalcError
                                  ffc01f97        b4   func ,l         1
  _st_SetMotorDuty
                                  ffc0204b        19   func ,l         1
FILE=.\UserSrc\DriveAssert.obj
                                  ffc02064  ffc02141        de
  _DAS_Init
                                  ffc02064        1c   func ,g         5
  _DAS_AssertTask
                                  ffc02080        30   func ,g         1
  _DAS_GetAssertFlag
                                  ffc020b0         e   func ,g         1
  _DAS_ClearAssertFlag
                                  ffc020be        13   func ,g         1
  _st_LineSensorAssert
                                  ffc020d1        71   func ,l         1
FILE=.\UserSrc\FunctionTimer.obj
                                  ffc02142  ffc02709       5c8
  _FTR_Init
                                  ffc02142        e9   func ,g         1
  _FTR_StartBuzzerTimer
                                  ffc0222b         5   func ,g         1
  _FTR_SetBuzzerDuty
                                  ffc02230        55   func ,g         2
  _FTR_StartRightEncoderTimer
                                  ffc02285         5   func ,g         2
  _FTR_GetRightEncoderCount
                                  ffc0228a         e   func ,g         2
  _FTR_StartLeftEncoderTimer
                                  ffc02298         5   func ,g         2
  _FTR_GetLeftEncoderCount
                                  ffc0229d         e   func ,g         2
  _FTR_StartRightMotorTimer
                                  ffc022ab        20   func ,g         2
  _FTR_SetTransitionRightMotorDuty
                                  ffc022cb        4a   func ,g         4
  _FTR_SetAngularRightMotorDuty
                                  ffc02315        48   func ,g         1
  _FTR_GetRightMotorDuty
                                  ffc0235d         e   func ,g         5
  _FTR_StartLeftMotorTimer
                                  ffc0236b        20   func ,g         2
  _FTR_SetTransitionLeftMotorDuty
                                  ffc0238b        4a   func ,g         4
  _FTR_SetAngularLeftMotorDuty
                                  ffc023d5        48   func ,g         1
  _FTR_GetLeftMotorDuty
                                  ffc0241d         e   func ,g         5
  _FTR_StartSensorMotorTimer
                                  ffc0242b         5   func ,g         2
  _FTR_SetSensorMotorDuty
                                  ffc02430        90   func ,g         2
  _FTR_GetSensorMotorDuty
                                  ffc024c0         e   func ,g         0
  _FTR_GetVelocityLogDutyArray
                                  ffc024ce        2c   func ,g         1
  _FTR_GetSensorLogDutyArray
                                  ffc024fa        1c   func ,g         1
  _st_SetLeftMotorDuty
                                  ffc02516        76   func ,l         2
  _st_SetRightMotorDuty
                                  ffc0258c        76   func ,l         2
  _st_SetLeftDriveCw
                                  ffc02602        2c   func ,l         1
  _st_SetLeftDriveCcw
                                  ffc0262e        2c   func ,l         1
  _st_SetRightDriveCw
                                  ffc0265a        2c   func ,l         1
  _st_SetRightDriveCcw
                                  ffc02686        2c   func ,l         1
  _st_SetSensorDriveCw
                                  ffc026b2        2c   func ,l         1
  _st_SetSensorDriveCcw
                                  ffc026de        2c   func ,l         1
FILE=.\UserSrc\Led.obj
                                  ffc0270a  ffc0294b       242
  _LED_binaryOn
                                  ffc0270a       181   func ,g         3
  _LED_AllOff
                                  ffc0288b        15   func ,g         1
  _LED_On
                                  ffc028a0        56   func ,g        21
  _LED_Off
                                  ffc028f6        56   func ,g        25
FILE=.\UserSrc\Log.obj
                                  ffc0294c  ffc03324       9d9
  _LOG_Init
                                  ffc0294c         7   func ,g         1
  _LOG_InitControl
                                  ffc02953       29f   func ,g         1
  _LOG_InitCource
                                  ffc02bf2        c6   func ,g         1
  _LOG_RecordControl
                                  ffc02cb8       13b   func ,g         1
  _LOG_RecordCource
                                  ffc02df3        9e   func ,g         2
  _LOG_PrintControlRecord
                                  ffc02e91       3b0   func ,g         1
  _LOG_PrintCourceRecord
                                  ffc03241        c8   func ,g         1
  _LOG_GetCourceRecordIndex
                                  ffc03309        10   func ,g         1
  _LOG_GetCourceRecord
                                  ffc03319         c   func ,g         1
FILE=.\UserSrc\Mode.obj
                                  ffc03325  ffc033ee        ca
  _MDE_InitMode
                                  ffc03325         e   func ,g         1
  _MDE_SelectMode
                                  ffc03333        bc   func ,g         1
FILE=.\UserSrc\SciFifo.obj
                                  ffc033ef  ffc03417        29
  _SCF_Init
                                  ffc033ef         5   func ,g         1
  _SCF_WriteData
                                  ffc033f4        24   func ,g        25
FILE=.\UserSrc\Sensor.obj
                                  ffc03418  ffc04101       cea
  _SSR_Init
                                  ffc03418       243   func ,g         3
  _SSR_TaskStartSensorGate
                                  ffc0365b         4   func ,g         1
  _SSR_TaskStopSensorGate
                                  ffc0365f         4   func ,g         1
  _SSR_TaskGetAnalogSensor
                                  ffc03663         7   func ,g         2
  _SSR_TaskStartReadGyro
                                  ffc0366a         4   func ,g         1
  _SSR_TaskCalcSensor
                                  ffc0366e        c2   func ,g         1
  _SSR_TaskCalcFilter
                                  ffc03730       143   func ,g         1
  _SSR_TaskJudgeMarkerSensor
                                  ffc03873       198   func ,g         1
  _SSR_CalibSensor
                                  ffc03a0b       23d   func ,g         5
  _SSR_GetSensorData
                                  ffc03c48        22   func ,g         6
  _SSR_GetPotentioData
                                  ffc03c6a         f   func ,g         0
  _SSR_SetPotentioData
                                  ffc03c79         f   func ,g         1
  _SSR_GetGyroData
                                  ffc03c88         f   func ,g         0
  _SSR_SetGyroData
                                  ffc03c97         f   func ,g         0
  _SSR_GetMarkerState
                                  ffc03ca6        21   func ,g         8
  _SSR_GetCourceMarker
                                  ffc03cc7        4f   func ,g         7
  _SSR_PrintAllSensor
                                  ffc03d16        55   func ,g         2
  _st_SetSensorGateOn
                                  ffc03d6b         d   func ,l         1
  _st_SetSensorGateOff
                                  ffc03d78         d   func ,l         2
  _st_ReadLineSensor
                                  ffc03d85        68   func ,l         2
  _st_ReadOtherSensor
                                  ffc03ded        3c   func ,l         1
  _st_ReadDarkSensor
                                  ffc03e29         c   func ,l         1
  _st_ReadLightSensor
                                  ffc03e35         c   func ,l         1
  _st_CalcLineSensor
                                  ffc03e41        63   func ,l         1
  _st_CalcMarkerSensor
                                  ffc03ea4        3e   func ,l         2
  _st_RegistResetCourceMarker
                                  ffc03ee2        ec   func ,l         2
  _st_InitGyro
                                  ffc03fce        c7   func ,l         1
  _st_StartReadGyro
                                  ffc04095        11   func ,l         1
  _st_CommunicateGyro
                                  ffc040a6        45   func ,l         6
  _st_ParseGyro
                                  ffc040eb        17   func ,l         1
FILE=.\UserSrc\Switch.obj
                                  ffc04102  ffc043f4       2f3
  _SWT_Init
                                  ffc04102        a3   func ,g         6
  _SWT_CallCenter
                                  ffc041a5        13   func ,g         1
  _SWT_CallRight
                                  ffc041b8        16   func ,g         1
  _SWT_CallLeft
                                  ffc041ce        16   func ,g         1
  _SWT_CallUp
                                  ffc041e4        16   func ,g         1
  _SWT_CallDown
                                  ffc041fa        16   func ,g         1
  _SWT_ClearSwitchCount
                                  ffc04210        34   func ,g         0
  _SWT_GetSwitch
                                  ffc04244         c   func ,g         2
  _SWT_SetSwitch
                                  ffc04250        28   func ,g         0
  _SWT_GetCenterDecision
                                  ffc04278        40   func ,g        19
  _st_CalcRL
                                  ffc042b8        7c   func ,l         3
  _st_CalcUD
                                  ffc04334        7c   func ,l         3
  _st_CalcDecision
                                  ffc043b0        45   func ,l         2
FILE=.\UserSrc\TaskTimer.obj
                                  ffc043f5  ffc045ea       1f6
  _TSK_Init
                                  ffc043f5        2f   func ,g         1
  _TSK_Main
                                  ffc04424       15c   func ,g         1
  _TSK_Start
                                  ffc04580        11   func ,g        18
  _TSK_Stop
                                  ffc04591        11   func ,g         1
  _st_Task0
                                  ffc045a2         5   func ,l         1
  _st_Task1
                                  ffc045a7         5   func ,l         1
  _st_Task2
                                  ffc045ac         5   func ,l         1
  _st_Task3
                                  ffc045b1         5   func ,l         1
  _st_Task4
                                  ffc045b6         5   func ,l         1
  _st_Task5
                                  ffc045bb         5   func ,l         1
  _st_Task6
                                  ffc045c0         5   func ,l         1
  _st_Task7
                                  ffc045c5         5   func ,l         1
  _st_Task8
                                  ffc045ca         1   func ,l         1
  _st_Task9
                                  ffc045cb         5   func ,l         1
  _st_Task10_StartCalc
                                  ffc045d0         9   func ,l         1
  _st_Task10_StartComm
                                  ffc045d9         d   func ,l         1
  _st_Task11
                                  ffc045e6         5   func ,l         1
FILE=.\UserSrc\Test.obj
                                  ffc045eb  ffc04e5a       870
  _TST_TestMode
                                  ffc045eb       17b   func ,g         1
  _st_SciTest
                                  ffc04766        52   func ,l         1
  _st_IrqTest
                                  ffc047b8        70   func ,l         1
  _st_LedTest
                                  ffc04828        df   func ,l         1
  _st_PwmTest
                                  ffc04907        bc   func ,l         1
  _st_BuzzerTest
                                  ffc049c3        84   func ,l         1
  _st_IntBuzzerTest
                                  ffc04a47        94   func ,l         1
  _st_EncoderTest
                                  ffc04adb        5f   func ,l         1
  _st_SensorTest
                                  ffc04b3a        2e   func ,l         1
  _st_GyroTest
                                  ffc04b68        2a   func ,l         1
  _st_CalibSensorTest
                                  ffc04b92         5   func ,l         1
  _st_MarkerTest
                                  ffc04b97        8e   func ,l         1
  _st_StraightTest
                                  ffc04c25        a1   func ,l         1
  _st_RotationTest
                                  ffc04cc6        ac   func ,l         1
  _st_AssertTest
                                  ffc04d72        97   func ,l         1
  _st_LogTest
                                  ffc04e09        52   func ,l         1
FILE=.\UserSrc\Tracer.obj
                                  ffc04e5b  ffc06233      13d9
  _TRC_Init
                                  ffc04e5b        c8   func ,g         1
  _TRC_StartSearchMode
                                  ffc04f23       2f4   func ,g         1
  _TRC_StartDriveMode
                                  ffc05217       278   func ,g         1
  _TRC_StartDriveMode2
                                  ffc0548f       278   func ,g         1
  _TRC_RecordCourceTask
                                  ffc05707        79   func ,g         1
  _TRC_PlayCourceTask
                                  ffc05780       123   func ,g         1
  _st_StartRecordCource
                                  ffc058a3        51   func ,l         1
  _st_GetCourceMarker
                                  ffc058f4        42   func ,l         2
  _st_AnalyzeCource
                                  ffc05936       8af   func ,g         1
  _st_CalculateRadius
                                  ffc061e5        4f   func ,l         3
FILE=.\src\cg_src\r_cg_cgc.obj
                                  ffc06234  ffc062dc        a9
  _R_CGC_Create
                                  ffc06234        a9   func ,g         1
FILE=.\src\cg_src\r_cg_cmt.obj
                                  ffc062dd  ffc0639a        be
  _R_CMT0_Create
                                  ffc062dd        34   func ,g         1
  _R_CMT0_Start
                                  ffc06311        13   func ,g         1
  _R_CMT0_Stop
                                  ffc06324        16   func ,g         0
  _R_CMT1_Create
                                  ffc0633a        38   func ,g         1
  _R_CMT1_Start
                                  ffc06372        13   func ,g         5
  _R_CMT1_Stop
                                  ffc06385        16   func ,g         0
FILE=.\src\cg_src\r_cg_cmt_user.obj
                                  ffc0639b  ffc063c6        2c
  _r_cmt_cmi0_interrupt
                                  ffc0639b         e   func ,l         0
  _r_cmt_cmi1_interrupt
                                  ffc063a9        1e   func ,l         0
FILE=.\src\cg_src\r_cg_hardware_setup.obj
                                  ffc063c7  ffc0646d        a7
  _R_Systeminit
                                  ffc063c7        a3   func ,g         1
  _HardwareSetup
                                  ffc0646a         4   func ,g         1
FILE=.\src\cg_src\r_cg_icu.obj
                                  ffc0646e  ffc0662a       1bd
  _R_ICU_Create
                                  ffc0646e       16d   func ,g         1
  _R_ICU_IRQ5_Start
                                  ffc065db         8   func ,g         2
  _R_ICU_IRQ5_Stop
                                  ffc065e3         8   func ,g         1
  _R_ICU_IRQ6_Start
                                  ffc065eb         8   func ,g         2
  _R_ICU_IRQ6_Stop
                                  ffc065f3         8   func ,g         1
  _R_ICU_IRQ7_Start
                                  ffc065fb         8   func ,g         2
  _R_ICU_IRQ7_Stop
                                  ffc06603         8   func ,g         1
  _R_ICU_IRQ8_Start
                                  ffc0660b         8   func ,g         2
  _R_ICU_IRQ8_Stop
                                  ffc06613         8   func ,g         1
  _R_ICU_IRQ9_Start
                                  ffc0661b         8   func ,g         2
  _R_ICU_IRQ9_Stop
                                  ffc06623         8   func ,g         1
FILE=.\src\cg_src\r_cg_icu_user.obj
                                  ffc0662b  ffc06698        6e
  _r_icu_irq5_interrupt
                                  ffc0662b        16   func ,l         0
  _r_icu_irq6_interrupt
                                  ffc06641        16   func ,l         0
  _r_icu_irq7_interrupt
                                  ffc06657        16   func ,l         0
  _r_icu_irq8_interrupt
                                  ffc0666d        16   func ,l         0
  _r_icu_irq9_interrupt
                                  ffc06683        16   func ,l         0
FILE=.\src\cg_src\r_cg_main.obj
                                  ffc06699  ffc066c8        30
  _main
                                  ffc06699         f   func ,g         1
  _R_MAIN_UserInit
                                  ffc066a8        21   func ,l         1
FILE=.\src\cg_src\r_cg_mtu3.obj
                                  ffc066c9  ffc06ae6       41e
  _R_MTU3_Create
                                  ffc066c9       2a0   func ,g         1
  _R_MTU3_C0_Start
                                  ffc06969         8   func ,g         1
  _R_MTU3_C0_Stop
                                  ffc06971         8   func ,g         0
  _R_MTU3_C1_Start
                                  ffc06979         8   func ,g         1
  _R_MTU3_C1_Stop
                                  ffc06981         8   func ,g         0
  _R_MTU3_C2_Start
                                  ffc06989         8   func ,g         1
  _R_MTU3_C2_Stop
                                  ffc06991         8   func ,g         0
  _R_MTU3_C3_Start
                                  ffc06999         8   func ,g         1
  _R_MTU3_C3_Stop
                                  ffc069a1         8   func ,g         0
  _R_MTU3_C4_Start
                                  ffc069a9         8   func ,g         2
  _R_MTU3_C4_Stop
                                  ffc069b1         8   func ,g         0
  _R_MTU0_SetTGRA
                                  ffc069b9         d   func ,g         0
  _R_MTU0_GetTGRA
                                  ffc069c6        10   func ,g         0
  _R_MTU0_GetTGRB
                                  ffc069d6        10   func ,g         0
  _R_MTU0_SetTGRC
                                  ffc069e6         d   func ,g         2
  _R_MTU0_GetTGRC
                                  ffc069f3        10   func ,g         0
  _R_MTU0_GetTGRD
                                  ffc06a03        10   func ,g         1
  _R_MTU1_GetTcnt
                                  ffc06a13        10   func ,g         1
  _R_MTU2_GetTcnt
                                  ffc06a23        10   func ,g         1
  _R_MTU3_SetTGRA
                                  ffc06a33         d   func ,g         0
  _R_MTU3_GetTGRA
                                  ffc06a40        10   func ,g         0
  _R_MTU3_GetTGRB
                                  ffc06a50        10   func ,g         0
  _R_MTU3_SetTGRC
                                  ffc06a60         d   func ,g         2
  _R_MTU3_GetTGRC
                                  ffc06a6d        10   func ,g         0
  _R_MTU3_GetTGRD
                                  ffc06a7d        10   func ,g         1
  _R_MTU4_SetTGRA
                                  ffc06a8d         d   func ,g         2
  _R_MTU4_GetTGRA
                                  ffc06a9a        10   func ,g         0
  _R_MTU4_GetTGRB
                                  ffc06aaa        10   func ,g         1
  _R_MTU4_SetTGRC
                                  ffc06aba         d   func ,g         2
  _R_MTU4_GetTGRC
                                  ffc06ac7        10   func ,g         0
  _R_MTU4_GetTGRD
                                  ffc06ad7        10   func ,g         1
FILE=.\src\cg_src\r_cg_port.obj
                                  ffc06ae7  ffc06cee       208
  _R_PORT_Create
                                  ffc06ae7        7a   func ,g         1
  _R_PORT_SetP05
                                  ffc06b61        1c   func ,g         0
  _R_PORT_SetP07
                                  ffc06b7d        18   func ,g         0
  _R_PORT_SetP14
                                  ffc06b95        1c   func ,g         2
  _R_PORT_SetPB0
                                  ffc06bb1        19   func ,g         3
  _R_PORT_SetPB2
                                  ffc06bca        1b   func ,g         4
  _R_PORT_SetPB4
                                  ffc06be5        1c   func ,g         2
  _R_PORT_SetPC0
                                  ffc06c01        19   func ,g         4
  _R_PORT_SetPC1
                                  ffc06c1a        1b   func ,g         4
  _R_PORT_SetPC2
                                  ffc06c35        1b   func ,g         4
  _R_PORT_SetPC3
                                  ffc06c50        1b   func ,g         4
  _R_PORT_SetPD0
                                  ffc06c6b        19   func ,g         3
  _R_PORT_SetPD1
                                  ffc06c84        1b   func ,g         3
  _R_PORT_SetPE0
                                  ffc06c9f        19   func ,g         3
  _R_PORT_SetPE3
                                  ffc06cb8        1b   func ,g         3
  _R_PORT_SetPE4
                                  ffc06cd3        1c   func ,g         3
FILE=.\src\cg_src\r_cg_rspi.obj
                                  ffc06cef  ffc06ecd       1df
  _R_RSPI0_Create
                                  ffc06cef       107   func ,g         1
  _R_RSPI0_Start
                                  ffc06df6        40   func ,g         1
  _R_RSPI0_Stop
                                  ffc06e36        2c   func ,g         0
  _R_RSPI0_Send_Receive
                                  ffc06e62        6c   func ,g         1
FILE=.\src\cg_src\r_cg_rspi_user.obj
                                  ffc06ece  ffc07031       164
  _r_rspi0_transmit_interrupt
                                  ffc06ece        67   func ,l         0
  _r_rspi0_receive_interrupt
                                  ffc06f35        7f   func ,l         0
  _r_rspi0_error_interrupt
                                  ffc06fb4        63   func ,g         1
  _r_rspi0_idle_interrupt
                                  ffc07017        13   func ,g         1
  _r_rspi0_callback_transmitend
                                  ffc0702a         1   func ,l         1
  _r_rspi0_callback_receiveend
                                  ffc0702b         1   func ,l         1
  _r_rspi0_callback_error
                                  ffc0702c         6   func ,l         1
FILE=.\src\cg_src\r_cg_s12ad.obj
                                  ffc07032  ffc072a4       273
  _R_S12AD0_Create
                                  ffc07032       13e   func ,g         1
  _R_S12AD0_Start
                                  ffc07170         c   func ,g         2
  _R_S12AD0_Stop
                                  ffc0717c         e   func ,g         0
  _R_S12AD0_Get_ValueResult
                                  ffc0718a        e3   func ,g         6
  _R_S12AD0_Set_CompareValue
                                  ffc0726d        19   func ,g         0
  _R_S12AD0_WaitAdcEnd
                                  ffc07286        1f   func ,g         2
FILE=.\src\cg_src\r_cg_sbrk.obj
                                  ffc072a5  ffc072e1        3d
  _sbrk
                                  ffc072a5        3d   func ,g         1
FILE=.\src\cg_src\r_cg_sci.obj
                                  ffc072e2  ffc07499       1b8
  _R_SCI2_Create
                                  ffc072e2        99   func ,g         1
  _R_SCI2_Start
                                  ffc0737b        33   func ,g         1
  _R_SCI2_Stop
                                  ffc073ae        56   func ,g         0
  _R_SCI2_Serial_Receive
                                  ffc07404        48   func ,g         0
  _R_SCI2_Serial_Send
                                  ffc0744c        4e   func ,g         1
FILE=.\src\cg_src\r_cg_sci_user.obj
                                  ffc0749a  ffc07595        fc
  _r_sci2_transmit_interrupt
                                  ffc0749a        4d   func ,l         0
  _r_sci2_transmitend_interrupt
                                  ffc074e7        28   func ,g         1
  _r_sci2_receive_interrupt
                                  ffc0750f        60   func ,l         0
  _r_sci2_receiveerror_interrupt
                                  ffc0756f        25   func ,g         1
  _r_sci2_callback_transmitend
                                  ffc07594         1   func ,l         1
  _r_sci2_callback_receiveend
                                  ffc07595         1   func ,l         1
FILE=sinf
                                  ffc07596  ffc075d4        3f
  _sinl
                                  ffc07596         2   func ,g         0
  _sin
                                  ffc07598         2   func ,g         1
  _sinf
                                  ffc0759a        3b   func ,g         2
FILE=powf
                                  ffc075d5  ffc07601        2d
  _powl
                                  ffc075d5         2   func ,g         0
  _pow
                                  ffc075d7         2   func ,g         1
  _powf
                                  ffc075d9        29   func ,g         5
FILE=sprintf
                                  ffc07602  ffc07638        37
  _prout
                                  ffc07602         b   func ,l         1
  _sprintf
                                  ffc0760d        2c   func ,g        26
FILE=__initsct
                                  ffc07639  ffc07682        4a
  __INITSCT
                                  ffc07639         0   none ,g         1
  loop1
                                  ffc0764b         0   none ,l         1
  next_loop1
                                  ffc07659         0   none ,l         2
  loop3
                                  ffc0766b         0   none ,l         1
  next_loop3
                                  ffc0767c         0   none ,l         2
FILE=_in_pows
                                  ffc07683  ffc0778b       109
  __in_pows
                                  ffc07683       109   func ,g         1
FILE=sincosfsub
                                  ffc0778c  ffc07873        e8
  ___poly_sinf
                                  ffc0778c        31   func ,g         3
  ___poly_cosf
                                  ffc077bd        28   func ,g         2
  _poly_cosfn
                                  ffc077e5         7   func ,l         1
  _poly_sinfn
                                  ffc077ec         5   func ,l         1
  _sincosf_special
                                  ffc077f1        33   func ,l         1
  ___internal_sincosf
                                  ffc07824        50   func ,g         3
FILE=xprintf
                                  ffc07874  ffc07ad9       266
  __Printf
                                  ffc07874       266   func ,g         1
FILE=fmodf
                                  ffc07ada  ffc07b0b        32
  _fmodl
                                  ffc07ada         2   func ,g         0
  _fmod
                                  ffc07adc         2   func ,g         1
  _fmodf
                                  ffc07ade        2e   func ,g         2
FILE=_i_ldes
                                  ffc07b0c  ffc07b8a        7f
  __in_ldexps
                                  ffc07b0c        7f   func ,g         2
FILE=_in_exps
                                  ffc07b8b  ffc07c85        fb
  __in_exps
                                  ffc07b8b        fb   func ,g         2
FILE=_in_logs
                                  ffc07c86  ffc07d4c        c7
  __in_logs
                                  ffc07c86        c7   func ,g         2
FILE=nanfval
                                  ffc07d4d  ffc07d53         7
  ___nanf_value
                                  ffc07d4d         7   func ,g         1
FILE=xputfld
                                  ffc07d54  ffc081ea       497
  __Putfld
                                  ffc07d54       497   func ,g         1
FILE=xvacopy
                                  ffc081eb  ffc081f2         8
  __Vacopy
                                  ffc081eb         8   func ,g         2
FILE=xputtxt
                                  ffc081f3  ffc084d7       2e5
  __Puttxt
                                  ffc081f3       2e5   func ,g         3
FILE=strchr
                                  ffc084d8  ffc084ed        16
  _strchr
                                  ffc084d8        16   func ,g         2
FILE=xctype
                                  ffc084ee  ffc08503        16
  __Getpctype
                                  ffc084ee        16   func ,g         0
FILE=_i_fmds
                                  ffc08504  ffc085db        d8
  __in_fmods
                                  ffc08504        d8   func ,g         1
FILE=xldtob
                                  ffc085dc  ffc08a12       437
  __Ldtob
                                  ffc085dc       437   func ,g         1
FILE=xputstr
                                  ffc08a13  ffc08af2        e0
  __Putstr
                                  ffc08a13        e0   func ,g         1
FILE=xlitob
                                  ffc08af3  ffc08c0a       118
  __Litob
                                  ffc08af3       118   func ,g         1
FILE=xgenld
                                  ffc08c0b  ffc08eb8       2ae
  __Genld
                                  ffc08c0b       2ae   func ,g         1
FILE=xwctomb
                                  ffc08eb9  ffc09010       158
  __Wctombx
                                  ffc08eb9       112   func ,g         1
  __Wctomb
                                  ffc08fcb        46   func ,g         1
FILE=xstate
                                  ffc09011  ffc09042        32
  __Getmbcurmax
                                  ffc09011        16   func ,g         2
  __Getpmbstate
                                  ffc09027        1c   func ,g         0
FILE=xldscale
                                  ffc09043  ffc09046         4
  __LDscale
                                  ffc09043         4   func ,g         1
FILE=xldunsca
                                  ffc09047  ffc0904a         4
  __LDunscale
                                  ffc09047         4   func ,g         1
FILE=__COM_DIV64u
                                  ffc0904b  ffc090e3        99
  __COM_DIV64u
                                  ffc0904b         0   none ,g         2
  _Loop_Init
                                  ffc09055         0   none ,l         2
  _Loop
                                  ffc0905d         0   none ,l         1
  _DivStart
                                  ffc09069         0   none ,l         3
  _Success
                                  ffc09077         0   none ,l         1
  _DivEnd
                                  ffc09083         0   none ,l         0
  IXI6DIV
                                  ffc09088         0   none ,l         1
  IXI4DIV
                                  ffc0909a         0   none ,l         1
  IXI2DIV
                                  ffc090aa         0   none ,l         1
  I8I2DIV
                                  ffc090b2         0   none ,l         1
  I4I2DIV
                                  ffc090e0         0   none ,l         1
  _i8divU_End
                                  ffc090e3         0   none ,l         0
FILE=__COM_MOD64u
                                  ffc090e4  ffc0916a        87
  __COM_MOD64u
                                  ffc090e4         0   none ,g         1
  _Loop_Init
                                  ffc090ee         0   none ,l         2
  _Loop
                                  ffc090f2         0   none ,l         1
  _DivStart
                                  ffc090fe         0   none ,l         3
  _Success
                                  ffc0910c         0   none ,l         1
  _DivEnd
                                  ffc09114         0   none ,l         0
  IXI6DIV
                                  ffc09115         0   none ,l         1
  IXI4DIV
                                  ffc09127         0   none ,l         1
  IXI2DIV
                                  ffc09137         0   none ,l         1
  I8I2DIV
                                  ffc0913f         0   none ,l         1
  I4I2DIV
                                  ffc0915f         0   none ,l         1
FILE=_div
                                  ffc0916b  ffc09176         c
  _ldiv
                                  ffc0916b         0   none ,g         1
  _div
                                  ffc0916b         0   none ,g         1
FILE=free
                                  ffc09177  ffc091f9        83
  _free
                                  ffc09177        83   func ,g         2
FILE=malloc
                                  ffc091fa  ffc092d7        de
  _findmem
                                  ffc091fa        7b   func ,l         1
  _malloc
                                  ffc09275        63   func ,g         1
FILE=localeco
                                  ffc092d8  ffc092de         7
  _localeconv
                                  ffc092d8         7   func ,g         1
FILE=xwcstate
                                  ffc092df  ffc092fa        1c
  __Getpwcstate
                                  ffc092df        1c   func ,g         0
FILE=xfdscale
                                  ffc092fb  ffc0941b       121
  __FDscale
                                  ffc092fb       121   func ,g         1
FILE=xfdunsca
                                  ffc0941c  ffc09476        5b
  __FDunscale
                                  ffc0941c        5b   func ,g         1
FILE=xgetmem
                                  ffc09477  ffc09491        1b
  __Getmem
                                  ffc09477        1b   func ,g         1
FILE=xfdnorm
                                  ffc09492  ffc09510        7f
  __FDnorm
                                  ffc09492        7f   func ,g         2

SECTION=EXCEPTVECT
FILE=.\src\cg_src\r_cg_vecttbl.obj
                                  ffffff80  fffffffb        7c
  _Excpt_Vectors
                                  ffffff80        7c   data ,g         0

SECTION=RESETVECT
FILE=.\src\cg_src\r_cg_vecttbl.obj
                                  fffffffc  ffffffff         4
  _Reset_Vectors
                                  fffffffc         4   data ,g         0

*** Unfilled Areas ***

AREA                                START    END

*** Delete Symbols ***

SYMBOL                                SIZE    INFO
