Renesas Optimizing Linker (W2.04.00 )             27-Oct-2018 02:02:03

*** Options ***

-subcommand=LinkerSubCommand.tmp
-input="./UserSrc/Buzzer.obj"
-input="./UserSrc/ControlAngularVelocity.obj"
-input="./UserSrc/ControlSensorAngle.obj"
-input="./UserSrc/ControlVelocity.obj"
-input="./UserSrc/DriveAssert.obj"
-input="./UserSrc/FunctionTimer.obj"
-input="./UserSrc/Led.obj"
-input="./UserSrc/Log.obj"
-input="./UserSrc/Mode.obj"
-input="./UserSrc/SciFifo.obj"
-input="./UserSrc/Sensor.obj"
-input="./UserSrc/Switch.obj"
-input="./UserSrc/TaskTimer.obj"
-input="./UserSrc/Test.obj"
-input="./UserSrc/Tracer.obj"
-input="./src/cg_src/r_cg_cgc.obj"
-input="./src/cg_src/r_cg_cgc_user.obj"
-input="./src/cg_src/r_cg_cmt.obj"
-input="./src/cg_src/r_cg_cmt_user.obj"
-input="./src/cg_src/r_cg_dbsct.obj"
-input="./src/cg_src/r_cg_hardware_setup.obj"
-input="./src/cg_src/r_cg_icu.obj"
-input="./src/cg_src/r_cg_icu_user.obj"
-input="./src/cg_src/r_cg_intprg.obj"
-input="./src/cg_src/r_cg_main.obj"
-input="./src/cg_src/r_cg_mtu3.obj"
-input="./src/cg_src/r_cg_mtu3_user.obj"
-input="./src/cg_src/r_cg_port.obj"
-input="./src/cg_src/r_cg_port_user.obj"
-input="./src/cg_src/r_cg_resetprg.obj"
-input="./src/cg_src/r_cg_rspi.obj"
-input="./src/cg_src/r_cg_rspi_user.obj"
-input="./src/cg_src/r_cg_s12ad.obj"
-input="./src/cg_src/r_cg_s12ad_user.obj"
-input="./src/cg_src/r_cg_sbrk.obj"
-input="./src/cg_src/r_cg_sci.obj"
-input="./src/cg_src/r_cg_sci_user.obj"
-input="./src/cg_src/r_cg_vecttbl.obj"
-start=SU,SI,B_1,R_1,B_2,R_2,B,R/04,PResetPRG,C_1,C_2,C,C$*,D*,W*,L,PIntPRG,P/0FFC00000,EXCEPTVECT/0FFFFFF80,RESETVECT/0FFFFFFFC
-library=C:\Users\shuuichi\OneDrive\Robomech\ROBOTR~1\2018\program\VERDIR~1\HARDWA~2\VerdiRT17_RX64M.lib
-noprelink
-list=VerdiRT17_RX64M.map
-show
-nooptimize
-debug
-output=C:\Users\shuuichi\OneDrive\Robomech\Robotrace\2018\program\VerdiRT17_RX64M\HardwareDebug\VerdiRT17_RX64M.abs
-rom=D=R,D_1=R_1,D_2=R_2
-nocompress
-nomessage
-nologo

*** Error information ***

*** Mapping List ***

SECTION                            START      END         SIZE   ALIGN

SU
                                  00000004  00000303       300   4
SI
                                  00000304  00000803       500   4
B_1
                                  00000804  0000082d        2a   1
R_1
                                  0000082e  0000087e        51   1
B_2
                                  00000880  00000ce1       462   2
R_2
                                  00000ce2  00000ce2         0   1
B
                                  00000ce4  00000fef       30c   4
R
                                  00000ff0  00001273       284   4
$ADDR_C_120040
                                  00120040  00120043         4   1
$ADDR_C_120048
                                  00120048  0012004b         4   1
$ADDR_C_120050
                                  00120050  0012006f        20   1
PResetPRG
                                  ffc00000  ffc0003d        3e   1
C_1
                                  ffc0003e  ffc0010f        d2   1
C_2
                                  ffc00110  ffc00311       202   2
C
                                  ffc00314  ffc003c7        b4   4
C$DSEC
                                  ffc003c8  ffc003eb        24   4
C$BSEC
                                  ffc003ec  ffc00403        18   4
C$INIT
                                  ffc00404  ffc00404         0   1
C$VECT
                                  ffc00404  ffc00803       400   4
C$VTBL
                                  ffc00804  ffc00804         0   1
D
                                  ffc00804  ffc00a87       284   4
D_1
                                  ffc00a88  ffc00ad8        51   1
D_2
                                  ffc00ad9  ffc00ad9         0   1
W
                                  ffc00adc  ffc00adc         0   4
W_1
                                  ffc00adc  ffc00adc         0   1
W_2
                                  ffc00adc  ffc00b2d        52   2
L
                                  ffc00b30  ffc00ca4       175   4
PIntPRG
                                  ffc00ca5  ffc00d1c        78   1
P
                                  ffc00d1d  ffc06954      5c38   1
EXCEPTVECT
                                  ffffff80  fffffffb        7c   4
RESETVECT
                                  fffffffc  ffffffff         4   4

*** Symbol List ***

SECTION=
FILE=                               START        END    SIZE
  SYMBOL                            ADDR        SIZE    INFO      COUNTS  OPT

SECTION=SU
FILE=.\src\cg_src\r_cg_resetprg.obj
                                  00000004  00000303       300

SECTION=SI
FILE=.\src\cg_src\r_cg_resetprg.obj
                                  00000304  00000803       500

SECTION=B_1
FILE=.\UserSrc\Sensor.obj
                                  00000804  00000818        15
  _st_SendBuf
                                  00000804        14   data ,l         2
  _st_SensorCalibFlag
                                  00000818         1   data ,l         6
FILE=.\UserSrc\Test.obj
                                  00000819  0000082d        15
  _st_SendBuf
                                  00000819        14   data ,l        17
  _st_BufSize
                                  0000082d         1   data ,l        17

SECTION=R_1
FILE=xfiles
                                  0000082e  0000087d        50
  _ebuf
                                  0000082e        50   data ,l         5
FILE=xstate
                                  0000087e  0000087e         1
  __Mbcurmax
                                  0000087e         1   data ,g         1

SECTION=B_2
FILE=.\UserSrc\ControlAngularVelocity.obj
                                  00000880  0000088d         e
  _st_SensorData
                                  00000880         e   data ,l         2
FILE=.\UserSrc\ControlSensorAngle.obj
                                  0000088e  0000089b         e
  _st_SensorData
                                  0000088e         e   data ,l         3
FILE=.\UserSrc\DriveAssert.obj
                                  0000089c  000008a9         e
  _st_SensorData
                                  0000089c         e   data ,l         3
FILE=.\UserSrc\Sensor.obj
                                  000008aa  000008d5        2c
  _st_LineSensor
                                  000008aa        18   data ,l         c
  _st_InstantMax
                                  000008c2         8   data ,l        10
  _st_InstantMin
                                  000008ca         8   data ,l        14
  _st_SensorCalibMax
                                  000008d2         2   data ,l         9
  _st_SensorCalibMin
                                  000008d4         2   data ,l         9
FILE=.\src\cg_src\r_cg_rspi.obj
                                  000008d6  000008db         6
  _g_rspi0_tx_count
                                  000008d6         2   data ,g         3
  _g_rspi0_rx_count
                                  000008d8         2   data ,g         4
  _g_rspi0_rx_length
                                  000008da         2   data ,g         3
FILE=.\src\cg_src\r_cg_sbrk.obj
                                  000008dc  00000cdb       400
  _heap_area
                                  000008dc       400   data ,l         2
FILE=.\src\cg_src\r_cg_sci.obj
                                  00000cdc  00000ce1         6
  _g_sci2_tx_count
                                  00000cdc         2   data ,g         3
  _g_sci2_rx_count
                                  00000cde         2   data ,g         4
  _g_sci2_rx_length
                                  00000ce0         2   data ,g         3

SECTION=B
FILE=.\UserSrc\Buzzer.obj
                                  00000ce4  00000cef         c
  _st_BeepCount
                                  00000ce4         4   data ,l         5
  _st_TaskCounter
                                  00000ce8         4   data ,l         5
  _st_TaskInterval
                                  00000cec         4   data ,l         3
FILE=.\UserSrc\ControlAngularVelocity.obj
                                  00000cf0  00000d4b        5c
  _st_BodyOmega
                                  00000cf0         4   data ,l         4
  _st_BodyAngle
                                  00000cf4         4   data ,l         4
  _st_VirtualGeometry
                                  00000cf8         c   data ,l         9
  _st_Controller
                                  00000d04        48   data ,l        30
FILE=.\UserSrc\ControlSensorAngle.obj
                                  00000d4c  00000d9b        50
  _st_Theta
                                  00000d4c        4c   data ,l        1d
  _st_PotentioTheta
                                  00000d98         4   data ,l         3
FILE=.\UserSrc\ControlVelocity.obj
                                  00000d9c  00000e0b        70
  _st_Encoder
                                  00000d9c        28   data ,g        1d
  _st_Controller
                                  00000dc4        48   data ,l        31
FILE=.\UserSrc\DriveAssert.obj
                                  00000e0c  00000e17         c
  _st_AssertFlag
                                  00000e0c         4   data ,l         5
  _st_LineAssert
                                  00000e10         8   data ,l         6
FILE=.\UserSrc\FunctionTimer.obj
                                  00000e18  00000e57        40
  _st_BuzzerDuty
                                  00000e18         c   data ,l         9
  _st_RightMotorDuty
                                  00000e24        14   data ,l        11
  _st_LeftMotorDuty
                                  00000e38        14   data ,l        11
  _st_SensorMotorDuty
                                  00000e4c         c   data ,l         a
FILE=.\UserSrc\Mode.obj
                                  00000e58  00000e63         c
  _st_Swt
                                  00000e58         4   data ,l         2
  _st_ModeKind
                                  00000e5c         4   data ,l         5
  _st_Decision
                                  00000e60         4   data ,l         4
FILE=.\UserSrc\Sensor.obj
                                  00000e64  00000f63       100
  _st_SensorData
                                  00000e64        b0   data ,l        43
  _st_Tx
                                  00000f14         8   data ,l         5
  _st_Rx
                                  00000f1c         8   data ,l         5
  _st_LineCoefficient
                                  00000f24        10   data ,l         c
  _st_CourceMarker
                                  00000f34        30   data ,l        3f
FILE=.\UserSrc\Switch.obj
                                  00000f64  00000f9b        38
  _st_Swt
                                  00000f64        1c   data ,l        22
  _st_udMin
                                  00000f80         4   data ,l         4
  _st_udMax
                                  00000f84         4   data ,l         4
  _st_rlMin
                                  00000f88         4   data ,l         4
  _st_rlMax
                                  00000f8c         4   data ,l         4
  _st_Decision
                                  00000f90         c   data ,l         9
FILE=.\UserSrc\TaskTimer.obj
                                  00000f9c  00000fcf        34
  _st_TaskState
                                  00000f9c         4   data ,l         c
  _st_TaskSchedule
                                  00000fa0        30   data ,l        10
FILE=.\UserSrc\Test.obj
                                  00000fd0  00000fdb         c
  _st_Swt
                                  00000fd0         4   data ,l        12
  _st_ModeLevel
                                  00000fd4         4   data ,l         4
  _st_Decision
                                  00000fd8         4   data ,l        3b
FILE=.\src\cg_src\r_cg_rspi.obj
                                  00000fdc  00000fe3         8
  _gp_rspi0_tx_address
                                  00000fdc         4   data ,g         3
  _gp_rspi0_rx_address
                                  00000fe0         4   data ,g         3
FILE=.\src\cg_src\r_cg_sci.obj
                                  00000fe4  00000feb         8
  _gp_sci2_tx_address
                                  00000fe4         4   data ,g         3
  _gp_sci2_rx_address
                                  00000fe8         4   data ,g         3
FILE=_errno
                                  00000fec  00000fef         4
  __errno
                                  00000fec         4   data ,g         3

SECTION=R
FILE=.\src\cg_src\r_cg_sbrk.obj
                                  00000ff0  00000ff3         4
  _brk
                                  00000ff0         4   data ,l         3
FILE=sincosfsub
                                  00000ff4  0000102f        3c
  _sinf_coeff
                                  00000ff4        10   data ,l         1
  _cosf_coeff
                                  00001004        10   data ,l         1
  _pi4ptr_table
                                  00001014         c   data ,l         1
  _sub_table
                                  00001020        10   data ,l         1
FILE=xprintf
                                  00001030  00001033         4
  _stderr
                                  00001030         4   data ,g         0
FILE=xfiles
                                  00001034  0000110b        d8
  __Stdin
                                  00001034        48   data ,g         7
  __Stdout
                                  0000107c        48   data ,g         7
  __Stderr
                                  000010c4        48   data ,g         3
FILE=xctype
                                  0000110c  00001113         8
  __Ctype
                                  0000110c         4   data ,g         2
  __Tls_setup__Ctype
                                  00001110         4   data ,g         1
FILE=xstate
                                  00001114  0000115b        48
  __Tls_setup__Mbcurmax
                                  00001114         4   data ,g         1
  __Mbstate
                                  00001118        40   data ,g         2
  __Tls_setup__Mbstate
                                  00001158         4   data ,g         2
FILE=malloc
                                  0000115c  00001163         8
  __Aldata
                                  0000115c         8   data ,g         3
FILE=localeco
                                  00001164  000011b7        54
  __Locale
                                  00001164        50   data ,g         1
  __Tls_setup__Locale
                                  000011b4         4   data ,g         0
FILE=xwcstate
                                  000011b8  000011fb        44
  __Wcstate
                                  000011b8        40   data ,g         2
  __Tls_setup__Wcstate
                                  000011f8         4   data ,g         2
FILE=xfvalues
                                  000011fc  00001273        78
  __FDenorm
                                  000011fc        10   data ,g         0
  __FEps
                                  0000120c        10   data ,g         0
  __FHugeval
                                  0000121c        10   data ,g         0
  __FInf
                                  0000122c        10   data ,g         1
  __FNan
                                  0000123c        10   data ,g         0
  __FSnan
                                  0000124c        10   data ,g         0
  __FRteps
                                  0000125c        10   data ,g         0
  __FXbig
                                  0000126c         4   data ,g         0
  __FZero
                                  00001270         4   data ,g         0

SECTION=$ADDR_C_120040
FILE=.\src\cg_src\r_cg_vecttbl.obj
                                  00120040  00120043         4
  ___SPCCreg
                                  00120040         4   data ,g         0

SECTION=$ADDR_C_120048
FILE=.\src\cg_src\r_cg_vecttbl.obj
                                  00120048  0012004b         4
  ___TMEFreg
                                  00120048         4   data ,g         0

SECTION=$ADDR_C_120050
FILE=.\src\cg_src\r_cg_vecttbl.obj
                                  00120050  0012006f        20
  ___OSISreg
                                  00120050        10   data ,g         0
  ___TMINFreg
                                  00120060         4   data ,g         0
  ___MDEreg
                                  00120064         4   data ,g         0
  ___OFS0reg
                                  00120068         4   data ,g         0
  ___OFS1reg
                                  0012006c         4   data ,g         0

SECTION=PResetPRG
FILE=.\src\cg_src\r_cg_resetprg.obj
                                  ffc00000  ffc0003d        3e
  _PowerON_Reset_PC
                                  ffc00000        3e   entry,g         1

SECTION=C_1
FILE=xprintf
                                  ffc0003e  ffc00047         a
  _fchar$1
                                  ffc0003e         a   data ,l         1
FILE=xputtxt
                                  ffc00048  ffc000ec        a5
  _spaces
                                  ffc00048        21   data ,l         1
  _zeroes
                                  ffc00069        21   data ,l         1
  _asterisk
                                  ffc0008a        21   data ,l         1
  _plus
                                  ffc000ab        21   data ,l         1
  _minus
                                  ffc000cc        21   data ,l         1
FILE=xlitob
                                  ffc000ed  ffc0010e        22
  _ldigs
                                  ffc000ed        11   data ,l         1
  _udigs
                                  ffc000fe        11   data ,l         1
FILE=localeco
                                  ffc0010f  ffc0010f         1
  _null
                                  ffc0010f         1   data ,l         d

SECTION=C_2
FILE=xctype
                                  ffc00110  ffc00311       202
  _ctyp_tab
                                  ffc00110       202   data ,l         1

SECTION=C
FILE=.\src\cg_src\r_cg_dbsct.obj
                                  ffc00314  ffc00347        34
  __CTBL
                                  ffc00314        34   data ,g         0
FILE=xprintf
                                  ffc00348  ffc0035f        18
  _fbit$2
                                  ffc00348        18   data ,l         1
FILE=xldtob
                                  ffc00360  ffc00377        18
  _pows
                                  ffc00360        18   data ,l         1
FILE=floatval
                                  ffc00378  ffc0039f        28
  __FLT_MAX_VAL
                                  ffc00378         0   none ,g         1
  __FLT_MIN_VAL
                                  ffc0037c         0   none ,g         0
  __DBL_MAX_VAL
                                  ffc00380         0   none ,g         0
  __DBL_MIN_VAL
                                  ffc00388         0   none ,g         0
  __LDBL_MAX_VAL
                                  ffc00390         0   none ,g         0
  __LDBL_MIN_VAL
                                  ffc00398         0   none ,g         0
FILE=_const
                                  ffc003a0  ffc003c3        24
  __IFNAND
                                  ffc003a0         0   none ,g         0
  __IFINFD
                                  ffc003a8         0   none ,g         0
  __NIFINFD
                                  ffc003b0         0   none ,g         0
  __IFNANS
                                  ffc003b8         0   none ,g         1
  __IFINFS
                                  ffc003bc         0   none ,g         0
  __NIFINFS
                                  ffc003c0         0   none ,g         0
FILE=_sbrk_si
                                  ffc003c4  ffc003c7         4
  __sbrk_size
                                  ffc003c4         4   data ,g         1

SECTION=C$DSEC
FILE=.\src\cg_src\r_cg_dbsct.obj
                                  ffc003c8  ffc003eb        24
  __DTBL
                                  ffc003c8        24   data ,g         0

SECTION=C$BSEC
FILE=.\src\cg_src\r_cg_dbsct.obj
                                  ffc003ec  ffc00403        18
  __BTBL
                                  ffc003ec        18   data ,g         0

SECTION=C$VECT
FILE=.\src\cg_src\r_cg_dbsct.obj
                                  ffc00404  ffc00803       400

SECTION=D
FILE=.\src\cg_src\r_cg_sbrk.obj
                                  ffc00804  ffc00807         4
FILE=sincosfsub
                                  ffc00808  ffc00843        3c
FILE=xprintf
                                  ffc00844  ffc00847         4
FILE=xfiles
                                  ffc00848  ffc0091f        d8
FILE=xctype
                                  ffc00920  ffc00927         8
FILE=xstate
                                  ffc00928  ffc0096f        48
FILE=malloc
                                  ffc00970  ffc00977         8
FILE=localeco
                                  ffc00978  ffc009cb        54
FILE=xwcstate
                                  ffc009cc  ffc00a0f        44
FILE=xfvalues
                                  ffc00a10  ffc00a87        78

SECTION=D_1
FILE=xfiles
                                  ffc00a88  ffc00ad7        50
FILE=xstate
                                  ffc00ad8  ffc00ad8         1

SECTION=W_2
FILE=.\UserSrc\Led.obj
                                  ffc00adc  ffc00afb        20
FILE=.\UserSrc\TaskTimer.obj
                                  ffc00afc  ffc00b0f        14
FILE=.\UserSrc\Test.obj
                                  ffc00b10  ffc00b2d        1e

SECTION=L
FILE=.\UserSrc\Sensor.obj
                                  ffc00b30  ffc00b69        3a
FILE=.\UserSrc\Test.obj
                                  ffc00b6c  ffc00c67        fc
FILE=xprintf
                                  ffc00c68  ffc00c6e         7
FILE=xldtob
                                  ffc00c70  ffc00c91        22
FILE=xgenld
                                  ffc00c94  ffc00c95         2
FILE=localeco
                                  ffc00c98  ffc00ca4         d

SECTION=PIntPRG
FILE=.\src\cg_src\r_cg_intprg.obj
                                  ffc00ca5  ffc00d1c        78
  _r_undefined_exception
                                  ffc00ca5         2   func ,g         3
  _r_reserved_exception
                                  ffc00ca7         2   func ,g        1b
  _r_nmi_exception
                                  ffc00ca9         2   func ,g         1
  _r_brk_exception
                                  ffc00cab         2   func ,g         0
  _r_icu_group_be0_interrupt
                                  ffc00cad         2   func ,g         0
  _r_icu_group_bl0_interrupt
                                  ffc00caf        35   func ,g         0
  _r_icu_group_bl1_interrupt
                                  ffc00ce4         2   func ,g         0
  _r_icu_group_al0_interrupt
                                  ffc00ce6        35   func ,g         0
  _r_icu_group_al1_interrupt
                                  ffc00d1b         2   func ,g         0

SECTION=P
FILE=.\UserSrc\Buzzer.obj
                                  ffc00d1d  ffc00dca        ae
  _BZR_Init
                                  ffc00d1d        26   func ,g         1
  _BZR_BuzzerOn
                                  ffc00d43         b   func ,g         2
  _BZR_BuzzerOff
                                  ffc00d4e         7   func ,g         2
  _BZR_SetBeepCount
                                  ffc00d55        22   func ,g         9
  _BZR_BuzzerTask
                                  ffc00d77        54   func ,g         1
FILE=.\UserSrc\ControlAngularVelocity.obj
                                  ffc00dcb  ffc01146       37c
  _CAV_Init
                                  ffc00dcb        f8   func ,g         1
  _CAV_SetTargetUpAccel
                                  ffc00ec3         e   func ,g         1
  _CAV_SetTargetDownAccel
                                  ffc00ed1         e   func ,g         1
  _CAV_SetTarget
                                  ffc00edf        51   func ,g         3
  _CAV_ControlTask
                                  ffc00f30        13   func ,g         1
  _CAV_GetVelocity
                                  ffc00f43         e   func ,g         1
  _CAV_GetErrorNow
                                  ffc00f51         e   func ,g         1
  _CAV_GetAngle
                                  ffc00f5f         e   func ,g         0
  _CAV_GetRadius
                                  ffc00f6d         e   func ,g         1
  _CAV_ClearAngle
                                  ffc00f7b         a   func ,g         0
  _st_CalcTarget
                                  ffc00f85        74   func ,l         1
  _st_CalcGyro
                                  ffc00ff9        41   func ,l         1
  _st_UpdateTarget
                                  ffc0103a        3d   func ,l         1
  _st_CalcError
                                  ffc01077        b3   func ,l         1
  _st_CalcGain
                                  ffc0112a         1   func ,l         1
  _st_SetMotorDuty
                                  ffc0112b        1c   func ,l         1
FILE=.\UserSrc\ControlSensorAngle.obj
                                  ffc01147  ffc0131f       1d9
  _CSA_Init
                                  ffc01147        cb   func ,g         1
  _CSA_StartSensorMotor
                                  ffc01212         d   func ,g         2
  _CSA_StopSensorMotor
                                  ffc0121f         d   func ,g         0
  _CSA_StartSensorTask
                                  ffc0122c         b   func ,g         2
  _CSA_ControlSensorTask
                                  ffc01237        9f   func ,g         1
  _CSA_GetSensorTheta
                                  ffc012d6        24   func ,g         1
  _st_CalcSensorAngle
                                  ffc012fa        1c   func ,l         1
  _st_DriveSensorMotor
                                  ffc01316         a   func ,l         1
FILE=.\UserSrc\ControlVelocity.obj
                                  ffc01320  ffc01776       457
  _CVL_Init
                                  ffc01320       154   func ,g         3
  _CVL_StartDriveMotor
                                  ffc01474        22   func ,g         3
  _CVL_StopDriveMotor
                                  ffc01496         d   func ,g         1
  _CVL_SetTargetUpAccel
                                  ffc014a3         e   func ,g         1
  _CVL_SetTargetDownAccel
                                  ffc014b1         e   func ,g         1
  _CVL_SetTarget
                                  ffc014bf        51   func ,g         3
  _CVL_ControlTask
                                  ffc01510         d   func ,g         1
  _CVL_GetVelocity
                                  ffc0151d         e   func ,g         2
  _CVL_GetErrorNow
                                  ffc0152b         e   func ,g         1
  _CVL_GetDistance
                                  ffc01539         e   func ,g         6
  _st_CalcEncoder
                                  ffc01547       126   func ,l         1
  _st_UpdateTarget
                                  ffc0166d        3d   func ,l         1
  _st_CalcError
                                  ffc016aa        b4   func ,l         1
  _st_SetMotorDuty
                                  ffc0175e        19   func ,l         1
FILE=.\UserSrc\DriveAssert.obj
                                  ffc01777  ffc01831        bb
  _DAS_Init
                                  ffc01777        1c   func ,g         2
  _DAS_AssertTask
                                  ffc01793        30   func ,g         1
  _DAS_GetAssertFlag
                                  ffc017c3         e   func ,g         1
  _DAS_ClearAssertFlag
                                  ffc017d1        13   func ,g         1
  _st_LineSensorAssert
                                  ffc017e4        4e   func ,l         1
FILE=.\UserSrc\FunctionTimer.obj
                                  ffc01832  ffc01ce6       4b5
  _FTR_Init
                                  ffc01832        e9   func ,g         1
  _FTR_StartBuzzerTimer
                                  ffc0191b         5   func ,g         1
  _FTR_SetBuzzerDuty
                                  ffc01920        55   func ,g         2
  _FTR_StartRightEncoderTimer
                                  ffc01975         5   func ,g         2
  _FTR_GetRightEncoderCount
                                  ffc0197a         e   func ,g         2
  _FTR_StartLeftEncoderTimer
                                  ffc01988         5   func ,g         2
  _FTR_GetLeftEncoderCount
                                  ffc0198d         e   func ,g         2
  _FTR_StartRightMotorTimer
                                  ffc0199b         5   func ,g         2
  _FTR_SetTransitionRightMotorDuty
                                  ffc019a0        28   func ,g         3
  _FTR_SetAngularRightMotorDuty
                                  ffc019c8        26   func ,g         1
  _FTR_GetRightMotorDuty
                                  ffc019ee         e   func ,g         2
  _FTR_StartLeftMotorTimer
                                  ffc019fc         5   func ,g         2
  _FTR_SetTransitionLeftMotorDuty
                                  ffc01a01        28   func ,g         3
  _FTR_SetAngularLeftMotorDuty
                                  ffc01a29        26   func ,g         1
  _FTR_GetLeftMotorDuty
                                  ffc01a4f         e   func ,g         2
  _FTR_StartSensorMotorTimer
                                  ffc01a5d         5   func ,g         3
  _FTR_SetSensorMotorDuty
                                  ffc01a62        83   func ,g         2
  _FTR_GetSensorMotorDuty
                                  ffc01ae5         e   func ,g         0
  _st_SetLeftMotorDuty
                                  ffc01af3        76   func ,l         2
  _st_SetRightMotorDuty
                                  ffc01b69        76   func ,l         2
  _st_SetLeftDriveCw
                                  ffc01bdf        2c   func ,l         1
  _st_SetLeftDriveCcw
                                  ffc01c0b        2c   func ,l         1
  _st_SetRightDriveCw
                                  ffc01c37        2c   func ,l         1
  _st_SetRightDriveCcw
                                  ffc01c63        2c   func ,l         1
  _st_SetSensorDriveCw
                                  ffc01c8f        2c   func ,l         1
  _st_SetSensorDriveCcw
                                  ffc01cbb        2c   func ,l         1
FILE=.\UserSrc\Led.obj
                                  ffc01ce7  ffc01f28       242
  _LED_binaryOn
                                  ffc01ce7       181   func ,g         3
  _LED_AllOff
                                  ffc01e68        15   func ,g         1
  _LED_On
                                  ffc01e7d        56   func ,g        23
  _LED_Off
                                  ffc01ed3        56   func ,g        27
FILE=.\UserSrc\Log.obj
                                  ffc01f29  ffc01f29         1
  _LOG_Init
                                  ffc01f29         1   func ,g         0
FILE=.\UserSrc\Mode.obj
                                  ffc01f2a  ffc01fdc        b3
  _MDE_InitMode
                                  ffc01f2a         e   func ,g         1
  _MDE_SelectMode
                                  ffc01f38        a5   func ,g         1
FILE=.\UserSrc\SciFifo.obj
                                  ffc01fdd  ffc02005        29
  _SCF_Init
                                  ffc01fdd         5   func ,g         1
  _SCF_WriteData
                                  ffc01fe2        24   func ,g         c
FILE=.\UserSrc\Sensor.obj
                                  ffc02006  ffc02c8e       c89
  _SSR_Init
                                  ffc02006       243   func ,g         3
  _SSR_TaskStartSensorGate
                                  ffc02249         4   func ,g         1
  _SSR_TaskStopSensorGate
                                  ffc0224d         4   func ,g         1
  _SSR_TaskGetAnalogSensor
                                  ffc02251         7   func ,g         2
  _SSR_TaskStartReadGyro
                                  ffc02258         4   func ,g         2
  _SSR_TaskCalcSensor
                                  ffc0225c        c2   func ,g         2
  _SSR_TaskCalcFilter
                                  ffc0231e       143   func ,g         1
  _SSR_TaskJudgeMarkerSensor
                                  ffc02461       198   func ,g         1
  _SSR_CalibSensor
                                  ffc025f9       23d   func ,g         3
  _SSR_GetSensorData
                                  ffc02836        22   func ,g         3
  _SSR_GetPotentioData
                                  ffc02858         f   func ,g         0
  _SSR_SetPotentioData
                                  ffc02867         f   func ,g         1
  _SSR_GetGyroData
                                  ffc02876         f   func ,g         0
  _SSR_SetGyroData
                                  ffc02885         f   func ,g         0
  _SSR_GetMarkerState
                                  ffc02894        21   func ,g         2
  _SSR_GetCourceMarker
                                  ffc028b5        4f   func ,g         1
  _SSR_PrintAllSensor
                                  ffc02904        55   func ,g         2
  _st_SetSensorGateOn
                                  ffc02959         d   func ,l         1
  _st_SetSensorGateOff
                                  ffc02966         d   func ,l         2
  _st_ReadLineSensor
                                  ffc02973        68   func ,l         2
  _st_ReadOtherSensor
                                  ffc029db        3c   func ,l         1
  _st_ReadDarkSensor
                                  ffc02a17         c   func ,l         1
  _st_ReadLightSensor
                                  ffc02a23         c   func ,l         1
  _st_CalcLineSensor
                                  ffc02a2f        63   func ,l         1
  _st_CalcMarkerSensor
                                  ffc02a92        3e   func ,l         2
  _st_RegistResetCourceMarker
                                  ffc02ad0        eb   func ,l         2
  _st_InitGyro
                                  ffc02bbb        67   func ,l         1
  _st_StartReadGyro
                                  ffc02c22        11   func ,l         1
  _st_CommunicateGyro
                                  ffc02c33        45   func ,l         6
  _st_ParseGyro
                                  ffc02c78        17   func ,l         1
FILE=.\UserSrc\Switch.obj
                                  ffc02c8f  ffc02f52       2c4
  _SWT_Init
                                  ffc02c8f        a3   func ,g         6
  _SWT_CallCenter
                                  ffc02d32        13   func ,g         1
  _SWT_CallRight
                                  ffc02d45        16   func ,g         1
  _SWT_CallLeft
                                  ffc02d5b        16   func ,g         1
  _SWT_CallUp
                                  ffc02d71        16   func ,g         1
  _SWT_CallDown
                                  ffc02d87        16   func ,g         1
  _SWT_ClearSwitchCount
                                  ffc02d9d        34   func ,g         0
  _SWT_GetSwitch
                                  ffc02dd1         c   func ,g         2
  _SWT_SetSwitch
                                  ffc02ddd        28   func ,g         0
  _SWT_GetCenterDecision
                                  ffc02e05        11   func ,g        12
  _st_CalcRL
                                  ffc02e16        7c   func ,l         3
  _st_CalcUD
                                  ffc02e92        7c   func ,l         3
  _st_CalcDecision
                                  ffc02f0e        45   func ,l         1
FILE=.\UserSrc\TaskTimer.obj
                                  ffc02f53  ffc0313c       1ea
  _TSK_Init
                                  ffc02f53        2f   func ,g         1
  _TSK_Main
                                  ffc02f82       15c   func ,g         1
  _TSK_Start
                                  ffc030de        11   func ,g         b
  _TSK_Stop
                                  ffc030ef        11   func ,g         0
  _st_Task0
                                  ffc03100         5   func ,l         1
  _st_Task1
                                  ffc03105         5   func ,l         1
  _st_Task2
                                  ffc0310a         5   func ,l         1
  _st_Task3
                                  ffc0310f         5   func ,l         1
  _st_Task4
                                  ffc03114         5   func ,l         1
  _st_Task5
                                  ffc03119         5   func ,l         1
  _st_Task6
                                  ffc0311e         1   func ,l         1
  _st_Task7
                                  ffc0311f         1   func ,l         1
  _st_Task8
                                  ffc03120         1   func ,l         1
  _st_Task9
                                  ffc03121         1   func ,l         1
  _st_Task10_StartCalc
                                  ffc03122         9   func ,l         1
  _st_Task10_StartComm
                                  ffc0312b         d   func ,l         1
  _st_Task11
                                  ffc03138         5   func ,l         1
FILE=.\UserSrc\Test.obj
                                  ffc0313d  ffc039cb       88f
  _TST_TestMode
                                  ffc0313d       17b   func ,g         1
  _st_SciTest
                                  ffc032b8        52   func ,l         1
  _st_IrqTest
                                  ffc0330a        70   func ,l         1
  _st_LedTest
                                  ffc0337a        df   func ,l         1
  _st_PwmTest
                                  ffc03459        ba   func ,l         1
  _st_BuzzerTest
                                  ffc03513        84   func ,l         1
  _st_IntBuzzerTest
                                  ffc03597        94   func ,l         1
  _st_EncoderTest
                                  ffc0362b        5f   func ,l         1
  _st_SensorTest
                                  ffc0368a        2e   func ,l         1
  _st_GyroTest
                                  ffc036b8        4a   func ,l         1
  _st_CalibSensorTest
                                  ffc03702         5   func ,l         1
  _st_MarkerTest
                                  ffc03707        96   func ,l         1
  _st_StraightTest
                                  ffc0379d        94   func ,l         1
  _st_RotationTest
                                  ffc03831        b2   func ,l         1
  _st_AssertTest
                                  ffc038e3        97   func ,l         1
  _st_LogTest
                                  ffc0397a        52   func ,l         1
FILE=.\UserSrc\Tracer.obj
                                  ffc039cc  ffc039ee        23
  _TRC_Init
                                  ffc039cc         1   func ,g         1
  _TRC_StartSearchMode
                                  ffc039cd         e   func ,g         1
  _TRC_StartDriveMode
                                  ffc039db        14   func ,g         1
FILE=.\src\cg_src\r_cg_cgc.obj
                                  ffc039ef  ffc03a97        a9
  _R_CGC_Create
                                  ffc039ef        a9   func ,g         1
FILE=.\src\cg_src\r_cg_cmt.obj
                                  ffc03a98  ffc03b55        be
  _R_CMT0_Create
                                  ffc03a98        34   func ,g         1
  _R_CMT0_Start
                                  ffc03acc        13   func ,g         1
  _R_CMT0_Stop
                                  ffc03adf        16   func ,g         0
  _R_CMT1_Create
                                  ffc03af5        38   func ,g         1
  _R_CMT1_Start
                                  ffc03b2d        13   func ,g         5
  _R_CMT1_Stop
                                  ffc03b40        16   func ,g         0
FILE=.\src\cg_src\r_cg_cmt_user.obj
                                  ffc03b56  ffc03b81        2c
  _r_cmt_cmi0_interrupt
                                  ffc03b56         e   func ,l         0
  _r_cmt_cmi1_interrupt
                                  ffc03b64        1e   func ,l         0
FILE=.\src\cg_src\r_cg_hardware_setup.obj
                                  ffc03b82  ffc03c28        a7
  _R_Systeminit
                                  ffc03b82        a3   func ,g         1
  _HardwareSetup
                                  ffc03c25         4   func ,g         1
FILE=.\src\cg_src\r_cg_icu.obj
                                  ffc03c29  ffc03de5       1bd
  _R_ICU_Create
                                  ffc03c29       16d   func ,g         1
  _R_ICU_IRQ5_Start
                                  ffc03d96         8   func ,g         2
  _R_ICU_IRQ5_Stop
                                  ffc03d9e         8   func ,g         1
  _R_ICU_IRQ6_Start
                                  ffc03da6         8   func ,g         2
  _R_ICU_IRQ6_Stop
                                  ffc03dae         8   func ,g         1
  _R_ICU_IRQ7_Start
                                  ffc03db6         8   func ,g         2
  _R_ICU_IRQ7_Stop
                                  ffc03dbe         8   func ,g         1
  _R_ICU_IRQ8_Start
                                  ffc03dc6         8   func ,g         2
  _R_ICU_IRQ8_Stop
                                  ffc03dce         8   func ,g         1
  _R_ICU_IRQ9_Start
                                  ffc03dd6         8   func ,g         2
  _R_ICU_IRQ9_Stop
                                  ffc03dde         8   func ,g         1
FILE=.\src\cg_src\r_cg_icu_user.obj
                                  ffc03de6  ffc03e53        6e
  _r_icu_irq5_interrupt
                                  ffc03de6        16   func ,l         0
  _r_icu_irq6_interrupt
                                  ffc03dfc        16   func ,l         0
  _r_icu_irq7_interrupt
                                  ffc03e12        16   func ,l         0
  _r_icu_irq8_interrupt
                                  ffc03e28        16   func ,l         0
  _r_icu_irq9_interrupt
                                  ffc03e3e        16   func ,l         0
FILE=.\src\cg_src\r_cg_main.obj
                                  ffc03e54  ffc03e83        30
  _main
                                  ffc03e54         f   func ,g         1
  _R_MAIN_UserInit
                                  ffc03e63        21   func ,l         1
FILE=.\src\cg_src\r_cg_mtu3.obj
                                  ffc03e84  ffc042a1       41e
  _R_MTU3_Create
                                  ffc03e84       2a0   func ,g         1
  _R_MTU3_C0_Start
                                  ffc04124         8   func ,g         1
  _R_MTU3_C0_Stop
                                  ffc0412c         8   func ,g         0
  _R_MTU3_C1_Start
                                  ffc04134         8   func ,g         1
  _R_MTU3_C1_Stop
                                  ffc0413c         8   func ,g         0
  _R_MTU3_C2_Start
                                  ffc04144         8   func ,g         1
  _R_MTU3_C2_Stop
                                  ffc0414c         8   func ,g         0
  _R_MTU3_C3_Start
                                  ffc04154         8   func ,g         1
  _R_MTU3_C3_Stop
                                  ffc0415c         8   func ,g         0
  _R_MTU3_C4_Start
                                  ffc04164         8   func ,g         2
  _R_MTU3_C4_Stop
                                  ffc0416c         8   func ,g         0
  _R_MTU0_SetTGRA
                                  ffc04174         d   func ,g         0
  _R_MTU0_GetTGRA
                                  ffc04181        10   func ,g         0
  _R_MTU0_GetTGRB
                                  ffc04191        10   func ,g         0
  _R_MTU0_SetTGRC
                                  ffc041a1         d   func ,g         2
  _R_MTU0_GetTGRC
                                  ffc041ae        10   func ,g         0
  _R_MTU0_GetTGRD
                                  ffc041be        10   func ,g         1
  _R_MTU1_GetTcnt
                                  ffc041ce        10   func ,g         1
  _R_MTU2_GetTcnt
                                  ffc041de        10   func ,g         1
  _R_MTU3_SetTGRA
                                  ffc041ee         d   func ,g         0
  _R_MTU3_GetTGRA
                                  ffc041fb        10   func ,g         0
  _R_MTU3_GetTGRB
                                  ffc0420b        10   func ,g         0
  _R_MTU3_SetTGRC
                                  ffc0421b         d   func ,g         2
  _R_MTU3_GetTGRC
                                  ffc04228        10   func ,g         0
  _R_MTU3_GetTGRD
                                  ffc04238        10   func ,g         1
  _R_MTU4_SetTGRA
                                  ffc04248         d   func ,g         2
  _R_MTU4_GetTGRA
                                  ffc04255        10   func ,g         0
  _R_MTU4_GetTGRB
                                  ffc04265        10   func ,g         1
  _R_MTU4_SetTGRC
                                  ffc04275         d   func ,g         2
  _R_MTU4_GetTGRC
                                  ffc04282        10   func ,g         0
  _R_MTU4_GetTGRD
                                  ffc04292        10   func ,g         1
FILE=.\src\cg_src\r_cg_port.obj
                                  ffc042a2  ffc044a9       208
  _R_PORT_Create
                                  ffc042a2        7a   func ,g         1
  _R_PORT_SetP05
                                  ffc0431c        1c   func ,g         0
  _R_PORT_SetP07
                                  ffc04338        18   func ,g         0
  _R_PORT_SetP14
                                  ffc04350        1c   func ,g         2
  _R_PORT_SetPB0
                                  ffc0436c        19   func ,g         3
  _R_PORT_SetPB2
                                  ffc04385        1b   func ,g         2
  _R_PORT_SetPB4
                                  ffc043a0        1c   func ,g         2
  _R_PORT_SetPC0
                                  ffc043bc        19   func ,g         4
  _R_PORT_SetPC1
                                  ffc043d5        1b   func ,g         4
  _R_PORT_SetPC2
                                  ffc043f0        1b   func ,g         4
  _R_PORT_SetPC3
                                  ffc0440b        1b   func ,g         4
  _R_PORT_SetPD0
                                  ffc04426        19   func ,g         3
  _R_PORT_SetPD1
                                  ffc0443f        1b   func ,g         3
  _R_PORT_SetPE0
                                  ffc0445a        19   func ,g         3
  _R_PORT_SetPE3
                                  ffc04473        1b   func ,g         3
  _R_PORT_SetPE4
                                  ffc0448e        1c   func ,g         3
FILE=.\src\cg_src\r_cg_rspi.obj
                                  ffc044aa  ffc04688       1df
  _R_RSPI0_Create
                                  ffc044aa       107   func ,g         1
  _R_RSPI0_Start
                                  ffc045b1        40   func ,g         1
  _R_RSPI0_Stop
                                  ffc045f1        2c   func ,g         0
  _R_RSPI0_Send_Receive
                                  ffc0461d        6c   func ,g         1
FILE=.\src\cg_src\r_cg_rspi_user.obj
                                  ffc04689  ffc047ec       164
  _r_rspi0_transmit_interrupt
                                  ffc04689        67   func ,l         0
  _r_rspi0_receive_interrupt
                                  ffc046f0        7f   func ,l         0
  _r_rspi0_error_interrupt
                                  ffc0476f        63   func ,g         1
  _r_rspi0_idle_interrupt
                                  ffc047d2        13   func ,g         1
  _r_rspi0_callback_transmitend
                                  ffc047e5         1   func ,l         1
  _r_rspi0_callback_receiveend
                                  ffc047e6         1   func ,l         1
  _r_rspi0_callback_error
                                  ffc047e7         6   func ,l         1
FILE=.\src\cg_src\r_cg_s12ad.obj
                                  ffc047ed  ffc04a5f       273
  _R_S12AD0_Create
                                  ffc047ed       13e   func ,g         1
  _R_S12AD0_Start
                                  ffc0492b         c   func ,g         2
  _R_S12AD0_Stop
                                  ffc04937         e   func ,g         0
  _R_S12AD0_Get_ValueResult
                                  ffc04945        e3   func ,g         6
  _R_S12AD0_Set_CompareValue
                                  ffc04a28        19   func ,g         0
  _R_S12AD0_WaitAdcEnd
                                  ffc04a41        1f   func ,g         2
FILE=.\src\cg_src\r_cg_sbrk.obj
                                  ffc04a60  ffc04a9c        3d
  _sbrk
                                  ffc04a60        3d   func ,g         1
FILE=.\src\cg_src\r_cg_sci.obj
                                  ffc04a9d  ffc04c54       1b8
  _R_SCI2_Create
                                  ffc04a9d        99   func ,g         1
  _R_SCI2_Start
                                  ffc04b36        33   func ,g         1
  _R_SCI2_Stop
                                  ffc04b69        56   func ,g         0
  _R_SCI2_Serial_Receive
                                  ffc04bbf        48   func ,g         0
  _R_SCI2_Serial_Send
                                  ffc04c07        4e   func ,g         1
FILE=.\src\cg_src\r_cg_sci_user.obj
                                  ffc04c55  ffc04d50        fc
  _r_sci2_transmit_interrupt
                                  ffc04c55        4d   func ,l         0
  _r_sci2_transmitend_interrupt
                                  ffc04ca2        28   func ,g         1
  _r_sci2_receive_interrupt
                                  ffc04cca        60   func ,l         0
  _r_sci2_receiveerror_interrupt
                                  ffc04d2a        25   func ,g         1
  _r_sci2_callback_transmitend
                                  ffc04d4f         1   func ,l         1
  _r_sci2_callback_receiveend
                                  ffc04d50         1   func ,l         1
FILE=sinf
                                  ffc04d51  ffc04d8f        3f
  _sinl
                                  ffc04d51         2   func ,g         0
  _sin
                                  ffc04d53         2   func ,g         1
  _sinf
                                  ffc04d55        3b   func ,g         2
FILE=sprintf
                                  ffc04d90  ffc04dc6        37
  _prout
                                  ffc04d90         b   func ,l         1
  _sprintf
                                  ffc04d9b        2c   func ,g         d
FILE=__initsct
                                  ffc04dc7  ffc04e10        4a
  __INITSCT
                                  ffc04dc7         0   none ,g         1
  loop1
                                  ffc04dd9         0   none ,l         1
  next_loop1
                                  ffc04de7         0   none ,l         2
  loop3
                                  ffc04df9         0   none ,l         1
  next_loop3
                                  ffc04e0a         0   none ,l         2
FILE=sincosfsub
                                  ffc04e11  ffc04ef8        e8
  ___poly_sinf
                                  ffc04e11        31   func ,g         3
  ___poly_cosf
                                  ffc04e42        28   func ,g         2
  _poly_cosfn
                                  ffc04e6a         7   func ,l         1
  _poly_sinfn
                                  ffc04e71         5   func ,l         1
  _sincosf_special
                                  ffc04e76        33   func ,l         1
  ___internal_sincosf
                                  ffc04ea9        50   func ,g         3
FILE=xprintf
                                  ffc04ef9  ffc0515e       266
  __Printf
                                  ffc04ef9       266   func ,g         1
FILE=fmodf
                                  ffc0515f  ffc05190        32
  _fmodl
                                  ffc0515f         2   func ,g         0
  _fmod
                                  ffc05161         2   func ,g         1
  _fmodf
                                  ffc05163        2e   func ,g         2
FILE=nanfval
                                  ffc05191  ffc05197         7
  ___nanf_value
                                  ffc05191         7   func ,g         1
FILE=xputfld
                                  ffc05198  ffc0562e       497
  __Putfld
                                  ffc05198       497   func ,g         1
FILE=xvacopy
                                  ffc0562f  ffc05636         8
  __Vacopy
                                  ffc0562f         8   func ,g         2
FILE=xputtxt
                                  ffc05637  ffc0591b       2e5
  __Puttxt
                                  ffc05637       2e5   func ,g         3
FILE=strchr
                                  ffc0591c  ffc05931        16
  _strchr
                                  ffc0591c        16   func ,g         2
FILE=xctype
                                  ffc05932  ffc05947        16
  __Getpctype
                                  ffc05932        16   func ,g         0
FILE=_i_fmds
                                  ffc05948  ffc05a1f        d8
  __in_fmods
                                  ffc05948        d8   func ,g         1
FILE=xldtob
                                  ffc05a20  ffc05e56       437
  __Ldtob
                                  ffc05a20       437   func ,g         1
FILE=xputstr
                                  ffc05e57  ffc05f36        e0
  __Putstr
                                  ffc05e57        e0   func ,g         1
FILE=xlitob
                                  ffc05f37  ffc0604e       118
  __Litob
                                  ffc05f37       118   func ,g         1
FILE=xgenld
                                  ffc0604f  ffc062fc       2ae
  __Genld
                                  ffc0604f       2ae   func ,g         1
FILE=xwctomb
                                  ffc062fd  ffc06454       158
  __Wctombx
                                  ffc062fd       112   func ,g         1
  __Wctomb
                                  ffc0640f        46   func ,g         1
FILE=xstate
                                  ffc06455  ffc06486        32
  __Getmbcurmax
                                  ffc06455        16   func ,g         2
  __Getpmbstate
                                  ffc0646b        1c   func ,g         0
FILE=xldscale
                                  ffc06487  ffc0648a         4
  __LDscale
                                  ffc06487         4   func ,g         1
FILE=xldunsca
                                  ffc0648b  ffc0648e         4
  __LDunscale
                                  ffc0648b         4   func ,g         1
FILE=__COM_DIV64u
                                  ffc0648f  ffc06527        99
  __COM_DIV64u
                                  ffc0648f         0   none ,g         2
  _Loop_Init
                                  ffc06499         0   none ,l         2
  _Loop
                                  ffc064a1         0   none ,l         1
  _DivStart
                                  ffc064ad         0   none ,l         3
  _Success
                                  ffc064bb         0   none ,l         1
  _DivEnd
                                  ffc064c7         0   none ,l         0
  IXI6DIV
                                  ffc064cc         0   none ,l         1
  IXI4DIV
                                  ffc064de         0   none ,l         1
  IXI2DIV
                                  ffc064ee         0   none ,l         1
  I8I2DIV
                                  ffc064f6         0   none ,l         1
  I4I2DIV
                                  ffc06524         0   none ,l         1
  _i8divU_End
                                  ffc06527         0   none ,l         0
FILE=__COM_MOD64u
                                  ffc06528  ffc065ae        87
  __COM_MOD64u
                                  ffc06528         0   none ,g         1
  _Loop_Init
                                  ffc06532         0   none ,l         2
  _Loop
                                  ffc06536         0   none ,l         1
  _DivStart
                                  ffc06542         0   none ,l         3
  _Success
                                  ffc06550         0   none ,l         1
  _DivEnd
                                  ffc06558         0   none ,l         0
  IXI6DIV
                                  ffc06559         0   none ,l         1
  IXI4DIV
                                  ffc0656b         0   none ,l         1
  IXI2DIV
                                  ffc0657b         0   none ,l         1
  I8I2DIV
                                  ffc06583         0   none ,l         1
  I4I2DIV
                                  ffc065a3         0   none ,l         1
FILE=_div
                                  ffc065af  ffc065ba         c
  _ldiv
                                  ffc065af         0   none ,g         1
  _div
                                  ffc065af         0   none ,g         1
FILE=free
                                  ffc065bb  ffc0663d        83
  _free
                                  ffc065bb        83   func ,g         2
FILE=malloc
                                  ffc0663e  ffc0671b        de
  _findmem
                                  ffc0663e        7b   func ,l         1
  _malloc
                                  ffc066b9        63   func ,g         1
FILE=localeco
                                  ffc0671c  ffc06722         7
  _localeconv
                                  ffc0671c         7   func ,g         1
FILE=xwcstate
                                  ffc06723  ffc0673e        1c
  __Getpwcstate
                                  ffc06723        1c   func ,g         0
FILE=xfdscale
                                  ffc0673f  ffc0685f       121
  __FDscale
                                  ffc0673f       121   func ,g         1
FILE=xfdunsca
                                  ffc06860  ffc068ba        5b
  __FDunscale
                                  ffc06860        5b   func ,g         1
FILE=xgetmem
                                  ffc068bb  ffc068d5        1b
  __Getmem
                                  ffc068bb        1b   func ,g         1
FILE=xfdnorm
                                  ffc068d6  ffc06954        7f
  __FDnorm
                                  ffc068d6        7f   func ,g         2

SECTION=EXCEPTVECT
FILE=.\src\cg_src\r_cg_vecttbl.obj
                                  ffffff80  fffffffb        7c
  _Excpt_Vectors
                                  ffffff80        7c   data ,g         0

SECTION=RESETVECT
FILE=.\src\cg_src\r_cg_vecttbl.obj
                                  fffffffc  ffffffff         4
  _Reset_Vectors
                                  fffffffc         4   data ,g         0

*** Unfilled Areas ***

AREA                                START    END

*** Delete Symbols ***

SYMBOL                                SIZE    INFO
