Renesas Optimizing Linker (W2.04.00 )             29-Nov-2018 04:29:17

*** Options ***

-subcommand=LinkerSubCommand.tmp
-input="./UserSrc/Buzzer.obj"
-input="./UserSrc/ControlAngularVelocity.obj"
-input="./UserSrc/ControlSensorAngle.obj"
-input="./UserSrc/ControlVelocity.obj"
-input="./UserSrc/DriveAssert.obj"
-input="./UserSrc/FunctionTimer.obj"
-input="./UserSrc/Led.obj"
-input="./UserSrc/Log.obj"
-input="./UserSrc/Mode.obj"
-input="./UserSrc/SciFifo.obj"
-input="./UserSrc/Sensor.obj"
-input="./UserSrc/Switch.obj"
-input="./UserSrc/TaskTimer.obj"
-input="./UserSrc/Test.obj"
-input="./UserSrc/Tracer.obj"
-input="./src/cg_src/r_cg_cgc.obj"
-input="./src/cg_src/r_cg_cgc_user.obj"
-input="./src/cg_src/r_cg_cmt.obj"
-input="./src/cg_src/r_cg_cmt_user.obj"
-input="./src/cg_src/r_cg_dbsct.obj"
-input="./src/cg_src/r_cg_hardware_setup.obj"
-input="./src/cg_src/r_cg_icu.obj"
-input="./src/cg_src/r_cg_icu_user.obj"
-input="./src/cg_src/r_cg_intprg.obj"
-input="./src/cg_src/r_cg_main.obj"
-input="./src/cg_src/r_cg_mtu3.obj"
-input="./src/cg_src/r_cg_mtu3_user.obj"
-input="./src/cg_src/r_cg_port.obj"
-input="./src/cg_src/r_cg_port_user.obj"
-input="./src/cg_src/r_cg_resetprg.obj"
-input="./src/cg_src/r_cg_rspi.obj"
-input="./src/cg_src/r_cg_rspi_user.obj"
-input="./src/cg_src/r_cg_s12ad.obj"
-input="./src/cg_src/r_cg_s12ad_user.obj"
-input="./src/cg_src/r_cg_sbrk.obj"
-input="./src/cg_src/r_cg_sci.obj"
-input="./src/cg_src/r_cg_sci_user.obj"
-input="./src/cg_src/r_cg_vecttbl.obj"
-start=SU,SI,B_1,R_1,B_2,R_2,B,R/04,PResetPRG,C_1,C_2,C,C$*,D*,W*,L,PIntPRG,P/0FFC00000,EXCEPTVECT/0FFFFFF80,RESETVECT/0FFFFFFFC
-library=C:\Users\shuuichi\OneDrive\Robomech\ROBOTR~1\2018\program\VERDIR~1\HARDWA~2\VerdiRT17_RX64M.lib
-noprelink
-list=VerdiRT17_RX64M.map
-show
-nooptimize
-debug
-output=C:\Users\shuuichi\OneDrive\Robomech\Robotrace\2018\program\VerdiRT17_RX64M\HardwareDebug\VerdiRT17_RX64M.abs
-rom=D=R,D_1=R_1,D_2=R_2
-nocompress
-nomessage
-nologo

*** Error information ***

*** Mapping List ***

SECTION                            START      END         SIZE   ALIGN

SU
                                  00000004  00000303       300   4
SI
                                  00000304  00000803       500   4
B_1
                                  00000804  00000929       126   1
R_1
                                  0000092a  0000097a        51   1
B_2
                                  0000097c  00000deb       470   2
R_2
                                  00000dec  00000dec         0   1
B
                                  00000dec  00070f53     70168   4
R
                                  00070f54  000711d7       284   4
$ADDR_C_120040
                                  00120040  00120043         4   1
$ADDR_C_120048
                                  00120048  0012004b         4   1
$ADDR_C_120050
                                  00120050  0012006f        20   1
PResetPRG
                                  ffc00000  ffc0003d        3e   1
C_1
                                  ffc0003e  ffc0010f        d2   1
C_2
                                  ffc00110  ffc00311       202   2
C
                                  ffc00314  ffc00477       164   4
C$DSEC
                                  ffc00478  ffc0049b        24   4
C$BSEC
                                  ffc0049c  ffc004b3        18   4
C$INIT
                                  ffc004b4  ffc004b4         0   1
C$VECT
                                  ffc004b4  ffc008b3       400   4
C$VTBL
                                  ffc008b4  ffc008b4         0   1
D
                                  ffc008b4  ffc00b37       284   4
D_1
                                  ffc00b38  ffc00b88        51   1
D_2
                                  ffc00b89  ffc00b89         0   1
W
                                  ffc00b8c  ffc00b8c         0   4
W_1
                                  ffc00b8c  ffc00b8c         0   1
W_2
                                  ffc00b8c  ffc00bdd        52   2
L
                                  ffc00be0  ffc01234       655   4
PIntPRG
                                  ffc01235  ffc012ac        78   1
P
                                  ffc012ad  ffc0914c      7ea0   1
EXCEPTVECT
                                  ffffff80  fffffffb        7c   4
RESETVECT
                                  fffffffc  ffffffff         4   4

*** Symbol List ***

SECTION=
FILE=                               START        END    SIZE
  SYMBOL                            ADDR        SIZE    INFO      COUNTS  OPT

SECTION=SU
FILE=.\src\cg_src\r_cg_resetprg.obj
                                  00000004  00000303       300

SECTION=SI
FILE=.\src\cg_src\r_cg_resetprg.obj
                                  00000304  00000803       500

SECTION=B_1
FILE=.\UserSrc\Log.obj
                                  00000804  000008cc        c9
  _st_SendBuf
                                  00000804        c8   data ,l        1c
  _st_BufSize
                                  000008cc         1   data ,l        1c
FILE=.\UserSrc\Sensor.obj
                                  000008cd  000008e1        15
  _st_SendBuf
                                  000008cd        14   data ,l         2
  _st_SensorCalibFlag
                                  000008e1         1   data ,l         6
FILE=.\UserSrc\Test.obj
                                  000008e2  000008f6        15
  _st_SendBuf
                                  000008e2        14   data ,l        17
  _st_BufSize
                                  000008f6         1   data ,l        17
FILE=.\UserSrc\Tracer.obj
                                  000008f7  00000929        33
  _st_SendBuf
                                  000008f7        32   data ,l        12
  _st_BufSize
                                  00000929         1   data ,l        12

SECTION=R_1
FILE=xfiles
                                  0000092a  00000979        50
  _ebuf
                                  0000092a        50   data ,l         5
FILE=xstate
                                  0000097a  0000097a         1
  __Mbcurmax
                                  0000097a         1   data ,g         1

SECTION=B_2
FILE=.\UserSrc\ControlAngularVelocity.obj
                                  0000097c  00000989         e
  _st_SensorData
                                  0000097c         e   data ,l         2
FILE=.\UserSrc\ControlSensorAngle.obj
                                  0000098a  00000997         e
  _st_SensorData
                                  0000098a         e   data ,l         5
FILE=.\UserSrc\DriveAssert.obj
                                  00000998  000009a5         e
  _st_SensorData
                                  00000998         e   data ,l         3
FILE=.\UserSrc\Sensor.obj
                                  000009a6  000009d1        2c
  _st_LineSensor
                                  000009a6        18   data ,l         c
  _st_InstantMax
                                  000009be         8   data ,l        10
  _st_InstantMin
                                  000009c6         8   data ,l        14
  _st_SensorCalibMax
                                  000009ce         2   data ,l         9
  _st_SensorCalibMin
                                  000009d0         2   data ,l         9
FILE=.\UserSrc\Tracer.obj
                                  000009d2  000009df         e
  _st_SensorData
                                  000009d2         e   data ,l         3
FILE=.\src\cg_src\r_cg_rspi.obj
                                  000009e0  000009e5         6
  _g_rspi0_tx_count
                                  000009e0         2   data ,g         3
  _g_rspi0_rx_count
                                  000009e2         2   data ,g         4
  _g_rspi0_rx_length
                                  000009e4         2   data ,g         3
FILE=.\src\cg_src\r_cg_sbrk.obj
                                  000009e6  00000de5       400
  _heap_area
                                  000009e6       400   data ,l         2
FILE=.\src\cg_src\r_cg_sci.obj
                                  00000de6  00000deb         6
  _g_sci2_tx_count
                                  00000de6         2   data ,g         3
  _g_sci2_rx_count
                                  00000de8         2   data ,g         4
  _g_sci2_rx_length
                                  00000dea         2   data ,g         3

SECTION=B
FILE=.\UserSrc\Buzzer.obj
                                  00000dec  00000df7         c
  _st_BeepCount
                                  00000dec         4   data ,l         5
  _st_TaskCounter
                                  00000df0         4   data ,l         5
  _st_TaskInterval
                                  00000df4         4   data ,l         3
FILE=.\UserSrc\ControlAngularVelocity.obj
                                  00000df8  00000e97        a0
  _st_BodyOmega
                                  00000df8         4   data ,l         5
  _st_BodyAngle
                                  00000dfc         4   data ,l         5
  _st_VirtualGeometry
                                  00000e00        14   data ,l         e
  _st_Controller
                                  00000e14        48   data ,l        36
  _st_LogHeader
                                  00000e5c        14   data ,l         2
  _st_LogArray
                                  00000e70        28   data ,l         7
FILE=.\UserSrc\ControlSensorAngle.obj
                                  00000e98  00000f27        90
  _st_Theta
                                  00000e98        50   data ,l        29
  _st_PotentioTheta
                                  00000ee8         4   data ,l         3
  _st_LogHeader
                                  00000eec        14   data ,l         2
  _st_LogArray
                                  00000f00        28   data ,l         8
FILE=.\UserSrc\ControlVelocity.obj
                                  00000f28  00000fdb        b4
  _st_Encoder
                                  00000f28        30   data ,l        24
  _st_Controller
                                  00000f58        48   data ,l        38
  _st_LogHeader
                                  00000fa0        14   data ,l         2
  _st_LogArray
                                  00000fb4        28   data ,l         6
FILE=.\UserSrc\DriveAssert.obj
                                  00000fdc  00000fe7         c
  _st_AssertFlag
                                  00000fdc         4   data ,l         5
  _st_LineAssert
                                  00000fe0         8   data ,l         9
FILE=.\UserSrc\FunctionTimer.obj
                                  00000fe8  00001033        4c
  _st_BuzzerDuty
                                  00000fe8         c   data ,l         9
  _st_RightMotorDuty
                                  00000ff4        14   data ,l        15
  _st_LeftMotorDuty
                                  00001008        14   data ,l        15
  _st_SensorMotorDuty
                                  0000101c         c   data ,l         b
  _st_VelocityDutyArray
                                  00001028         8   data ,l         3
  _st_SensorDutyArray
                                  00001030         4   data ,l         2
FILE=.\UserSrc\Log.obj
                                  00001034  00070d87     6fd54
  _st_ControlLog
                                  00001034     305b0   data ,l        31
  _st_CourceLog
                                  000315e4     3f7a4   data ,l        16
FILE=.\UserSrc\Mode.obj
                                  00070d88  00070d93         c
  _st_Swt
                                  00070d88         4   data ,l         2
  _st_ModeKind
                                  00070d8c         4   data ,l         5
  _st_Decision
                                  00070d90         4   data ,l         5
FILE=.\UserSrc\Sensor.obj
                                  00070d94  00070e93       100
  _st_SensorData
                                  00070d94        b0   data ,l        43
  _st_Tx
                                  00070e44         8   data ,l         5
  _st_Rx
                                  00070e4c         8   data ,l         5
  _st_LineCoefficient
                                  00070e54        10   data ,l         c
  _st_CourceMarker
                                  00070e64        30   data ,l        3f
FILE=.\UserSrc\Switch.obj
                                  00070e94  00070ecb        38
  _st_Swt
                                  00070e94        1c   data ,l        22
  _st_udMin
                                  00070eb0         4   data ,l         4
  _st_udMax
                                  00070eb4         4   data ,l         4
  _st_rlMin
                                  00070eb8         4   data ,l         4
  _st_rlMax
                                  00070ebc         4   data ,l         4
  _st_Decision
                                  00070ec0         c   data ,l         a
FILE=.\UserSrc\TaskTimer.obj
                                  00070ecc  00070eff        34
  _st_TaskState
                                  00070ecc         4   data ,l         c
  _st_TaskSchedule
                                  00070ed0        30   data ,l        10
FILE=.\UserSrc\Test.obj
                                  00070f00  00070f0b         c
  _st_Swt
                                  00070f00         4   data ,l        12
  _st_ModeLevel
                                  00070f04         4   data ,l         4
  _st_Decision
                                  00070f08         4   data ,l        3a
FILE=.\UserSrc\Tracer.obj
                                  00070f0c  00070f3f        34
  _st_Decision
                                  00070f0c         4   data ,l         9
  _st_CourceLogStoreParam
                                  00070f10        1c   data ,l        13
  _st_CourceLog
                                  00070f2c         8   data ,l        29
  _st_CourceAnalysisParam
                                  00070f34         c   data ,l         9
FILE=.\src\cg_src\r_cg_rspi.obj
                                  00070f40  00070f47         8
  _gp_rspi0_tx_address
                                  00070f40         4   data ,g         3
  _gp_rspi0_rx_address
                                  00070f44         4   data ,g         3
FILE=.\src\cg_src\r_cg_sci.obj
                                  00070f48  00070f4f         8
  _gp_sci2_tx_address
                                  00070f48         4   data ,g         3
  _gp_sci2_rx_address
                                  00070f4c         4   data ,g         3
FILE=_errno
                                  00070f50  00070f53         4
  __errno
                                  00070f50         4   data ,g         4

SECTION=R
FILE=.\src\cg_src\r_cg_sbrk.obj
                                  00070f54  00070f57         4
  _brk
                                  00070f54         4   data ,l         3
FILE=sincosfsub
                                  00070f58  00070f93        3c
  _sinf_coeff
                                  00070f58        10   data ,l         1
  _cosf_coeff
                                  00070f68        10   data ,l         1
  _pi4ptr_table
                                  00070f78         c   data ,l         1
  _sub_table
                                  00070f84        10   data ,l         1
FILE=xprintf
                                  00070f94  00070f97         4
  _stderr
                                  00070f94         4   data ,g         0
FILE=xfiles
                                  00070f98  0007106f        d8
  __Stdin
                                  00070f98        48   data ,g         7
  __Stdout
                                  00070fe0        48   data ,g         7
  __Stderr
                                  00071028        48   data ,g         3
FILE=xctype
                                  00071070  00071077         8
  __Ctype
                                  00071070         4   data ,g         2
  __Tls_setup__Ctype
                                  00071074         4   data ,g         1
FILE=xstate
                                  00071078  000710bf        48
  __Tls_setup__Mbcurmax
                                  00071078         4   data ,g         1
  __Mbstate
                                  0007107c        40   data ,g         2
  __Tls_setup__Mbstate
                                  000710bc         4   data ,g         2
FILE=malloc
                                  000710c0  000710c7         8
  __Aldata
                                  000710c0         8   data ,g         3
FILE=localeco
                                  000710c8  0007111b        54
  __Locale
                                  000710c8        50   data ,g         1
  __Tls_setup__Locale
                                  00071118         4   data ,g         0
FILE=xwcstate
                                  0007111c  0007115f        44
  __Wcstate
                                  0007111c        40   data ,g         2
  __Tls_setup__Wcstate
                                  0007115c         4   data ,g         2
FILE=xfvalues
                                  00071160  000711d7        78
  __FDenorm
                                  00071160        10   data ,g         0
  __FEps
                                  00071170        10   data ,g         0
  __FHugeval
                                  00071180        10   data ,g         0
  __FInf
                                  00071190        10   data ,g         1
  __FNan
                                  000711a0        10   data ,g         0
  __FSnan
                                  000711b0        10   data ,g         0
  __FRteps
                                  000711c0        10   data ,g         0
  __FXbig
                                  000711d0         4   data ,g         0
  __FZero
                                  000711d4         4   data ,g         0

SECTION=$ADDR_C_120040
FILE=.\src\cg_src\r_cg_vecttbl.obj
                                  00120040  00120043         4
  ___SPCCreg
                                  00120040         4   data ,g         0

SECTION=$ADDR_C_120048
FILE=.\src\cg_src\r_cg_vecttbl.obj
                                  00120048  0012004b         4
  ___TMEFreg
                                  00120048         4   data ,g         0

SECTION=$ADDR_C_120050
FILE=.\src\cg_src\r_cg_vecttbl.obj
                                  00120050  0012006f        20
  ___OSISreg
                                  00120050        10   data ,g         0
  ___TMINFreg
                                  00120060         4   data ,g         0
  ___MDEreg
                                  00120064         4   data ,g         0
  ___OFS0reg
                                  00120068         4   data ,g         0
  ___OFS1reg
                                  0012006c         4   data ,g         0

SECTION=PResetPRG
FILE=.\src\cg_src\r_cg_resetprg.obj
                                  ffc00000  ffc0003d        3e
  _PowerON_Reset_PC
                                  ffc00000        3e   entry,g         1

SECTION=C_1
FILE=xprintf
                                  ffc0003e  ffc00047         a
  _fchar$1
                                  ffc0003e         a   data ,l         1
FILE=xputtxt
                                  ffc00048  ffc000ec        a5
  _spaces
                                  ffc00048        21   data ,l         1
  _zeroes
                                  ffc00069        21   data ,l         1
  _asterisk
                                  ffc0008a        21   data ,l         1
  _plus
                                  ffc000ab        21   data ,l         1
  _minus
                                  ffc000cc        21   data ,l         1
FILE=xlitob
                                  ffc000ed  ffc0010e        22
  _ldigs
                                  ffc000ed        11   data ,l         1
  _udigs
                                  ffc000fe        11   data ,l         1
FILE=localeco
                                  ffc0010f  ffc0010f         1
  _null
                                  ffc0010f         1   data ,l         d

SECTION=C_2
FILE=xctype
                                  ffc00110  ffc00311       202
  _ctyp_tab
                                  ffc00110       202   data ,l         1

SECTION=C
FILE=.\src\cg_src\r_cg_dbsct.obj
                                  ffc00314  ffc00347        34
  __CTBL
                                  ffc00314        34   data ,g         0
FILE=xprintf
                                  ffc00348  ffc0035f        18
  _fbit$2
                                  ffc00348        18   data ,l         1
FILE=_in_exps
                                  ffc00360  ffc00397        38
  _exp_lcoef$2
                                  ffc00360        1c   data ,l         1
  _exp_hcoef$1
                                  ffc0037c        1c   data ,l         1
FILE=_in_logs
                                  ffc00398  ffc003b7        20
  _log_coef$3
                                  ffc00398        20   data ,l         1
FILE=consts
                                  ffc003b8  ffc0040f        58
  __IFZEROS
                                  ffc003b8         4   data ,g         4
  __IFONES
                                  ffc003bc         4   data ,g         3
  __HALFS
                                  ffc003c0         4   data ,g         1
  __QUOTS
                                  ffc003c4         4   data ,g         0
  __TWOS
                                  ffc003c8         4   data ,g         0
  __FOURS
                                  ffc003cc         4   data ,g         0
  __PAIS
                                  ffc003d0         4   data ,g         0
  __2PAIS
                                  ffc003d4         4   data ,g         0
  __HLFPAIS
                                  ffc003d8         4   data ,g         0
  __QUOPAIS
                                  ffc003dc         4   data ,g         0
  __LOGE2S
                                  ffc003e0         4   data ,g         2
  __NIFZEROS
                                  ffc003e4         4   data ,g         1
  __NIFONES
                                  ffc003e8         4   data ,g         1
  __NHALFS
                                  ffc003ec         4   data ,g         0
  __NQUOTS
                                  ffc003f0         4   data ,g         0
  __NTWOS
                                  ffc003f4         4   data ,g         0
  __NFOURS
                                  ffc003f8         4   data ,g         0
  __NPAIS
                                  ffc003fc         4   data ,g         0
  __N2PAIS
                                  ffc00400         4   data ,g         0
  __NHLFPAIS
                                  ffc00404         4   data ,g         0
  __NQUOPAIS
                                  ffc00408         4   data ,g         0
  __NLOGE2S
                                  ffc0040c         4   data ,g         0
FILE=_const
                                  ffc00410  ffc00433        24
  __IFNAND
                                  ffc00410         0   none ,g         0
  __IFINFD
                                  ffc00418         0   none ,g         0
  __NIFINFD
                                  ffc00420         0   none ,g         0
  __IFNANS
                                  ffc00428         0   none ,g         5
  __IFINFS
                                  ffc0042c         0   none ,g         3
  __NIFINFS
                                  ffc00430         0   none ,g         2
FILE=xldtob
                                  ffc00434  ffc0044b        18
  _pows
                                  ffc00434        18   data ,l         1
FILE=floatval
                                  ffc0044c  ffc00473        28
  __FLT_MAX_VAL
                                  ffc0044c         0   none ,g         1
  __FLT_MIN_VAL
                                  ffc00450         0   none ,g         0
  __DBL_MAX_VAL
                                  ffc00454         0   none ,g         0
  __DBL_MIN_VAL
                                  ffc0045c         0   none ,g         0
  __LDBL_MAX_VAL
                                  ffc00464         0   none ,g         0
  __LDBL_MIN_VAL
                                  ffc0046c         0   none ,g         0
FILE=_sbrk_si
                                  ffc00474  ffc00477         4
  __sbrk_size
                                  ffc00474         4   data ,g         1

SECTION=C$DSEC
FILE=.\src\cg_src\r_cg_dbsct.obj
                                  ffc00478  ffc0049b        24
  __DTBL
                                  ffc00478        24   data ,g         0

SECTION=C$BSEC
FILE=.\src\cg_src\r_cg_dbsct.obj
                                  ffc0049c  ffc004b3        18
  __BTBL
                                  ffc0049c        18   data ,g         0

SECTION=C$VECT
FILE=.\src\cg_src\r_cg_dbsct.obj
                                  ffc004b4  ffc008b3       400

SECTION=D
FILE=.\src\cg_src\r_cg_sbrk.obj
                                  ffc008b4  ffc008b7         4
FILE=sincosfsub
                                  ffc008b8  ffc008f3        3c
FILE=xprintf
                                  ffc008f4  ffc008f7         4
FILE=xfiles
                                  ffc008f8  ffc009cf        d8
FILE=xctype
                                  ffc009d0  ffc009d7         8
FILE=xstate
                                  ffc009d8  ffc00a1f        48
FILE=malloc
                                  ffc00a20  ffc00a27         8
FILE=localeco
                                  ffc00a28  ffc00a7b        54
FILE=xwcstate
                                  ffc00a7c  ffc00abf        44
FILE=xfvalues
                                  ffc00ac0  ffc00b37        78

SECTION=D_1
FILE=xfiles
                                  ffc00b38  ffc00b87        50
FILE=xstate
                                  ffc00b88  ffc00b88         1

SECTION=W_2
FILE=.\UserSrc\Led.obj
                                  ffc00b8c  ffc00bab        20
FILE=.\UserSrc\TaskTimer.obj
                                  ffc00bac  ffc00bbf        14
FILE=.\UserSrc\Test.obj
                                  ffc00bc0  ffc00bdd        1e

SECTION=L
FILE=.\UserSrc\Log.obj
                                  ffc00be0  ffc0101f       440
FILE=.\UserSrc\Sensor.obj
                                  ffc01020  ffc01059        3a
FILE=.\UserSrc\Test.obj
                                  ffc0105c  ffc01161       106
FILE=.\UserSrc\Tracer.obj
                                  ffc01164  ffc011f5        92
FILE=xprintf
                                  ffc011f8  ffc011fe         7
FILE=xldtob
                                  ffc01200  ffc01221        22
FILE=xgenld
                                  ffc01224  ffc01225         2
FILE=localeco
                                  ffc01228  ffc01234         d

SECTION=PIntPRG
FILE=.\src\cg_src\r_cg_intprg.obj
                                  ffc01235  ffc012ac        78
  _r_undefined_exception
                                  ffc01235         2   func ,g         3
  _r_reserved_exception
                                  ffc01237         2   func ,g        1b
  _r_nmi_exception
                                  ffc01239         2   func ,g         1
  _r_brk_exception
                                  ffc0123b         2   func ,g         0
  _r_icu_group_be0_interrupt
                                  ffc0123d         2   func ,g         0
  _r_icu_group_bl0_interrupt
                                  ffc0123f        35   func ,g         0
  _r_icu_group_bl1_interrupt
                                  ffc01274         2   func ,g         0
  _r_icu_group_al0_interrupt
                                  ffc01276        35   func ,g         0
  _r_icu_group_al1_interrupt
                                  ffc012ab         2   func ,g         0

SECTION=P
FILE=.\UserSrc\Buzzer.obj
                                  ffc012ad  ffc0135a        ae
  _BZR_Init
                                  ffc012ad        26   func ,g         1
  _BZR_BuzzerOn
                                  ffc012d3         b   func ,g         2
  _BZR_BuzzerOff
                                  ffc012de         7   func ,g         2
  _BZR_SetBeepCount
                                  ffc012e5        22   func ,g        15
  _BZR_BuzzerTask
                                  ffc01307        54   func ,g         1
FILE=.\UserSrc\ControlAngularVelocity.obj
                                  ffc0135b  ffc01801       4a7
  _CAV_Init
                                  ffc0135b       116   func ,g         4
  _CAV_StartDriveMotor
                                  ffc01471        22   func ,g         3
  _CAV_StopDriveMotor
                                  ffc01493         d   func ,g         0
  _CAV_SetTargetUpAccel
                                  ffc014a0         e   func ,g         1
  _CAV_SetTargetDownAccel
                                  ffc014ae         e   func ,g         1
  _CAV_SetTarget
                                  ffc014bc        51   func ,g         2
  _CAV_ControlTask
                                  ffc0150d        10   func ,g         1
  _CAV_GetTarget
                                  ffc0151d         e   func ,g         3
  _CAV_GetVelocity
                                  ffc0152b         e   func ,g         5
  _CAV_GetErrorNow
                                  ffc01539         e   func ,g         4
  _CAV_GetAngle
                                  ffc01547         e   func ,g         0
  _CAV_GetRadius
                                  ffc01555         e   func ,g         1
  _CAV_GetVirtualThetaDeg
                                  ffc01563         e   func ,g         9
  _CAV_ClearAngle
                                  ffc01571         a   func ,g         0
  _CAV_GetLogHeader
                                  ffc0157b        2b   func ,g         1
  _CAV_GetLogArray
                                  ffc015a6        90   func ,g         1
  _st_CalcTarget
                                  ffc01636        82   func ,l         1
  _st_CalcGyro
                                  ffc016b8        3e   func ,l         1
  _st_UpdateTarget
                                  ffc016f6        3d   func ,l         1
  _st_CalcError
                                  ffc01733        b3   func ,l         1
  _st_SetMotorDuty
                                  ffc017e6        1c   func ,l         1
FILE=.\UserSrc\ControlSensorAngle.obj
                                  ffc01802  ffc01aed       2ec
  _CSA_Init
                                  ffc01802        cd   func ,g         1
  _CSA_StartSensorMotor
                                  ffc018cf         d   func ,g         3
  _CSA_StopSensorMotor
                                  ffc018dc         d   func ,g         3
  _CSA_StartSensorTask
                                  ffc018e9         b   func ,g         4
  _CSA_ControlSensorTask
                                  ffc018f4        f4   func ,g         1
  _CSA_GetSensorTheta
                                  ffc019e8        1b   func ,g         3
  _CSA_GetLogHeader
                                  ffc01a03        2b   func ,g         1
  _CSA_GetLogArray
                                  ffc01a2e        8d   func ,g         1
  _st_CalcSensorAngle
                                  ffc01abb        25   func ,l         1
  _st_DriveSensorMotor
                                  ffc01ae0         e   func ,l         1
FILE=.\UserSrc\ControlVelocity.obj
                                  ffc01aee  ffc0204b       55e
  _CVL_Init
                                  ffc01aee       16a   func ,g         6
  _CVL_StartDriveMotor
                                  ffc01c58        22   func ,g         6
  _CVL_StopDriveMotor
                                  ffc01c7a         d   func ,g         4
  _CVL_SetTargetUpAccel
                                  ffc01c87         e   func ,g         1
  _CVL_SetTargetDownAccel
                                  ffc01c95         e   func ,g         1
  _CVL_SetTarget
                                  ffc01ca3        51   func ,g        15
  _CVL_ControlTask
                                  ffc01cf4         d   func ,g         1
  _CVL_GetTarget
                                  ffc01d01         e   func ,g         5
  _CVL_GetVelocity
                                  ffc01d0f         e   func ,g         7
  _CVL_GetErrorNow
                                  ffc01d1d         e   func ,g         4
  _CVL_GetDistance
                                  ffc01d2b         e   func ,g         8
  _CVL_GetEncoderDiff
                                  ffc01d39         e   func ,g         1
  _CVL_GetUpAccel
                                  ffc01d47         e   func ,g         1
  _CVL_GetDownAccel
                                  ffc01d55         e   func ,g         1
  _CVL_GetLogHeader
                                  ffc01d63        2b   func ,g         1
  _CVL_GetLogArray
                                  ffc01d8e        68   func ,g         1
  _st_CalcEncoder
                                  ffc01df6       14c   func ,l         1
  _st_UpdateTarget
                                  ffc01f42        3d   func ,l         1
  _st_CalcError
                                  ffc01f7f        b4   func ,l         1
  _st_SetMotorDuty
                                  ffc02033        19   func ,l         1
FILE=.\UserSrc\DriveAssert.obj
                                  ffc0204c  ffc02129        de
  _DAS_Init
                                  ffc0204c        1c   func ,g         5
  _DAS_AssertTask
                                  ffc02068        30   func ,g         1
  _DAS_GetAssertFlag
                                  ffc02098         e   func ,g         1
  _DAS_ClearAssertFlag
                                  ffc020a6        13   func ,g         1
  _st_LineSensorAssert
                                  ffc020b9        71   func ,l         1
FILE=.\UserSrc\FunctionTimer.obj
                                  ffc0212a  ffc026f1       5c8
  _FTR_Init
                                  ffc0212a        e9   func ,g         1
  _FTR_StartBuzzerTimer
                                  ffc02213         5   func ,g         1
  _FTR_SetBuzzerDuty
                                  ffc02218        55   func ,g         2
  _FTR_StartRightEncoderTimer
                                  ffc0226d         5   func ,g         2
  _FTR_GetRightEncoderCount
                                  ffc02272         e   func ,g         2
  _FTR_StartLeftEncoderTimer
                                  ffc02280         5   func ,g         2
  _FTR_GetLeftEncoderCount
                                  ffc02285         e   func ,g         2
  _FTR_StartRightMotorTimer
                                  ffc02293        20   func ,g         2
  _FTR_SetTransitionRightMotorDuty
                                  ffc022b3        4a   func ,g         4
  _FTR_SetAngularRightMotorDuty
                                  ffc022fd        48   func ,g         1
  _FTR_GetRightMotorDuty
                                  ffc02345         e   func ,g         5
  _FTR_StartLeftMotorTimer
                                  ffc02353        20   func ,g         2
  _FTR_SetTransitionLeftMotorDuty
                                  ffc02373        4a   func ,g         4
  _FTR_SetAngularLeftMotorDuty
                                  ffc023bd        48   func ,g         1
  _FTR_GetLeftMotorDuty
                                  ffc02405         e   func ,g         5
  _FTR_StartSensorMotorTimer
                                  ffc02413         5   func ,g         2
  _FTR_SetSensorMotorDuty
                                  ffc02418        90   func ,g         2
  _FTR_GetSensorMotorDuty
                                  ffc024a8         e   func ,g         0
  _FTR_GetVelocityLogDutyArray
                                  ffc024b6        2c   func ,g         1
  _FTR_GetSensorLogDutyArray
                                  ffc024e2        1c   func ,g         1
  _st_SetLeftMotorDuty
                                  ffc024fe        76   func ,l         2
  _st_SetRightMotorDuty
                                  ffc02574        76   func ,l         2
  _st_SetLeftDriveCw
                                  ffc025ea        2c   func ,l         1
  _st_SetLeftDriveCcw
                                  ffc02616        2c   func ,l         1
  _st_SetRightDriveCw
                                  ffc02642        2c   func ,l         1
  _st_SetRightDriveCcw
                                  ffc0266e        2c   func ,l         1
  _st_SetSensorDriveCw
                                  ffc0269a        2c   func ,l         1
  _st_SetSensorDriveCcw
                                  ffc026c6        2c   func ,l         1
FILE=.\UserSrc\Led.obj
                                  ffc026f2  ffc02933       242
  _LED_binaryOn
                                  ffc026f2       181   func ,g         3
  _LED_AllOff
                                  ffc02873        15   func ,g         1
  _LED_On
                                  ffc02888        56   func ,g        21
  _LED_Off
                                  ffc028de        56   func ,g        25
FILE=.\UserSrc\Log.obj
                                  ffc02934  ffc0330c       9d9
  _LOG_Init
                                  ffc02934         7   func ,g         1
  _LOG_InitControl
                                  ffc0293b       29f   func ,g         1
  _LOG_InitCource
                                  ffc02bda        c6   func ,g         1
  _LOG_RecordControl
                                  ffc02ca0       13b   func ,g         1
  _LOG_RecordCource
                                  ffc02ddb        9e   func ,g         2
  _LOG_PrintControlRecord
                                  ffc02e79       3b0   func ,g         1
  _LOG_PrintCourceRecord
                                  ffc03229        c8   func ,g         1
  _LOG_GetCourceRecordIndex
                                  ffc032f1        10   func ,g         1
  _LOG_GetCourceRecord
                                  ffc03301         c   func ,g         1
FILE=.\UserSrc\Mode.obj
                                  ffc0330d  ffc033d6        ca
  _MDE_InitMode
                                  ffc0330d         e   func ,g         1
  _MDE_SelectMode
                                  ffc0331b        bc   func ,g         1
FILE=.\UserSrc\SciFifo.obj
                                  ffc033d7  ffc033ff        29
  _SCF_Init
                                  ffc033d7         5   func ,g         1
  _SCF_WriteData
                                  ffc033dc        24   func ,g        23
FILE=.\UserSrc\Sensor.obj
                                  ffc03400  ffc040e9       cea
  _SSR_Init
                                  ffc03400       243   func ,g         3
  _SSR_TaskStartSensorGate
                                  ffc03643         4   func ,g         1
  _SSR_TaskStopSensorGate
                                  ffc03647         4   func ,g         1
  _SSR_TaskGetAnalogSensor
                                  ffc0364b         7   func ,g         2
  _SSR_TaskStartReadGyro
                                  ffc03652         4   func ,g         1
  _SSR_TaskCalcSensor
                                  ffc03656        c2   func ,g         1
  _SSR_TaskCalcFilter
                                  ffc03718       143   func ,g         1
  _SSR_TaskJudgeMarkerSensor
                                  ffc0385b       198   func ,g         1
  _SSR_CalibSensor
                                  ffc039f3       23d   func ,g         5
  _SSR_GetSensorData
                                  ffc03c30        22   func ,g         6
  _SSR_GetPotentioData
                                  ffc03c52         f   func ,g         0
  _SSR_SetPotentioData
                                  ffc03c61         f   func ,g         1
  _SSR_GetGyroData
                                  ffc03c70         f   func ,g         0
  _SSR_SetGyroData
                                  ffc03c7f         f   func ,g         0
  _SSR_GetMarkerState
                                  ffc03c8e        21   func ,g         8
  _SSR_GetCourceMarker
                                  ffc03caf        4f   func ,g         6
  _SSR_PrintAllSensor
                                  ffc03cfe        55   func ,g         2
  _st_SetSensorGateOn
                                  ffc03d53         d   func ,l         1
  _st_SetSensorGateOff
                                  ffc03d60         d   func ,l         2
  _st_ReadLineSensor
                                  ffc03d6d        68   func ,l         2
  _st_ReadOtherSensor
                                  ffc03dd5        3c   func ,l         1
  _st_ReadDarkSensor
                                  ffc03e11         c   func ,l         1
  _st_ReadLightSensor
                                  ffc03e1d         c   func ,l         1
  _st_CalcLineSensor
                                  ffc03e29        63   func ,l         1
  _st_CalcMarkerSensor
                                  ffc03e8c        3e   func ,l         2
  _st_RegistResetCourceMarker
                                  ffc03eca        ec   func ,l         2
  _st_InitGyro
                                  ffc03fb6        c7   func ,l         1
  _st_StartReadGyro
                                  ffc0407d        11   func ,l         1
  _st_CommunicateGyro
                                  ffc0408e        45   func ,l         6
  _st_ParseGyro
                                  ffc040d3        17   func ,l         1
FILE=.\UserSrc\Switch.obj
                                  ffc040ea  ffc043dc       2f3
  _SWT_Init
                                  ffc040ea        a3   func ,g         6
  _SWT_CallCenter
                                  ffc0418d        13   func ,g         1
  _SWT_CallRight
                                  ffc041a0        16   func ,g         1
  _SWT_CallLeft
                                  ffc041b6        16   func ,g         1
  _SWT_CallUp
                                  ffc041cc        16   func ,g         1
  _SWT_CallDown
                                  ffc041e2        16   func ,g         1
  _SWT_ClearSwitchCount
                                  ffc041f8        34   func ,g         0
  _SWT_GetSwitch
                                  ffc0422c         c   func ,g         2
  _SWT_SetSwitch
                                  ffc04238        28   func ,g         0
  _SWT_GetCenterDecision
                                  ffc04260        40   func ,g        19
  _st_CalcRL
                                  ffc042a0        7c   func ,l         3
  _st_CalcUD
                                  ffc0431c        7c   func ,l         3
  _st_CalcDecision
                                  ffc04398        45   func ,l         2
FILE=.\UserSrc\TaskTimer.obj
                                  ffc043dd  ffc045d2       1f6
  _TSK_Init
                                  ffc043dd        2f   func ,g         1
  _TSK_Main
                                  ffc0440c       15c   func ,g         1
  _TSK_Start
                                  ffc04568        11   func ,g        18
  _TSK_Stop
                                  ffc04579        11   func ,g         1
  _st_Task0
                                  ffc0458a         5   func ,l         1
  _st_Task1
                                  ffc0458f         5   func ,l         1
  _st_Task2
                                  ffc04594         5   func ,l         1
  _st_Task3
                                  ffc04599         5   func ,l         1
  _st_Task4
                                  ffc0459e         5   func ,l         1
  _st_Task5
                                  ffc045a3         5   func ,l         1
  _st_Task6
                                  ffc045a8         5   func ,l         1
  _st_Task7
                                  ffc045ad         5   func ,l         1
  _st_Task8
                                  ffc045b2         1   func ,l         1
  _st_Task9
                                  ffc045b3         5   func ,l         1
  _st_Task10_StartCalc
                                  ffc045b8         9   func ,l         1
  _st_Task10_StartComm
                                  ffc045c1         d   func ,l         1
  _st_Task11
                                  ffc045ce         5   func ,l         1
FILE=.\UserSrc\Test.obj
                                  ffc045d3  ffc04e42       870
  _TST_TestMode
                                  ffc045d3       17b   func ,g         1
  _st_SciTest
                                  ffc0474e        52   func ,l         1
  _st_IrqTest
                                  ffc047a0        70   func ,l         1
  _st_LedTest
                                  ffc04810        df   func ,l         1
  _st_PwmTest
                                  ffc048ef        bc   func ,l         1
  _st_BuzzerTest
                                  ffc049ab        84   func ,l         1
  _st_IntBuzzerTest
                                  ffc04a2f        94   func ,l         1
  _st_EncoderTest
                                  ffc04ac3        5f   func ,l         1
  _st_SensorTest
                                  ffc04b22        2e   func ,l         1
  _st_GyroTest
                                  ffc04b50        2a   func ,l         1
  _st_CalibSensorTest
                                  ffc04b7a         5   func ,l         1
  _st_MarkerTest
                                  ffc04b7f        8e   func ,l         1
  _st_StraightTest
                                  ffc04c0d        a1   func ,l         1
  _st_RotationTest
                                  ffc04cae        ac   func ,l         1
  _st_AssertTest
                                  ffc04d5a        97   func ,l         1
  _st_LogTest
                                  ffc04df1        52   func ,l         1
FILE=.\UserSrc\Tracer.obj
                                  ffc04e43  ffc05e6f      102d
  _TRC_Init
                                  ffc04e43        27   func ,g         1
  _TRC_StartSearchMode
                                  ffc04e6a       2ec   func ,g         1
  _TRC_StartDriveMode
                                  ffc05156       278   func ,g         1
  _TRC_StartDriveMode2
                                  ffc053ce       278   func ,g         1
  _TRC_RecordCourceTask
                                  ffc05646        79   func ,g         1
  _TRC_PlayCourceTask
                                  ffc056bf         1   func ,g         1
  _st_StartRecordCource
                                  ffc056c0        3f   func ,l         1
  _st_GetCourceMarker
                                  ffc056ff        42   func ,l         2
  _st_AnalyzeCource
                                  ffc05741       6e0   func ,g         1
  _st_CalculateRadius
                                  ffc05e21        4f   func ,l         3
FILE=.\src\cg_src\r_cg_cgc.obj
                                  ffc05e70  ffc05f18        a9
  _R_CGC_Create
                                  ffc05e70        a9   func ,g         1
FILE=.\src\cg_src\r_cg_cmt.obj
                                  ffc05f19  ffc05fd6        be
  _R_CMT0_Create
                                  ffc05f19        34   func ,g         1
  _R_CMT0_Start
                                  ffc05f4d        13   func ,g         1
  _R_CMT0_Stop
                                  ffc05f60        16   func ,g         0
  _R_CMT1_Create
                                  ffc05f76        38   func ,g         1
  _R_CMT1_Start
                                  ffc05fae        13   func ,g         5
  _R_CMT1_Stop
                                  ffc05fc1        16   func ,g         0
FILE=.\src\cg_src\r_cg_cmt_user.obj
                                  ffc05fd7  ffc06002        2c
  _r_cmt_cmi0_interrupt
                                  ffc05fd7         e   func ,l         0
  _r_cmt_cmi1_interrupt
                                  ffc05fe5        1e   func ,l         0
FILE=.\src\cg_src\r_cg_hardware_setup.obj
                                  ffc06003  ffc060a9        a7
  _R_Systeminit
                                  ffc06003        a3   func ,g         1
  _HardwareSetup
                                  ffc060a6         4   func ,g         1
FILE=.\src\cg_src\r_cg_icu.obj
                                  ffc060aa  ffc06266       1bd
  _R_ICU_Create
                                  ffc060aa       16d   func ,g         1
  _R_ICU_IRQ5_Start
                                  ffc06217         8   func ,g         2
  _R_ICU_IRQ5_Stop
                                  ffc0621f         8   func ,g         1
  _R_ICU_IRQ6_Start
                                  ffc06227         8   func ,g         2
  _R_ICU_IRQ6_Stop
                                  ffc0622f         8   func ,g         1
  _R_ICU_IRQ7_Start
                                  ffc06237         8   func ,g         2
  _R_ICU_IRQ7_Stop
                                  ffc0623f         8   func ,g         1
  _R_ICU_IRQ8_Start
                                  ffc06247         8   func ,g         2
  _R_ICU_IRQ8_Stop
                                  ffc0624f         8   func ,g         1
  _R_ICU_IRQ9_Start
                                  ffc06257         8   func ,g         2
  _R_ICU_IRQ9_Stop
                                  ffc0625f         8   func ,g         1
FILE=.\src\cg_src\r_cg_icu_user.obj
                                  ffc06267  ffc062d4        6e
  _r_icu_irq5_interrupt
                                  ffc06267        16   func ,l         0
  _r_icu_irq6_interrupt
                                  ffc0627d        16   func ,l         0
  _r_icu_irq7_interrupt
                                  ffc06293        16   func ,l         0
  _r_icu_irq8_interrupt
                                  ffc062a9        16   func ,l         0
  _r_icu_irq9_interrupt
                                  ffc062bf        16   func ,l         0
FILE=.\src\cg_src\r_cg_main.obj
                                  ffc062d5  ffc06304        30
  _main
                                  ffc062d5         f   func ,g         1
  _R_MAIN_UserInit
                                  ffc062e4        21   func ,l         1
FILE=.\src\cg_src\r_cg_mtu3.obj
                                  ffc06305  ffc06722       41e
  _R_MTU3_Create
                                  ffc06305       2a0   func ,g         1
  _R_MTU3_C0_Start
                                  ffc065a5         8   func ,g         1
  _R_MTU3_C0_Stop
                                  ffc065ad         8   func ,g         0
  _R_MTU3_C1_Start
                                  ffc065b5         8   func ,g         1
  _R_MTU3_C1_Stop
                                  ffc065bd         8   func ,g         0
  _R_MTU3_C2_Start
                                  ffc065c5         8   func ,g         1
  _R_MTU3_C2_Stop
                                  ffc065cd         8   func ,g         0
  _R_MTU3_C3_Start
                                  ffc065d5         8   func ,g         1
  _R_MTU3_C3_Stop
                                  ffc065dd         8   func ,g         0
  _R_MTU3_C4_Start
                                  ffc065e5         8   func ,g         2
  _R_MTU3_C4_Stop
                                  ffc065ed         8   func ,g         0
  _R_MTU0_SetTGRA
                                  ffc065f5         d   func ,g         0
  _R_MTU0_GetTGRA
                                  ffc06602        10   func ,g         0
  _R_MTU0_GetTGRB
                                  ffc06612        10   func ,g         0
  _R_MTU0_SetTGRC
                                  ffc06622         d   func ,g         2
  _R_MTU0_GetTGRC
                                  ffc0662f        10   func ,g         0
  _R_MTU0_GetTGRD
                                  ffc0663f        10   func ,g         1
  _R_MTU1_GetTcnt
                                  ffc0664f        10   func ,g         1
  _R_MTU2_GetTcnt
                                  ffc0665f        10   func ,g         1
  _R_MTU3_SetTGRA
                                  ffc0666f         d   func ,g         0
  _R_MTU3_GetTGRA
                                  ffc0667c        10   func ,g         0
  _R_MTU3_GetTGRB
                                  ffc0668c        10   func ,g         0
  _R_MTU3_SetTGRC
                                  ffc0669c         d   func ,g         2
  _R_MTU3_GetTGRC
                                  ffc066a9        10   func ,g         0
  _R_MTU3_GetTGRD
                                  ffc066b9        10   func ,g         1
  _R_MTU4_SetTGRA
                                  ffc066c9         d   func ,g         2
  _R_MTU4_GetTGRA
                                  ffc066d6        10   func ,g         0
  _R_MTU4_GetTGRB
                                  ffc066e6        10   func ,g         1
  _R_MTU4_SetTGRC
                                  ffc066f6         d   func ,g         2
  _R_MTU4_GetTGRC
                                  ffc06703        10   func ,g         0
  _R_MTU4_GetTGRD
                                  ffc06713        10   func ,g         1
FILE=.\src\cg_src\r_cg_port.obj
                                  ffc06723  ffc0692a       208
  _R_PORT_Create
                                  ffc06723        7a   func ,g         1
  _R_PORT_SetP05
                                  ffc0679d        1c   func ,g         0
  _R_PORT_SetP07
                                  ffc067b9        18   func ,g         0
  _R_PORT_SetP14
                                  ffc067d1        1c   func ,g         2
  _R_PORT_SetPB0
                                  ffc067ed        19   func ,g         3
  _R_PORT_SetPB2
                                  ffc06806        1b   func ,g         4
  _R_PORT_SetPB4
                                  ffc06821        1c   func ,g         2
  _R_PORT_SetPC0
                                  ffc0683d        19   func ,g         4
  _R_PORT_SetPC1
                                  ffc06856        1b   func ,g         4
  _R_PORT_SetPC2
                                  ffc06871        1b   func ,g         4
  _R_PORT_SetPC3
                                  ffc0688c        1b   func ,g         4
  _R_PORT_SetPD0
                                  ffc068a7        19   func ,g         3
  _R_PORT_SetPD1
                                  ffc068c0        1b   func ,g         3
  _R_PORT_SetPE0
                                  ffc068db        19   func ,g         3
  _R_PORT_SetPE3
                                  ffc068f4        1b   func ,g         3
  _R_PORT_SetPE4
                                  ffc0690f        1c   func ,g         3
FILE=.\src\cg_src\r_cg_rspi.obj
                                  ffc0692b  ffc06b09       1df
  _R_RSPI0_Create
                                  ffc0692b       107   func ,g         1
  _R_RSPI0_Start
                                  ffc06a32        40   func ,g         1
  _R_RSPI0_Stop
                                  ffc06a72        2c   func ,g         0
  _R_RSPI0_Send_Receive
                                  ffc06a9e        6c   func ,g         1
FILE=.\src\cg_src\r_cg_rspi_user.obj
                                  ffc06b0a  ffc06c6d       164
  _r_rspi0_transmit_interrupt
                                  ffc06b0a        67   func ,l         0
  _r_rspi0_receive_interrupt
                                  ffc06b71        7f   func ,l         0
  _r_rspi0_error_interrupt
                                  ffc06bf0        63   func ,g         1
  _r_rspi0_idle_interrupt
                                  ffc06c53        13   func ,g         1
  _r_rspi0_callback_transmitend
                                  ffc06c66         1   func ,l         1
  _r_rspi0_callback_receiveend
                                  ffc06c67         1   func ,l         1
  _r_rspi0_callback_error
                                  ffc06c68         6   func ,l         1
FILE=.\src\cg_src\r_cg_s12ad.obj
                                  ffc06c6e  ffc06ee0       273
  _R_S12AD0_Create
                                  ffc06c6e       13e   func ,g         1
  _R_S12AD0_Start
                                  ffc06dac         c   func ,g         2
  _R_S12AD0_Stop
                                  ffc06db8         e   func ,g         0
  _R_S12AD0_Get_ValueResult
                                  ffc06dc6        e3   func ,g         6
  _R_S12AD0_Set_CompareValue
                                  ffc06ea9        19   func ,g         0
  _R_S12AD0_WaitAdcEnd
                                  ffc06ec2        1f   func ,g         2
FILE=.\src\cg_src\r_cg_sbrk.obj
                                  ffc06ee1  ffc06f1d        3d
  _sbrk
                                  ffc06ee1        3d   func ,g         1
FILE=.\src\cg_src\r_cg_sci.obj
                                  ffc06f1e  ffc070d5       1b8
  _R_SCI2_Create
                                  ffc06f1e        99   func ,g         1
  _R_SCI2_Start
                                  ffc06fb7        33   func ,g         1
  _R_SCI2_Stop
                                  ffc06fea        56   func ,g         0
  _R_SCI2_Serial_Receive
                                  ffc07040        48   func ,g         0
  _R_SCI2_Serial_Send
                                  ffc07088        4e   func ,g         1
FILE=.\src\cg_src\r_cg_sci_user.obj
                                  ffc070d6  ffc071d1        fc
  _r_sci2_transmit_interrupt
                                  ffc070d6        4d   func ,l         0
  _r_sci2_transmitend_interrupt
                                  ffc07123        28   func ,g         1
  _r_sci2_receive_interrupt
                                  ffc0714b        60   func ,l         0
  _r_sci2_receiveerror_interrupt
                                  ffc071ab        25   func ,g         1
  _r_sci2_callback_transmitend
                                  ffc071d0         1   func ,l         1
  _r_sci2_callback_receiveend
                                  ffc071d1         1   func ,l         1
FILE=sinf
                                  ffc071d2  ffc07210        3f
  _sinl
                                  ffc071d2         2   func ,g         0
  _sin
                                  ffc071d4         2   func ,g         1
  _sinf
                                  ffc071d6        3b   func ,g         2
FILE=powf
                                  ffc07211  ffc0723d        2d
  _powl
                                  ffc07211         2   func ,g         0
  _pow
                                  ffc07213         2   func ,g         1
  _powf
                                  ffc07215        29   func ,g         5
FILE=sprintf
                                  ffc0723e  ffc07274        37
  _prout
                                  ffc0723e         b   func ,l         1
  _sprintf
                                  ffc07249        2c   func ,g        24
FILE=__initsct
                                  ffc07275  ffc072be        4a
  __INITSCT
                                  ffc07275         0   none ,g         1
  loop1
                                  ffc07287         0   none ,l         1
  next_loop1
                                  ffc07295         0   none ,l         2
  loop3
                                  ffc072a7         0   none ,l         1
  next_loop3
                                  ffc072b8         0   none ,l         2
FILE=_in_pows
                                  ffc072bf  ffc073c7       109
  __in_pows
                                  ffc072bf       109   func ,g         1
FILE=sincosfsub
                                  ffc073c8  ffc074af        e8
  ___poly_sinf
                                  ffc073c8        31   func ,g         3
  ___poly_cosf
                                  ffc073f9        28   func ,g         2
  _poly_cosfn
                                  ffc07421         7   func ,l         1
  _poly_sinfn
                                  ffc07428         5   func ,l         1
  _sincosf_special
                                  ffc0742d        33   func ,l         1
  ___internal_sincosf
                                  ffc07460        50   func ,g         3
FILE=xprintf
                                  ffc074b0  ffc07715       266
  __Printf
                                  ffc074b0       266   func ,g         1
FILE=fmodf
                                  ffc07716  ffc07747        32
  _fmodl
                                  ffc07716         2   func ,g         0
  _fmod
                                  ffc07718         2   func ,g         1
  _fmodf
                                  ffc0771a        2e   func ,g         2
FILE=_i_ldes
                                  ffc07748  ffc077c6        7f
  __in_ldexps
                                  ffc07748        7f   func ,g         2
FILE=_in_exps
                                  ffc077c7  ffc078c1        fb
  __in_exps
                                  ffc077c7        fb   func ,g         2
FILE=_in_logs
                                  ffc078c2  ffc07988        c7
  __in_logs
                                  ffc078c2        c7   func ,g         2
FILE=nanfval
                                  ffc07989  ffc0798f         7
  ___nanf_value
                                  ffc07989         7   func ,g         1
FILE=xputfld
                                  ffc07990  ffc07e26       497
  __Putfld
                                  ffc07990       497   func ,g         1
FILE=xvacopy
                                  ffc07e27  ffc07e2e         8
  __Vacopy
                                  ffc07e27         8   func ,g         2
FILE=xputtxt
                                  ffc07e2f  ffc08113       2e5
  __Puttxt
                                  ffc07e2f       2e5   func ,g         3
FILE=strchr
                                  ffc08114  ffc08129        16
  _strchr
                                  ffc08114        16   func ,g         2
FILE=xctype
                                  ffc0812a  ffc0813f        16
  __Getpctype
                                  ffc0812a        16   func ,g         0
FILE=_i_fmds
                                  ffc08140  ffc08217        d8
  __in_fmods
                                  ffc08140        d8   func ,g         1
FILE=xldtob
                                  ffc08218  ffc0864e       437
  __Ldtob
                                  ffc08218       437   func ,g         1
FILE=xputstr
                                  ffc0864f  ffc0872e        e0
  __Putstr
                                  ffc0864f        e0   func ,g         1
FILE=xlitob
                                  ffc0872f  ffc08846       118
  __Litob
                                  ffc0872f       118   func ,g         1
FILE=xgenld
                                  ffc08847  ffc08af4       2ae
  __Genld
                                  ffc08847       2ae   func ,g         1
FILE=xwctomb
                                  ffc08af5  ffc08c4c       158
  __Wctombx
                                  ffc08af5       112   func ,g         1
  __Wctomb
                                  ffc08c07        46   func ,g         1
FILE=xstate
                                  ffc08c4d  ffc08c7e        32
  __Getmbcurmax
                                  ffc08c4d        16   func ,g         2
  __Getpmbstate
                                  ffc08c63        1c   func ,g         0
FILE=xldscale
                                  ffc08c7f  ffc08c82         4
  __LDscale
                                  ffc08c7f         4   func ,g         1
FILE=xldunsca
                                  ffc08c83  ffc08c86         4
  __LDunscale
                                  ffc08c83         4   func ,g         1
FILE=__COM_DIV64u
                                  ffc08c87  ffc08d1f        99
  __COM_DIV64u
                                  ffc08c87         0   none ,g         2
  _Loop_Init
                                  ffc08c91         0   none ,l         2
  _Loop
                                  ffc08c99         0   none ,l         1
  _DivStart
                                  ffc08ca5         0   none ,l         3
  _Success
                                  ffc08cb3         0   none ,l         1
  _DivEnd
                                  ffc08cbf         0   none ,l         0
  IXI6DIV
                                  ffc08cc4         0   none ,l         1
  IXI4DIV
                                  ffc08cd6         0   none ,l         1
  IXI2DIV
                                  ffc08ce6         0   none ,l         1
  I8I2DIV
                                  ffc08cee         0   none ,l         1
  I4I2DIV
                                  ffc08d1c         0   none ,l         1
  _i8divU_End
                                  ffc08d1f         0   none ,l         0
FILE=__COM_MOD64u
                                  ffc08d20  ffc08da6        87
  __COM_MOD64u
                                  ffc08d20         0   none ,g         1
  _Loop_Init
                                  ffc08d2a         0   none ,l         2
  _Loop
                                  ffc08d2e         0   none ,l         1
  _DivStart
                                  ffc08d3a         0   none ,l         3
  _Success
                                  ffc08d48         0   none ,l         1
  _DivEnd
                                  ffc08d50         0   none ,l         0
  IXI6DIV
                                  ffc08d51         0   none ,l         1
  IXI4DIV
                                  ffc08d63         0   none ,l         1
  IXI2DIV
                                  ffc08d73         0   none ,l         1
  I8I2DIV
                                  ffc08d7b         0   none ,l         1
  I4I2DIV
                                  ffc08d9b         0   none ,l         1
FILE=_div
                                  ffc08da7  ffc08db2         c
  _ldiv
                                  ffc08da7         0   none ,g         1
  _div
                                  ffc08da7         0   none ,g         1
FILE=free
                                  ffc08db3  ffc08e35        83
  _free
                                  ffc08db3        83   func ,g         2
FILE=malloc
                                  ffc08e36  ffc08f13        de
  _findmem
                                  ffc08e36        7b   func ,l         1
  _malloc
                                  ffc08eb1        63   func ,g         1
FILE=localeco
                                  ffc08f14  ffc08f1a         7
  _localeconv
                                  ffc08f14         7   func ,g         1
FILE=xwcstate
                                  ffc08f1b  ffc08f36        1c
  __Getpwcstate
                                  ffc08f1b        1c   func ,g         0
FILE=xfdscale
                                  ffc08f37  ffc09057       121
  __FDscale
                                  ffc08f37       121   func ,g         1
FILE=xfdunsca
                                  ffc09058  ffc090b2        5b
  __FDunscale
                                  ffc09058        5b   func ,g         1
FILE=xgetmem
                                  ffc090b3  ffc090cd        1b
  __Getmem
                                  ffc090b3        1b   func ,g         1
FILE=xfdnorm
                                  ffc090ce  ffc0914c        7f
  __FDnorm
                                  ffc090ce        7f   func ,g         2

SECTION=EXCEPTVECT
FILE=.\src\cg_src\r_cg_vecttbl.obj
                                  ffffff80  fffffffb        7c
  _Excpt_Vectors
                                  ffffff80        7c   data ,g         0

SECTION=RESETVECT
FILE=.\src\cg_src\r_cg_vecttbl.obj
                                  fffffffc  ffffffff         4
  _Reset_Vectors
                                  fffffffc         4   data ,g         0

*** Unfilled Areas ***

AREA                                START    END

*** Delete Symbols ***

SYMBOL                                SIZE    INFO
