Renesas Optimizing Linker (W2.04.00 )             09-Nov-2018 05:20:03

*** Options ***

-subcommand=LinkerSubCommand.tmp
-input="./UserSrc/Buzzer.obj"
-input="./UserSrc/ControlAngularVelocity.obj"
-input="./UserSrc/ControlSensorAngle.obj"
-input="./UserSrc/ControlVelocity.obj"
-input="./UserSrc/DriveAssert.obj"
-input="./UserSrc/FunctionTimer.obj"
-input="./UserSrc/Led.obj"
-input="./UserSrc/Log.obj"
-input="./UserSrc/Mode.obj"
-input="./UserSrc/SciFifo.obj"
-input="./UserSrc/Sensor.obj"
-input="./UserSrc/Switch.obj"
-input="./UserSrc/TaskTimer.obj"
-input="./UserSrc/Test.obj"
-input="./UserSrc/Tracer.obj"
-input="./src/cg_src/r_cg_cgc.obj"
-input="./src/cg_src/r_cg_cgc_user.obj"
-input="./src/cg_src/r_cg_cmt.obj"
-input="./src/cg_src/r_cg_cmt_user.obj"
-input="./src/cg_src/r_cg_dbsct.obj"
-input="./src/cg_src/r_cg_hardware_setup.obj"
-input="./src/cg_src/r_cg_icu.obj"
-input="./src/cg_src/r_cg_icu_user.obj"
-input="./src/cg_src/r_cg_intprg.obj"
-input="./src/cg_src/r_cg_main.obj"
-input="./src/cg_src/r_cg_mtu3.obj"
-input="./src/cg_src/r_cg_mtu3_user.obj"
-input="./src/cg_src/r_cg_port.obj"
-input="./src/cg_src/r_cg_port_user.obj"
-input="./src/cg_src/r_cg_resetprg.obj"
-input="./src/cg_src/r_cg_rspi.obj"
-input="./src/cg_src/r_cg_rspi_user.obj"
-input="./src/cg_src/r_cg_s12ad.obj"
-input="./src/cg_src/r_cg_s12ad_user.obj"
-input="./src/cg_src/r_cg_sbrk.obj"
-input="./src/cg_src/r_cg_sci.obj"
-input="./src/cg_src/r_cg_sci_user.obj"
-input="./src/cg_src/r_cg_vecttbl.obj"
-start=SU,SI,B_1,R_1,B_2,R_2,B,R/04,PResetPRG,C_1,C_2,C,C$*,D*,W*,L,PIntPRG,P/0FFC00000,EXCEPTVECT/0FFFFFF80,RESETVECT/0FFFFFFFC
-library=C:\Users\shuuichi\OneDrive\Robomech\ROBOTR~1\2018\program\VERDIR~1\HARDWA~2\VerdiRT17_RX64M.lib
-noprelink
-list=VerdiRT17_RX64M.map
-show
-nooptimize
-debug
-output=C:\Users\shuuichi\OneDrive\Robomech\Robotrace\2018\program\VerdiRT17_RX64M\HardwareDebug\VerdiRT17_RX64M.abs
-rom=D=R,D_1=R_1,D_2=R_2
-nocompress
-nomessage
-nologo

*** Error information ***

*** Mapping List ***

SECTION                            START      END         SIZE   ALIGN

SU
                                  00000004  00000303       300   4
SI
                                  00000304  00000803       500   4
B_1
                                  00000804  000008c4        c1   1
R_1
                                  000008c5  00000915        51   1
B_2
                                  00000916  00000d85       470   2
R_2
                                  00000d86  00000d86         0   1
B
                                  00000d88  000706e3     6f95c   4
R
                                  000706e4  00070967       284   4
$ADDR_C_120040
                                  00120040  00120043         4   1
$ADDR_C_120048
                                  00120048  0012004b         4   1
$ADDR_C_120050
                                  00120050  0012006f        20   1
PResetPRG
                                  ffc00000  ffc0003d        3e   1
C_1
                                  ffc0003e  ffc0010f        d2   1
C_2
                                  ffc00110  ffc00311       202   2
C
                                  ffc00314  ffc003c7        b4   4
C$DSEC
                                  ffc003c8  ffc003eb        24   4
C$BSEC
                                  ffc003ec  ffc00403        18   4
C$INIT
                                  ffc00404  ffc00404         0   1
C$VECT
                                  ffc00404  ffc00803       400   4
C$VTBL
                                  ffc00804  ffc00804         0   1
D
                                  ffc00804  ffc00a87       284   4
D_1
                                  ffc00a88  ffc00ad8        51   1
D_2
                                  ffc00ad9  ffc00ad9         0   1
W
                                  ffc00adc  ffc00adc         0   4
W_1
                                  ffc00adc  ffc00adc         0   1
W_2
                                  ffc00adc  ffc00b2d        52   2
L
                                  ffc00b30  ffc00e90       361   4
PIntPRG
                                  ffc00e91  ffc00f08        78   1
P
                                  ffc00f09  ffc07dcb      6ec3   1
EXCEPTVECT
                                  ffffff80  fffffffb        7c   4
RESETVECT
                                  fffffffc  ffffffff         4   4

*** Symbol List ***

SECTION=
FILE=                               START        END    SIZE
  SYMBOL                            ADDR        SIZE    INFO      COUNTS  OPT

SECTION=SU
FILE=.\src\cg_src\r_cg_resetprg.obj
                                  00000004  00000303       300

SECTION=SI
FILE=.\src\cg_src\r_cg_resetprg.obj
                                  00000304  00000803       500

SECTION=B_1
FILE=.\UserSrc\Log.obj
                                  00000804  0000089a        97
  _st_SendBuf
                                  00000804        96   data ,l         b
  _st_BufSize
                                  0000089a         1   data ,l         b
FILE=.\UserSrc\Sensor.obj
                                  0000089b  000008af        15
  _st_SendBuf
                                  0000089b        14   data ,l         2
  _st_SensorCalibFlag
                                  000008af         1   data ,l         6
FILE=.\UserSrc\Test.obj
                                  000008b0  000008c4        15
  _st_SendBuf
                                  000008b0        14   data ,l        17
  _st_BufSize
                                  000008c4         1   data ,l        17

SECTION=R_1
FILE=xfiles
                                  000008c5  00000914        50
  _ebuf
                                  000008c5        50   data ,l         5
FILE=xstate
                                  00000915  00000915         1
  __Mbcurmax
                                  00000915         1   data ,g         1

SECTION=B_2
FILE=.\UserSrc\ControlAngularVelocity.obj
                                  00000916  00000923         e
  _st_SensorData
                                  00000916         e   data ,l         2
FILE=.\UserSrc\ControlSensorAngle.obj
                                  00000924  00000931         e
  _st_SensorData
                                  00000924         e   data ,l         5
FILE=.\UserSrc\DriveAssert.obj
                                  00000932  0000093f         e
  _st_SensorData
                                  00000932         e   data ,l         3
FILE=.\UserSrc\Sensor.obj
                                  00000940  0000096b        2c
  _st_LineSensor
                                  00000940        18   data ,l         c
  _st_InstantMax
                                  00000958         8   data ,l        10
  _st_InstantMin
                                  00000960         8   data ,l        14
  _st_SensorCalibMax
                                  00000968         2   data ,l         9
  _st_SensorCalibMin
                                  0000096a         2   data ,l         9
FILE=.\UserSrc\Tracer.obj
                                  0000096c  00000979         e
  _st_SensorData
                                  0000096c         e   data ,l         3
FILE=.\src\cg_src\r_cg_rspi.obj
                                  0000097a  0000097f         6
  _g_rspi0_tx_count
                                  0000097a         2   data ,g         3
  _g_rspi0_rx_count
                                  0000097c         2   data ,g         4
  _g_rspi0_rx_length
                                  0000097e         2   data ,g         3
FILE=.\src\cg_src\r_cg_sbrk.obj
                                  00000980  00000d7f       400
  _heap_area
                                  00000980       400   data ,l         2
FILE=.\src\cg_src\r_cg_sci.obj
                                  00000d80  00000d85         6
  _g_sci2_tx_count
                                  00000d80         2   data ,g         3
  _g_sci2_rx_count
                                  00000d82         2   data ,g         4
  _g_sci2_rx_length
                                  00000d84         2   data ,g         3

SECTION=B
FILE=.\UserSrc\Buzzer.obj
                                  00000d88  00000d93         c
  _st_BeepCount
                                  00000d88         4   data ,l         5
  _st_TaskCounter
                                  00000d8c         4   data ,l         5
  _st_TaskInterval
                                  00000d90         4   data ,l         3
FILE=.\UserSrc\ControlAngularVelocity.obj
                                  00000d94  00000e33        a0
  _st_BodyOmega
                                  00000d94         4   data ,l         5
  _st_BodyAngle
                                  00000d98         4   data ,l         5
  _st_VirtualGeometry
                                  00000d9c        14   data ,l         e
  _st_Controller
                                  00000db0        48   data ,l        36
  _st_LogHeader
                                  00000df8        14   data ,l         2
  _st_LogArray
                                  00000e0c        28   data ,l         7
FILE=.\UserSrc\ControlSensorAngle.obj
                                  00000e34  00000eb7        84
  _st_Theta
                                  00000e34        50   data ,l        23
  _st_PotentioTheta
                                  00000e84         4   data ,l         3
  _st_LogHeader
                                  00000e88        14   data ,l         2
  _st_LogArray
                                  00000e9c        1c   data ,l         8
FILE=.\UserSrc\ControlVelocity.obj
                                  00000eb8  00000f6b        b4
  _st_Encoder
                                  00000eb8        30   data ,l        24
  _st_Controller
                                  00000ee8        48   data ,l        36
  _st_LogHeader
                                  00000f30        14   data ,l         2
  _st_LogArray
                                  00000f44        28   data ,l         6
FILE=.\UserSrc\DriveAssert.obj
                                  00000f6c  00000f77         c
  _st_AssertFlag
                                  00000f6c         4   data ,l         5
  _st_LineAssert
                                  00000f70         8   data ,l         9
FILE=.\UserSrc\FunctionTimer.obj
                                  00000f78  00000fc3        4c
  _st_BuzzerDuty
                                  00000f78         c   data ,l         9
  _st_RightMotorDuty
                                  00000f84        14   data ,l        12
  _st_LeftMotorDuty
                                  00000f98        14   data ,l        12
  _st_SensorMotorDuty
                                  00000fac         c   data ,l         b
  _st_VelocityDutyArray
                                  00000fb8         8   data ,l         3
  _st_SensorDutyArray
                                  00000fc0         4   data ,l         2
FILE=.\UserSrc\Log.obj
                                  00000fc4  00070547     6f584
  _st_ControlLog
                                  00000fc4     49420   data ,l        2f
  _st_CourceLog
                                  0004a3e4     26164   data ,l         e
FILE=.\UserSrc\Mode.obj
                                  00070548  00070553         c
  _st_Swt
                                  00070548         4   data ,l         2
  _st_ModeKind
                                  0007054c         4   data ,l         5
  _st_Decision
                                  00070550         4   data ,l         5
FILE=.\UserSrc\Sensor.obj
                                  00070554  00070653       100
  _st_SensorData
                                  00070554        b0   data ,l        43
  _st_Tx
                                  00070604         8   data ,l         5
  _st_Rx
                                  0007060c         8   data ,l         5
  _st_LineCoefficient
                                  00070614        10   data ,l         c
  _st_CourceMarker
                                  00070624        30   data ,l        3f
FILE=.\UserSrc\Switch.obj
                                  00070654  0007068b        38
  _st_Swt
                                  00070654        1c   data ,l        22
  _st_udMin
                                  00070670         4   data ,l         4
  _st_udMax
                                  00070674         4   data ,l         4
  _st_rlMin
                                  00070678         4   data ,l         4
  _st_rlMax
                                  0007067c         4   data ,l         4
  _st_Decision
                                  00070680         c   data ,l         a
FILE=.\UserSrc\TaskTimer.obj
                                  0007068c  000706bf        34
  _st_TaskState
                                  0007068c         4   data ,l         c
  _st_TaskSchedule
                                  00070690        30   data ,l        10
FILE=.\UserSrc\Test.obj
                                  000706c0  000706cb         c
  _st_Swt
                                  000706c0         4   data ,l        12
  _st_ModeLevel
                                  000706c4         4   data ,l         4
  _st_Decision
                                  000706c8         4   data ,l        3a
FILE=.\UserSrc\Tracer.obj
                                  000706cc  000706cf         4
  _st_Decision
                                  000706cc         4   data ,l         9
FILE=.\src\cg_src\r_cg_rspi.obj
                                  000706d0  000706d7         8
  _gp_rspi0_tx_address
                                  000706d0         4   data ,g         3
  _gp_rspi0_rx_address
                                  000706d4         4   data ,g         3
FILE=.\src\cg_src\r_cg_sci.obj
                                  000706d8  000706df         8
  _gp_sci2_tx_address
                                  000706d8         4   data ,g         3
  _gp_sci2_rx_address
                                  000706dc         4   data ,g         3
FILE=_errno
                                  000706e0  000706e3         4
  __errno
                                  000706e0         4   data ,g         3

SECTION=R
FILE=.\src\cg_src\r_cg_sbrk.obj
                                  000706e4  000706e7         4
  _brk
                                  000706e4         4   data ,l         3
FILE=sincosfsub
                                  000706e8  00070723        3c
  _sinf_coeff
                                  000706e8        10   data ,l         1
  _cosf_coeff
                                  000706f8        10   data ,l         1
  _pi4ptr_table
                                  00070708         c   data ,l         1
  _sub_table
                                  00070714        10   data ,l         1
FILE=xprintf
                                  00070724  00070727         4
  _stderr
                                  00070724         4   data ,g         0
FILE=xfiles
                                  00070728  000707ff        d8
  __Stdin
                                  00070728        48   data ,g         7
  __Stdout
                                  00070770        48   data ,g         7
  __Stderr
                                  000707b8        48   data ,g         3
FILE=xctype
                                  00070800  00070807         8
  __Ctype
                                  00070800         4   data ,g         2
  __Tls_setup__Ctype
                                  00070804         4   data ,g         1
FILE=xstate
                                  00070808  0007084f        48
  __Tls_setup__Mbcurmax
                                  00070808         4   data ,g         1
  __Mbstate
                                  0007080c        40   data ,g         2
  __Tls_setup__Mbstate
                                  0007084c         4   data ,g         2
FILE=malloc
                                  00070850  00070857         8
  __Aldata
                                  00070850         8   data ,g         3
FILE=localeco
                                  00070858  000708ab        54
  __Locale
                                  00070858        50   data ,g         1
  __Tls_setup__Locale
                                  000708a8         4   data ,g         0
FILE=xwcstate
                                  000708ac  000708ef        44
  __Wcstate
                                  000708ac        40   data ,g         2
  __Tls_setup__Wcstate
                                  000708ec         4   data ,g         2
FILE=xfvalues
                                  000708f0  00070967        78
  __FDenorm
                                  000708f0        10   data ,g         0
  __FEps
                                  00070900        10   data ,g         0
  __FHugeval
                                  00070910        10   data ,g         0
  __FInf
                                  00070920        10   data ,g         1
  __FNan
                                  00070930        10   data ,g         0
  __FSnan
                                  00070940        10   data ,g         0
  __FRteps
                                  00070950        10   data ,g         0
  __FXbig
                                  00070960         4   data ,g         0
  __FZero
                                  00070964         4   data ,g         0

SECTION=$ADDR_C_120040
FILE=.\src\cg_src\r_cg_vecttbl.obj
                                  00120040  00120043         4
  ___SPCCreg
                                  00120040         4   data ,g         0

SECTION=$ADDR_C_120048
FILE=.\src\cg_src\r_cg_vecttbl.obj
                                  00120048  0012004b         4
  ___TMEFreg
                                  00120048         4   data ,g         0

SECTION=$ADDR_C_120050
FILE=.\src\cg_src\r_cg_vecttbl.obj
                                  00120050  0012006f        20
  ___OSISreg
                                  00120050        10   data ,g         0
  ___TMINFreg
                                  00120060         4   data ,g         0
  ___MDEreg
                                  00120064         4   data ,g         0
  ___OFS0reg
                                  00120068         4   data ,g         0
  ___OFS1reg
                                  0012006c         4   data ,g         0

SECTION=PResetPRG
FILE=.\src\cg_src\r_cg_resetprg.obj
                                  ffc00000  ffc0003d        3e
  _PowerON_Reset_PC
                                  ffc00000        3e   entry,g         1

SECTION=C_1
FILE=xprintf
                                  ffc0003e  ffc00047         a
  _fchar$1
                                  ffc0003e         a   data ,l         1
FILE=xputtxt
                                  ffc00048  ffc000ec        a5
  _spaces
                                  ffc00048        21   data ,l         1
  _zeroes
                                  ffc00069        21   data ,l         1
  _asterisk
                                  ffc0008a        21   data ,l         1
  _plus
                                  ffc000ab        21   data ,l         1
  _minus
                                  ffc000cc        21   data ,l         1
FILE=xlitob
                                  ffc000ed  ffc0010e        22
  _ldigs
                                  ffc000ed        11   data ,l         1
  _udigs
                                  ffc000fe        11   data ,l         1
FILE=localeco
                                  ffc0010f  ffc0010f         1
  _null
                                  ffc0010f         1   data ,l         d

SECTION=C_2
FILE=xctype
                                  ffc00110  ffc00311       202
  _ctyp_tab
                                  ffc00110       202   data ,l         1

SECTION=C
FILE=.\src\cg_src\r_cg_dbsct.obj
                                  ffc00314  ffc00347        34
  __CTBL
                                  ffc00314        34   data ,g         0
FILE=xprintf
                                  ffc00348  ffc0035f        18
  _fbit$2
                                  ffc00348        18   data ,l         1
FILE=xldtob
                                  ffc00360  ffc00377        18
  _pows
                                  ffc00360        18   data ,l         1
FILE=floatval
                                  ffc00378  ffc0039f        28
  __FLT_MAX_VAL
                                  ffc00378         0   none ,g         1
  __FLT_MIN_VAL
                                  ffc0037c         0   none ,g         0
  __DBL_MAX_VAL
                                  ffc00380         0   none ,g         0
  __DBL_MIN_VAL
                                  ffc00388         0   none ,g         0
  __LDBL_MAX_VAL
                                  ffc00390         0   none ,g         0
  __LDBL_MIN_VAL
                                  ffc00398         0   none ,g         0
FILE=_const
                                  ffc003a0  ffc003c3        24
  __IFNAND
                                  ffc003a0         0   none ,g         0
  __IFINFD
                                  ffc003a8         0   none ,g         0
  __NIFINFD
                                  ffc003b0         0   none ,g         0
  __IFNANS
                                  ffc003b8         0   none ,g         1
  __IFINFS
                                  ffc003bc         0   none ,g         0
  __NIFINFS
                                  ffc003c0         0   none ,g         0
FILE=_sbrk_si
                                  ffc003c4  ffc003c7         4
  __sbrk_size
                                  ffc003c4         4   data ,g         1

SECTION=C$DSEC
FILE=.\src\cg_src\r_cg_dbsct.obj
                                  ffc003c8  ffc003eb        24
  __DTBL
                                  ffc003c8        24   data ,g         0

SECTION=C$BSEC
FILE=.\src\cg_src\r_cg_dbsct.obj
                                  ffc003ec  ffc00403        18
  __BTBL
                                  ffc003ec        18   data ,g         0

SECTION=C$VECT
FILE=.\src\cg_src\r_cg_dbsct.obj
                                  ffc00404  ffc00803       400

SECTION=D
FILE=.\src\cg_src\r_cg_sbrk.obj
                                  ffc00804  ffc00807         4
FILE=sincosfsub
                                  ffc00808  ffc00843        3c
FILE=xprintf
                                  ffc00844  ffc00847         4
FILE=xfiles
                                  ffc00848  ffc0091f        d8
FILE=xctype
                                  ffc00920  ffc00927         8
FILE=xstate
                                  ffc00928  ffc0096f        48
FILE=malloc
                                  ffc00970  ffc00977         8
FILE=localeco
                                  ffc00978  ffc009cb        54
FILE=xwcstate
                                  ffc009cc  ffc00a0f        44
FILE=xfvalues
                                  ffc00a10  ffc00a87        78

SECTION=D_1
FILE=xfiles
                                  ffc00a88  ffc00ad7        50
FILE=xstate
                                  ffc00ad8  ffc00ad8         1

SECTION=W_2
FILE=.\UserSrc\Led.obj
                                  ffc00adc  ffc00afb        20
FILE=.\UserSrc\TaskTimer.obj
                                  ffc00afc  ffc00b0f        14
FILE=.\UserSrc\Test.obj
                                  ffc00b10  ffc00b2d        1e

SECTION=L
FILE=.\UserSrc\Log.obj
                                  ffc00b30  ffc00d0e       1df
FILE=.\UserSrc\Sensor.obj
                                  ffc00d10  ffc00d49        3a
FILE=.\UserSrc\Test.obj
                                  ffc00d4c  ffc00e51       106
FILE=xprintf
                                  ffc00e54  ffc00e5a         7
FILE=xldtob
                                  ffc00e5c  ffc00e7d        22
FILE=xgenld
                                  ffc00e80  ffc00e81         2
FILE=localeco
                                  ffc00e84  ffc00e90         d

SECTION=PIntPRG
FILE=.\src\cg_src\r_cg_intprg.obj
                                  ffc00e91  ffc00f08        78
  _r_undefined_exception
                                  ffc00e91         2   func ,g         3
  _r_reserved_exception
                                  ffc00e93         2   func ,g        1b
  _r_nmi_exception
                                  ffc00e95         2   func ,g         1
  _r_brk_exception
                                  ffc00e97         2   func ,g         0
  _r_icu_group_be0_interrupt
                                  ffc00e99         2   func ,g         0
  _r_icu_group_bl0_interrupt
                                  ffc00e9b        35   func ,g         0
  _r_icu_group_bl1_interrupt
                                  ffc00ed0         2   func ,g         0
  _r_icu_group_al0_interrupt
                                  ffc00ed2        35   func ,g         0
  _r_icu_group_al1_interrupt
                                  ffc00f07         2   func ,g         0

SECTION=P
FILE=.\UserSrc\Buzzer.obj
                                  ffc00f09  ffc00fb6        ae
  _BZR_Init
                                  ffc00f09        26   func ,g         1
  _BZR_BuzzerOn
                                  ffc00f2f         b   func ,g         2
  _BZR_BuzzerOff
                                  ffc00f3a         7   func ,g         2
  _BZR_SetBeepCount
                                  ffc00f41        22   func ,g        12
  _BZR_BuzzerTask
                                  ffc00f63        54   func ,g         1
FILE=.\UserSrc\ControlAngularVelocity.obj
                                  ffc00fb7  ffc01459       4a3
  _CAV_Init
                                  ffc00fb7       112   func ,g         4
  _CAV_StartDriveMotor
                                  ffc010c9        22   func ,g         3
  _CAV_StopDriveMotor
                                  ffc010eb         d   func ,g         0
  _CAV_SetTargetUpAccel
                                  ffc010f8         e   func ,g         1
  _CAV_SetTargetDownAccel
                                  ffc01106         e   func ,g         1
  _CAV_SetTarget
                                  ffc01114        51   func ,g         2
  _CAV_ControlTask
                                  ffc01165        10   func ,g         1
  _CAV_GetTarget
                                  ffc01175         e   func ,g         3
  _CAV_GetVelocity
                                  ffc01183         e   func ,g         5
  _CAV_GetErrorNow
                                  ffc01191         e   func ,g         4
  _CAV_GetAngle
                                  ffc0119f         e   func ,g         0
  _CAV_GetRadius
                                  ffc011ad         e   func ,g         1
  _CAV_GetVirtualThetaDeg
                                  ffc011bb         e   func ,g         9
  _CAV_ClearAngle
                                  ffc011c9         a   func ,g         0
  _CAV_GetLogHeader
                                  ffc011d3        2b   func ,g         1
  _CAV_GetLogArray
                                  ffc011fe        90   func ,g         1
  _st_CalcTarget
                                  ffc0128e        82   func ,l         1
  _st_CalcGyro
                                  ffc01310        3e   func ,l         1
  _st_UpdateTarget
                                  ffc0134e        3d   func ,l         1
  _st_CalcError
                                  ffc0138b        b3   func ,l         1
  _st_SetMotorDuty
                                  ffc0143e        1c   func ,l         1
FILE=.\UserSrc\ControlSensorAngle.obj
                                  ffc0145a  ffc016e7       28e
  _CSA_Init
                                  ffc0145a        cc   func ,g         1
  _CSA_StartSensorMotor
                                  ffc01526         d   func ,g         3
  _CSA_StopSensorMotor
                                  ffc01533         d   func ,g         3
  _CSA_StartSensorTask
                                  ffc01540         b   func ,g         4
  _CSA_ControlSensorTask
                                  ffc0154b        a1   func ,g         1
  _CSA_GetSensorTheta
                                  ffc015ec        26   func ,g         3
  _CSA_GetLogHeader
                                  ffc01612        2b   func ,g         1
  _CSA_GetLogArray
                                  ffc0163d        81   func ,g         1
  _st_CalcSensorAngle
                                  ffc016be        1c   func ,l         1
  _st_DriveSensorMotor
                                  ffc016da         e   func ,l         1
FILE=.\UserSrc\ControlVelocity.obj
                                  ffc016e8  ffc01c29       542
  _CVL_Init
                                  ffc016e8       16a   func ,g         6
  _CVL_StartDriveMotor
                                  ffc01852        22   func ,g         6
  _CVL_StopDriveMotor
                                  ffc01874         d   func ,g         4
  _CVL_SetTargetUpAccel
                                  ffc01881         e   func ,g         1
  _CVL_SetTargetDownAccel
                                  ffc0188f         e   func ,g         1
  _CVL_SetTarget
                                  ffc0189d        51   func ,g        15
  _CVL_ControlTask
                                  ffc018ee         d   func ,g         1
  _CVL_GetTarget
                                  ffc018fb         e   func ,g         5
  _CVL_GetVelocity
                                  ffc01909         e   func ,g         7
  _CVL_GetErrorNow
                                  ffc01917         e   func ,g         4
  _CVL_GetDistance
                                  ffc01925         e   func ,g         7
  _CVL_GetEncoderDiff
                                  ffc01933         e   func ,g         1
  _CVL_GetLogHeader
                                  ffc01941        2b   func ,g         1
  _CVL_GetLogArray
                                  ffc0196c        68   func ,g         1
  _st_CalcEncoder
                                  ffc019d4       14c   func ,l         1
  _st_UpdateTarget
                                  ffc01b20        3d   func ,l         1
  _st_CalcError
                                  ffc01b5d        b4   func ,l         1
  _st_SetMotorDuty
                                  ffc01c11        19   func ,l         1
FILE=.\UserSrc\DriveAssert.obj
                                  ffc01c2a  ffc01d07        de
  _DAS_Init
                                  ffc01c2a        1c   func ,g         5
  _DAS_AssertTask
                                  ffc01c46        30   func ,g         1
  _DAS_GetAssertFlag
                                  ffc01c76         e   func ,g         1
  _DAS_ClearAssertFlag
                                  ffc01c84        13   func ,g         1
  _st_LineSensorAssert
                                  ffc01c97        71   func ,l         1
FILE=.\UserSrc\FunctionTimer.obj
                                  ffc01d08  ffc02299       592
  _FTR_Init
                                  ffc01d08        e9   func ,g         1
  _FTR_StartBuzzerTimer
                                  ffc01df1         5   func ,g         1
  _FTR_SetBuzzerDuty
                                  ffc01df6        55   func ,g         2
  _FTR_StartRightEncoderTimer
                                  ffc01e4b         5   func ,g         2
  _FTR_GetRightEncoderCount
                                  ffc01e50         e   func ,g         2
  _FTR_StartLeftEncoderTimer
                                  ffc01e5e         5   func ,g         2
  _FTR_GetLeftEncoderCount
                                  ffc01e63         e   func ,g         2
  _FTR_StartRightMotorTimer
                                  ffc01e71         5   func ,g         2
  _FTR_SetTransitionRightMotorDuty
                                  ffc01e76        4a   func ,g         4
  _FTR_SetAngularRightMotorDuty
                                  ffc01ec0        48   func ,g         1
  _FTR_GetRightMotorDuty
                                  ffc01f08         e   func ,g         5
  _FTR_StartLeftMotorTimer
                                  ffc01f16         5   func ,g         2
  _FTR_SetTransitionLeftMotorDuty
                                  ffc01f1b        4a   func ,g         4
  _FTR_SetAngularLeftMotorDuty
                                  ffc01f65        48   func ,g         1
  _FTR_GetLeftMotorDuty
                                  ffc01fad         e   func ,g         5
  _FTR_StartSensorMotorTimer
                                  ffc01fbb         5   func ,g         2
  _FTR_SetSensorMotorDuty
                                  ffc01fc0        90   func ,g         2
  _FTR_GetSensorMotorDuty
                                  ffc02050         e   func ,g         0
  _FTR_GetVelocityLogDutyArray
                                  ffc0205e        2c   func ,g         1
  _FTR_GetSensorLogDutyArray
                                  ffc0208a        1c   func ,g         1
  _st_SetLeftMotorDuty
                                  ffc020a6        76   func ,l         2
  _st_SetRightMotorDuty
                                  ffc0211c        76   func ,l         2
  _st_SetLeftDriveCw
                                  ffc02192        2c   func ,l         1
  _st_SetLeftDriveCcw
                                  ffc021be        2c   func ,l         1
  _st_SetRightDriveCw
                                  ffc021ea        2c   func ,l         1
  _st_SetRightDriveCcw
                                  ffc02216        2c   func ,l         1
  _st_SetSensorDriveCw
                                  ffc02242        2c   func ,l         1
  _st_SetSensorDriveCcw
                                  ffc0226e        2c   func ,l         1
FILE=.\UserSrc\Led.obj
                                  ffc0229a  ffc024db       242
  _LED_binaryOn
                                  ffc0229a       181   func ,g         3
  _LED_AllOff
                                  ffc0241b        15   func ,g         1
  _LED_On
                                  ffc02430        56   func ,g        21
  _LED_Off
                                  ffc02486        56   func ,g        25
FILE=.\UserSrc\Log.obj
                                  ffc024dc  ffc02c0e       733
  _LOG_Init
                                  ffc024dc         7   func ,g         1
  _LOG_InitControl
                                  ffc024e3       290   func ,g         1
  _LOG_InitCource
                                  ffc02773        82   func ,g         1
  _LOG_RecordControl
                                  ffc027f5       136   func ,g         1
  _LOG_RecordCource
                                  ffc0292b        7f   func ,g         0
  _LOG_PrintControlRecord
                                  ffc029aa       264   func ,g         1
  _LOG_PrintCourceRecord
                                  ffc02c0e         1   func ,g         0
FILE=.\UserSrc\Mode.obj
                                  ffc02c0f  ffc02cd8        ca
  _MDE_InitMode
                                  ffc02c0f         e   func ,g         1
  _MDE_SelectMode
                                  ffc02c1d        bc   func ,g         1
FILE=.\UserSrc\SciFifo.obj
                                  ffc02cd9  ffc02d01        29
  _SCF_Init
                                  ffc02cd9         5   func ,g         1
  _SCF_WriteData
                                  ffc02cde        24   func ,g        11
FILE=.\UserSrc\Sensor.obj
                                  ffc02d02  ffc0398a       c89
  _SSR_Init
                                  ffc02d02       243   func ,g         3
  _SSR_TaskStartSensorGate
                                  ffc02f45         4   func ,g         1
  _SSR_TaskStopSensorGate
                                  ffc02f49         4   func ,g         1
  _SSR_TaskGetAnalogSensor
                                  ffc02f4d         7   func ,g         2
  _SSR_TaskStartReadGyro
                                  ffc02f54         4   func ,g         1
  _SSR_TaskCalcSensor
                                  ffc02f58        c2   func ,g         1
  _SSR_TaskCalcFilter
                                  ffc0301a       143   func ,g         1
  _SSR_TaskJudgeMarkerSensor
                                  ffc0315d       198   func ,g         1
  _SSR_CalibSensor
                                  ffc032f5       23d   func ,g         5
  _SSR_GetSensorData
                                  ffc03532        22   func ,g         6
  _SSR_GetPotentioData
                                  ffc03554         f   func ,g         0
  _SSR_SetPotentioData
                                  ffc03563         f   func ,g         1
  _SSR_GetGyroData
                                  ffc03572         f   func ,g         0
  _SSR_SetGyroData
                                  ffc03581         f   func ,g         0
  _SSR_GetMarkerState
                                  ffc03590        21   func ,g         8
  _SSR_GetCourceMarker
                                  ffc035b1        4f   func ,g         7
  _SSR_PrintAllSensor
                                  ffc03600        55   func ,g         2
  _st_SetSensorGateOn
                                  ffc03655         d   func ,l         1
  _st_SetSensorGateOff
                                  ffc03662         d   func ,l         2
  _st_ReadLineSensor
                                  ffc0366f        68   func ,l         2
  _st_ReadOtherSensor
                                  ffc036d7        3c   func ,l         1
  _st_ReadDarkSensor
                                  ffc03713         c   func ,l         1
  _st_ReadLightSensor
                                  ffc0371f         c   func ,l         1
  _st_CalcLineSensor
                                  ffc0372b        63   func ,l         1
  _st_CalcMarkerSensor
                                  ffc0378e        3e   func ,l         2
  _st_RegistResetCourceMarker
                                  ffc037cc        eb   func ,l         2
  _st_InitGyro
                                  ffc038b7        67   func ,l         1
  _st_StartReadGyro
                                  ffc0391e        11   func ,l         1
  _st_CommunicateGyro
                                  ffc0392f        45   func ,l         6
  _st_ParseGyro
                                  ffc03974        17   func ,l         1
FILE=.\UserSrc\Switch.obj
                                  ffc0398b  ffc03c7d       2f3
  _SWT_Init
                                  ffc0398b        a3   func ,g         6
  _SWT_CallCenter
                                  ffc03a2e        13   func ,g         1
  _SWT_CallRight
                                  ffc03a41        16   func ,g         1
  _SWT_CallLeft
                                  ffc03a57        16   func ,g         1
  _SWT_CallUp
                                  ffc03a6d        16   func ,g         1
  _SWT_CallDown
                                  ffc03a83        16   func ,g         1
  _SWT_ClearSwitchCount
                                  ffc03a99        34   func ,g         0
  _SWT_GetSwitch
                                  ffc03acd         c   func ,g         2
  _SWT_SetSwitch
                                  ffc03ad9        28   func ,g         0
  _SWT_GetCenterDecision
                                  ffc03b01        40   func ,g        19
  _st_CalcRL
                                  ffc03b41        7c   func ,l         3
  _st_CalcUD
                                  ffc03bbd        7c   func ,l         3
  _st_CalcDecision
                                  ffc03c39        45   func ,l         2
FILE=.\UserSrc\TaskTimer.obj
                                  ffc03c7e  ffc03e6b       1ee
  _TSK_Init
                                  ffc03c7e        2f   func ,g         1
  _TSK_Main
                                  ffc03cad       15c   func ,g         1
  _TSK_Start
                                  ffc03e09        11   func ,g        17
  _TSK_Stop
                                  ffc03e1a        11   func ,g         1
  _st_Task0
                                  ffc03e2b         5   func ,l         1
  _st_Task1
                                  ffc03e30         5   func ,l         1
  _st_Task2
                                  ffc03e35         5   func ,l         1
  _st_Task3
                                  ffc03e3a         5   func ,l         1
  _st_Task4
                                  ffc03e3f         5   func ,l         1
  _st_Task5
                                  ffc03e44         5   func ,l         1
  _st_Task6
                                  ffc03e49         1   func ,l         1
  _st_Task7
                                  ffc03e4a         1   func ,l         1
  _st_Task8
                                  ffc03e4b         1   func ,l         1
  _st_Task9
                                  ffc03e4c         5   func ,l         1
  _st_Task10_StartCalc
                                  ffc03e51         9   func ,l         1
  _st_Task10_StartComm
                                  ffc03e5a         d   func ,l         1
  _st_Task11
                                  ffc03e67         5   func ,l         1
FILE=.\UserSrc\Test.obj
                                  ffc03e6c  ffc046db       870
  _TST_TestMode
                                  ffc03e6c       17b   func ,g         1
  _st_SciTest
                                  ffc03fe7        52   func ,l         1
  _st_IrqTest
                                  ffc04039        70   func ,l         1
  _st_LedTest
                                  ffc040a9        df   func ,l         1
  _st_PwmTest
                                  ffc04188        bc   func ,l         1
  _st_BuzzerTest
                                  ffc04244        84   func ,l         1
  _st_IntBuzzerTest
                                  ffc042c8        94   func ,l         1
  _st_EncoderTest
                                  ffc0435c        5f   func ,l         1
  _st_SensorTest
                                  ffc043bb        2e   func ,l         1
  _st_GyroTest
                                  ffc043e9        2a   func ,l         1
  _st_CalibSensorTest
                                  ffc04413         5   func ,l         1
  _st_MarkerTest
                                  ffc04418        8e   func ,l         1
  _st_StraightTest
                                  ffc044a6        a1   func ,l         1
  _st_RotationTest
                                  ffc04547        ac   func ,l         1
  _st_AssertTest
                                  ffc045f3        97   func ,l         1
  _st_LogTest
                                  ffc0468a        52   func ,l         1
FILE=.\UserSrc\Tracer.obj
                                  ffc046dc  ffc04e65       78a
  _TRC_Init
                                  ffc046dc         1   func ,g         1
  _TRC_StartSearchMode
                                  ffc046dd       299   func ,g         1
  _TRC_StartDriveMode
                                  ffc04976       278   func ,g         1
  _TRC_StartDriveMode2
                                  ffc04bee       278   func ,g         1
FILE=.\src\cg_src\r_cg_cgc.obj
                                  ffc04e66  ffc04f0e        a9
  _R_CGC_Create
                                  ffc04e66        a9   func ,g         1
FILE=.\src\cg_src\r_cg_cmt.obj
                                  ffc04f0f  ffc04fcc        be
  _R_CMT0_Create
                                  ffc04f0f        34   func ,g         1
  _R_CMT0_Start
                                  ffc04f43        13   func ,g         1
  _R_CMT0_Stop
                                  ffc04f56        16   func ,g         0
  _R_CMT1_Create
                                  ffc04f6c        38   func ,g         1
  _R_CMT1_Start
                                  ffc04fa4        13   func ,g         5
  _R_CMT1_Stop
                                  ffc04fb7        16   func ,g         0
FILE=.\src\cg_src\r_cg_cmt_user.obj
                                  ffc04fcd  ffc04ff8        2c
  _r_cmt_cmi0_interrupt
                                  ffc04fcd         e   func ,l         0
  _r_cmt_cmi1_interrupt
                                  ffc04fdb        1e   func ,l         0
FILE=.\src\cg_src\r_cg_hardware_setup.obj
                                  ffc04ff9  ffc0509f        a7
  _R_Systeminit
                                  ffc04ff9        a3   func ,g         1
  _HardwareSetup
                                  ffc0509c         4   func ,g         1
FILE=.\src\cg_src\r_cg_icu.obj
                                  ffc050a0  ffc0525c       1bd
  _R_ICU_Create
                                  ffc050a0       16d   func ,g         1
  _R_ICU_IRQ5_Start
                                  ffc0520d         8   func ,g         2
  _R_ICU_IRQ5_Stop
                                  ffc05215         8   func ,g         1
  _R_ICU_IRQ6_Start
                                  ffc0521d         8   func ,g         2
  _R_ICU_IRQ6_Stop
                                  ffc05225         8   func ,g         1
  _R_ICU_IRQ7_Start
                                  ffc0522d         8   func ,g         2
  _R_ICU_IRQ7_Stop
                                  ffc05235         8   func ,g         1
  _R_ICU_IRQ8_Start
                                  ffc0523d         8   func ,g         2
  _R_ICU_IRQ8_Stop
                                  ffc05245         8   func ,g         1
  _R_ICU_IRQ9_Start
                                  ffc0524d         8   func ,g         2
  _R_ICU_IRQ9_Stop
                                  ffc05255         8   func ,g         1
FILE=.\src\cg_src\r_cg_icu_user.obj
                                  ffc0525d  ffc052ca        6e
  _r_icu_irq5_interrupt
                                  ffc0525d        16   func ,l         0
  _r_icu_irq6_interrupt
                                  ffc05273        16   func ,l         0
  _r_icu_irq7_interrupt
                                  ffc05289        16   func ,l         0
  _r_icu_irq8_interrupt
                                  ffc0529f        16   func ,l         0
  _r_icu_irq9_interrupt
                                  ffc052b5        16   func ,l         0
FILE=.\src\cg_src\r_cg_main.obj
                                  ffc052cb  ffc052fa        30
  _main
                                  ffc052cb         f   func ,g         1
  _R_MAIN_UserInit
                                  ffc052da        21   func ,l         1
FILE=.\src\cg_src\r_cg_mtu3.obj
                                  ffc052fb  ffc05718       41e
  _R_MTU3_Create
                                  ffc052fb       2a0   func ,g         1
  _R_MTU3_C0_Start
                                  ffc0559b         8   func ,g         1
  _R_MTU3_C0_Stop
                                  ffc055a3         8   func ,g         0
  _R_MTU3_C1_Start
                                  ffc055ab         8   func ,g         1
  _R_MTU3_C1_Stop
                                  ffc055b3         8   func ,g         0
  _R_MTU3_C2_Start
                                  ffc055bb         8   func ,g         1
  _R_MTU3_C2_Stop
                                  ffc055c3         8   func ,g         0
  _R_MTU3_C3_Start
                                  ffc055cb         8   func ,g         1
  _R_MTU3_C3_Stop
                                  ffc055d3         8   func ,g         0
  _R_MTU3_C4_Start
                                  ffc055db         8   func ,g         2
  _R_MTU3_C4_Stop
                                  ffc055e3         8   func ,g         0
  _R_MTU0_SetTGRA
                                  ffc055eb         d   func ,g         0
  _R_MTU0_GetTGRA
                                  ffc055f8        10   func ,g         0
  _R_MTU0_GetTGRB
                                  ffc05608        10   func ,g         0
  _R_MTU0_SetTGRC
                                  ffc05618         d   func ,g         2
  _R_MTU0_GetTGRC
                                  ffc05625        10   func ,g         0
  _R_MTU0_GetTGRD
                                  ffc05635        10   func ,g         1
  _R_MTU1_GetTcnt
                                  ffc05645        10   func ,g         1
  _R_MTU2_GetTcnt
                                  ffc05655        10   func ,g         1
  _R_MTU3_SetTGRA
                                  ffc05665         d   func ,g         0
  _R_MTU3_GetTGRA
                                  ffc05672        10   func ,g         0
  _R_MTU3_GetTGRB
                                  ffc05682        10   func ,g         0
  _R_MTU3_SetTGRC
                                  ffc05692         d   func ,g         2
  _R_MTU3_GetTGRC
                                  ffc0569f        10   func ,g         0
  _R_MTU3_GetTGRD
                                  ffc056af        10   func ,g         1
  _R_MTU4_SetTGRA
                                  ffc056bf         d   func ,g         2
  _R_MTU4_GetTGRA
                                  ffc056cc        10   func ,g         0
  _R_MTU4_GetTGRB
                                  ffc056dc        10   func ,g         1
  _R_MTU4_SetTGRC
                                  ffc056ec         d   func ,g         2
  _R_MTU4_GetTGRC
                                  ffc056f9        10   func ,g         0
  _R_MTU4_GetTGRD
                                  ffc05709        10   func ,g         1
FILE=.\src\cg_src\r_cg_port.obj
                                  ffc05719  ffc05920       208
  _R_PORT_Create
                                  ffc05719        7a   func ,g         1
  _R_PORT_SetP05
                                  ffc05793        1c   func ,g         0
  _R_PORT_SetP07
                                  ffc057af        18   func ,g         0
  _R_PORT_SetP14
                                  ffc057c7        1c   func ,g         2
  _R_PORT_SetPB0
                                  ffc057e3        19   func ,g         3
  _R_PORT_SetPB2
                                  ffc057fc        1b   func ,g         4
  _R_PORT_SetPB4
                                  ffc05817        1c   func ,g         2
  _R_PORT_SetPC0
                                  ffc05833        19   func ,g         4
  _R_PORT_SetPC1
                                  ffc0584c        1b   func ,g         4
  _R_PORT_SetPC2
                                  ffc05867        1b   func ,g         4
  _R_PORT_SetPC3
                                  ffc05882        1b   func ,g         4
  _R_PORT_SetPD0
                                  ffc0589d        19   func ,g         3
  _R_PORT_SetPD1
                                  ffc058b6        1b   func ,g         3
  _R_PORT_SetPE0
                                  ffc058d1        19   func ,g         3
  _R_PORT_SetPE3
                                  ffc058ea        1b   func ,g         3
  _R_PORT_SetPE4
                                  ffc05905        1c   func ,g         3
FILE=.\src\cg_src\r_cg_rspi.obj
                                  ffc05921  ffc05aff       1df
  _R_RSPI0_Create
                                  ffc05921       107   func ,g         1
  _R_RSPI0_Start
                                  ffc05a28        40   func ,g         1
  _R_RSPI0_Stop
                                  ffc05a68        2c   func ,g         0
  _R_RSPI0_Send_Receive
                                  ffc05a94        6c   func ,g         1
FILE=.\src\cg_src\r_cg_rspi_user.obj
                                  ffc05b00  ffc05c63       164
  _r_rspi0_transmit_interrupt
                                  ffc05b00        67   func ,l         0
  _r_rspi0_receive_interrupt
                                  ffc05b67        7f   func ,l         0
  _r_rspi0_error_interrupt
                                  ffc05be6        63   func ,g         1
  _r_rspi0_idle_interrupt
                                  ffc05c49        13   func ,g         1
  _r_rspi0_callback_transmitend
                                  ffc05c5c         1   func ,l         1
  _r_rspi0_callback_receiveend
                                  ffc05c5d         1   func ,l         1
  _r_rspi0_callback_error
                                  ffc05c5e         6   func ,l         1
FILE=.\src\cg_src\r_cg_s12ad.obj
                                  ffc05c64  ffc05ed6       273
  _R_S12AD0_Create
                                  ffc05c64       13e   func ,g         1
  _R_S12AD0_Start
                                  ffc05da2         c   func ,g         2
  _R_S12AD0_Stop
                                  ffc05dae         e   func ,g         0
  _R_S12AD0_Get_ValueResult
                                  ffc05dbc        e3   func ,g         6
  _R_S12AD0_Set_CompareValue
                                  ffc05e9f        19   func ,g         0
  _R_S12AD0_WaitAdcEnd
                                  ffc05eb8        1f   func ,g         2
FILE=.\src\cg_src\r_cg_sbrk.obj
                                  ffc05ed7  ffc05f13        3d
  _sbrk
                                  ffc05ed7        3d   func ,g         1
FILE=.\src\cg_src\r_cg_sci.obj
                                  ffc05f14  ffc060cb       1b8
  _R_SCI2_Create
                                  ffc05f14        99   func ,g         1
  _R_SCI2_Start
                                  ffc05fad        33   func ,g         1
  _R_SCI2_Stop
                                  ffc05fe0        56   func ,g         0
  _R_SCI2_Serial_Receive
                                  ffc06036        48   func ,g         0
  _R_SCI2_Serial_Send
                                  ffc0607e        4e   func ,g         1
FILE=.\src\cg_src\r_cg_sci_user.obj
                                  ffc060cc  ffc061c7        fc
  _r_sci2_transmit_interrupt
                                  ffc060cc        4d   func ,l         0
  _r_sci2_transmitend_interrupt
                                  ffc06119        28   func ,g         1
  _r_sci2_receive_interrupt
                                  ffc06141        60   func ,l         0
  _r_sci2_receiveerror_interrupt
                                  ffc061a1        25   func ,g         1
  _r_sci2_callback_transmitend
                                  ffc061c6         1   func ,l         1
  _r_sci2_callback_receiveend
                                  ffc061c7         1   func ,l         1
FILE=sinf
                                  ffc061c8  ffc06206        3f
  _sinl
                                  ffc061c8         2   func ,g         0
  _sin
                                  ffc061ca         2   func ,g         1
  _sinf
                                  ffc061cc        3b   func ,g         2
FILE=sprintf
                                  ffc06207  ffc0623d        37
  _prout
                                  ffc06207         b   func ,l         1
  _sprintf
                                  ffc06212        2c   func ,g        13
FILE=__initsct
                                  ffc0623e  ffc06287        4a
  __INITSCT
                                  ffc0623e         0   none ,g         1
  loop1
                                  ffc06250         0   none ,l         1
  next_loop1
                                  ffc0625e         0   none ,l         2
  loop3
                                  ffc06270         0   none ,l         1
  next_loop3
                                  ffc06281         0   none ,l         2
FILE=sincosfsub
                                  ffc06288  ffc0636f        e8
  ___poly_sinf
                                  ffc06288        31   func ,g         3
  ___poly_cosf
                                  ffc062b9        28   func ,g         2
  _poly_cosfn
                                  ffc062e1         7   func ,l         1
  _poly_sinfn
                                  ffc062e8         5   func ,l         1
  _sincosf_special
                                  ffc062ed        33   func ,l         1
  ___internal_sincosf
                                  ffc06320        50   func ,g         3
FILE=xprintf
                                  ffc06370  ffc065d5       266
  __Printf
                                  ffc06370       266   func ,g         1
FILE=fmodf
                                  ffc065d6  ffc06607        32
  _fmodl
                                  ffc065d6         2   func ,g         0
  _fmod
                                  ffc065d8         2   func ,g         1
  _fmodf
                                  ffc065da        2e   func ,g         2
FILE=nanfval
                                  ffc06608  ffc0660e         7
  ___nanf_value
                                  ffc06608         7   func ,g         1
FILE=xputfld
                                  ffc0660f  ffc06aa5       497
  __Putfld
                                  ffc0660f       497   func ,g         1
FILE=xvacopy
                                  ffc06aa6  ffc06aad         8
  __Vacopy
                                  ffc06aa6         8   func ,g         2
FILE=xputtxt
                                  ffc06aae  ffc06d92       2e5
  __Puttxt
                                  ffc06aae       2e5   func ,g         3
FILE=strchr
                                  ffc06d93  ffc06da8        16
  _strchr
                                  ffc06d93        16   func ,g         2
FILE=xctype
                                  ffc06da9  ffc06dbe        16
  __Getpctype
                                  ffc06da9        16   func ,g         0
FILE=_i_fmds
                                  ffc06dbf  ffc06e96        d8
  __in_fmods
                                  ffc06dbf        d8   func ,g         1
FILE=xldtob
                                  ffc06e97  ffc072cd       437
  __Ldtob
                                  ffc06e97       437   func ,g         1
FILE=xputstr
                                  ffc072ce  ffc073ad        e0
  __Putstr
                                  ffc072ce        e0   func ,g         1
FILE=xlitob
                                  ffc073ae  ffc074c5       118
  __Litob
                                  ffc073ae       118   func ,g         1
FILE=xgenld
                                  ffc074c6  ffc07773       2ae
  __Genld
                                  ffc074c6       2ae   func ,g         1
FILE=xwctomb
                                  ffc07774  ffc078cb       158
  __Wctombx
                                  ffc07774       112   func ,g         1
  __Wctomb
                                  ffc07886        46   func ,g         1
FILE=xstate
                                  ffc078cc  ffc078fd        32
  __Getmbcurmax
                                  ffc078cc        16   func ,g         2
  __Getpmbstate
                                  ffc078e2        1c   func ,g         0
FILE=xldscale
                                  ffc078fe  ffc07901         4
  __LDscale
                                  ffc078fe         4   func ,g         1
FILE=xldunsca
                                  ffc07902  ffc07905         4
  __LDunscale
                                  ffc07902         4   func ,g         1
FILE=__COM_DIV64u
                                  ffc07906  ffc0799e        99
  __COM_DIV64u
                                  ffc07906         0   none ,g         2
  _Loop_Init
                                  ffc07910         0   none ,l         2
  _Loop
                                  ffc07918         0   none ,l         1
  _DivStart
                                  ffc07924         0   none ,l         3
  _Success
                                  ffc07932         0   none ,l         1
  _DivEnd
                                  ffc0793e         0   none ,l         0
  IXI6DIV
                                  ffc07943         0   none ,l         1
  IXI4DIV
                                  ffc07955         0   none ,l         1
  IXI2DIV
                                  ffc07965         0   none ,l         1
  I8I2DIV
                                  ffc0796d         0   none ,l         1
  I4I2DIV
                                  ffc0799b         0   none ,l         1
  _i8divU_End
                                  ffc0799e         0   none ,l         0
FILE=__COM_MOD64u
                                  ffc0799f  ffc07a25        87
  __COM_MOD64u
                                  ffc0799f         0   none ,g         1
  _Loop_Init
                                  ffc079a9         0   none ,l         2
  _Loop
                                  ffc079ad         0   none ,l         1
  _DivStart
                                  ffc079b9         0   none ,l         3
  _Success
                                  ffc079c7         0   none ,l         1
  _DivEnd
                                  ffc079cf         0   none ,l         0
  IXI6DIV
                                  ffc079d0         0   none ,l         1
  IXI4DIV
                                  ffc079e2         0   none ,l         1
  IXI2DIV
                                  ffc079f2         0   none ,l         1
  I8I2DIV
                                  ffc079fa         0   none ,l         1
  I4I2DIV
                                  ffc07a1a         0   none ,l         1
FILE=_div
                                  ffc07a26  ffc07a31         c
  _ldiv
                                  ffc07a26         0   none ,g         1
  _div
                                  ffc07a26         0   none ,g         1
FILE=free
                                  ffc07a32  ffc07ab4        83
  _free
                                  ffc07a32        83   func ,g         2
FILE=malloc
                                  ffc07ab5  ffc07b92        de
  _findmem
                                  ffc07ab5        7b   func ,l         1
  _malloc
                                  ffc07b30        63   func ,g         1
FILE=localeco
                                  ffc07b93  ffc07b99         7
  _localeconv
                                  ffc07b93         7   func ,g         1
FILE=xwcstate
                                  ffc07b9a  ffc07bb5        1c
  __Getpwcstate
                                  ffc07b9a        1c   func ,g         0
FILE=xfdscale
                                  ffc07bb6  ffc07cd6       121
  __FDscale
                                  ffc07bb6       121   func ,g         1
FILE=xfdunsca
                                  ffc07cd7  ffc07d31        5b
  __FDunscale
                                  ffc07cd7        5b   func ,g         1
FILE=xgetmem
                                  ffc07d32  ffc07d4c        1b
  __Getmem
                                  ffc07d32        1b   func ,g         1
FILE=xfdnorm
                                  ffc07d4d  ffc07dcb        7f
  __FDnorm
                                  ffc07d4d        7f   func ,g         2

SECTION=EXCEPTVECT
FILE=.\src\cg_src\r_cg_vecttbl.obj
                                  ffffff80  fffffffb        7c
  _Excpt_Vectors
                                  ffffff80        7c   data ,g         0

SECTION=RESETVECT
FILE=.\src\cg_src\r_cg_vecttbl.obj
                                  fffffffc  ffffffff         4
  _Reset_Vectors
                                  fffffffc         4   data ,g         0

*** Unfilled Areas ***

AREA                                START    END

*** Delete Symbols ***

SYMBOL                                SIZE    INFO
