Renesas Optimizing Linker (W2.04.00 )             20-Oct-2018 01:41:48

*** Options ***

-subcommand=LinkerSubCommand.tmp
-input="./UserSrc/Buzzer.obj"
-input="./UserSrc/ControlAngularVelocity.obj"
-input="./UserSrc/ControlSensorAngle.obj"
-input="./UserSrc/ControlVelocity.obj"
-input="./UserSrc/DriveAssert.obj"
-input="./UserSrc/FunctionTimer.obj"
-input="./UserSrc/Led.obj"
-input="./UserSrc/Log.obj"
-input="./UserSrc/Mode.obj"
-input="./UserSrc/SciFifo.obj"
-input="./UserSrc/Sensor.obj"
-input="./UserSrc/Switch.obj"
-input="./UserSrc/TaskTimer.obj"
-input="./UserSrc/Test.obj"
-input="./UserSrc/Tracer.obj"
-input="./src/cg_src/r_cg_cgc.obj"
-input="./src/cg_src/r_cg_cgc_user.obj"
-input="./src/cg_src/r_cg_cmt.obj"
-input="./src/cg_src/r_cg_cmt_user.obj"
-input="./src/cg_src/r_cg_dbsct.obj"
-input="./src/cg_src/r_cg_hardware_setup.obj"
-input="./src/cg_src/r_cg_icu.obj"
-input="./src/cg_src/r_cg_icu_user.obj"
-input="./src/cg_src/r_cg_intprg.obj"
-input="./src/cg_src/r_cg_main.obj"
-input="./src/cg_src/r_cg_mtu3.obj"
-input="./src/cg_src/r_cg_mtu3_user.obj"
-input="./src/cg_src/r_cg_port.obj"
-input="./src/cg_src/r_cg_port_user.obj"
-input="./src/cg_src/r_cg_resetprg.obj"
-input="./src/cg_src/r_cg_rspi.obj"
-input="./src/cg_src/r_cg_rspi_user.obj"
-input="./src/cg_src/r_cg_s12ad.obj"
-input="./src/cg_src/r_cg_s12ad_user.obj"
-input="./src/cg_src/r_cg_sbrk.obj"
-input="./src/cg_src/r_cg_sci.obj"
-input="./src/cg_src/r_cg_sci_user.obj"
-input="./src/cg_src/r_cg_vecttbl.obj"
-start=SU,SI,B_1,R_1,B_2,R_2,B,R/04,PResetPRG,C_1,C_2,C,C$*,D*,W*,L,PIntPRG,P/0FFC00000,EXCEPTVECT/0FFFFFF80,RESETVECT/0FFFFFFFC
-library=C:\Users\shuuichi\OneDrive\Robomech\ROBOTR~1\2018\program\VERDIR~1\HARDWA~2\VerdiRT17_RX64M.lib
-noprelink
-list=VerdiRT17_RX64M.map
-show
-nooptimize
-debug
-output=C:\Users\shuuichi\OneDrive\Robomech\Robotrace\2018\program\VerdiRT17_RX64M\HardwareDebug\VerdiRT17_RX64M.abs
-rom=D=R,D_1=R_1,D_2=R_2
-nocompress
-nomessage
-nologo

*** Error information ***

*** Mapping List ***

SECTION                            START      END         SIZE   ALIGN

SU
                                  00000004  00000103       100   4
SI
                                  00000104  00000403       300   4
B_1
                                  00000404  0000042d        2a   1
R_1
                                  0000042e  0000047e        51   1
B_2
                                  00000480  000008d3       454   2
R_2
                                  000008d4  000008d4         0   1
B
                                  000008d4  00000b77       2a4   4
R
                                  00000b78  00000dfb       284   4
$ADDR_C_120040
                                  00120040  00120043         4   1
$ADDR_C_120048
                                  00120048  0012004b         4   1
$ADDR_C_120050
                                  00120050  0012006f        20   1
PResetPRG
                                  ffc00000  ffc0003d        3e   1
C_1
                                  ffc0003e  ffc0010f        d2   1
C_2
                                  ffc00110  ffc00311       202   2
C
                                  ffc00314  ffc003c7        b4   4
C$DSEC
                                  ffc003c8  ffc003eb        24   4
C$BSEC
                                  ffc003ec  ffc00403        18   4
C$INIT
                                  ffc00404  ffc00404         0   1
C$VECT
                                  ffc00404  ffc00803       400   4
C$VTBL
                                  ffc00804  ffc00804         0   1
D
                                  ffc00804  ffc00a87       284   4
D_1
                                  ffc00a88  ffc00ad8        51   1
D_2
                                  ffc00ad9  ffc00ad9         0   1
W
                                  ffc00adc  ffc00adc         0   4
W_1
                                  ffc00adc  ffc00adc         0   1
W_2
                                  ffc00adc  ffc00b29        4e   2
L
                                  ffc00b2c  ffc00c30       105   4
PIntPRG
                                  ffc00c31  ffc00ca8        78   1
P
                                  ffc00ca9  ffc05fa8      5300   1
EXCEPTVECT
                                  ffffff80  fffffffb        7c   4
RESETVECT
                                  fffffffc  ffffffff         4   4

*** Symbol List ***

SECTION=
FILE=                               START        END    SIZE
  SYMBOL                            ADDR        SIZE    INFO      COUNTS  OPT

SECTION=SU
FILE=.\src\cg_src\r_cg_resetprg.obj
                                  00000004  00000103       100

SECTION=SI
FILE=.\src\cg_src\r_cg_resetprg.obj
                                  00000104  00000403       300

SECTION=B_1
FILE=.\UserSrc\Sensor.obj
                                  00000404  00000418        15
  _st_SendBuf
                                  00000404        14   data ,l         2
  _st_SensorCalibFlag
                                  00000418         1   data ,l         6
FILE=.\UserSrc\Test.obj
                                  00000419  0000042d        15
  _st_SendBuf
                                  00000419        14   data ,l        14
  _st_BufSize
                                  0000042d         1   data ,l        14

SECTION=R_1
FILE=xfiles
                                  0000042e  0000047d        50
  _ebuf
                                  0000042e        50   data ,l         5
FILE=xstate
                                  0000047e  0000047e         1
  __Mbcurmax
                                  0000047e         1   data ,g         1

SECTION=B_2
FILE=.\UserSrc\ControlAngularVelocity.obj
                                  00000480  0000048d         e
  _st_SensorData
                                  00000480         e   data ,l         2
FILE=.\UserSrc\ControlSensorAngle.obj
                                  0000048e  0000049b         e
  _st_SensorData
                                  0000048e         e   data ,l         3
FILE=.\UserSrc\Sensor.obj
                                  0000049c  000004c7        2c
  _st_LineSensor
                                  0000049c        18   data ,l         c
  _st_InstantMax
                                  000004b4         8   data ,l        10
  _st_InstantMin
                                  000004bc         8   data ,l        14
  _st_SensorCalibMax
                                  000004c4         2   data ,l         9
  _st_SensorCalibMin
                                  000004c6         2   data ,l         9
FILE=.\src\cg_src\r_cg_rspi.obj
                                  000004c8  000004cd         6
  _g_rspi0_tx_count
                                  000004c8         2   data ,g         3
  _g_rspi0_rx_count
                                  000004ca         2   data ,g         4
  _g_rspi0_rx_length
                                  000004cc         2   data ,g         3
FILE=.\src\cg_src\r_cg_sbrk.obj
                                  000004ce  000008cd       400
  _heap_area
                                  000004ce       400   data ,l         2
FILE=.\src\cg_src\r_cg_sci.obj
                                  000008ce  000008d3         6
  _g_sci2_tx_count
                                  000008ce         2   data ,g         3
  _g_sci2_rx_count
                                  000008d0         2   data ,g         4
  _g_sci2_rx_length
                                  000008d2         2   data ,g         3

SECTION=B
FILE=.\UserSrc\Buzzer.obj
                                  000008d4  000008df         c
  _st_BeepCount
                                  000008d4         4   data ,l         5
  _st_TaskCounter
                                  000008d8         4   data ,l         5
  _st_TaskInterval
                                  000008dc         4   data ,l         3
FILE=.\UserSrc\ControlAngularVelocity.obj
                                  000008e0  00000937        58
  _st_BodyOmega
                                  000008e0         4   data ,l         2
  _st_VirtualGeometry
                                  000008e4         c   data ,l         7
  _st_Controller
                                  000008f0        48   data ,l        30
FILE=.\UserSrc\ControlSensorAngle.obj
                                  00000938  00000987        50
  _st_Theta
                                  00000938        4c   data ,l        1d
  _st_PotentioTheta
                                  00000984         4   data ,l         3
FILE=.\UserSrc\ControlVelocity.obj
                                  00000988  000009e3        5c
  _st_Encoder
                                  00000988        14   data ,l        12
  _st_Controller
                                  0000099c        48   data ,l        2f
FILE=.\UserSrc\FunctionTimer.obj
                                  000009e4  00000a13        30
  _st_BuzzerDuty
                                  000009e4         c   data ,l         9
  _st_RightMotorDuty
                                  000009f0         c   data ,l         c
  _st_LeftMotorDuty
                                  000009fc         c   data ,l         c
  _st_SensorMotorDuty
                                  00000a08         c   data ,l         a
FILE=.\UserSrc\Mode.obj
                                  00000a14  00000a1f         c
  _st_Swt
                                  00000a14         4   data ,l         2
  _st_ModeKind
                                  00000a18         4   data ,l         5
  _st_Decision
                                  00000a1c         4   data ,l         4
FILE=.\UserSrc\Sensor.obj
                                  00000a20  00000aef        d0
  _st_SensorData
                                  00000a20        b0   data ,l        3f
  _st_Tx
                                  00000ad0         8   data ,l         5
  _st_Rx
                                  00000ad8         8   data ,l         5
  _st_LineCoefficient
                                  00000ae0        10   data ,l         c
FILE=.\UserSrc\Switch.obj
                                  00000af0  00000b27        38
  _st_Swt
                                  00000af0        1c   data ,l        22
  _st_udMin
                                  00000b0c         4   data ,l         4
  _st_udMax
                                  00000b10         4   data ,l         4
  _st_rlMin
                                  00000b14         4   data ,l         4
  _st_rlMax
                                  00000b18         4   data ,l         4
  _st_Decision
                                  00000b1c         c   data ,l         9
FILE=.\UserSrc\TaskTimer.obj
                                  00000b28  00000b57        30
  _st_TaskState
                                  00000b28         4   data ,l         c
  _st_TaskSchedule
                                  00000b2c        2c   data ,l        10
FILE=.\UserSrc\Test.obj
                                  00000b58  00000b63         c
  _st_Swt
                                  00000b58         4   data ,l        10
  _st_ModeLevel
                                  00000b5c         4   data ,l         4
  _st_Decision
                                  00000b60         4   data ,l        33
FILE=.\src\cg_src\r_cg_rspi.obj
                                  00000b64  00000b6b         8
  _gp_rspi0_tx_address
                                  00000b64         4   data ,g         3
  _gp_rspi0_rx_address
                                  00000b68         4   data ,g         3
FILE=.\src\cg_src\r_cg_sci.obj
                                  00000b6c  00000b73         8
  _gp_sci2_tx_address
                                  00000b6c         4   data ,g         3
  _gp_sci2_rx_address
                                  00000b70         4   data ,g         3
FILE=_errno
                                  00000b74  00000b77         4
  __errno
                                  00000b74         4   data ,g         3

SECTION=R
FILE=.\src\cg_src\r_cg_sbrk.obj
                                  00000b78  00000b7b         4
  _brk
                                  00000b78         4   data ,l         3
FILE=sincosfsub
                                  00000b7c  00000bb7        3c
  _sinf_coeff
                                  00000b7c        10   data ,l         1
  _cosf_coeff
                                  00000b8c        10   data ,l         1
  _pi4ptr_table
                                  00000b9c         c   data ,l         1
  _sub_table
                                  00000ba8        10   data ,l         1
FILE=xprintf
                                  00000bb8  00000bbb         4
  _stderr
                                  00000bb8         4   data ,g         0
FILE=xfiles
                                  00000bbc  00000c93        d8
  __Stdin
                                  00000bbc        48   data ,g         7
  __Stdout
                                  00000c04        48   data ,g         7
  __Stderr
                                  00000c4c        48   data ,g         3
FILE=xctype
                                  00000c94  00000c9b         8
  __Ctype
                                  00000c94         4   data ,g         2
  __Tls_setup__Ctype
                                  00000c98         4   data ,g         1
FILE=xstate
                                  00000c9c  00000ce3        48
  __Tls_setup__Mbcurmax
                                  00000c9c         4   data ,g         1
  __Mbstate
                                  00000ca0        40   data ,g         2
  __Tls_setup__Mbstate
                                  00000ce0         4   data ,g         2
FILE=malloc
                                  00000ce4  00000ceb         8
  __Aldata
                                  00000ce4         8   data ,g         3
FILE=localeco
                                  00000cec  00000d3f        54
  __Locale
                                  00000cec        50   data ,g         1
  __Tls_setup__Locale
                                  00000d3c         4   data ,g         0
FILE=xwcstate
                                  00000d40  00000d83        44
  __Wcstate
                                  00000d40        40   data ,g         2
  __Tls_setup__Wcstate
                                  00000d80         4   data ,g         2
FILE=xfvalues
                                  00000d84  00000dfb        78
  __FDenorm
                                  00000d84        10   data ,g         0
  __FEps
                                  00000d94        10   data ,g         0
  __FHugeval
                                  00000da4        10   data ,g         0
  __FInf
                                  00000db4        10   data ,g         1
  __FNan
                                  00000dc4        10   data ,g         0
  __FSnan
                                  00000dd4        10   data ,g         0
  __FRteps
                                  00000de4        10   data ,g         0
  __FXbig
                                  00000df4         4   data ,g         0
  __FZero
                                  00000df8         4   data ,g         0

SECTION=$ADDR_C_120040
FILE=.\src\cg_src\r_cg_vecttbl.obj
                                  00120040  00120043         4
  ___SPCCreg
                                  00120040         4   data ,g         0

SECTION=$ADDR_C_120048
FILE=.\src\cg_src\r_cg_vecttbl.obj
                                  00120048  0012004b         4
  ___TMEFreg
                                  00120048         4   data ,g         0

SECTION=$ADDR_C_120050
FILE=.\src\cg_src\r_cg_vecttbl.obj
                                  00120050  0012006f        20
  ___OSISreg
                                  00120050        10   data ,g         0
  ___TMINFreg
                                  00120060         4   data ,g         0
  ___MDEreg
                                  00120064         4   data ,g         0
  ___OFS0reg
                                  00120068         4   data ,g         0
  ___OFS1reg
                                  0012006c         4   data ,g         0

SECTION=PResetPRG
FILE=.\src\cg_src\r_cg_resetprg.obj
                                  ffc00000  ffc0003d        3e
  _PowerON_Reset_PC
                                  ffc00000        3e   entry,g         1

SECTION=C_1
FILE=xprintf
                                  ffc0003e  ffc00047         a
  _fchar$1
                                  ffc0003e         a   data ,l         1
FILE=xputtxt
                                  ffc00048  ffc000ec        a5
  _spaces
                                  ffc00048        21   data ,l         1
  _zeroes
                                  ffc00069        21   data ,l         1
  _asterisk
                                  ffc0008a        21   data ,l         1
  _plus
                                  ffc000ab        21   data ,l         1
  _minus
                                  ffc000cc        21   data ,l         1
FILE=xlitob
                                  ffc000ed  ffc0010e        22
  _ldigs
                                  ffc000ed        11   data ,l         1
  _udigs
                                  ffc000fe        11   data ,l         1
FILE=localeco
                                  ffc0010f  ffc0010f         1
  _null
                                  ffc0010f         1   data ,l         d

SECTION=C_2
FILE=xctype
                                  ffc00110  ffc00311       202
  _ctyp_tab
                                  ffc00110       202   data ,l         1

SECTION=C
FILE=.\src\cg_src\r_cg_dbsct.obj
                                  ffc00314  ffc00347        34
  __CTBL
                                  ffc00314        34   data ,g         0
FILE=xprintf
                                  ffc00348  ffc0035f        18
  _fbit$2
                                  ffc00348        18   data ,l         1
FILE=xldtob
                                  ffc00360  ffc00377        18
  _pows
                                  ffc00360        18   data ,l         1
FILE=floatval
                                  ffc00378  ffc0039f        28
  __FLT_MAX_VAL
                                  ffc00378         0   none ,g         1
  __FLT_MIN_VAL
                                  ffc0037c         0   none ,g         0
  __DBL_MAX_VAL
                                  ffc00380         0   none ,g         0
  __DBL_MIN_VAL
                                  ffc00388         0   none ,g         0
  __LDBL_MAX_VAL
                                  ffc00390         0   none ,g         0
  __LDBL_MIN_VAL
                                  ffc00398         0   none ,g         0
FILE=_const
                                  ffc003a0  ffc003c3        24
  __IFNAND
                                  ffc003a0         0   none ,g         0
  __IFINFD
                                  ffc003a8         0   none ,g         0
  __NIFINFD
                                  ffc003b0         0   none ,g         0
  __IFNANS
                                  ffc003b8         0   none ,g         1
  __IFINFS
                                  ffc003bc         0   none ,g         0
  __NIFINFS
                                  ffc003c0         0   none ,g         0
FILE=_sbrk_si
                                  ffc003c4  ffc003c7         4
  __sbrk_size
                                  ffc003c4         4   data ,g         1

SECTION=C$DSEC
FILE=.\src\cg_src\r_cg_dbsct.obj
                                  ffc003c8  ffc003eb        24
  __DTBL
                                  ffc003c8        24   data ,g         0

SECTION=C$BSEC
FILE=.\src\cg_src\r_cg_dbsct.obj
                                  ffc003ec  ffc00403        18
  __BTBL
                                  ffc003ec        18   data ,g         0

SECTION=C$VECT
FILE=.\src\cg_src\r_cg_dbsct.obj
                                  ffc00404  ffc00803       400

SECTION=D
FILE=.\src\cg_src\r_cg_sbrk.obj
                                  ffc00804  ffc00807         4
FILE=sincosfsub
                                  ffc00808  ffc00843        3c
FILE=xprintf
                                  ffc00844  ffc00847         4
FILE=xfiles
                                  ffc00848  ffc0091f        d8
FILE=xctype
                                  ffc00920  ffc00927         8
FILE=xstate
                                  ffc00928  ffc0096f        48
FILE=malloc
                                  ffc00970  ffc00977         8
FILE=localeco
                                  ffc00978  ffc009cb        54
FILE=xwcstate
                                  ffc009cc  ffc00a0f        44
FILE=xfvalues
                                  ffc00a10  ffc00a87        78

SECTION=D_1
FILE=xfiles
                                  ffc00a88  ffc00ad7        50
FILE=xstate
                                  ffc00ad8  ffc00ad8         1

SECTION=W_2
FILE=.\UserSrc\Led.obj
                                  ffc00adc  ffc00afb        20
FILE=.\UserSrc\TaskTimer.obj
                                  ffc00afc  ffc00b0f        14
FILE=.\UserSrc\Test.obj
                                  ffc00b10  ffc00b29        1a

SECTION=L
FILE=.\UserSrc\Sensor.obj
                                  ffc00b2c  ffc00b65        3a
FILE=.\UserSrc\Test.obj
                                  ffc00b68  ffc00bf1        8a
FILE=xprintf
                                  ffc00bf4  ffc00bfa         7
FILE=xldtob
                                  ffc00bfc  ffc00c1d        22
FILE=xgenld
                                  ffc00c20  ffc00c21         2
FILE=localeco
                                  ffc00c24  ffc00c30         d

SECTION=PIntPRG
FILE=.\src\cg_src\r_cg_intprg.obj
                                  ffc00c31  ffc00ca8        78
  _r_undefined_exception
                                  ffc00c31         2   func ,g         3
  _r_reserved_exception
                                  ffc00c33         2   func ,g        1b
  _r_nmi_exception
                                  ffc00c35         2   func ,g         1
  _r_brk_exception
                                  ffc00c37         2   func ,g         0
  _r_icu_group_be0_interrupt
                                  ffc00c39         2   func ,g         0
  _r_icu_group_bl0_interrupt
                                  ffc00c3b        35   func ,g         0
  _r_icu_group_bl1_interrupt
                                  ffc00c70         2   func ,g         0
  _r_icu_group_al0_interrupt
                                  ffc00c72        35   func ,g         0
  _r_icu_group_al1_interrupt
                                  ffc00ca7         2   func ,g         0

SECTION=P
FILE=.\UserSrc\Buzzer.obj
                                  ffc00ca9  ffc00d56        ae
  _BZR_Init
                                  ffc00ca9        26   func ,g         1
  _BZR_BuzzerOn
                                  ffc00ccf         b   func ,g         2
  _BZR_BuzzerOff
                                  ffc00cda         7   func ,g         2
  _BZR_SetBeepCount
                                  ffc00ce1        22   func ,g         7
  _BZR_BuzzerTask
                                  ffc00d03        54   func ,g         1
FILE=.\UserSrc\ControlAngularVelocity.obj
                                  ffc00d57  ffc0104d       2f7
  _CAV_Init
                                  ffc00d57        f3   func ,g         0
  _CAV_SetTargetUpAccel
                                  ffc00e4a         e   func ,g         1
  _CAV_SetTargetDownAccel
                                  ffc00e58         e   func ,g         1
  _CAV_SetTarget
                                  ffc00e66        51   func ,g         1
  _CAV_ControlTask
                                  ffc00eb7        13   func ,g         1
  _st_CalcTarget
                                  ffc00eca        52   func ,l         1
  _st_CalcGyro
                                  ffc00f1c        25   func ,l         1
  _st_UpdateTarget
                                  ffc00f41        3d   func ,l         1
  _st_CalcError
                                  ffc00f7e        b3   func ,l         1
  _st_CalcGain
                                  ffc01031         1   func ,l         1
  _st_AddMotorDuty
                                  ffc01032        1c   func ,l         1
FILE=.\UserSrc\ControlSensorAngle.obj
                                  ffc0104e  ffc01278       22b
  _CSA_Init
                                  ffc0104e        c8   func ,g         1
  _CSA_StartSensorMotor
                                  ffc01116         d   func ,g         2
  _CSA_StopSensorMotor
                                  ffc01123         d   func ,g         0
  _CSA_ControlSensorTask
                                  ffc01130        9f   func ,g         1
  _CSA_GetSensorTheta
                                  ffc011cf         e   func ,g         1
  _st_CalcSensorAngle
                                  ffc011dd        1c   func ,l         1
  _st_DriveSensorMotor
                                  ffc011f9        28   func ,l         1
  _st_SetDriveCw
                                  ffc01221        2c   func ,l         1
  _st_SetDriveCcw
                                  ffc0124d        2c   func ,l         1
FILE=.\UserSrc\ControlVelocity.obj
                                  ffc01279  ffc015ad       335
  _CVL_Init
                                  ffc01279       120   func ,g         0
  _CVL_SetTargetUpAccel
                                  ffc01399         e   func ,g         1
  _CVL_SetTargetDownAccel
                                  ffc013a7         e   func ,g         1
  _CVL_SetTarget
                                  ffc013b5        51   func ,g         1
  _CVL_ControlTask
                                  ffc01406        10   func ,g         1
  _CVL_GetVelocity
                                  ffc01416         e   func ,g         1
  _st_CalcEncoder
                                  ffc01424        7f   func ,l         1
  _st_UpdateTarget
                                  ffc014a3        3d   func ,l         1
  _st_CalcError
                                  ffc014e0        b4   func ,l         1
  _st_CalcGain
                                  ffc01594         1   func ,l         1
  _st_SetMotorDuty
                                  ffc01595        19   func ,l         1
FILE=.\UserSrc\DriveAssert.obj
                                  ffc015ae  ffc015af         2
  _DAS_Init
                                  ffc015ae         1   func ,g         0
  _DAS_AssertTask
                                  ffc015af         1   func ,g         1
FILE=.\UserSrc\FunctionTimer.obj
                                  ffc015b0  ffc0186f       2c0
  _FTR_Init
                                  ffc015b0        b9   func ,g         1
  _FTR_StartBuzzerTimer
                                  ffc01669         5   func ,g         1
  _FTR_SetBuzzerDuty
                                  ffc0166e        55   func ,g         2
  _FTR_StartRightEncoderTimer
                                  ffc016c3         5   func ,g         1
  _FTR_GetRightEncoderCount
                                  ffc016c8         e   func ,g         2
  _FTR_StartLeftEncoderTimer
                                  ffc016d6         5   func ,g         1
  _FTR_GetLeftEncoderCount
                                  ffc016db         e   func ,g         2
  _FTR_StartRightMotorTimer
                                  ffc016e9         5   func ,g         1
  _FTR_SetRightMotorDuty
                                  ffc016ee        51   func ,g         3
  _FTR_AddRightMotorDuty
                                  ffc0173f        1e   func ,g         1
  _FTR_GetRightMotorDuty
                                  ffc0175d        13   func ,g         0
  _FTR_StartLeftMotorTimer
                                  ffc01770         5   func ,g         1
  _FTR_SetLeftMotorDuty
                                  ffc01775        57   func ,g         3
  _FTR_AddLeftMotorDuty
                                  ffc017cc        1e   func ,g         1
  _FTR_GetLeftMotorDuty
                                  ffc017ea        13   func ,g         0
  _FTR_StartSensorMotorTimer
                                  ffc017fd         5   func ,g         3
  _FTR_SetSensorMotorDuty
                                  ffc01802        5b   func ,g         3
  _FTR_GetSensorMotorDuty
                                  ffc0185d        13   func ,g         0
FILE=.\UserSrc\Led.obj
                                  ffc01870  ffc01ab1       242
  _LED_binaryOn
                                  ffc01870       181   func ,g         3
  _LED_AllOff
                                  ffc019f1        15   func ,g         1
  _LED_On
                                  ffc01a06        56   func ,g        23
  _LED_Off
                                  ffc01a5c        56   func ,g        27
FILE=.\UserSrc\Log.obj
                                  ffc01ab2  ffc01ab2         1
  _LOG_Init
                                  ffc01ab2         1   func ,g         0
FILE=.\UserSrc\Mode.obj
                                  ffc01ab3  ffc01b65        b3
  _MDE_InitMode
                                  ffc01ab3         e   func ,g         1
  _MDE_SelectMode
                                  ffc01ac1        a5   func ,g         1
FILE=.\UserSrc\SciFifo.obj
                                  ffc01b66  ffc01b8e        29
  _SCF_Init
                                  ffc01b66         5   func ,g         1
  _SCF_WriteData
                                  ffc01b6b        24   func ,g         b
FILE=.\UserSrc\Sensor.obj
                                  ffc01b8f  ffc024d7       949
  _SSR_Init
                                  ffc01b8f       1d7   func ,g         3
  _SSR_TaskStartSensorGate
                                  ffc01d66         4   func ,g         1
  _SSR_TaskStopSensorGate
                                  ffc01d6a         4   func ,g         1
  _SSR_TaskGetAnalogSensor
                                  ffc01d6e         7   func ,g         2
  _SSR_TaskStartReadGyro
                                  ffc01d75         4   func ,g         2
  _SSR_TaskCalcSensor
                                  ffc01d79        c2   func ,g         2
  _SSR_TaskCalcFilter
                                  ffc01e3b       143   func ,g         1
  _SSR_TaskJudgeMarkerSensor
                                  ffc01f7e        29   func ,g         1
  _SSR_CalibSensor
                                  ffc01fa7       237   func ,g         3
  _SSR_GetSensorData
                                  ffc021de        22   func ,g         2
  _SSR_GetPotentioData
                                  ffc02200         f   func ,g         0
  _SSR_SetPotentioData
                                  ffc0220f         f   func ,g         1
  _SSR_GetGyroData
                                  ffc0221e         f   func ,g         0
  _SSR_SetGyroData
                                  ffc0222d         f   func ,g         0
  _SSR_PrintAllSensor
                                  ffc0223c        55   func ,g         2
  _st_SetSensorGateOn
                                  ffc02291         d   func ,l         1
  _st_SetSensorGateOff
                                  ffc0229e         d   func ,l         2
  _st_ReadLineSensor
                                  ffc022ab        68   func ,l         2
  _st_ReadOtherSensor
                                  ffc02313        3c   func ,l         1
  _st_ReadDarkSensor
                                  ffc0234f         c   func ,l         1
  _st_ReadLightSensor
                                  ffc0235b         c   func ,l         1
  _st_CalcLineSensor
                                  ffc02367        63   func ,l         1
  _st_CalcMarkerSensor
                                  ffc023ca        3a   func ,l         2
  _st_InitGyro
                                  ffc02404        67   func ,l         1
  _st_StartReadGyro
                                  ffc0246b        11   func ,l         1
  _st_CommunicateGyro
                                  ffc0247c        45   func ,l         6
  _st_ParseGyro
                                  ffc024c1        17   func ,l         1
FILE=.\UserSrc\Switch.obj
                                  ffc024d8  ffc0279b       2c4
  _SWT_Init
                                  ffc024d8        a3   func ,g         6
  _SWT_CallCenter
                                  ffc0257b        13   func ,g         1
  _SWT_CallRight
                                  ffc0258e        16   func ,g         1
  _SWT_CallLeft
                                  ffc025a4        16   func ,g         1
  _SWT_CallUp
                                  ffc025ba        16   func ,g         1
  _SWT_CallDown
                                  ffc025d0        16   func ,g         1
  _SWT_ClearSwitchCount
                                  ffc025e6        34   func ,g         0
  _SWT_GetSwitch
                                  ffc0261a         c   func ,g         2
  _SWT_SetSwitch
                                  ffc02626        28   func ,g         0
  _SWT_GetCenterDecision
                                  ffc0264e        11   func ,g         f
  _st_CalcRL
                                  ffc0265f        7c   func ,l         3
  _st_CalcUD
                                  ffc026db        7c   func ,l         3
  _st_CalcDecision
                                  ffc02757        45   func ,l         1
FILE=.\UserSrc\TaskTimer.obj
                                  ffc0279c  ffc02985       1ea
  _TSK_Init
                                  ffc0279c        2f   func ,g         1
  _TSK_Main
                                  ffc027cb       15c   func ,g         1
  _TSK_Start
                                  ffc02927        11   func ,g         5
  _TSK_Stop
                                  ffc02938        11   func ,g         0
  _st_Task0
                                  ffc02949         5   func ,l         1
  _st_Task1
                                  ffc0294e         5   func ,l         1
  _st_Task2
                                  ffc02953         5   func ,l         1
  _st_Task3
                                  ffc02958         5   func ,l         1
  _st_Task4
                                  ffc0295d         5   func ,l         1
  _st_Task5
                                  ffc02962         5   func ,l         1
  _st_Task6
                                  ffc02967         1   func ,l         1
  _st_Task7
                                  ffc02968         1   func ,l         1
  _st_Task8
                                  ffc02969         1   func ,l         1
  _st_Task9
                                  ffc0296a         1   func ,l         1
  _st_Task10_StartCalc
                                  ffc0296b         9   func ,l         1
  _st_Task10_StartComm
                                  ffc02974         d   func ,l         1
  _st_Task11
                                  ffc02981         5   func ,l         1
FILE=.\UserSrc\Test.obj
                                  ffc02986  ffc0302a       6a5
  _TST_TestMode
                                  ffc02986       152   func ,g         1
  _st_SciTest
                                  ffc02ad8        52   func ,l         1
  _st_IrqTest
                                  ffc02b2a        70   func ,l         1
  _st_LedTest
                                  ffc02b9a        df   func ,l         1
  _st_PwmTest
                                  ffc02c79        b6   func ,l         1
  _st_BuzzerTest
                                  ffc02d2f        84   func ,l         1
  _st_IntBuzzerTest
                                  ffc02db3        94   func ,l         1
  _st_EncoderTest
                                  ffc02e47        71   func ,l         1
  _st_SensorTest
                                  ffc02eb8        2e   func ,l         1
  _st_GyroTest
                                  ffc02ee6        4a   func ,l         1
  _st_CalibSensorTest
                                  ffc02f30         5   func ,l         1
  _st_StraightTest
                                  ffc02f35        52   func ,l         1
  _st_RotationTest
                                  ffc02f87        52   func ,l         1
  _st_LogTest
                                  ffc02fd9        52   func ,l         1
FILE=.\UserSrc\Tracer.obj
                                  ffc0302b  ffc03053        29
  _TRC_Init
                                  ffc0302b         1   func ,g         1
  _TRC_StartSearchMode
                                  ffc0302c        14   func ,g         1
  _TRC_StartDriveMode
                                  ffc03040        14   func ,g         1
FILE=.\src\cg_src\r_cg_cgc.obj
                                  ffc03054  ffc030fc        a9
  _R_CGC_Create
                                  ffc03054        a9   func ,g         1
FILE=.\src\cg_src\r_cg_cmt.obj
                                  ffc030fd  ffc031ba        be
  _R_CMT0_Create
                                  ffc030fd        34   func ,g         1
  _R_CMT0_Start
                                  ffc03131        13   func ,g         1
  _R_CMT0_Stop
                                  ffc03144        16   func ,g         0
  _R_CMT1_Create
                                  ffc0315a        38   func ,g         1
  _R_CMT1_Start
                                  ffc03192        13   func ,g         5
  _R_CMT1_Stop
                                  ffc031a5        16   func ,g         0
FILE=.\src\cg_src\r_cg_cmt_user.obj
                                  ffc031bb  ffc031e6        2c
  _r_cmt_cmi0_interrupt
                                  ffc031bb         e   func ,l         0
  _r_cmt_cmi1_interrupt
                                  ffc031c9        1e   func ,l         0
FILE=.\src\cg_src\r_cg_hardware_setup.obj
                                  ffc031e7  ffc0328d        a7
  _R_Systeminit
                                  ffc031e7        a3   func ,g         1
  _HardwareSetup
                                  ffc0328a         4   func ,g         1
FILE=.\src\cg_src\r_cg_icu.obj
                                  ffc0328e  ffc0344a       1bd
  _R_ICU_Create
                                  ffc0328e       16d   func ,g         1
  _R_ICU_IRQ5_Start
                                  ffc033fb         8   func ,g         2
  _R_ICU_IRQ5_Stop
                                  ffc03403         8   func ,g         1
  _R_ICU_IRQ6_Start
                                  ffc0340b         8   func ,g         2
  _R_ICU_IRQ6_Stop
                                  ffc03413         8   func ,g         1
  _R_ICU_IRQ7_Start
                                  ffc0341b         8   func ,g         2
  _R_ICU_IRQ7_Stop
                                  ffc03423         8   func ,g         1
  _R_ICU_IRQ8_Start
                                  ffc0342b         8   func ,g         2
  _R_ICU_IRQ8_Stop
                                  ffc03433         8   func ,g         1
  _R_ICU_IRQ9_Start
                                  ffc0343b         8   func ,g         2
  _R_ICU_IRQ9_Stop
                                  ffc03443         8   func ,g         1
FILE=.\src\cg_src\r_cg_icu_user.obj
                                  ffc0344b  ffc034b8        6e
  _r_icu_irq5_interrupt
                                  ffc0344b        16   func ,l         0
  _r_icu_irq6_interrupt
                                  ffc03461        16   func ,l         0
  _r_icu_irq7_interrupt
                                  ffc03477        16   func ,l         0
  _r_icu_irq8_interrupt
                                  ffc0348d        16   func ,l         0
  _r_icu_irq9_interrupt
                                  ffc034a3        16   func ,l         0
FILE=.\src\cg_src\r_cg_main.obj
                                  ffc034b9  ffc034e4        2c
  _main
                                  ffc034b9         f   func ,g         1
  _R_MAIN_UserInit
                                  ffc034c8        1d   func ,l         1
FILE=.\src\cg_src\r_cg_mtu3.obj
                                  ffc034e5  ffc03901       41d
  _R_MTU3_Create
                                  ffc034e5       29f   func ,g         1
  _R_MTU3_C0_Start
                                  ffc03784         8   func ,g         1
  _R_MTU3_C0_Stop
                                  ffc0378c         8   func ,g         0
  _R_MTU3_C1_Start
                                  ffc03794         8   func ,g         1
  _R_MTU3_C1_Stop
                                  ffc0379c         8   func ,g         0
  _R_MTU3_C2_Start
                                  ffc037a4         8   func ,g         1
  _R_MTU3_C2_Stop
                                  ffc037ac         8   func ,g         0
  _R_MTU3_C3_Start
                                  ffc037b4         8   func ,g         1
  _R_MTU3_C3_Stop
                                  ffc037bc         8   func ,g         0
  _R_MTU3_C4_Start
                                  ffc037c4         8   func ,g         2
  _R_MTU3_C4_Stop
                                  ffc037cc         8   func ,g         0
  _R_MTU0_SetTGRA
                                  ffc037d4         d   func ,g         0
  _R_MTU0_GetTGRA
                                  ffc037e1        10   func ,g         0
  _R_MTU0_GetTGRB
                                  ffc037f1        10   func ,g         0
  _R_MTU0_SetTGRC
                                  ffc03801         d   func ,g         2
  _R_MTU0_GetTGRC
                                  ffc0380e        10   func ,g         0
  _R_MTU0_GetTGRD
                                  ffc0381e        10   func ,g         1
  _R_MTU1_GetTcnt
                                  ffc0382e        10   func ,g         1
  _R_MTU2_GetTcnt
                                  ffc0383e        10   func ,g         1
  _R_MTU3_SetTGRA
                                  ffc0384e         d   func ,g         0
  _R_MTU3_GetTGRA
                                  ffc0385b        10   func ,g         0
  _R_MTU3_GetTGRB
                                  ffc0386b        10   func ,g         0
  _R_MTU3_SetTGRC
                                  ffc0387b         d   func ,g         2
  _R_MTU3_GetTGRC
                                  ffc03888        10   func ,g         0
  _R_MTU3_GetTGRD
                                  ffc03898        10   func ,g         1
  _R_MTU4_SetTGRA
                                  ffc038a8         d   func ,g         2
  _R_MTU4_GetTGRA
                                  ffc038b5        10   func ,g         0
  _R_MTU4_GetTGRB
                                  ffc038c5        10   func ,g         1
  _R_MTU4_SetTGRC
                                  ffc038d5         d   func ,g         2
  _R_MTU4_GetTGRC
                                  ffc038e2        10   func ,g         0
  _R_MTU4_GetTGRD
                                  ffc038f2        10   func ,g         1
FILE=.\src\cg_src\r_cg_port.obj
                                  ffc03902  ffc03b09       208
  _R_PORT_Create
                                  ffc03902        7a   func ,g         1
  _R_PORT_SetP05
                                  ffc0397c        1c   func ,g         0
  _R_PORT_SetP07
                                  ffc03998        18   func ,g         0
  _R_PORT_SetP14
                                  ffc039b0        1c   func ,g         2
  _R_PORT_SetPB0
                                  ffc039cc        19   func ,g         3
  _R_PORT_SetPB2
                                  ffc039e5        1b   func ,g         0
  _R_PORT_SetPB4
                                  ffc03a00        1c   func ,g         2
  _R_PORT_SetPC0
                                  ffc03a1c        19   func ,g         4
  _R_PORT_SetPC1
                                  ffc03a35        1b   func ,g         4
  _R_PORT_SetPC2
                                  ffc03a50        1b   func ,g         4
  _R_PORT_SetPC3
                                  ffc03a6b        1b   func ,g         4
  _R_PORT_SetPD0
                                  ffc03a86        19   func ,g         0
  _R_PORT_SetPD1
                                  ffc03a9f        1b   func ,g         0
  _R_PORT_SetPE0
                                  ffc03aba        19   func ,g         0
  _R_PORT_SetPE3
                                  ffc03ad3        1b   func ,g         0
  _R_PORT_SetPE4
                                  ffc03aee        1c   func ,g         3
FILE=.\src\cg_src\r_cg_rspi.obj
                                  ffc03b0a  ffc03ce8       1df
  _R_RSPI0_Create
                                  ffc03b0a       107   func ,g         1
  _R_RSPI0_Start
                                  ffc03c11        40   func ,g         1
  _R_RSPI0_Stop
                                  ffc03c51        2c   func ,g         0
  _R_RSPI0_Send_Receive
                                  ffc03c7d        6c   func ,g         1
FILE=.\src\cg_src\r_cg_rspi_user.obj
                                  ffc03ce9  ffc03e4c       164
  _r_rspi0_transmit_interrupt
                                  ffc03ce9        67   func ,l         0
  _r_rspi0_receive_interrupt
                                  ffc03d50        7f   func ,l         0
  _r_rspi0_error_interrupt
                                  ffc03dcf        63   func ,g         1
  _r_rspi0_idle_interrupt
                                  ffc03e32        13   func ,g         1
  _r_rspi0_callback_transmitend
                                  ffc03e45         1   func ,l         1
  _r_rspi0_callback_receiveend
                                  ffc03e46         1   func ,l         1
  _r_rspi0_callback_error
                                  ffc03e47         6   func ,l         1
FILE=.\src\cg_src\r_cg_s12ad.obj
                                  ffc03e4d  ffc040b3       267
  _R_S12AD0_Create
                                  ffc03e4d       13e   func ,g         1
  _R_S12AD0_Start
                                  ffc03f8b         c   func ,g         2
  _R_S12AD0_Stop
                                  ffc03f97         e   func ,g         0
  _R_S12AD0_Get_ValueResult
                                  ffc03fa5        e3   func ,g         6
  _R_S12AD0_Set_CompareValue
                                  ffc04088        19   func ,g         0
  _R_S12AD0_WaitAdcEnd
                                  ffc040a1        13   func ,g         2
FILE=.\src\cg_src\r_cg_sbrk.obj
                                  ffc040b4  ffc040f0        3d
  _sbrk
                                  ffc040b4        3d   func ,g         1
FILE=.\src\cg_src\r_cg_sci.obj
                                  ffc040f1  ffc042a8       1b8
  _R_SCI2_Create
                                  ffc040f1        99   func ,g         1
  _R_SCI2_Start
                                  ffc0418a        33   func ,g         1
  _R_SCI2_Stop
                                  ffc041bd        56   func ,g         0
  _R_SCI2_Serial_Receive
                                  ffc04213        48   func ,g         0
  _R_SCI2_Serial_Send
                                  ffc0425b        4e   func ,g         1
FILE=.\src\cg_src\r_cg_sci_user.obj
                                  ffc042a9  ffc043a4        fc
  _r_sci2_transmit_interrupt
                                  ffc042a9        4d   func ,l         0
  _r_sci2_transmitend_interrupt
                                  ffc042f6        28   func ,g         1
  _r_sci2_receive_interrupt
                                  ffc0431e        60   func ,l         0
  _r_sci2_receiveerror_interrupt
                                  ffc0437e        25   func ,g         1
  _r_sci2_callback_transmitend
                                  ffc043a3         1   func ,l         1
  _r_sci2_callback_receiveend
                                  ffc043a4         1   func ,l         1
FILE=sinf
                                  ffc043a5  ffc043e3        3f
  _sinl
                                  ffc043a5         2   func ,g         0
  _sin
                                  ffc043a7         2   func ,g         1
  _sinf
                                  ffc043a9        3b   func ,g         2
FILE=sprintf
                                  ffc043e4  ffc0441a        37
  _prout
                                  ffc043e4         b   func ,l         1
  _sprintf
                                  ffc043ef        2c   func ,g         b
FILE=__initsct
                                  ffc0441b  ffc04464        4a
  __INITSCT
                                  ffc0441b         0   none ,g         1
  loop1
                                  ffc0442d         0   none ,l         1
  next_loop1
                                  ffc0443b         0   none ,l         2
  loop3
                                  ffc0444d         0   none ,l         1
  next_loop3
                                  ffc0445e         0   none ,l         2
FILE=sincosfsub
                                  ffc04465  ffc0454c        e8
  ___poly_sinf
                                  ffc04465        31   func ,g         3
  ___poly_cosf
                                  ffc04496        28   func ,g         2
  _poly_cosfn
                                  ffc044be         7   func ,l         1
  _poly_sinfn
                                  ffc044c5         5   func ,l         1
  _sincosf_special
                                  ffc044ca        33   func ,l         1
  ___internal_sincosf
                                  ffc044fd        50   func ,g         3
FILE=xprintf
                                  ffc0454d  ffc047b2       266
  __Printf
                                  ffc0454d       266   func ,g         1
FILE=fmodf
                                  ffc047b3  ffc047e4        32
  _fmodl
                                  ffc047b3         2   func ,g         0
  _fmod
                                  ffc047b5         2   func ,g         1
  _fmodf
                                  ffc047b7        2e   func ,g         2
FILE=nanfval
                                  ffc047e5  ffc047eb         7
  ___nanf_value
                                  ffc047e5         7   func ,g         1
FILE=xputfld
                                  ffc047ec  ffc04c82       497
  __Putfld
                                  ffc047ec       497   func ,g         1
FILE=xvacopy
                                  ffc04c83  ffc04c8a         8
  __Vacopy
                                  ffc04c83         8   func ,g         2
FILE=xputtxt
                                  ffc04c8b  ffc04f6f       2e5
  __Puttxt
                                  ffc04c8b       2e5   func ,g         3
FILE=strchr
                                  ffc04f70  ffc04f85        16
  _strchr
                                  ffc04f70        16   func ,g         2
FILE=xctype
                                  ffc04f86  ffc04f9b        16
  __Getpctype
                                  ffc04f86        16   func ,g         0
FILE=_i_fmds
                                  ffc04f9c  ffc05073        d8
  __in_fmods
                                  ffc04f9c        d8   func ,g         1
FILE=xldtob
                                  ffc05074  ffc054aa       437
  __Ldtob
                                  ffc05074       437   func ,g         1
FILE=xputstr
                                  ffc054ab  ffc0558a        e0
  __Putstr
                                  ffc054ab        e0   func ,g         1
FILE=xlitob
                                  ffc0558b  ffc056a2       118
  __Litob
                                  ffc0558b       118   func ,g         1
FILE=xgenld
                                  ffc056a3  ffc05950       2ae
  __Genld
                                  ffc056a3       2ae   func ,g         1
FILE=xwctomb
                                  ffc05951  ffc05aa8       158
  __Wctombx
                                  ffc05951       112   func ,g         1
  __Wctomb
                                  ffc05a63        46   func ,g         1
FILE=xstate
                                  ffc05aa9  ffc05ada        32
  __Getmbcurmax
                                  ffc05aa9        16   func ,g         2
  __Getpmbstate
                                  ffc05abf        1c   func ,g         0
FILE=xldscale
                                  ffc05adb  ffc05ade         4
  __LDscale
                                  ffc05adb         4   func ,g         1
FILE=xldunsca
                                  ffc05adf  ffc05ae2         4
  __LDunscale
                                  ffc05adf         4   func ,g         1
FILE=__COM_DIV64u
                                  ffc05ae3  ffc05b7b        99
  __COM_DIV64u
                                  ffc05ae3         0   none ,g         2
  _Loop_Init
                                  ffc05aed         0   none ,l         2
  _Loop
                                  ffc05af5         0   none ,l         1
  _DivStart
                                  ffc05b01         0   none ,l         3
  _Success
                                  ffc05b0f         0   none ,l         1
  _DivEnd
                                  ffc05b1b         0   none ,l         0
  IXI6DIV
                                  ffc05b20         0   none ,l         1
  IXI4DIV
                                  ffc05b32         0   none ,l         1
  IXI2DIV
                                  ffc05b42         0   none ,l         1
  I8I2DIV
                                  ffc05b4a         0   none ,l         1
  I4I2DIV
                                  ffc05b78         0   none ,l         1
  _i8divU_End
                                  ffc05b7b         0   none ,l         0
FILE=__COM_MOD64u
                                  ffc05b7c  ffc05c02        87
  __COM_MOD64u
                                  ffc05b7c         0   none ,g         1
  _Loop_Init
                                  ffc05b86         0   none ,l         2
  _Loop
                                  ffc05b8a         0   none ,l         1
  _DivStart
                                  ffc05b96         0   none ,l         3
  _Success
                                  ffc05ba4         0   none ,l         1
  _DivEnd
                                  ffc05bac         0   none ,l         0
  IXI6DIV
                                  ffc05bad         0   none ,l         1
  IXI4DIV
                                  ffc05bbf         0   none ,l         1
  IXI2DIV
                                  ffc05bcf         0   none ,l         1
  I8I2DIV
                                  ffc05bd7         0   none ,l         1
  I4I2DIV
                                  ffc05bf7         0   none ,l         1
FILE=_div
                                  ffc05c03  ffc05c0e         c
  _ldiv
                                  ffc05c03         0   none ,g         1
  _div
                                  ffc05c03         0   none ,g         1
FILE=free
                                  ffc05c0f  ffc05c91        83
  _free
                                  ffc05c0f        83   func ,g         2
FILE=malloc
                                  ffc05c92  ffc05d6f        de
  _findmem
                                  ffc05c92        7b   func ,l         1
  _malloc
                                  ffc05d0d        63   func ,g         1
FILE=localeco
                                  ffc05d70  ffc05d76         7
  _localeconv
                                  ffc05d70         7   func ,g         1
FILE=xwcstate
                                  ffc05d77  ffc05d92        1c
  __Getpwcstate
                                  ffc05d77        1c   func ,g         0
FILE=xfdscale
                                  ffc05d93  ffc05eb3       121
  __FDscale
                                  ffc05d93       121   func ,g         1
FILE=xfdunsca
                                  ffc05eb4  ffc05f0e        5b
  __FDunscale
                                  ffc05eb4        5b   func ,g         1
FILE=xgetmem
                                  ffc05f0f  ffc05f29        1b
  __Getmem
                                  ffc05f0f        1b   func ,g         1
FILE=xfdnorm
                                  ffc05f2a  ffc05fa8        7f
  __FDnorm
                                  ffc05f2a        7f   func ,g         2

SECTION=EXCEPTVECT
FILE=.\src\cg_src\r_cg_vecttbl.obj
                                  ffffff80  fffffffb        7c
  _Excpt_Vectors
                                  ffffff80        7c   data ,g         0

SECTION=RESETVECT
FILE=.\src\cg_src\r_cg_vecttbl.obj
                                  fffffffc  ffffffff         4
  _Reset_Vectors
                                  fffffffc         4   data ,g         0

*** Unfilled Areas ***

AREA                                START    END

*** Delete Symbols ***

SYMBOL                                SIZE    INFO
