Renesas Optimizing Linker (W2.04.00 )             13-Jul-2019 15:40:26

*** Options ***

-subcommand=LinkerSubCommand.tmp
-input="./UserSrc/Buzzer.obj"
-input="./UserSrc/ControlAngularVelocity.obj"
-input="./UserSrc/ControlSensorAngle.obj"
-input="./UserSrc/ControlVelocity.obj"
-input="./UserSrc/DriveAssert.obj"
-input="./UserSrc/FunctionTimer.obj"
-input="./UserSrc/Led.obj"
-input="./UserSrc/Log.obj"
-input="./UserSrc/Mode.obj"
-input="./UserSrc/SciFifo.obj"
-input="./UserSrc/Sensor.obj"
-input="./UserSrc/Switch.obj"
-input="./UserSrc/TaskTimer.obj"
-input="./UserSrc/Test.obj"
-input="./UserSrc/Tracer.obj"
-input="./src/cg_src/r_cg_cgc.obj"
-input="./src/cg_src/r_cg_cgc_user.obj"
-input="./src/cg_src/r_cg_cmt.obj"
-input="./src/cg_src/r_cg_cmt_user.obj"
-input="./src/cg_src/r_cg_dbsct.obj"
-input="./src/cg_src/r_cg_hardware_setup.obj"
-input="./src/cg_src/r_cg_icu.obj"
-input="./src/cg_src/r_cg_icu_user.obj"
-input="./src/cg_src/r_cg_intprg.obj"
-input="./src/cg_src/r_cg_main.obj"
-input="./src/cg_src/r_cg_mtu3.obj"
-input="./src/cg_src/r_cg_mtu3_user.obj"
-input="./src/cg_src/r_cg_port.obj"
-input="./src/cg_src/r_cg_port_user.obj"
-input="./src/cg_src/r_cg_resetprg.obj"
-input="./src/cg_src/r_cg_rspi.obj"
-input="./src/cg_src/r_cg_rspi_user.obj"
-input="./src/cg_src/r_cg_s12ad.obj"
-input="./src/cg_src/r_cg_s12ad_user.obj"
-input="./src/cg_src/r_cg_sbrk.obj"
-input="./src/cg_src/r_cg_sci.obj"
-input="./src/cg_src/r_cg_sci_user.obj"
-input="./src/cg_src/r_cg_vecttbl.obj"
-start=SU,SI,B_1,R_1,B_2,R_2,B,R/04,PResetPRG,C_1,C_2,C,C$*,D*,W*,L,PIntPRG,P/0FFC00000,EXCEPTVECT/0FFFFFF80,RESETVECT/0FFFFFFFC
-library=C:\Users\shuuichi\OneDrive\Robomech\ROBOTR~1\2019\program\VERDIR~1\HARDWA~2\VerdiRT17_RX64M.lib
-noprelink
-list=VerdiRT17_RX64M.map
-show
-nooptimize
-debug
-output=C:\Users\shuuichi\OneDrive\Robomech\Robotrace\2019\program\VerdiRT17_RX64M\HardwareDebug\VerdiRT17_RX64M.abs
-rom=D=R,D_1=R_1,D_2=R_2
-nocompress
-nomessage
-nologo

*** Error information ***

*** Mapping List ***

SECTION                            START      END         SIZE   ALIGN

SU
                                  00000004  00000303       300   4
SI
                                  00000304  00000803       500   4
B_1
                                  00000804  00000929       126   1
R_1
                                  0000092a  0000097a        51   1
B_2
                                  0000097c  00000ddd       462   2
R_2
                                  00000dde  00000dde         0   1
B
                                  00000de0  00071c4b     70e6c   4
R
                                  00071c4c  00071ecf       284   4
$ADDR_C_120040
                                  00120040  00120043         4   1
$ADDR_C_120048
                                  00120048  0012004b         4   1
$ADDR_C_120050
                                  00120050  0012006f        20   1
PResetPRG
                                  ffc00000  ffc0003d        3e   1
C_1
                                  ffc0003e  ffc0010f        d2   1
C_2
                                  ffc00110  ffc00311       202   2
C
                                  ffc00314  ffc00477       164   4
C$DSEC
                                  ffc00478  ffc0049b        24   4
C$BSEC
                                  ffc0049c  ffc004b3        18   4
C$INIT
                                  ffc004b4  ffc004b4         0   1
C$VECT
                                  ffc004b4  ffc008b3       400   4
C$VTBL
                                  ffc008b4  ffc008b4         0   1
D
                                  ffc008b4  ffc00b37       284   4
D_1
                                  ffc00b38  ffc00b88        51   1
D_2
                                  ffc00b89  ffc00b89         0   1
W
                                  ffc00b8c  ffc00b8c         0   4
W_1
                                  ffc00b8c  ffc00b8c         0   1
W_2
                                  ffc00b8c  ffc00bdd        52   2
L
                                  ffc00be0  ffc011d0       5f1   4
PIntPRG
                                  ffc011d1  ffc01248        78   1
P
                                  ffc01249  ffc0933f      80f7   1
EXCEPTVECT
                                  ffffff80  fffffffb        7c   4
RESETVECT
                                  fffffffc  ffffffff         4   4

*** Symbol List ***

SECTION=
FILE=                               START        END    SIZE
  SYMBOL                            ADDR        SIZE    INFO      COUNTS  OPT

SECTION=SU
FILE=.\src\cg_src\r_cg_resetprg.obj
                                  00000004  00000303       300

SECTION=SI
FILE=.\src\cg_src\r_cg_resetprg.obj
                                  00000304  00000803       500

SECTION=B_1
FILE=.\UserSrc\Log.obj
                                  00000804  000008cc        c9
  _st_SendBuf
                                  00000804        c8   data ,l        1c
  _st_BufSize
                                  000008cc         1   data ,l        1c
FILE=.\UserSrc\Sensor.obj
                                  000008cd  000008e1        15
  _st_SendBuf
                                  000008cd        14   data ,l         2
  _st_SensorCalibFlag
                                  000008e1         1   data ,l         6
FILE=.\UserSrc\Test.obj
                                  000008e2  000008f6        15
  _st_SendBuf
                                  000008e2        14   data ,l        17
  _st_BufSize
                                  000008f6         1   data ,l        17
FILE=.\UserSrc\Tracer.obj
                                  000008f7  00000929        33
  _st_SendBuf
                                  000008f7        32   data ,l         4
  _st_BufSize
                                  00000929         1   data ,l         4

SECTION=R_1
FILE=xfiles
                                  0000092a  00000979        50
  _ebuf
                                  0000092a        50   data ,l         5
FILE=xstate
                                  0000097a  0000097a         1
  __Mbcurmax
                                  0000097a         1   data ,g         1

SECTION=B_2
FILE=.\UserSrc\ControlAngularVelocity.obj
                                  0000097c  00000989         e
  _st_SensorData
                                  0000097c         e   data ,l         2
FILE=.\UserSrc\ControlSensorAngle.obj
                                  0000098a  00000997         e
  _st_SensorData
                                  0000098a         e   data ,l         5
FILE=.\UserSrc\DriveAssert.obj
                                  00000998  000009a5         e
  _st_SensorData
                                  00000998         e   data ,l         3
FILE=.\UserSrc\Sensor.obj
                                  000009a6  000009d1        2c
  _st_LineSensor
                                  000009a6        18   data ,l         c
  _st_InstantMax
                                  000009be         8   data ,l        10
  _st_InstantMin
                                  000009c6         8   data ,l        14
  _st_SensorCalibMax
                                  000009ce         2   data ,l         9
  _st_SensorCalibMin
                                  000009d0         2   data ,l         9
FILE=.\src\cg_src\r_cg_rspi.obj
                                  000009d2  000009d7         6
  _g_rspi0_tx_count
                                  000009d2         2   data ,g         3
  _g_rspi0_rx_count
                                  000009d4         2   data ,g         4
  _g_rspi0_rx_length
                                  000009d6         2   data ,g         3
FILE=.\src\cg_src\r_cg_sbrk.obj
                                  000009d8  00000dd7       400
  _heap_area
                                  000009d8       400   data ,l         2
FILE=.\src\cg_src\r_cg_sci.obj
                                  00000dd8  00000ddd         6
  _g_sci2_tx_count
                                  00000dd8         2   data ,g         3
  _g_sci2_rx_count
                                  00000dda         2   data ,g         4
  _g_sci2_rx_length
                                  00000ddc         2   data ,g         3

SECTION=B
FILE=.\UserSrc\Buzzer.obj
                                  00000de0  00000deb         c
  _st_BeepCount
                                  00000de0         4   data ,l         5
  _st_TaskCounter
                                  00000de4         4   data ,l         5
  _st_TaskInterval
                                  00000de8         4   data ,l         3
FILE=.\UserSrc\ControlAngularVelocity.obj
                                  00000dec  00000e8b        a0
  _st_BodyOmega
                                  00000dec         4   data ,l         6
  _st_BodyAngle
                                  00000df0         4   data ,l         5
  _st_VirtualGeometry
                                  00000df4        14   data ,l         f
  _st_Controller
                                  00000e08        48   data ,l        36
  _st_LogHeader
                                  00000e50        14   data ,l         2
  _st_LogArray
                                  00000e64        28   data ,l         7
FILE=.\UserSrc\ControlSensorAngle.obj
                                  00000e8c  00000f1b        90
  _st_Theta
                                  00000e8c        50   data ,l        29
  _st_PotentioTheta
                                  00000edc         4   data ,l         3
  _st_LogHeader
                                  00000ee0        14   data ,l         2
  _st_LogArray
                                  00000ef4        28   data ,l         8
FILE=.\UserSrc\ControlVelocity.obj
                                  00000f1c  00000fcf        b4
  _st_Encoder
                                  00000f1c        30   data ,l        24
  _st_Controller
                                  00000f4c        48   data ,l        38
  _st_LogHeader
                                  00000f94        14   data ,l         2
  _st_LogArray
                                  00000fa8        28   data ,l         6
FILE=.\UserSrc\DriveAssert.obj
                                  00000fd0  00000fdb         c
  _st_AssertFlag
                                  00000fd0         4   data ,l         5
  _st_LineAssert
                                  00000fd4         8   data ,l         9
FILE=.\UserSrc\FunctionTimer.obj
                                  00000fdc  00001027        4c
  _st_BuzzerDuty
                                  00000fdc         c   data ,l         9
  _st_RightMotorDuty
                                  00000fe8        14   data ,l        16
  _st_LeftMotorDuty
                                  00000ffc        14   data ,l        16
  _st_SensorMotorDuty
                                  00001010         c   data ,l         b
  _st_VelocityDutyArray
                                  0000101c         8   data ,l         3
  _st_SensorDutyArray
                                  00001024         4   data ,l         2
FILE=.\UserSrc\Log.obj
                                  00001028  00070d7b     6fd54
  _st_ControlLog
                                  00001028     305b0   data ,l        32
  _st_CourceLog
                                  000315d8     3f7a4   data ,l        15
FILE=.\UserSrc\Mode.obj
                                  00070d7c  00070d87         c
  _st_Swt
                                  00070d7c         4   data ,l         2
  _st_ModeKind
                                  00070d80         4   data ,l         5
  _st_Decision
                                  00070d84         4   data ,l         5
FILE=.\UserSrc\Sensor.obj
                                  00070d88  00070e87       100
  _st_SensorData
                                  00070d88        b0   data ,l        43
  _st_Tx
                                  00070e38         8   data ,l         5
  _st_Rx
                                  00070e40         8   data ,l         5
  _st_LineCoefficient
                                  00070e48        10   data ,l         c
  _st_CourceMarker
                                  00070e58        30   data ,l        3f
FILE=.\UserSrc\Switch.obj
                                  00070e88  00070ebf        38
  _st_Swt
                                  00070e88        1c   data ,l        22
  _st_udMin
                                  00070ea4         4   data ,l         4
  _st_udMax
                                  00070ea8         4   data ,l         4
  _st_rlMin
                                  00070eac         4   data ,l         4
  _st_rlMax
                                  00070eb0         4   data ,l         4
  _st_Decision
                                  00070eb4         c   data ,l         a
FILE=.\UserSrc\TaskTimer.obj
                                  00070ec0  00070ef3        34
  _st_TaskState
                                  00070ec0         4   data ,l         c
  _st_TaskSchedule
                                  00070ec4        30   data ,l        10
FILE=.\UserSrc\Test.obj
                                  00070ef4  00070eff         c
  _st_Swt
                                  00070ef4         4   data ,l        12
  _st_ModeLevel
                                  00070ef8         4   data ,l         4
  _st_Decision
                                  00070efc         4   data ,l        3a
FILE=.\UserSrc\Tracer.obj
                                  00070f00  00071c37       d38
  _st_Decision
                                  00070f00         4   data ,l         a
  _st_CourceLogStoreParam
                                  00070f04        20   data ,l        20
  _st_CourceLog
                                  00070f24         c   data ,l        3e
  _st_CourceAnalysisParam
                                  00070f30         c   data ,l         8
  _st_LeftMarkerArray
                                  00070f3c       640   data ,l         1
  _st_RightMarkerArray
                                  0007157c        50   data ,l         1
  _st_CrossMarkerArray
                                  000715cc       640   data ,l         1
  _st_LeftMarkerRecord
                                  00071c0c         c   data ,l        10
  _st_RightMarkerRecord
                                  00071c18         c   data ,l        11
  _st_CrossMarkerRecord
                                  00071c24         c   data ,l        11
  _st_ModeKind
                                  00071c30         4   data ,l         4
  _st_Swt
                                  00071c34         4   data ,l         2
FILE=.\src\cg_src\r_cg_rspi.obj
                                  00071c38  00071c3f         8
  _gp_rspi0_tx_address
                                  00071c38         4   data ,g         3
  _gp_rspi0_rx_address
                                  00071c3c         4   data ,g         3
FILE=.\src\cg_src\r_cg_sci.obj
                                  00071c40  00071c47         8
  _gp_sci2_tx_address
                                  00071c40         4   data ,g         3
  _gp_sci2_rx_address
                                  00071c44         4   data ,g         3
FILE=_errno
                                  00071c48  00071c4b         4
  __errno
                                  00071c48         4   data ,g         4

SECTION=R
FILE=.\src\cg_src\r_cg_sbrk.obj
                                  00071c4c  00071c4f         4
  _brk
                                  00071c4c         4   data ,l         3
FILE=sincosfsub
                                  00071c50  00071c8b        3c
  _sinf_coeff
                                  00071c50        10   data ,l         1
  _cosf_coeff
                                  00071c60        10   data ,l         1
  _pi4ptr_table
                                  00071c70         c   data ,l         1
  _sub_table
                                  00071c7c        10   data ,l         1
FILE=xprintf
                                  00071c8c  00071c8f         4
  _stderr
                                  00071c8c         4   data ,g         0
FILE=xfiles
                                  00071c90  00071d67        d8
  __Stdin
                                  00071c90        48   data ,g         7
  __Stdout
                                  00071cd8        48   data ,g         7
  __Stderr
                                  00071d20        48   data ,g         3
FILE=xctype
                                  00071d68  00071d6f         8
  __Ctype
                                  00071d68         4   data ,g         2
  __Tls_setup__Ctype
                                  00071d6c         4   data ,g         1
FILE=xstate
                                  00071d70  00071db7        48
  __Tls_setup__Mbcurmax
                                  00071d70         4   data ,g         1
  __Mbstate
                                  00071d74        40   data ,g         2
  __Tls_setup__Mbstate
                                  00071db4         4   data ,g         2
FILE=malloc
                                  00071db8  00071dbf         8
  __Aldata
                                  00071db8         8   data ,g         3
FILE=localeco
                                  00071dc0  00071e13        54
  __Locale
                                  00071dc0        50   data ,g         1
  __Tls_setup__Locale
                                  00071e10         4   data ,g         0
FILE=xwcstate
                                  00071e14  00071e57        44
  __Wcstate
                                  00071e14        40   data ,g         2
  __Tls_setup__Wcstate
                                  00071e54         4   data ,g         2
FILE=xfvalues
                                  00071e58  00071ecf        78
  __FDenorm
                                  00071e58        10   data ,g         0
  __FEps
                                  00071e68        10   data ,g         0
  __FHugeval
                                  00071e78        10   data ,g         0
  __FInf
                                  00071e88        10   data ,g         1
  __FNan
                                  00071e98        10   data ,g         0
  __FSnan
                                  00071ea8        10   data ,g         0
  __FRteps
                                  00071eb8        10   data ,g         0
  __FXbig
                                  00071ec8         4   data ,g         0
  __FZero
                                  00071ecc         4   data ,g         0

SECTION=$ADDR_C_120040
FILE=.\src\cg_src\r_cg_vecttbl.obj
                                  00120040  00120043         4
  ___SPCCreg
                                  00120040         4   data ,g         0

SECTION=$ADDR_C_120048
FILE=.\src\cg_src\r_cg_vecttbl.obj
                                  00120048  0012004b         4
  ___TMEFreg
                                  00120048         4   data ,g         0

SECTION=$ADDR_C_120050
FILE=.\src\cg_src\r_cg_vecttbl.obj
                                  00120050  0012006f        20
  ___OSISreg
                                  00120050        10   data ,g         0
  ___TMINFreg
                                  00120060         4   data ,g         0
  ___MDEreg
                                  00120064         4   data ,g         0
  ___OFS0reg
                                  00120068         4   data ,g         0
  ___OFS1reg
                                  0012006c         4   data ,g         0

SECTION=PResetPRG
FILE=.\src\cg_src\r_cg_resetprg.obj
                                  ffc00000  ffc0003d        3e
  _PowerON_Reset_PC
                                  ffc00000        3e   entry,g         1

SECTION=C_1
FILE=xprintf
                                  ffc0003e  ffc00047         a
  _fchar$1
                                  ffc0003e         a   data ,l         1
FILE=xputtxt
                                  ffc00048  ffc000ec        a5
  _spaces
                                  ffc00048        21   data ,l         1
  _zeroes
                                  ffc00069        21   data ,l         1
  _asterisk
                                  ffc0008a        21   data ,l         1
  _plus
                                  ffc000ab        21   data ,l         1
  _minus
                                  ffc000cc        21   data ,l         1
FILE=xlitob
                                  ffc000ed  ffc0010e        22
  _ldigs
                                  ffc000ed        11   data ,l         1
  _udigs
                                  ffc000fe        11   data ,l         1
FILE=localeco
                                  ffc0010f  ffc0010f         1
  _null
                                  ffc0010f         1   data ,l         d

SECTION=C_2
FILE=xctype
                                  ffc00110  ffc00311       202
  _ctyp_tab
                                  ffc00110       202   data ,l         1

SECTION=C
FILE=.\src\cg_src\r_cg_dbsct.obj
                                  ffc00314  ffc00347        34
  __CTBL
                                  ffc00314        34   data ,g         0
FILE=xprintf
                                  ffc00348  ffc0035f        18
  _fbit$2
                                  ffc00348        18   data ,l         1
FILE=_in_exps
                                  ffc00360  ffc00397        38
  _exp_lcoef$2
                                  ffc00360        1c   data ,l         1
  _exp_hcoef$1
                                  ffc0037c        1c   data ,l         1
FILE=_in_logs
                                  ffc00398  ffc003b7        20
  _log_coef$3
                                  ffc00398        20   data ,l         1
FILE=consts
                                  ffc003b8  ffc0040f        58
  __IFZEROS
                                  ffc003b8         4   data ,g         4
  __IFONES
                                  ffc003bc         4   data ,g         3
  __HALFS
                                  ffc003c0         4   data ,g         1
  __QUOTS
                                  ffc003c4         4   data ,g         0
  __TWOS
                                  ffc003c8         4   data ,g         0
  __FOURS
                                  ffc003cc         4   data ,g         0
  __PAIS
                                  ffc003d0         4   data ,g         0
  __2PAIS
                                  ffc003d4         4   data ,g         0
  __HLFPAIS
                                  ffc003d8         4   data ,g         0
  __QUOPAIS
                                  ffc003dc         4   data ,g         0
  __LOGE2S
                                  ffc003e0         4   data ,g         2
  __NIFZEROS
                                  ffc003e4         4   data ,g         1
  __NIFONES
                                  ffc003e8         4   data ,g         1
  __NHALFS
                                  ffc003ec         4   data ,g         0
  __NQUOTS
                                  ffc003f0         4   data ,g         0
  __NTWOS
                                  ffc003f4         4   data ,g         0
  __NFOURS
                                  ffc003f8         4   data ,g         0
  __NPAIS
                                  ffc003fc         4   data ,g         0
  __N2PAIS
                                  ffc00400         4   data ,g         0
  __NHLFPAIS
                                  ffc00404         4   data ,g         0
  __NQUOPAIS
                                  ffc00408         4   data ,g         0
  __NLOGE2S
                                  ffc0040c         4   data ,g         0
FILE=_const
                                  ffc00410  ffc00433        24
  __IFNAND
                                  ffc00410         0   none ,g         0
  __IFINFD
                                  ffc00418         0   none ,g         0
  __NIFINFD
                                  ffc00420         0   none ,g         0
  __IFNANS
                                  ffc00428         0   none ,g         5
  __IFINFS
                                  ffc0042c         0   none ,g         3
  __NIFINFS
                                  ffc00430         0   none ,g         2
FILE=xldtob
                                  ffc00434  ffc0044b        18
  _pows
                                  ffc00434        18   data ,l         1
FILE=floatval
                                  ffc0044c  ffc00473        28
  __FLT_MAX_VAL
                                  ffc0044c         0   none ,g         1
  __FLT_MIN_VAL
                                  ffc00450         0   none ,g         0
  __DBL_MAX_VAL
                                  ffc00454         0   none ,g         0
  __DBL_MIN_VAL
                                  ffc0045c         0   none ,g         0
  __LDBL_MAX_VAL
                                  ffc00464         0   none ,g         0
  __LDBL_MIN_VAL
                                  ffc0046c         0   none ,g         0
FILE=_sbrk_si
                                  ffc00474  ffc00477         4
  __sbrk_size
                                  ffc00474         4   data ,g         1

SECTION=C$DSEC
FILE=.\src\cg_src\r_cg_dbsct.obj
                                  ffc00478  ffc0049b        24
  __DTBL
                                  ffc00478        24   data ,g         0

SECTION=C$BSEC
FILE=.\src\cg_src\r_cg_dbsct.obj
                                  ffc0049c  ffc004b3        18
  __BTBL
                                  ffc0049c        18   data ,g         0

SECTION=C$VECT
FILE=.\src\cg_src\r_cg_dbsct.obj
                                  ffc004b4  ffc008b3       400

SECTION=D
FILE=.\src\cg_src\r_cg_sbrk.obj
                                  ffc008b4  ffc008b7         4
FILE=sincosfsub
                                  ffc008b8  ffc008f3        3c
FILE=xprintf
                                  ffc008f4  ffc008f7         4
FILE=xfiles
                                  ffc008f8  ffc009cf        d8
FILE=xctype
                                  ffc009d0  ffc009d7         8
FILE=xstate
                                  ffc009d8  ffc00a1f        48
FILE=malloc
                                  ffc00a20  ffc00a27         8
FILE=localeco
                                  ffc00a28  ffc00a7b        54
FILE=xwcstate
                                  ffc00a7c  ffc00abf        44
FILE=xfvalues
                                  ffc00ac0  ffc00b37        78

SECTION=D_1
FILE=xfiles
                                  ffc00b38  ffc00b87        50
FILE=xstate
                                  ffc00b88  ffc00b88         1

SECTION=W_2
FILE=.\UserSrc\Led.obj
                                  ffc00b8c  ffc00bab        20
FILE=.\UserSrc\TaskTimer.obj
                                  ffc00bac  ffc00bbf        14
FILE=.\UserSrc\Test.obj
                                  ffc00bc0  ffc00bdd        1e

SECTION=L
FILE=.\UserSrc\Log.obj
                                  ffc00be0  ffc0101f       440
FILE=.\UserSrc\Sensor.obj
                                  ffc01020  ffc01059        3a
FILE=.\UserSrc\Test.obj
                                  ffc0105c  ffc01161       106
FILE=.\UserSrc\Tracer.obj
                                  ffc01164  ffc01193        30
FILE=xprintf
                                  ffc01194  ffc0119a         7
FILE=xldtob
                                  ffc0119c  ffc011bd        22
FILE=xgenld
                                  ffc011c0  ffc011c1         2
FILE=localeco
                                  ffc011c4  ffc011d0         d

SECTION=PIntPRG
FILE=.\src\cg_src\r_cg_intprg.obj
                                  ffc011d1  ffc01248        78
  _r_undefined_exception
                                  ffc011d1         2   func ,g         3
  _r_reserved_exception
                                  ffc011d3         2   func ,g        1b
  _r_nmi_exception
                                  ffc011d5         2   func ,g         1
  _r_brk_exception
                                  ffc011d7         2   func ,g         0
  _r_icu_group_be0_interrupt
                                  ffc011d9         2   func ,g         0
  _r_icu_group_bl0_interrupt
                                  ffc011db        35   func ,g         0
  _r_icu_group_bl1_interrupt
                                  ffc01210         2   func ,g         0
  _r_icu_group_al0_interrupt
                                  ffc01212        35   func ,g         0
  _r_icu_group_al1_interrupt
                                  ffc01247         2   func ,g         0

SECTION=P
FILE=.\UserSrc\Buzzer.obj
                                  ffc01249  ffc012f6        ae
  _BZR_Init
                                  ffc01249        26   func ,g         1
  _BZR_BuzzerOn
                                  ffc0126f         b   func ,g         2
  _BZR_BuzzerOff
                                  ffc0127a         7   func ,g         2
  _BZR_SetBeepCount
                                  ffc01281        22   func ,g        19
  _BZR_BuzzerTask
                                  ffc012a3        54   func ,g         1
FILE=.\UserSrc\ControlAngularVelocity.obj
                                  ffc012f7  ffc017bf       4c9
  _CAV_Init
                                  ffc012f7       11f   func ,g         5
  _CAV_StartDriveMotor
                                  ffc01416        22   func ,g         2
  _CAV_StopDriveMotor
                                  ffc01438         d   func ,g         0
  _CAV_SetTargetUpAccel
                                  ffc01445         e   func ,g         1
  _CAV_SetTargetDownAccel
                                  ffc01453         e   func ,g         1
  _CAV_SetTarget
                                  ffc01461        51   func ,g         2
  _CAV_ControlTask
                                  ffc014b2        10   func ,g         1
  _CAV_GetTarget
                                  ffc014c2         e   func ,g         0
  _CAV_GetVelocity
                                  ffc014d0         e   func ,g         2
  _CAV_GetErrorNow
                                  ffc014de         e   func ,g         1
  _CAV_GetAngle
                                  ffc014ec         e   func ,g         0
  _CAV_GetRadius
                                  ffc014fa         e   func ,g         1
  _CAV_GetVirtualThetaDeg
                                  ffc01508         e   func ,g         1
  _CAV_ClearAngle
                                  ffc01516         a   func ,g         0
  _CAV_GetLogHeader
                                  ffc01520        2b   func ,g         1
  _CAV_GetLogArray
                                  ffc0154b        90   func ,g         1
  _st_CalcTarget
                                  ffc015db        9b   func ,l         1
  _st_CalcGyro
                                  ffc01676        3e   func ,l         1
  _st_UpdateTarget
                                  ffc016b4        3d   func ,l         1
  _st_CalcError
                                  ffc016f1        b3   func ,l         1
  _st_SetMotorDuty
                                  ffc017a4        1c   func ,l         1
FILE=.\UserSrc\ControlSensorAngle.obj
                                  ffc017c0  ffc01aab       2ec
  _CSA_Init
                                  ffc017c0        cd   func ,g         1
  _CSA_StartSensorMotor
                                  ffc0188d         d   func ,g         2
  _CSA_StopSensorMotor
                                  ffc0189a         d   func ,g         2
  _CSA_StartSensorTask
                                  ffc018a7         b   func ,g         3
  _CSA_ControlSensorTask
                                  ffc018b2        f4   func ,g         1
  _CSA_GetSensorTheta
                                  ffc019a6        1b   func ,g         4
  _CSA_GetLogHeader
                                  ffc019c1        2b   func ,g         1
  _CSA_GetLogArray
                                  ffc019ec        8d   func ,g         1
  _st_CalcSensorAngle
                                  ffc01a79        25   func ,l         1
  _st_DriveSensorMotor
                                  ffc01a9e         e   func ,l         1
FILE=.\UserSrc\ControlVelocity.obj
                                  ffc01aac  ffc02009       55e
  _CVL_Init
                                  ffc01aac       16a   func ,g         5
  _CVL_StartDriveMotor
                                  ffc01c16        22   func ,g         5
  _CVL_StopDriveMotor
                                  ffc01c38         d   func ,g         3
  _CVL_SetTargetUpAccel
                                  ffc01c45         e   func ,g         1
  _CVL_SetTargetDownAccel
                                  ffc01c53         e   func ,g         1
  _CVL_SetTarget
                                  ffc01c61        51   func ,g         d
  _CVL_ControlTask
                                  ffc01cb2         d   func ,g         1
  _CVL_GetTarget
                                  ffc01cbf         e   func ,g         2
  _CVL_GetVelocity
                                  ffc01ccd         e   func ,g         4
  _CVL_GetErrorNow
                                  ffc01cdb         e   func ,g         1
  _CVL_GetDistance
                                  ffc01ce9         e   func ,g         9
  _CVL_GetEncoderDiff
                                  ffc01cf7         e   func ,g         1
  _CVL_GetUpAccel
                                  ffc01d05         e   func ,g         1
  _CVL_GetDownAccel
                                  ffc01d13         e   func ,g         1
  _CVL_GetLogHeader
                                  ffc01d21        2b   func ,g         1
  _CVL_GetLogArray
                                  ffc01d4c        68   func ,g         1
  _st_CalcEncoder
                                  ffc01db4       14c   func ,l         1
  _st_UpdateTarget
                                  ffc01f00        3d   func ,l         1
  _st_CalcError
                                  ffc01f3d        b4   func ,l         1
  _st_SetMotorDuty
                                  ffc01ff1        19   func ,l         1
FILE=.\UserSrc\DriveAssert.obj
                                  ffc0200a  ffc020e7        de
  _DAS_Init
                                  ffc0200a        1c   func ,g         4
  _DAS_AssertTask
                                  ffc02026        30   func ,g         1
  _DAS_GetAssertFlag
                                  ffc02056         e   func ,g         2
  _DAS_ClearAssertFlag
                                  ffc02064        13   func ,g         1
  _st_LineSensorAssert
                                  ffc02077        71   func ,l         1
FILE=.\UserSrc\FunctionTimer.obj
                                  ffc020e8  ffc026cb       5e4
  _FTR_Init
                                  ffc020e8        e9   func ,g         1
  _FTR_StartBuzzerTimer
                                  ffc021d1         5   func ,g         1
  _FTR_SetBuzzerDuty
                                  ffc021d6        55   func ,g         2
  _FTR_StartRightEncoderTimer
                                  ffc0222b         5   func ,g         2
  _FTR_GetRightEncoderCount
                                  ffc02230         e   func ,g         2
  _FTR_StartLeftEncoderTimer
                                  ffc0223e         5   func ,g         2
  _FTR_GetLeftEncoderCount
                                  ffc02243         e   func ,g         2
  _FTR_StartRightMotorTimer
                                  ffc02251        2e   func ,g         2
  _FTR_SetTransitionRightMotorDuty
                                  ffc0227f        4a   func ,g         4
  _FTR_SetAngularRightMotorDuty
                                  ffc022c9        48   func ,g         1
  _FTR_GetRightMotorDuty
                                  ffc02311         e   func ,g         2
  _FTR_StartLeftMotorTimer
                                  ffc0231f        2e   func ,g         2
  _FTR_SetTransitionLeftMotorDuty
                                  ffc0234d        4a   func ,g         4
  _FTR_SetAngularLeftMotorDuty
                                  ffc02397        48   func ,g         1
  _FTR_GetLeftMotorDuty
                                  ffc023df         e   func ,g         2
  _FTR_StartSensorMotorTimer
                                  ffc023ed         5   func ,g         2
  _FTR_SetSensorMotorDuty
                                  ffc023f2        90   func ,g         2
  _FTR_GetSensorMotorDuty
                                  ffc02482         e   func ,g         0
  _FTR_GetVelocityLogDutyArray
                                  ffc02490        2c   func ,g         1
  _FTR_GetSensorLogDutyArray
                                  ffc024bc        1c   func ,g         1
  _st_SetLeftMotorDuty
                                  ffc024d8        76   func ,l         3
  _st_SetRightMotorDuty
                                  ffc0254e        76   func ,l         3
  _st_SetLeftDriveCw
                                  ffc025c4        2c   func ,l         1
  _st_SetLeftDriveCcw
                                  ffc025f0        2c   func ,l         1
  _st_SetRightDriveCw
                                  ffc0261c        2c   func ,l         3
  _st_SetRightDriveCcw
                                  ffc02648        2c   func ,l         1
  _st_SetSensorDriveCw
                                  ffc02674        2c   func ,l         1
  _st_SetSensorDriveCcw
                                  ffc026a0        2c   func ,l         1
FILE=.\UserSrc\Led.obj
                                  ffc026cc  ffc0290d       242
  _LED_binaryOn
                                  ffc026cc       181   func ,g         4
  _LED_AllOff
                                  ffc0284d        15   func ,g         1
  _LED_On
                                  ffc02862        56   func ,g        21
  _LED_Off
                                  ffc028b8        56   func ,g        25
FILE=.\UserSrc\Log.obj
                                  ffc0290e  ffc032e6       9d9
  _LOG_Init
                                  ffc0290e         7   func ,g         1
  _LOG_InitControl
                                  ffc02915       29f   func ,g         1
  _LOG_InitCource
                                  ffc02bb4        c6   func ,g         1
  _LOG_RecordControl
                                  ffc02c7a       13b   func ,g         1
  _LOG_RecordCource
                                  ffc02db5        9e   func ,g         2
  _LOG_PrintControlRecord
                                  ffc02e53       3b0   func ,g         1
  _LOG_PrintCourceRecord
                                  ffc03203        c8   func ,g         1
  _LOG_GetCourceRecordIndex
                                  ffc032cb        10   func ,g         1
  _LOG_GetCourceRecord
                                  ffc032db         c   func ,g         1
FILE=.\UserSrc\Mode.obj
                                  ffc032e7  ffc033c3        dd
  _MDE_InitMode
                                  ffc032e7         e   func ,g         1
  _MDE_SelectMode
                                  ffc032f5        cf   func ,g         1
FILE=.\UserSrc\SciFifo.obj
                                  ffc033c4  ffc033ec        29
  _SCF_Init
                                  ffc033c4         5   func ,g         1
  _SCF_WriteData
                                  ffc033c9        24   func ,g        1c
FILE=.\UserSrc\Sensor.obj
                                  ffc033ed  ffc0411c       d30
  _SSR_Init
                                  ffc033ed       243   func ,g         2
  _SSR_TaskStartSensorGate
                                  ffc03630         4   func ,g         1
  _SSR_TaskStopSensorGate
                                  ffc03634         4   func ,g         1
  _SSR_TaskGetAnalogSensor
                                  ffc03638         7   func ,g         2
  _SSR_TaskStartReadGyro
                                  ffc0363f         4   func ,g         1
  _SSR_TaskCalcSensor
                                  ffc03643        c2   func ,g         1
  _SSR_TaskCalcFilter
                                  ffc03705       143   func ,g         1
  _SSR_TaskJudgeMarkerSensor
                                  ffc03848       198   func ,g         1
  _SSR_CalibSensor
                                  ffc039e0       23d   func ,g         3
  _SSR_GetSensorData
                                  ffc03c1d        22   func ,g         3
  _SSR_GetPotentioData
                                  ffc03c3f         f   func ,g         0
  _SSR_SetPotentioData
                                  ffc03c4e         f   func ,g         1
  _SSR_GetGyroData
                                  ffc03c5d         f   func ,g         0
  _SSR_SetGyroData
                                  ffc03c6c         f   func ,g         0
  _SSR_GetMarkerState
                                  ffc03c7b        21   func ,g         2
  _SSR_GetCourceMarker
                                  ffc03c9c        4f   func ,g         3
  _SSR_PrintAllSensor
                                  ffc03ceb        55   func ,g         2
  _st_SetSensorGateOn
                                  ffc03d40         d   func ,l         1
  _st_SetSensorGateOff
                                  ffc03d4d         d   func ,l         2
  _st_ReadLineSensor
                                  ffc03d5a        68   func ,l         2
  _st_ReadOtherSensor
                                  ffc03dc2        3c   func ,l         1
  _st_ReadDarkSensor
                                  ffc03dfe         c   func ,l         1
  _st_ReadLightSensor
                                  ffc03e0a         c   func ,l         1
  _st_CalcLineSensor
                                  ffc03e16        63   func ,l         1
  _st_CalcMarkerSensor
                                  ffc03e79        3e   func ,l         2
  _st_RegistResetCourceMarker
                                  ffc03eb7        ec   func ,l         2
  _st_InitGyro
                                  ffc03fa3       10d   func ,l         1
  _st_StartReadGyro
                                  ffc040b0        11   func ,l         1
  _st_CommunicateGyro
                                  ffc040c1        45   func ,l         8
  _st_ParseGyro
                                  ffc04106        17   func ,l         1
FILE=.\UserSrc\Switch.obj
                                  ffc0411d  ffc0440f       2f3
  _SWT_Init
                                  ffc0411d        a3   func ,g         7
  _SWT_CallCenter
                                  ffc041c0        13   func ,g         1
  _SWT_CallRight
                                  ffc041d3        16   func ,g         1
  _SWT_CallLeft
                                  ffc041e9        16   func ,g         1
  _SWT_CallUp
                                  ffc041ff        16   func ,g         1
  _SWT_CallDown
                                  ffc04215        16   func ,g         1
  _SWT_ClearSwitchCount
                                  ffc0422b        34   func ,g         0
  _SWT_GetSwitch
                                  ffc0425f         c   func ,g         3
  _SWT_SetSwitch
                                  ffc0426b        28   func ,g         0
  _SWT_GetCenterDecision
                                  ffc04293        40   func ,g        17
  _st_CalcRL
                                  ffc042d3        7c   func ,l         3
  _st_CalcUD
                                  ffc0434f        7c   func ,l         3
  _st_CalcDecision
                                  ffc043cb        45   func ,l         2
FILE=.\UserSrc\TaskTimer.obj
                                  ffc04410  ffc04605       1f6
  _TSK_Init
                                  ffc04410        2f   func ,g         1
  _TSK_Main
                                  ffc0443f       15c   func ,g         1
  _TSK_Start
                                  ffc0459b        11   func ,g        15
  _TSK_Stop
                                  ffc045ac        11   func ,g         b
  _st_Task0
                                  ffc045bd         5   func ,l         1
  _st_Task1
                                  ffc045c2         5   func ,l         1
  _st_Task2
                                  ffc045c7         5   func ,l         1
  _st_Task3
                                  ffc045cc         5   func ,l         1
  _st_Task4
                                  ffc045d1         5   func ,l         1
  _st_Task5
                                  ffc045d6         5   func ,l         1
  _st_Task6
                                  ffc045db         5   func ,l         1
  _st_Task7
                                  ffc045e0         5   func ,l         1
  _st_Task8
                                  ffc045e5         1   func ,l         1
  _st_Task9
                                  ffc045e6         5   func ,l         1
  _st_Task10_StartCalc
                                  ffc045eb         9   func ,l         1
  _st_Task10_StartComm
                                  ffc045f4         d   func ,l         1
  _st_Task11
                                  ffc04601         5   func ,l         1
FILE=.\UserSrc\Test.obj
                                  ffc04606  ffc04e71       86c
  _TST_TestMode
                                  ffc04606       17b   func ,g         1
  _st_SciTest
                                  ffc04781        52   func ,l         1
  _st_IrqTest
                                  ffc047d3        70   func ,l         1
  _st_LedTest
                                  ffc04843        df   func ,l         1
  _st_PwmTest
                                  ffc04922        bc   func ,l         1
  _st_BuzzerTest
                                  ffc049de        84   func ,l         1
  _st_IntBuzzerTest
                                  ffc04a62        94   func ,l         1
  _st_EncoderTest
                                  ffc04af6        5f   func ,l         1
  _st_SensorTest
                                  ffc04b55        2e   func ,l         1
  _st_GyroTest
                                  ffc04b83        26   func ,l         1
  _st_CalibSensorTest
                                  ffc04ba9         5   func ,l         1
  _st_MarkerTest
                                  ffc04bae        8e   func ,l         1
  _st_StraightTest
                                  ffc04c3c        a1   func ,l         1
  _st_RotationTest
                                  ffc04cdd        ac   func ,l         1
  _st_AssertTest
                                  ffc04d89        97   func ,l         1
  _st_LogTest
                                  ffc04e20        52   func ,l         1
FILE=.\UserSrc\Tracer.obj
                                  ffc04e72  ffc06062      11f1
  _TRC_Init
                                  ffc04e72       125   func ,g         1
  _TRC_StartSearchMode
                                  ffc04f97       245   func ,g         3
  _TRC_DriveMode
                                  ffc051dc       151   func ,g         1
  _TRC_RecordCourceTask
                                  ffc0532d        a7   func ,g         1
  _TRC_PlayCourceTask
                                  ffc053d4       2b5   func ,g         1
  _st_SetAnalysisParam
                                  ffc05689        1a   func ,l         5
  _st_StartRecordCource
                                  ffc056a3        63   func ,l         2
  _st_GetCourceMarker
                                  ffc05706        42   func ,l         2
  _st_PrepareCource
                                  ffc05748       209   func ,l         1
  _st_AnalyzeCource
                                  ffc05951       4e9   func ,l         5
  _st_CalculateRadius
                                  ffc05e3a        4f   func ,l         3
  _st_ExecuteDriveMode
                                  ffc05e89       17e   func ,l         4
  _st_CalculateVelocityFromSensorAngle
                                  ffc06007        5c   func ,l         1
FILE=.\src\cg_src\r_cg_cgc.obj
                                  ffc06063  ffc0610b        a9
  _R_CGC_Create
                                  ffc06063        a9   func ,g         1
FILE=.\src\cg_src\r_cg_cmt.obj
                                  ffc0610c  ffc061c9        be
  _R_CMT0_Create
                                  ffc0610c        34   func ,g         1
  _R_CMT0_Start
                                  ffc06140        13   func ,g         1
  _R_CMT0_Stop
                                  ffc06153        16   func ,g         0
  _R_CMT1_Create
                                  ffc06169        38   func ,g         1
  _R_CMT1_Start
                                  ffc061a1        13   func ,g         5
  _R_CMT1_Stop
                                  ffc061b4        16   func ,g         0
FILE=.\src\cg_src\r_cg_cmt_user.obj
                                  ffc061ca  ffc061f5        2c
  _r_cmt_cmi0_interrupt
                                  ffc061ca         e   func ,l         0
  _r_cmt_cmi1_interrupt
                                  ffc061d8        1e   func ,l         0
FILE=.\src\cg_src\r_cg_hardware_setup.obj
                                  ffc061f6  ffc0629c        a7
  _R_Systeminit
                                  ffc061f6        a3   func ,g         1
  _HardwareSetup
                                  ffc06299         4   func ,g         1
FILE=.\src\cg_src\r_cg_icu.obj
                                  ffc0629d  ffc06459       1bd
  _R_ICU_Create
                                  ffc0629d       16d   func ,g         1
  _R_ICU_IRQ5_Start
                                  ffc0640a         8   func ,g         2
  _R_ICU_IRQ5_Stop
                                  ffc06412         8   func ,g         1
  _R_ICU_IRQ6_Start
                                  ffc0641a         8   func ,g         2
  _R_ICU_IRQ6_Stop
                                  ffc06422         8   func ,g         1
  _R_ICU_IRQ7_Start
                                  ffc0642a         8   func ,g         2
  _R_ICU_IRQ7_Stop
                                  ffc06432         8   func ,g         1
  _R_ICU_IRQ8_Start
                                  ffc0643a         8   func ,g         2
  _R_ICU_IRQ8_Stop
                                  ffc06442         8   func ,g         1
  _R_ICU_IRQ9_Start
                                  ffc0644a         8   func ,g         2
  _R_ICU_IRQ9_Stop
                                  ffc06452         8   func ,g         1
FILE=.\src\cg_src\r_cg_icu_user.obj
                                  ffc0645a  ffc064c7        6e
  _r_icu_irq5_interrupt
                                  ffc0645a        16   func ,l         0
  _r_icu_irq6_interrupt
                                  ffc06470        16   func ,l         0
  _r_icu_irq7_interrupt
                                  ffc06486        16   func ,l         0
  _r_icu_irq8_interrupt
                                  ffc0649c        16   func ,l         0
  _r_icu_irq9_interrupt
                                  ffc064b2        16   func ,l         0
FILE=.\src\cg_src\r_cg_main.obj
                                  ffc064c8  ffc064f7        30
  _main
                                  ffc064c8         f   func ,g         1
  _R_MAIN_UserInit
                                  ffc064d7        21   func ,l         1
FILE=.\src\cg_src\r_cg_mtu3.obj
                                  ffc064f8  ffc06915       41e
  _R_MTU3_Create
                                  ffc064f8       2a0   func ,g         1
  _R_MTU3_C0_Start
                                  ffc06798         8   func ,g         1
  _R_MTU3_C0_Stop
                                  ffc067a0         8   func ,g         0
  _R_MTU3_C1_Start
                                  ffc067a8         8   func ,g         1
  _R_MTU3_C1_Stop
                                  ffc067b0         8   func ,g         0
  _R_MTU3_C2_Start
                                  ffc067b8         8   func ,g         1
  _R_MTU3_C2_Stop
                                  ffc067c0         8   func ,g         0
  _R_MTU3_C3_Start
                                  ffc067c8         8   func ,g         1
  _R_MTU3_C3_Stop
                                  ffc067d0         8   func ,g         0
  _R_MTU3_C4_Start
                                  ffc067d8         8   func ,g         2
  _R_MTU3_C4_Stop
                                  ffc067e0         8   func ,g         0
  _R_MTU0_SetTGRA
                                  ffc067e8         d   func ,g         0
  _R_MTU0_GetTGRA
                                  ffc067f5        10   func ,g         0
  _R_MTU0_GetTGRB
                                  ffc06805        10   func ,g         0
  _R_MTU0_SetTGRC
                                  ffc06815         d   func ,g         2
  _R_MTU0_GetTGRC
                                  ffc06822        10   func ,g         0
  _R_MTU0_GetTGRD
                                  ffc06832        10   func ,g         1
  _R_MTU1_GetTcnt
                                  ffc06842        10   func ,g         1
  _R_MTU2_GetTcnt
                                  ffc06852        10   func ,g         1
  _R_MTU3_SetTGRA
                                  ffc06862         d   func ,g         0
  _R_MTU3_GetTGRA
                                  ffc0686f        10   func ,g         0
  _R_MTU3_GetTGRB
                                  ffc0687f        10   func ,g         0
  _R_MTU3_SetTGRC
                                  ffc0688f         d   func ,g         2
  _R_MTU3_GetTGRC
                                  ffc0689c        10   func ,g         0
  _R_MTU3_GetTGRD
                                  ffc068ac        10   func ,g         1
  _R_MTU4_SetTGRA
                                  ffc068bc         d   func ,g         2
  _R_MTU4_GetTGRA
                                  ffc068c9        10   func ,g         0
  _R_MTU4_GetTGRB
                                  ffc068d9        10   func ,g         1
  _R_MTU4_SetTGRC
                                  ffc068e9         d   func ,g         2
  _R_MTU4_GetTGRC
                                  ffc068f6        10   func ,g         0
  _R_MTU4_GetTGRD
                                  ffc06906        10   func ,g         1
FILE=.\src\cg_src\r_cg_port.obj
                                  ffc06916  ffc06b1d       208
  _R_PORT_Create
                                  ffc06916        7a   func ,g         1
  _R_PORT_SetP05
                                  ffc06990        1c   func ,g         0
  _R_PORT_SetP07
                                  ffc069ac        18   func ,g         0
  _R_PORT_SetP14
                                  ffc069c4        1c   func ,g         2
  _R_PORT_SetPB0
                                  ffc069e0        19   func ,g         3
  _R_PORT_SetPB2
                                  ffc069f9        1b   func ,g         4
  _R_PORT_SetPB4
                                  ffc06a14        1c   func ,g         2
  _R_PORT_SetPC0
                                  ffc06a30        19   func ,g         4
  _R_PORT_SetPC1
                                  ffc06a49        1b   func ,g         4
  _R_PORT_SetPC2
                                  ffc06a64        1b   func ,g         4
  _R_PORT_SetPC3
                                  ffc06a7f        1b   func ,g         4
  _R_PORT_SetPD0
                                  ffc06a9a        19   func ,g         3
  _R_PORT_SetPD1
                                  ffc06ab3        1b   func ,g         3
  _R_PORT_SetPE0
                                  ffc06ace        19   func ,g         3
  _R_PORT_SetPE3
                                  ffc06ae7        1b   func ,g         3
  _R_PORT_SetPE4
                                  ffc06b02        1c   func ,g         3
FILE=.\src\cg_src\r_cg_rspi.obj
                                  ffc06b1e  ffc06cfc       1df
  _R_RSPI0_Create
                                  ffc06b1e       107   func ,g         1
  _R_RSPI0_Start
                                  ffc06c25        40   func ,g         1
  _R_RSPI0_Stop
                                  ffc06c65        2c   func ,g         0
  _R_RSPI0_Send_Receive
                                  ffc06c91        6c   func ,g         1
FILE=.\src\cg_src\r_cg_rspi_user.obj
                                  ffc06cfd  ffc06e60       164
  _r_rspi0_transmit_interrupt
                                  ffc06cfd        67   func ,l         0
  _r_rspi0_receive_interrupt
                                  ffc06d64        7f   func ,l         0
  _r_rspi0_error_interrupt
                                  ffc06de3        63   func ,g         1
  _r_rspi0_idle_interrupt
                                  ffc06e46        13   func ,g         1
  _r_rspi0_callback_transmitend
                                  ffc06e59         1   func ,l         1
  _r_rspi0_callback_receiveend
                                  ffc06e5a         1   func ,l         1
  _r_rspi0_callback_error
                                  ffc06e5b         6   func ,l         1
FILE=.\src\cg_src\r_cg_s12ad.obj
                                  ffc06e61  ffc070d3       273
  _R_S12AD0_Create
                                  ffc06e61       13e   func ,g         1
  _R_S12AD0_Start
                                  ffc06f9f         c   func ,g         2
  _R_S12AD0_Stop
                                  ffc06fab         e   func ,g         0
  _R_S12AD0_Get_ValueResult
                                  ffc06fb9        e3   func ,g         6
  _R_S12AD0_Set_CompareValue
                                  ffc0709c        19   func ,g         0
  _R_S12AD0_WaitAdcEnd
                                  ffc070b5        1f   func ,g         2
FILE=.\src\cg_src\r_cg_sbrk.obj
                                  ffc070d4  ffc07110        3d
  _sbrk
                                  ffc070d4        3d   func ,g         1
FILE=.\src\cg_src\r_cg_sci.obj
                                  ffc07111  ffc072c8       1b8
  _R_SCI2_Create
                                  ffc07111        99   func ,g         1
  _R_SCI2_Start
                                  ffc071aa        33   func ,g         1
  _R_SCI2_Stop
                                  ffc071dd        56   func ,g         0
  _R_SCI2_Serial_Receive
                                  ffc07233        48   func ,g         0
  _R_SCI2_Serial_Send
                                  ffc0727b        4e   func ,g         1
FILE=.\src\cg_src\r_cg_sci_user.obj
                                  ffc072c9  ffc073c4        fc
  _r_sci2_transmit_interrupt
                                  ffc072c9        4d   func ,l         0
  _r_sci2_transmitend_interrupt
                                  ffc07316        28   func ,g         1
  _r_sci2_receive_interrupt
                                  ffc0733e        60   func ,l         0
  _r_sci2_receiveerror_interrupt
                                  ffc0739e        25   func ,g         1
  _r_sci2_callback_transmitend
                                  ffc073c3         1   func ,l         1
  _r_sci2_callback_receiveend
                                  ffc073c4         1   func ,l         1
FILE=sinf
                                  ffc073c5  ffc07403        3f
  _sinl
                                  ffc073c5         2   func ,g         0
  _sin
                                  ffc073c7         2   func ,g         1
  _sinf
                                  ffc073c9        3b   func ,g         3
FILE=powf
                                  ffc07404  ffc07430        2d
  _powl
                                  ffc07404         2   func ,g         0
  _pow
                                  ffc07406         2   func ,g         1
  _powf
                                  ffc07408        29   func ,g         5
FILE=sprintf
                                  ffc07431  ffc07467        37
  _prout
                                  ffc07431         b   func ,l         1
  _sprintf
                                  ffc0743c        2c   func ,g        1d
FILE=__initsct
                                  ffc07468  ffc074b1        4a
  __INITSCT
                                  ffc07468         0   none ,g         1
  loop1
                                  ffc0747a         0   none ,l         1
  next_loop1
                                  ffc07488         0   none ,l         2
  loop3
                                  ffc0749a         0   none ,l         1
  next_loop3
                                  ffc074ab         0   none ,l         2
FILE=_in_pows
                                  ffc074b2  ffc075ba       109
  __in_pows
                                  ffc074b2       109   func ,g         1
FILE=sincosfsub
                                  ffc075bb  ffc076a2        e8
  ___poly_sinf
                                  ffc075bb        31   func ,g         3
  ___poly_cosf
                                  ffc075ec        28   func ,g         2
  _poly_cosfn
                                  ffc07614         7   func ,l         1
  _poly_sinfn
                                  ffc0761b         5   func ,l         1
  _sincosf_special
                                  ffc07620        33   func ,l         1
  ___internal_sincosf
                                  ffc07653        50   func ,g         3
FILE=xprintf
                                  ffc076a3  ffc07908       266
  __Printf
                                  ffc076a3       266   func ,g         1
FILE=fmodf
                                  ffc07909  ffc0793a        32
  _fmodl
                                  ffc07909         2   func ,g         0
  _fmod
                                  ffc0790b         2   func ,g         1
  _fmodf
                                  ffc0790d        2e   func ,g         2
FILE=_i_ldes
                                  ffc0793b  ffc079b9        7f
  __in_ldexps
                                  ffc0793b        7f   func ,g         2
FILE=_in_exps
                                  ffc079ba  ffc07ab4        fb
  __in_exps
                                  ffc079ba        fb   func ,g         2
FILE=_in_logs
                                  ffc07ab5  ffc07b7b        c7
  __in_logs
                                  ffc07ab5        c7   func ,g         2
FILE=nanfval
                                  ffc07b7c  ffc07b82         7
  ___nanf_value
                                  ffc07b7c         7   func ,g         1
FILE=xputfld
                                  ffc07b83  ffc08019       497
  __Putfld
                                  ffc07b83       497   func ,g         1
FILE=xvacopy
                                  ffc0801a  ffc08021         8
  __Vacopy
                                  ffc0801a         8   func ,g         2
FILE=xputtxt
                                  ffc08022  ffc08306       2e5
  __Puttxt
                                  ffc08022       2e5   func ,g         3
FILE=strchr
                                  ffc08307  ffc0831c        16
  _strchr
                                  ffc08307        16   func ,g         2
FILE=xctype
                                  ffc0831d  ffc08332        16
  __Getpctype
                                  ffc0831d        16   func ,g         0
FILE=_i_fmds
                                  ffc08333  ffc0840a        d8
  __in_fmods
                                  ffc08333        d8   func ,g         1
FILE=xldtob
                                  ffc0840b  ffc08841       437
  __Ldtob
                                  ffc0840b       437   func ,g         1
FILE=xputstr
                                  ffc08842  ffc08921        e0
  __Putstr
                                  ffc08842        e0   func ,g         1
FILE=xlitob
                                  ffc08922  ffc08a39       118
  __Litob
                                  ffc08922       118   func ,g         1
FILE=xgenld
                                  ffc08a3a  ffc08ce7       2ae
  __Genld
                                  ffc08a3a       2ae   func ,g         1
FILE=xwctomb
                                  ffc08ce8  ffc08e3f       158
  __Wctombx
                                  ffc08ce8       112   func ,g         1
  __Wctomb
                                  ffc08dfa        46   func ,g         1
FILE=xstate
                                  ffc08e40  ffc08e71        32
  __Getmbcurmax
                                  ffc08e40        16   func ,g         2
  __Getpmbstate
                                  ffc08e56        1c   func ,g         0
FILE=xldscale
                                  ffc08e72  ffc08e75         4
  __LDscale
                                  ffc08e72         4   func ,g         1
FILE=xldunsca
                                  ffc08e76  ffc08e79         4
  __LDunscale
                                  ffc08e76         4   func ,g         1
FILE=__COM_DIV64u
                                  ffc08e7a  ffc08f12        99
  __COM_DIV64u
                                  ffc08e7a         0   none ,g         2
  _Loop_Init
                                  ffc08e84         0   none ,l         2
  _Loop
                                  ffc08e8c         0   none ,l         1
  _DivStart
                                  ffc08e98         0   none ,l         3
  _Success
                                  ffc08ea6         0   none ,l         1
  _DivEnd
                                  ffc08eb2         0   none ,l         0
  IXI6DIV
                                  ffc08eb7         0   none ,l         1
  IXI4DIV
                                  ffc08ec9         0   none ,l         1
  IXI2DIV
                                  ffc08ed9         0   none ,l         1
  I8I2DIV
                                  ffc08ee1         0   none ,l         1
  I4I2DIV
                                  ffc08f0f         0   none ,l         1
  _i8divU_End
                                  ffc08f12         0   none ,l         0
FILE=__COM_MOD64u
                                  ffc08f13  ffc08f99        87
  __COM_MOD64u
                                  ffc08f13         0   none ,g         1
  _Loop_Init
                                  ffc08f1d         0   none ,l         2
  _Loop
                                  ffc08f21         0   none ,l         1
  _DivStart
                                  ffc08f2d         0   none ,l         3
  _Success
                                  ffc08f3b         0   none ,l         1
  _DivEnd
                                  ffc08f43         0   none ,l         0
  IXI6DIV
                                  ffc08f44         0   none ,l         1
  IXI4DIV
                                  ffc08f56         0   none ,l         1
  IXI2DIV
                                  ffc08f66         0   none ,l         1
  I8I2DIV
                                  ffc08f6e         0   none ,l         1
  I4I2DIV
                                  ffc08f8e         0   none ,l         1
FILE=_div
                                  ffc08f9a  ffc08fa5         c
  _ldiv
                                  ffc08f9a         0   none ,g         1
  _div
                                  ffc08f9a         0   none ,g         1
FILE=free
                                  ffc08fa6  ffc09028        83
  _free
                                  ffc08fa6        83   func ,g         2
FILE=malloc
                                  ffc09029  ffc09106        de
  _findmem
                                  ffc09029        7b   func ,l         1
  _malloc
                                  ffc090a4        63   func ,g         1
FILE=localeco
                                  ffc09107  ffc0910d         7
  _localeconv
                                  ffc09107         7   func ,g         1
FILE=xwcstate
                                  ffc0910e  ffc09129        1c
  __Getpwcstate
                                  ffc0910e        1c   func ,g         0
FILE=xfdscale
                                  ffc0912a  ffc0924a       121
  __FDscale
                                  ffc0912a       121   func ,g         1
FILE=xfdunsca
                                  ffc0924b  ffc092a5        5b
  __FDunscale
                                  ffc0924b        5b   func ,g         1
FILE=xgetmem
                                  ffc092a6  ffc092c0        1b
  __Getmem
                                  ffc092a6        1b   func ,g         1
FILE=xfdnorm
                                  ffc092c1  ffc0933f        7f
  __FDnorm
                                  ffc092c1        7f   func ,g         2

SECTION=EXCEPTVECT
FILE=.\src\cg_src\r_cg_vecttbl.obj
                                  ffffff80  fffffffb        7c
  _Excpt_Vectors
                                  ffffff80        7c   data ,g         0

SECTION=RESETVECT
FILE=.\src\cg_src\r_cg_vecttbl.obj
                                  fffffffc  ffffffff         4
  _Reset_Vectors
                                  fffffffc         4   data ,g         0

*** Unfilled Areas ***

AREA                                START    END

*** Delete Symbols ***

SYMBOL                                SIZE    INFO
