Renesas Optimizing Linker (W2.04.00 )             26-Oct-2018 05:52:09

*** Options ***

-subcommand=LinkerSubCommand.tmp
-input="./UserSrc/Buzzer.obj"
-input="./UserSrc/ControlAngularVelocity.obj"
-input="./UserSrc/ControlSensorAngle.obj"
-input="./UserSrc/ControlVelocity.obj"
-input="./UserSrc/DriveAssert.obj"
-input="./UserSrc/FunctionTimer.obj"
-input="./UserSrc/Led.obj"
-input="./UserSrc/Log.obj"
-input="./UserSrc/Mode.obj"
-input="./UserSrc/SciFifo.obj"
-input="./UserSrc/Sensor.obj"
-input="./UserSrc/Switch.obj"
-input="./UserSrc/TaskTimer.obj"
-input="./UserSrc/Test.obj"
-input="./UserSrc/Tracer.obj"
-input="./src/cg_src/r_cg_cgc.obj"
-input="./src/cg_src/r_cg_cgc_user.obj"
-input="./src/cg_src/r_cg_cmt.obj"
-input="./src/cg_src/r_cg_cmt_user.obj"
-input="./src/cg_src/r_cg_dbsct.obj"
-input="./src/cg_src/r_cg_hardware_setup.obj"
-input="./src/cg_src/r_cg_icu.obj"
-input="./src/cg_src/r_cg_icu_user.obj"
-input="./src/cg_src/r_cg_intprg.obj"
-input="./src/cg_src/r_cg_main.obj"
-input="./src/cg_src/r_cg_mtu3.obj"
-input="./src/cg_src/r_cg_mtu3_user.obj"
-input="./src/cg_src/r_cg_port.obj"
-input="./src/cg_src/r_cg_port_user.obj"
-input="./src/cg_src/r_cg_resetprg.obj"
-input="./src/cg_src/r_cg_rspi.obj"
-input="./src/cg_src/r_cg_rspi_user.obj"
-input="./src/cg_src/r_cg_s12ad.obj"
-input="./src/cg_src/r_cg_s12ad_user.obj"
-input="./src/cg_src/r_cg_sbrk.obj"
-input="./src/cg_src/r_cg_sci.obj"
-input="./src/cg_src/r_cg_sci_user.obj"
-input="./src/cg_src/r_cg_vecttbl.obj"
-start=SU,SI,B_1,R_1,B_2,R_2,B,R/04,PResetPRG,C_1,C_2,C,C$*,D*,W*,L,PIntPRG,P/0FFC00000,EXCEPTVECT/0FFFFFF80,RESETVECT/0FFFFFFFC
-library=C:\Users\shuuichi\OneDrive\Robomech\ROBOTR~1\2018\program\VERDIR~1\HARDWA~2\VerdiRT17_RX64M.lib
-noprelink
-list=VerdiRT17_RX64M.map
-show
-nooptimize
-debug
-output=C:\Users\shuuichi\OneDrive\Robomech\Robotrace\2018\program\VerdiRT17_RX64M\HardwareDebug\VerdiRT17_RX64M.abs
-rom=D=R,D_1=R_1,D_2=R_2
-nocompress
-nomessage
-nologo

*** Error information ***

*** Mapping List ***

SECTION                            START      END         SIZE   ALIGN

SU
                                  00000004  00000303       300   4
SI
                                  00000304  00000803       500   4
B_1
                                  00000804  0000082d        2a   1
R_1
                                  0000082e  0000087e        51   1
B_2
                                  00000880  00000cd3       454   2
R_2
                                  00000cd4  00000cd4         0   1
B
                                  00000cd4  00000fcf       2fc   4
R
                                  00000fd0  00001253       284   4
$ADDR_C_120040
                                  00120040  00120043         4   1
$ADDR_C_120048
                                  00120048  0012004b         4   1
$ADDR_C_120050
                                  00120050  0012006f        20   1
PResetPRG
                                  ffc00000  ffc0003d        3e   1
C_1
                                  ffc0003e  ffc0010f        d2   1
C_2
                                  ffc00110  ffc00311       202   2
C
                                  ffc00314  ffc003c7        b4   4
C$DSEC
                                  ffc003c8  ffc003eb        24   4
C$BSEC
                                  ffc003ec  ffc00403        18   4
C$INIT
                                  ffc00404  ffc00404         0   1
C$VECT
                                  ffc00404  ffc00803       400   4
C$VTBL
                                  ffc00804  ffc00804         0   1
D
                                  ffc00804  ffc00a87       284   4
D_1
                                  ffc00a88  ffc00ad8        51   1
D_2
                                  ffc00ad9  ffc00ad9         0   1
W
                                  ffc00adc  ffc00adc         0   4
W_1
                                  ffc00adc  ffc00ae5         a   1
W_2
                                  ffc00ae6  ffc00b21        3c   2
L
                                  ffc00b24  ffc00c64       141   4
PIntPRG
                                  ffc00c65  ffc00cb8        54   1
P
                                  ffc00cb9  ffc04d8a      40d2   1
EXCEPTVECT
                                  ffffff80  fffffffb        7c   4
RESETVECT
                                  fffffffc  ffffffff         4   4

*** Symbol List ***

SECTION=
FILE=                               START        END    SIZE
  SYMBOL                            ADDR        SIZE    INFO      COUNTS  OPT

SECTION=SU
FILE=.\src\cg_src\r_cg_resetprg.obj
                                  00000004  00000303       300

SECTION=SI
FILE=.\src\cg_src\r_cg_resetprg.obj
                                  00000304  00000803       500

SECTION=B_1
FILE=.\UserSrc\Sensor.obj
                                  00000804  00000818        15
  _st_SendBuf
                                  00000804        14   data ,l         1
  _st_SensorCalibFlag
                                  00000818         1   data ,l         3
FILE=.\UserSrc\Test.obj
                                  00000819  0000082d        15
  _st_SendBuf
                                  00000819        14   data ,l         1
  _st_BufSize
                                  0000082d         1   data ,l         1

SECTION=R_1
FILE=xfiles
                                  0000082e  0000087d        50
  _ebuf
                                  0000082e        50   data ,l         5
FILE=xstate
                                  0000087e  0000087e         1
  __Mbcurmax
                                  0000087e         1   data ,g         1

SECTION=B_2
FILE=.\UserSrc\ControlAngularVelocity.obj
                                  00000880  0000088d         e
  _st_SensorData
                                  00000880         e   data ,l         1
FILE=.\UserSrc\ControlSensorAngle.obj
                                  0000088e  0000089b         e
  _st_SensorData
                                  0000088e         e   data ,l         1
FILE=.\UserSrc\Sensor.obj
                                  0000089c  000008c7        2c
  _st_LineSensor
                                  0000089c        18   data ,l         2
  _st_InstantMax
                                  000008b4         8   data ,l         2
  _st_InstantMin
                                  000008bc         8   data ,l         3
  _st_SensorCalibMax
                                  000008c4         2   data ,l         2
  _st_SensorCalibMin
                                  000008c6         2   data ,l         2
FILE=.\src\cg_src\r_cg_rspi.obj
                                  000008c8  000008cd         6
  _g_rspi0_tx_count
                                  000008c8         2   data ,g         2
  _g_rspi0_rx_count
                                  000008ca         2   data ,g         2
  _g_rspi0_rx_length
                                  000008cc         2   data ,g         2
FILE=.\src\cg_src\r_cg_sbrk.obj
                                  000008ce  00000ccd       400
  _heap_area
                                  000008ce       400   data ,l         2
FILE=.\src\cg_src\r_cg_sci.obj
                                  00000cce  00000cd3         6
  _g_sci2_tx_count
                                  00000cce         2   data ,g         2
  _g_sci2_rx_count
                                  00000cd0         2   data ,g         2
  _g_sci2_rx_length
                                  00000cd2         2   data ,g         2

SECTION=B
FILE=.\UserSrc\Buzzer.obj
                                  00000cd4  00000cdf         c
  _st_BeepCount
                                  00000cd4         4   data ,l         3
  _st_TaskCounter
                                  00000cd8         4   data ,l         3
  _st_TaskInterval
                                  00000cdc         4   data ,l         3
FILE=.\UserSrc\ControlAngularVelocity.obj
                                  00000ce0  00000d37        58
  _st_BodyOmega
                                  00000ce0         4   data ,l         1
  _st_VirtualGeometry
                                  00000ce4         c   data ,l         2
  _st_Controller
                                  00000cf0        48   data ,l         5
FILE=.\UserSrc\ControlSensorAngle.obj
                                  00000d38  00000d87        50
  _st_Theta
                                  00000d38        4c   data ,l         3
  _st_PotentioTheta
                                  00000d84         4   data ,l         1
FILE=.\UserSrc\ControlVelocity.obj
                                  00000d88  00000df7        70
  _st_Encoder
                                  00000d88        28   data ,g         4
  _st_Controller
                                  00000db0        48   data ,l         7
FILE=.\UserSrc\FunctionTimer.obj
                                  00000df8  00000e37        40
  _st_BuzzerDuty
                                  00000df8         c   data ,l         2
  _st_RightMotorDuty
                                  00000e04        14   data ,l         5
  _st_LeftMotorDuty
                                  00000e18        14   data ,l         5
  _st_SensorMotorDuty
                                  00000e2c         c   data ,l         3
FILE=.\UserSrc\Mode.obj
                                  00000e38  00000e43         c
  _st_Swt
                                  00000e38         4   data ,l         1
  _st_ModeKind
                                  00000e3c         4   data ,l         2
  _st_Decision
                                  00000e40         4   data ,l         1
FILE=.\UserSrc\Sensor.obj
                                  00000e44  00000f43       100
  _st_SensorData
                                  00000e44        b0   data ,l         e
  _st_Tx
                                  00000ef4         8   data ,l         2
  _st_Rx
                                  00000efc         8   data ,l         3
  _st_LineCoefficient
                                  00000f04        10   data ,l         3
  _st_CourceMarker
                                  00000f14        30   data ,l         6
FILE=.\UserSrc\Switch.obj
                                  00000f44  00000f7b        38
  _st_Swt
                                  00000f44        1c   data ,l         c
  _st_udMin
                                  00000f60         4   data ,l         2
  _st_udMax
                                  00000f64         4   data ,l         2
  _st_rlMin
                                  00000f68         4   data ,l         2
  _st_rlMax
                                  00000f6c         4   data ,l         2
  _st_Decision
                                  00000f70         c   data ,l         2
FILE=.\UserSrc\TaskTimer.obj
                                  00000f7c  00000faf        34
  _st_TaskState
                                  00000f7c         4   data ,l         2
  _st_TaskSchedule
                                  00000f80        30   data ,l         4
FILE=.\UserSrc\Test.obj
                                  00000fb0  00000fbb         c
  _st_Swt
                                  00000fb0         4   data ,l         1
  _st_ModeLevel
                                  00000fb4         4   data ,l         2
  _st_Decision
                                  00000fb8         4   data ,l         1
FILE=.\src\cg_src\r_cg_rspi.obj
                                  00000fbc  00000fc3         8
  _gp_rspi0_tx_address
                                  00000fbc         4   data ,g         2
  _gp_rspi0_rx_address
                                  00000fc0         4   data ,g         2
FILE=.\src\cg_src\r_cg_sci.obj
                                  00000fc4  00000fcb         8
  _gp_sci2_tx_address
                                  00000fc4         4   data ,g         2
  _gp_sci2_rx_address
                                  00000fc8         4   data ,g         2
FILE=_errno
                                  00000fcc  00000fcf         4
  __errno
                                  00000fcc         4   data ,g         3

SECTION=R
FILE=.\src\cg_src\r_cg_sbrk.obj
                                  00000fd0  00000fd3         4
  _brk
                                  00000fd0         4   data ,l         1
FILE=sincosfsub
                                  00000fd4  0000100f        3c
  _sinf_coeff
                                  00000fd4        10   data ,l         1
  _cosf_coeff
                                  00000fe4        10   data ,l         1
  _pi4ptr_table
                                  00000ff4         c   data ,l         1
  _sub_table
                                  00001000        10   data ,l         1
FILE=xprintf
                                  00001010  00001013         4
  _stderr
                                  00001010         4   data ,g         0
FILE=xfiles
                                  00001014  000010eb        d8
  __Stdin
                                  00001014        48   data ,g         7
  __Stdout
                                  0000105c        48   data ,g         7
  __Stderr
                                  000010a4        48   data ,g         3
FILE=xctype
                                  000010ec  000010f3         8
  __Ctype
                                  000010ec         4   data ,g         2
  __Tls_setup__Ctype
                                  000010f0         4   data ,g         1
FILE=xstate
                                  000010f4  0000113b        48
  __Tls_setup__Mbcurmax
                                  000010f4         4   data ,g         1
  __Mbstate
                                  000010f8        40   data ,g         2
  __Tls_setup__Mbstate
                                  00001138         4   data ,g         2
FILE=malloc
                                  0000113c  00001143         8
  __Aldata
                                  0000113c         8   data ,g         3
FILE=localeco
                                  00001144  00001197        54
  __Locale
                                  00001144        50   data ,g         1
  __Tls_setup__Locale
                                  00001194         4   data ,g         0
FILE=xwcstate
                                  00001198  000011db        44
  __Wcstate
                                  00001198        40   data ,g         2
  __Tls_setup__Wcstate
                                  000011d8         4   data ,g         2
FILE=xfvalues
                                  000011dc  00001253        78
  __FDenorm
                                  000011dc        10   data ,g         0
  __FEps
                                  000011ec        10   data ,g         0
  __FHugeval
                                  000011fc        10   data ,g         0
  __FInf
                                  0000120c        10   data ,g         1
  __FNan
                                  0000121c        10   data ,g         0
  __FSnan
                                  0000122c        10   data ,g         0
  __FRteps
                                  0000123c        10   data ,g         0
  __FXbig
                                  0000124c         4   data ,g         0
  __FZero
                                  00001250         4   data ,g         0

SECTION=$ADDR_C_120040
FILE=.\src\cg_src\r_cg_vecttbl.obj
                                  00120040  00120043         4
  ___SPCCreg
                                  00120040         4   data ,g         0

SECTION=$ADDR_C_120048
FILE=.\src\cg_src\r_cg_vecttbl.obj
                                  00120048  0012004b         4
  ___TMEFreg
                                  00120048         4   data ,g         0

SECTION=$ADDR_C_120050
FILE=.\src\cg_src\r_cg_vecttbl.obj
                                  00120050  0012006f        20
  ___OSISreg
                                  00120050        10   data ,g         0
  ___TMINFreg
                                  00120060         4   data ,g         0
  ___MDEreg
                                  00120064         4   data ,g         0
  ___OFS0reg
                                  00120068         4   data ,g         0
  ___OFS1reg
                                  0012006c         4   data ,g         0

SECTION=PResetPRG
FILE=.\src\cg_src\r_cg_resetprg.obj
                                  ffc00000  ffc0003d        3e
  _PowerON_Reset_PC
                                  ffc00000        3e   entry,g         1

SECTION=C_1
FILE=xprintf
                                  ffc0003e  ffc00047         a
  _fchar$1
                                  ffc0003e         a   data ,l         1
FILE=xputtxt
                                  ffc00048  ffc000ec        a5
  _spaces
                                  ffc00048        21   data ,l         1
  _zeroes
                                  ffc00069        21   data ,l         1
  _asterisk
                                  ffc0008a        21   data ,l         1
  _plus
                                  ffc000ab        21   data ,l         1
  _minus
                                  ffc000cc        21   data ,l         1
FILE=xlitob
                                  ffc000ed  ffc0010e        22
  _ldigs
                                  ffc000ed        11   data ,l         1
  _udigs
                                  ffc000fe        11   data ,l         1
FILE=localeco
                                  ffc0010f  ffc0010f         1
  _null
                                  ffc0010f         1   data ,l         d

SECTION=C_2
FILE=xctype
                                  ffc00110  ffc00311       202
  _ctyp_tab
                                  ffc00110       202   data ,l         1

SECTION=C
FILE=.\src\cg_src\r_cg_dbsct.obj
                                  ffc00314  ffc00347        34
  __CTBL
                                  ffc00314        34   data ,g         0
FILE=xprintf
                                  ffc00348  ffc0035f        18
  _fbit$2
                                  ffc00348        18   data ,l         1
FILE=xldtob
                                  ffc00360  ffc00377        18
  _pows
                                  ffc00360        18   data ,l         1
FILE=floatval
                                  ffc00378  ffc0039f        28
  __FLT_MAX_VAL
                                  ffc00378         0   none ,g         1
  __FLT_MIN_VAL
                                  ffc0037c         0   none ,g         0
  __DBL_MAX_VAL
                                  ffc00380         0   none ,g         0
  __DBL_MIN_VAL
                                  ffc00388         0   none ,g         0
  __LDBL_MAX_VAL
                                  ffc00390         0   none ,g         0
  __LDBL_MIN_VAL
                                  ffc00398         0   none ,g         0
FILE=_const
                                  ffc003a0  ffc003c3        24
  __IFNAND
                                  ffc003a0         0   none ,g         0
  __IFINFD
                                  ffc003a8         0   none ,g         0
  __NIFINFD
                                  ffc003b0         0   none ,g         0
  __IFNANS
                                  ffc003b8         0   none ,g         1
  __IFINFS
                                  ffc003bc         0   none ,g         0
  __NIFINFS
                                  ffc003c0         0   none ,g         0
FILE=_sbrk_si
                                  ffc003c4  ffc003c7         4
  __sbrk_size
                                  ffc003c4         4   data ,g         1

SECTION=C$DSEC
FILE=.\src\cg_src\r_cg_dbsct.obj
                                  ffc003c8  ffc003eb        24
  __DTBL
                                  ffc003c8        24   data ,g         0

SECTION=C$BSEC
FILE=.\src\cg_src\r_cg_dbsct.obj
                                  ffc003ec  ffc00403        18
  __BTBL
                                  ffc003ec        18   data ,g         0

SECTION=C$VECT
FILE=.\src\cg_src\r_cg_dbsct.obj
                                  ffc00404  ffc00803       400

SECTION=D
FILE=.\src\cg_src\r_cg_sbrk.obj
                                  ffc00804  ffc00807         4
FILE=sincosfsub
                                  ffc00808  ffc00843        3c
FILE=xprintf
                                  ffc00844  ffc00847         4
FILE=xfiles
                                  ffc00848  ffc0091f        d8
FILE=xctype
                                  ffc00920  ffc00927         8
FILE=xstate
                                  ffc00928  ffc0096f        48
FILE=malloc
                                  ffc00970  ffc00977         8
FILE=localeco
                                  ffc00978  ffc009cb        54
FILE=xwcstate
                                  ffc009cc  ffc00a0f        44
FILE=xfvalues
                                  ffc00a10  ffc00a87        78

SECTION=D_1
FILE=xfiles
                                  ffc00a88  ffc00ad7        50
FILE=xstate
                                  ffc00ad8  ffc00ad8         1

SECTION=W_1
FILE=.\UserSrc\TaskTimer.obj
                                  ffc00adc  ffc00ae5         a

SECTION=W_2
FILE=.\UserSrc\Led.obj
                                  ffc00ae6  ffc00b05        20
FILE=.\UserSrc\Test.obj
                                  ffc00b06  ffc00b21        1c

SECTION=L
FILE=.\UserSrc\Sensor.obj
                                  ffc00b24  ffc00b5d        3a
FILE=.\UserSrc\Test.obj
                                  ffc00b60  ffc00c26        c7
FILE=xprintf
                                  ffc00c28  ffc00c2e         7
FILE=xldtob
                                  ffc00c30  ffc00c51        22
FILE=xgenld
                                  ffc00c54  ffc00c55         2
FILE=localeco
                                  ffc00c58  ffc00c64         d

SECTION=PIntPRG
FILE=.\src\cg_src\r_cg_intprg.obj
                                  ffc00c65  ffc00cb8        54
  _r_undefined_exception
                                  ffc00c65         2   func ,g         3
  _r_reserved_exception
                                  ffc00c67         2   func ,g        1b
  _r_nmi_exception
                                  ffc00c69         2   func ,g         1
  _r_brk_exception
                                  ffc00c6b         2   func ,g         0
  _r_icu_group_be0_interrupt
                                  ffc00c6d         2   func ,g         0
  _r_icu_group_bl0_interrupt
                                  ffc00c6f        23   func ,g         0
  _r_icu_group_bl1_interrupt
                                  ffc00c92         2   func ,g         0
  _r_icu_group_al0_interrupt
                                  ffc00c94        23   func ,g         0
  _r_icu_group_al1_interrupt
                                  ffc00cb7         2   func ,g         0

SECTION=P
FILE=.\UserSrc\Buzzer.obj
                                  ffc00cb9  ffc00d47        8f
  _BZR_Init
                                  ffc00cb9        25   func ,g         1
  _BZR_BuzzerOn
                                  ffc00cde         a   func ,g         1
  _BZR_BuzzerOff
                                  ffc00ce8         6   func ,g         1
  _BZR_SetBeepCount
                                  ffc00cee        19   func ,g         7
  _BZR_BuzzerTask
                                  ffc00d07        41   func ,g         1
FILE=.\UserSrc\ControlAngularVelocity.obj
                                  ffc00d48  ffc00eae       167
  _CAV_Init
                                  ffc00d48        64   func ,g         0
  _CAV_SetTargetUpAccel
                                  ffc00dac         9   func ,g         0
  _CAV_SetTargetDownAccel
                                  ffc00db5         9   func ,g         0
  _CAV_SetTarget
                                  ffc00dbe        2d   func ,g         0
  _CAV_ControlTask
                                  ffc00deb        c4   func ,g         1
FILE=.\UserSrc\ControlSensorAngle.obj
                                  ffc00eaf  ffc00f84        d6
  _CSA_Init
                                  ffc00eaf        5c   func ,g         1
  _CSA_StartSensorMotor
                                  ffc00f0b         6   func ,g         2
  _CSA_StopSensorMotor
                                  ffc00f11         6   func ,g         0
  _CSA_ControlSensorTask
                                  ffc00f17        65   func ,g         1
  _CSA_GetSensorTheta
                                  ffc00f7c         9   func ,g         1
FILE=.\UserSrc\ControlVelocity.obj
                                  ffc00f85  ffc01199       215
  _CVL_Init
                                  ffc00f85        88   func ,g         2
  _CVL_StartDriveMotor
                                  ffc0100d        21   func ,g         2
  _CVL_StopDriveMotor
                                  ffc0102e         6   func ,g         0
  _CVL_SetTargetUpAccel
                                  ffc01034         9   func ,g         0
  _CVL_SetTargetDownAccel
                                  ffc0103d         9   func ,g         0
  _CVL_SetTarget
                                  ffc01046        2d   func ,g         1
  _CVL_ControlTask
                                  ffc01073       10c   func ,g         1
  _CVL_GetVelocity
                                  ffc0117f         9   func ,g         2
  _CVL_GetErrorNow
                                  ffc01188         9   func ,g         1
  _CVL_GetDistance
                                  ffc01191         9   func ,g         6
FILE=.\UserSrc\DriveAssert.obj
                                  ffc0119a  ffc0119b         2
  _DAS_Init
                                  ffc0119a         1   func ,g         0
  _DAS_AssertTask
                                  ffc0119b         1   func ,g         1
FILE=.\UserSrc\FunctionTimer.obj
                                  ffc0119c  ffc014a6       30b
  _FTR_Init
                                  ffc0119c        83   func ,g         1
  _FTR_StartBuzzerTimer
                                  ffc0121f         4   func ,g         1
  _FTR_SetBuzzerDuty
                                  ffc01223        29   func ,g         3
  _FTR_StartRightEncoderTimer
                                  ffc0124c         4   func ,g         2
  _FTR_GetRightEncoderCount
                                  ffc01250         4   func ,g         2
  _FTR_StartLeftEncoderTimer
                                  ffc01254         4   func ,g         2
  _FTR_GetLeftEncoderCount
                                  ffc01258         4   func ,g         2
  _FTR_StartRightMotorTimer
                                  ffc0125c         4   func ,g         2
  _FTR_SetTransitionRightMotorDuty
                                  ffc01260        12   func ,g         3
  _FTR_SetAngularRightMotorDuty
                                  ffc01272        12   func ,g         1
  _FTR_GetRightMotorDuty
                                  ffc01284         9   func ,g         1
  _FTR_StartLeftMotorTimer
                                  ffc0128d         4   func ,g         2
  _FTR_SetTransitionLeftMotorDuty
                                  ffc01291        12   func ,g         3
  _FTR_SetAngularLeftMotorDuty
                                  ffc012a3        12   func ,g         1
  _FTR_GetLeftMotorDuty
                                  ffc012b5         9   func ,g         1
  _FTR_StartSensorMotorTimer
                                  ffc012be         4   func ,g         3
  _FTR_SetSensorMotorDuty
                                  ffc012c2        a2   func ,g         2
  _FTR_GetSensorMotorDuty
                                  ffc01364         9   func ,g         0
  _st_SetLeftMotorDuty
                                  ffc0136d        9d   func ,l         2
  _st_SetRightMotorDuty
                                  ffc0140a        9d   func ,l         2
FILE=.\UserSrc\Led.obj
                                  ffc014a7  ffc016a6       200
  _LED_binaryOn
                                  ffc014a7       151   func ,g         3
  _LED_AllOff
                                  ffc015f8        13   func ,g         0
  _LED_On
                                  ffc0160b        4e   func ,g         3
  _LED_Off
                                  ffc01659        4e   func ,g         b
FILE=.\UserSrc\Log.obj
                                  ffc016a7  ffc016a7         1
  _LOG_Init
                                  ffc016a7         1   func ,g         0
FILE=.\UserSrc\Mode.obj
                                  ffc016a8  ffc01736        8f
  _MDE_InitMode
                                  ffc016a8         d   func ,g         1
  _MDE_SelectMode
                                  ffc016b5        82   func ,g         1
FILE=.\UserSrc\SciFifo.obj
                                  ffc01737  ffc0175d        27
  _SCF_Init
                                  ffc01737         4   func ,g         1
  _SCF_WriteData
                                  ffc0173b        23   func ,g         b
FILE=.\UserSrc\Sensor.obj
                                  ffc0175e  ffc01e12       6b5
  _SSR_Init
                                  ffc0175e       165   func ,g         3
  _SSR_TaskStartSensorGate
                                  ffc018c3         6   func ,g         1
  _SSR_TaskStopSensorGate
                                  ffc018c9         6   func ,g         1
  _SSR_TaskGetAnalogSensor
                                  ffc018cf        37   func ,g         2
  _SSR_TaskStartReadGyro
                                  ffc01906         a   func ,g         2
  _SSR_TaskCalcSensor
                                  ffc01910        59   func ,g         2
  _SSR_TaskCalcFilter
                                  ffc01969        9f   func ,g         1
  _SSR_TaskJudgeMarkerSensor
                                  ffc01a08       1ef   func ,g         1
  _SSR_CalibSensor
                                  ffc01bf7        f2   func ,g         3
  _SSR_GetSensorData
                                  ffc01ce9        22   func ,g         2
  _SSR_GetPotentioData
                                  ffc01d0b         a   func ,g         0
  _SSR_SetPotentioData
                                  ffc01d15         a   func ,g         1
  _SSR_GetGyroData
                                  ffc01d1f         a   func ,g         0
  _SSR_SetGyroData
                                  ffc01d29         a   func ,g         0
  _SSR_GetMarkerState
                                  ffc01d33        16   func ,g         2
  _SSR_GetCourceMarker
                                  ffc01d49        19   func ,g         1
  _SSR_PrintAllSensor
                                  ffc01d62        51   func ,g         2
  _st_ReadLineSensor
                                  ffc01db3        3c   func ,l         2
  _st_CommunicateGyro
                                  ffc01def        24   func ,l         5
FILE=.\UserSrc\Switch.obj
                                  ffc01e13  ffc01faa       198
  _SWT_Init
                                  ffc01e13        5e   func ,g         6
  _SWT_CallCenter
                                  ffc01e71        12   func ,g         1
  _SWT_CallRight
                                  ffc01e83        15   func ,g         1
  _SWT_CallLeft
                                  ffc01e98        15   func ,g         1
  _SWT_CallUp
                                  ffc01ead        15   func ,g         1
  _SWT_CallDown
                                  ffc01ec2        15   func ,g         1
  _SWT_ClearSwitchCount
                                  ffc01ed7        1b   func ,g         0
  _SWT_GetSwitch
                                  ffc01ef2         7   func ,g         2
  _SWT_SetSwitch
                                  ffc01ef9        23   func ,g         0
  _SWT_GetCenterDecision
                                  ffc01f1c        1f   func ,g        11
  _st_CalcRL
                                  ffc01f3b        38   func ,l         3
  _st_CalcUD
                                  ffc01f73        38   func ,l         3
FILE=.\UserSrc\TaskTimer.obj
                                  ffc01fab  ffc020a2        f8
  _TSK_Init
                                  ffc01fab        21   func ,g         1
  _TSK_Main
                                  ffc01fcc        bf   func ,g         1
  _TSK_Start
                                  ffc0208b         c   func ,g         8
  _TSK_Stop
                                  ffc02097         c   func ,g         0
FILE=.\UserSrc\Test.obj
                                  ffc020a3  ffc024f5       453
  _TST_TestMode
                                  ffc020a3       453   func ,g         1
FILE=.\UserSrc\Tracer.obj
                                  ffc024f6  ffc0251e        29
  _TRC_Init
                                  ffc024f6         1   func ,g         1
  _TRC_StartSearchMode
                                  ffc024f7        14   func ,g         1
  _TRC_StartDriveMode
                                  ffc0250b        14   func ,g         1
FILE=.\src\cg_src\r_cg_cgc.obj
                                  ffc0251f  ffc02571        53
  _R_CGC_Create
                                  ffc0251f        53   func ,g         1
FILE=.\src\cg_src\r_cg_cmt.obj
                                  ffc02572  ffc0261b        aa
  _R_CMT0_Create
                                  ffc02572        2a   func ,g         1
  _R_CMT0_Start
                                  ffc0259c        13   func ,g         1
  _R_CMT0_Stop
                                  ffc025af        16   func ,g         0
  _R_CMT1_Create
                                  ffc025c5        2e   func ,g         1
  _R_CMT1_Start
                                  ffc025f3        13   func ,g         5
  _R_CMT1_Stop
                                  ffc02606        16   func ,g         0
FILE=.\src\cg_src\r_cg_cmt_user.obj
                                  ffc0261c  ffc02647        2c
  _r_cmt_cmi0_interrupt
                                  ffc0261c         e   func ,l         0
  _r_cmt_cmi1_interrupt
                                  ffc0262a        1e   func ,l         0
FILE=.\src\cg_src\r_cg_hardware_setup.obj
                                  ffc02648  ffc026dd        96
  _R_Systeminit
                                  ffc02648        93   func ,g         1
  _HardwareSetup
                                  ffc026db         3   func ,g         1
FILE=.\src\cg_src\r_cg_icu.obj
                                  ffc026de  ffc027f8       11b
  _R_ICU_Create
                                  ffc026de        cb   func ,g         1
  _R_ICU_IRQ5_Start
                                  ffc027a9         8   func ,g         2
  _R_ICU_IRQ5_Stop
                                  ffc027b1         8   func ,g         1
  _R_ICU_IRQ6_Start
                                  ffc027b9         8   func ,g         2
  _R_ICU_IRQ6_Stop
                                  ffc027c1         8   func ,g         1
  _R_ICU_IRQ7_Start
                                  ffc027c9         8   func ,g         2
  _R_ICU_IRQ7_Stop
                                  ffc027d1         8   func ,g         1
  _R_ICU_IRQ8_Start
                                  ffc027d9         8   func ,g         2
  _R_ICU_IRQ8_Stop
                                  ffc027e1         8   func ,g         1
  _R_ICU_IRQ9_Start
                                  ffc027e9         8   func ,g         2
  _R_ICU_IRQ9_Stop
                                  ffc027f1         8   func ,g         1
FILE=.\src\cg_src\r_cg_icu_user.obj
                                  ffc027f9  ffc02866        6e
  _r_icu_irq5_interrupt
                                  ffc027f9        16   func ,l         0
  _r_icu_irq6_interrupt
                                  ffc0280f        16   func ,l         0
  _r_icu_irq7_interrupt
                                  ffc02825        16   func ,l         0
  _r_icu_irq8_interrupt
                                  ffc0283b        16   func ,l         0
  _r_icu_irq9_interrupt
                                  ffc02851        16   func ,l         0
FILE=.\src\cg_src\r_cg_main.obj
                                  ffc02867  ffc02892        2c
  _main
                                  ffc02867        2c   func ,g         1
FILE=.\src\cg_src\r_cg_mtu3.obj
                                  ffc02893  ffc02ad3       241
  _R_MTU3_Create
                                  ffc02893       151   func ,g         1
  _R_MTU3_C0_Start
                                  ffc029e4         8   func ,g         1
  _R_MTU3_C0_Stop
                                  ffc029ec         8   func ,g         0
  _R_MTU3_C1_Start
                                  ffc029f4         8   func ,g         1
  _R_MTU3_C1_Stop
                                  ffc029fc         8   func ,g         0
  _R_MTU3_C2_Start
                                  ffc02a04         8   func ,g         1
  _R_MTU3_C2_Stop
                                  ffc02a0c         8   func ,g         0
  _R_MTU3_C3_Start
                                  ffc02a14         8   func ,g         1
  _R_MTU3_C3_Stop
                                  ffc02a1c         8   func ,g         0
  _R_MTU3_C4_Start
                                  ffc02a24         8   func ,g         2
  _R_MTU3_C4_Stop
                                  ffc02a2c         8   func ,g         0
  _R_MTU0_SetTGRA
                                  ffc02a34         8   func ,g         0
  _R_MTU0_GetTGRA
                                  ffc02a3c         8   func ,g         0
  _R_MTU0_GetTGRB
                                  ffc02a44         8   func ,g         0
  _R_MTU0_SetTGRC
                                  ffc02a4c         8   func ,g         2
  _R_MTU0_GetTGRC
                                  ffc02a54         8   func ,g         0
  _R_MTU0_GetTGRD
                                  ffc02a5c         8   func ,g         1
  _R_MTU1_GetTcnt
                                  ffc02a64         8   func ,g         1
  _R_MTU2_GetTcnt
                                  ffc02a6c         8   func ,g         1
  _R_MTU3_SetTGRA
                                  ffc02a74         8   func ,g         0
  _R_MTU3_GetTGRA
                                  ffc02a7c         8   func ,g         0
  _R_MTU3_GetTGRB
                                  ffc02a84         8   func ,g         0
  _R_MTU3_SetTGRC
                                  ffc02a8c         8   func ,g         2
  _R_MTU3_GetTGRC
                                  ffc02a94         8   func ,g         0
  _R_MTU3_GetTGRD
                                  ffc02a9c         8   func ,g         1
  _R_MTU4_SetTGRA
                                  ffc02aa4         8   func ,g         2
  _R_MTU4_GetTGRA
                                  ffc02aac         8   func ,g         0
  _R_MTU4_GetTGRB
                                  ffc02ab4         8   func ,g         1
  _R_MTU4_SetTGRC
                                  ffc02abc         8   func ,g         2
  _R_MTU4_GetTGRC
                                  ffc02ac4         8   func ,g         0
  _R_MTU4_GetTGRD
                                  ffc02acc         8   func ,g         1
FILE=.\src\cg_src\r_cg_port.obj
                                  ffc02ad4  ffc02c45       172
  _R_PORT_Create
                                  ffc02ad4        4d   func ,g         1
  _R_PORT_SetP05
                                  ffc02b21        15   func ,g         0
  _R_PORT_SetP07
                                  ffc02b36        11   func ,g         0
  _R_PORT_SetP14
                                  ffc02b47        15   func ,g         3
  _R_PORT_SetPB0
                                  ffc02b5c        12   func ,g         3
  _R_PORT_SetPB2
                                  ffc02b6e        14   func ,g         2
  _R_PORT_SetPB4
                                  ffc02b82        15   func ,g         2
  _R_PORT_SetPC0
                                  ffc02b97        12   func ,g        14
  _R_PORT_SetPC1
                                  ffc02ba9        14   func ,g         e
  _R_PORT_SetPC2
                                  ffc02bbd        14   func ,g         8
  _R_PORT_SetPC3
                                  ffc02bd1        14   func ,g         8
  _R_PORT_SetPD0
                                  ffc02be5        12   func ,g         3
  _R_PORT_SetPD1
                                  ffc02bf7        14   func ,g         3
  _R_PORT_SetPE0
                                  ffc02c0b        12   func ,g         3
  _R_PORT_SetPE3
                                  ffc02c1d        14   func ,g         3
  _R_PORT_SetPE4
                                  ffc02c31        15   func ,g         3
FILE=.\src\cg_src\r_cg_rspi.obj
                                  ffc02c46  ffc02d72       12d
  _R_RSPI0_Create
                                  ffc02c46        99   func ,g         1
  _R_RSPI0_Start
                                  ffc02cdf        2f   func ,g         1
  _R_RSPI0_Stop
                                  ffc02d0e        25   func ,g         0
  _R_RSPI0_Send_Receive
                                  ffc02d33        40   func ,g         2
FILE=.\src\cg_src\r_cg_rspi_user.obj
                                  ffc02d73  ffc02e3d        cb
  _r_rspi0_transmit_interrupt
                                  ffc02d73        45   func ,l         0
  _r_rspi0_receive_interrupt
                                  ffc02db8        57   func ,l         0
  _r_rspi0_error_interrupt
                                  ffc02e0f        23   func ,g         1
  _r_rspi0_idle_interrupt
                                  ffc02e32         b   func ,g         1
  _r_rspi0_callback_receiveend
                                  ffc02e3d         1   func ,l         1
FILE=.\src\cg_src\r_cg_s12ad.obj
                                  ffc02e3e  ffc02fa6       169
  _R_S12AD0_Create
                                  ffc02e3e        9a   func ,g         1
  _R_S12AD0_Start
                                  ffc02ed8         c   func ,g         2
  _R_S12AD0_Stop
                                  ffc02ee4         e   func ,g         0
  _R_S12AD0_Get_ValueResult
                                  ffc02ef2        93   func ,g         6
  _R_S12AD0_Set_CompareValue
                                  ffc02f85         a   func ,g         0
  _R_S12AD0_WaitAdcEnd
                                  ffc02f8f        18   func ,g         2
FILE=.\src\cg_src\r_cg_sbrk.obj
                                  ffc02fa7  ffc02fc7        21
  _sbrk
                                  ffc02fa7        21   func ,g         1
FILE=.\src\cg_src\r_cg_sci.obj
                                  ffc02fc8  ffc030db       114
  _R_SCI2_Create
                                  ffc02fc8        5c   func ,g         1
  _R_SCI2_Start
                                  ffc03024        23   func ,g         1
  _R_SCI2_Stop
                                  ffc03047        37   func ,g         0
  _R_SCI2_Serial_Receive
                                  ffc0307e        2c   func ,g         0
  _R_SCI2_Serial_Send
                                  ffc030aa        32   func ,g         1
FILE=.\src\cg_src\r_cg_sci_user.obj
                                  ffc030dc  ffc03186        ab
  _r_sci2_transmit_interrupt
                                  ffc030dc        3a   func ,l         0
  _r_sci2_transmitend_interrupt
                                  ffc03116        1b   func ,g         1
  _r_sci2_receive_interrupt
                                  ffc03131        43   func ,l         0
  _r_sci2_receiveerror_interrupt
                                  ffc03174        12   func ,g         1
  _r_sci2_callback_receiveend
                                  ffc03186         1   func ,l         1
FILE=sinf
                                  ffc03187  ffc031c5        3f
  _sinl
                                  ffc03187         2   func ,g         0
  _sin
                                  ffc03189         2   func ,g         1
  _sinf
                                  ffc0318b        3b   func ,g         2
FILE=sprintf
                                  ffc031c6  ffc031fc        37
  _prout
                                  ffc031c6         b   func ,l         1
  _sprintf
                                  ffc031d1        2c   func ,g         c
FILE=__initsct
                                  ffc031fd  ffc03246        4a
  __INITSCT
                                  ffc031fd         0   none ,g         1
  loop1
                                  ffc0320f         0   none ,l         1
  next_loop1
                                  ffc0321d         0   none ,l         2
  loop3
                                  ffc0322f         0   none ,l         1
  next_loop3
                                  ffc03240         0   none ,l         2
FILE=sincosfsub
                                  ffc03247  ffc0332e        e8
  ___poly_sinf
                                  ffc03247        31   func ,g         3
  ___poly_cosf
                                  ffc03278        28   func ,g         2
  _poly_cosfn
                                  ffc032a0         7   func ,l         1
  _poly_sinfn
                                  ffc032a7         5   func ,l         1
  _sincosf_special
                                  ffc032ac        33   func ,l         1
  ___internal_sincosf
                                  ffc032df        50   func ,g         3
FILE=xprintf
                                  ffc0332f  ffc03594       266
  __Printf
                                  ffc0332f       266   func ,g         1
FILE=fmodf
                                  ffc03595  ffc035c6        32
  _fmodl
                                  ffc03595         2   func ,g         0
  _fmod
                                  ffc03597         2   func ,g         1
  _fmodf
                                  ffc03599        2e   func ,g         2
FILE=nanfval
                                  ffc035c7  ffc035cd         7
  ___nanf_value
                                  ffc035c7         7   func ,g         1
FILE=xputfld
                                  ffc035ce  ffc03a64       497
  __Putfld
                                  ffc035ce       497   func ,g         1
FILE=xvacopy
                                  ffc03a65  ffc03a6c         8
  __Vacopy
                                  ffc03a65         8   func ,g         2
FILE=xputtxt
                                  ffc03a6d  ffc03d51       2e5
  __Puttxt
                                  ffc03a6d       2e5   func ,g         3
FILE=strchr
                                  ffc03d52  ffc03d67        16
  _strchr
                                  ffc03d52        16   func ,g         2
FILE=xctype
                                  ffc03d68  ffc03d7d        16
  __Getpctype
                                  ffc03d68        16   func ,g         0
FILE=_i_fmds
                                  ffc03d7e  ffc03e55        d8
  __in_fmods
                                  ffc03d7e        d8   func ,g         1
FILE=xldtob
                                  ffc03e56  ffc0428c       437
  __Ldtob
                                  ffc03e56       437   func ,g         1
FILE=xputstr
                                  ffc0428d  ffc0436c        e0
  __Putstr
                                  ffc0428d        e0   func ,g         1
FILE=xlitob
                                  ffc0436d  ffc04484       118
  __Litob
                                  ffc0436d       118   func ,g         1
FILE=xgenld
                                  ffc04485  ffc04732       2ae
  __Genld
                                  ffc04485       2ae   func ,g         1
FILE=xwctomb
                                  ffc04733  ffc0488a       158
  __Wctombx
                                  ffc04733       112   func ,g         1
  __Wctomb
                                  ffc04845        46   func ,g         1
FILE=xstate
                                  ffc0488b  ffc048bc        32
  __Getmbcurmax
                                  ffc0488b        16   func ,g         2
  __Getpmbstate
                                  ffc048a1        1c   func ,g         0
FILE=xldscale
                                  ffc048bd  ffc048c0         4
  __LDscale
                                  ffc048bd         4   func ,g         1
FILE=xldunsca
                                  ffc048c1  ffc048c4         4
  __LDunscale
                                  ffc048c1         4   func ,g         1
FILE=__COM_DIV64u
                                  ffc048c5  ffc0495d        99
  __COM_DIV64u
                                  ffc048c5         0   none ,g         2
  _Loop_Init
                                  ffc048cf         0   none ,l         2
  _Loop
                                  ffc048d7         0   none ,l         1
  _DivStart
                                  ffc048e3         0   none ,l         3
  _Success
                                  ffc048f1         0   none ,l         1
  _DivEnd
                                  ffc048fd         0   none ,l         0
  IXI6DIV
                                  ffc04902         0   none ,l         1
  IXI4DIV
                                  ffc04914         0   none ,l         1
  IXI2DIV
                                  ffc04924         0   none ,l         1
  I8I2DIV
                                  ffc0492c         0   none ,l         1
  I4I2DIV
                                  ffc0495a         0   none ,l         1
  _i8divU_End
                                  ffc0495d         0   none ,l         0
FILE=__COM_MOD64u
                                  ffc0495e  ffc049e4        87
  __COM_MOD64u
                                  ffc0495e         0   none ,g         1
  _Loop_Init
                                  ffc04968         0   none ,l         2
  _Loop
                                  ffc0496c         0   none ,l         1
  _DivStart
                                  ffc04978         0   none ,l         3
  _Success
                                  ffc04986         0   none ,l         1
  _DivEnd
                                  ffc0498e         0   none ,l         0
  IXI6DIV
                                  ffc0498f         0   none ,l         1
  IXI4DIV
                                  ffc049a1         0   none ,l         1
  IXI2DIV
                                  ffc049b1         0   none ,l         1
  I8I2DIV
                                  ffc049b9         0   none ,l         1
  I4I2DIV
                                  ffc049d9         0   none ,l         1
FILE=_div
                                  ffc049e5  ffc049f0         c
  _ldiv
                                  ffc049e5         0   none ,g         1
  _div
                                  ffc049e5         0   none ,g         1
FILE=free
                                  ffc049f1  ffc04a73        83
  _free
                                  ffc049f1        83   func ,g         2
FILE=malloc
                                  ffc04a74  ffc04b51        de
  _findmem
                                  ffc04a74        7b   func ,l         1
  _malloc
                                  ffc04aef        63   func ,g         1
FILE=localeco
                                  ffc04b52  ffc04b58         7
  _localeconv
                                  ffc04b52         7   func ,g         1
FILE=xwcstate
                                  ffc04b59  ffc04b74        1c
  __Getpwcstate
                                  ffc04b59        1c   func ,g         0
FILE=xfdscale
                                  ffc04b75  ffc04c95       121
  __FDscale
                                  ffc04b75       121   func ,g         1
FILE=xfdunsca
                                  ffc04c96  ffc04cf0        5b
  __FDunscale
                                  ffc04c96        5b   func ,g         1
FILE=xgetmem
                                  ffc04cf1  ffc04d0b        1b
  __Getmem
                                  ffc04cf1        1b   func ,g         1
FILE=xfdnorm
                                  ffc04d0c  ffc04d8a        7f
  __FDnorm
                                  ffc04d0c        7f   func ,g         2

SECTION=EXCEPTVECT
FILE=.\src\cg_src\r_cg_vecttbl.obj
                                  ffffff80  fffffffb        7c
  _Excpt_Vectors
                                  ffffff80        7c   data ,g         0

SECTION=RESETVECT
FILE=.\src\cg_src\r_cg_vecttbl.obj
                                  fffffffc  ffffffff         4
  _Reset_Vectors
                                  fffffffc         4   data ,g         0

*** Unfilled Areas ***

AREA                                START    END

*** Delete Symbols ***

SYMBOL                                SIZE    INFO
