Renesas Optimizing Linker (W2.04.00 )             28-Oct-2018 10:08:03

*** Options ***

-subcommand=LinkerSubCommand.tmp
-input="./UserSrc/Buzzer.obj"
-input="./UserSrc/ControlAngularVelocity.obj"
-input="./UserSrc/ControlSensorAngle.obj"
-input="./UserSrc/ControlVelocity.obj"
-input="./UserSrc/DriveAssert.obj"
-input="./UserSrc/FunctionTimer.obj"
-input="./UserSrc/Led.obj"
-input="./UserSrc/Log.obj"
-input="./UserSrc/Mode.obj"
-input="./UserSrc/SciFifo.obj"
-input="./UserSrc/Sensor.obj"
-input="./UserSrc/Switch.obj"
-input="./UserSrc/TaskTimer.obj"
-input="./UserSrc/Test.obj"
-input="./UserSrc/Tracer.obj"
-input="./src/cg_src/r_cg_cgc.obj"
-input="./src/cg_src/r_cg_cgc_user.obj"
-input="./src/cg_src/r_cg_cmt.obj"
-input="./src/cg_src/r_cg_cmt_user.obj"
-input="./src/cg_src/r_cg_dbsct.obj"
-input="./src/cg_src/r_cg_hardware_setup.obj"
-input="./src/cg_src/r_cg_icu.obj"
-input="./src/cg_src/r_cg_icu_user.obj"
-input="./src/cg_src/r_cg_intprg.obj"
-input="./src/cg_src/r_cg_main.obj"
-input="./src/cg_src/r_cg_mtu3.obj"
-input="./src/cg_src/r_cg_mtu3_user.obj"
-input="./src/cg_src/r_cg_port.obj"
-input="./src/cg_src/r_cg_port_user.obj"
-input="./src/cg_src/r_cg_resetprg.obj"
-input="./src/cg_src/r_cg_rspi.obj"
-input="./src/cg_src/r_cg_rspi_user.obj"
-input="./src/cg_src/r_cg_s12ad.obj"
-input="./src/cg_src/r_cg_s12ad_user.obj"
-input="./src/cg_src/r_cg_sbrk.obj"
-input="./src/cg_src/r_cg_sci.obj"
-input="./src/cg_src/r_cg_sci_user.obj"
-input="./src/cg_src/r_cg_vecttbl.obj"
-start=SU,SI,B_1,R_1,B_2,R_2,B,R/04,PResetPRG,C_1,C_2,C,C$*,D*,W*,L,PIntPRG,P/0FFC00000,EXCEPTVECT/0FFFFFF80,RESETVECT/0FFFFFFFC
-library=C:\Users\shuuichi\OneDrive\Robomech\ROBOTR~1\2018\program\VERDIR~1\HARDWA~2\VerdiRT17_RX64M.lib
-noprelink
-list=VerdiRT17_RX64M.map
-show
-nooptimize
-debug
-output=C:\Users\shuuichi\OneDrive\Robomech\Robotrace\2018\program\VerdiRT17_RX64M\HardwareDebug\VerdiRT17_RX64M.abs
-rom=D=R,D_1=R_1,D_2=R_2
-nocompress
-nomessage
-nologo

*** Error information ***

*** Mapping List ***

SECTION                            START      END         SIZE   ALIGN

SU
                                  00000004  00000303       300   4
SI
                                  00000304  00000803       500   4
B_1
                                  00000804  00000860        5d   1
R_1
                                  00000861  000008b1        51   1
B_2
                                  000008b2  00000d13       462   2
R_2
                                  00000d14  00000d14         0   1
B
                                  00000d14  0000102f       31c   4
R
                                  00001030  000012b3       284   4
$ADDR_C_120040
                                  00120040  00120043         4   1
$ADDR_C_120048
                                  00120048  0012004b         4   1
$ADDR_C_120050
                                  00120050  0012006f        20   1
PResetPRG
                                  ffc00000  ffc0003d        3e   1
C_1
                                  ffc0003e  ffc0010f        d2   1
C_2
                                  ffc00110  ffc00311       202   2
C
                                  ffc00314  ffc003c7        b4   4
C$DSEC
                                  ffc003c8  ffc003eb        24   4
C$BSEC
                                  ffc003ec  ffc00403        18   4
C$INIT
                                  ffc00404  ffc00404         0   1
C$VECT
                                  ffc00404  ffc00803       400   4
C$VTBL
                                  ffc00804  ffc00804         0   1
D
                                  ffc00804  ffc00a87       284   4
D_1
                                  ffc00a88  ffc00ad8        51   1
D_2
                                  ffc00ad9  ffc00ad9         0   1
W
                                  ffc00adc  ffc00adc         0   4
W_1
                                  ffc00adc  ffc00adc         0   1
W_2
                                  ffc00adc  ffc00b2d        52   2
L
                                  ffc00b30  ffc00cc8       199   4
PIntPRG
                                  ffc00cc9  ffc00d40        78   1
P
                                  ffc00d41  ffc07239      64f9   1
EXCEPTVECT
                                  ffffff80  fffffffb        7c   4
RESETVECT
                                  fffffffc  ffffffff         4   4

*** Symbol List ***

SECTION=
FILE=                               START        END    SIZE
  SYMBOL                            ADDR        SIZE    INFO      COUNTS  OPT

SECTION=SU
FILE=.\src\cg_src\r_cg_resetprg.obj
                                  00000004  00000303       300

SECTION=SI
FILE=.\src\cg_src\r_cg_resetprg.obj
                                  00000304  00000803       500

SECTION=B_1
FILE=.\UserSrc\Sensor.obj
                                  00000804  00000818        15
  _st_SendBuf
                                  00000804        14   data ,l         2
  _st_SensorCalibFlag
                                  00000818         1   data ,l         6
FILE=.\UserSrc\Test.obj
                                  00000819  0000082d        15
  _st_SendBuf
                                  00000819        14   data ,l        17
  _st_BufSize
                                  0000082d         1   data ,l        17
FILE=.\UserSrc\Tracer.obj
                                  0000082e  00000860        33
  _st_SendBuf
                                  0000082e        32   data ,l         6
  _st_BufSize
                                  00000860         1   data ,l         6

SECTION=R_1
FILE=xfiles
                                  00000861  000008b0        50
  _ebuf
                                  00000861        50   data ,l         5
FILE=xstate
                                  000008b1  000008b1         1
  __Mbcurmax
                                  000008b1         1   data ,g         1

SECTION=B_2
FILE=.\UserSrc\ControlSensorAngle.obj
                                  000008b2  000008bf         e
  _st_SensorData
                                  000008b2         e   data ,l         3
FILE=.\UserSrc\DriveAssert.obj
                                  000008c0  000008cd         e
  _st_SensorData
                                  000008c0         e   data ,l         3
FILE=.\UserSrc\Sensor.obj
                                  000008ce  000008f9        2c
  _st_LineSensor
                                  000008ce        18   data ,l         c
  _st_InstantMax
                                  000008e6         8   data ,l        10
  _st_InstantMin
                                  000008ee         8   data ,l        14
  _st_SensorCalibMax
                                  000008f6         2   data ,l         9
  _st_SensorCalibMin
                                  000008f8         2   data ,l         9
FILE=.\UserSrc\Tracer.obj
                                  000008fa  00000907         e
  _st_SensorData
                                  000008fa         e   data ,l         3
FILE=.\src\cg_src\r_cg_rspi.obj
                                  00000908  0000090d         6
  _g_rspi0_tx_count
                                  00000908         2   data ,g         3
  _g_rspi0_rx_count
                                  0000090a         2   data ,g         4
  _g_rspi0_rx_length
                                  0000090c         2   data ,g         3
FILE=.\src\cg_src\r_cg_sbrk.obj
                                  0000090e  00000d0d       400
  _heap_area
                                  0000090e       400   data ,l         2
FILE=.\src\cg_src\r_cg_sci.obj
                                  00000d0e  00000d13         6
  _g_sci2_tx_count
                                  00000d0e         2   data ,g         3
  _g_sci2_rx_count
                                  00000d10         2   data ,g         4
  _g_sci2_rx_length
                                  00000d12         2   data ,g         3

SECTION=B
FILE=.\UserSrc\Buzzer.obj
                                  00000d14  00000d1f         c
  _st_BeepCount
                                  00000d14         4   data ,l         5
  _st_TaskCounter
                                  00000d18         4   data ,l         5
  _st_TaskInterval
                                  00000d1c         4   data ,l         3
FILE=.\UserSrc\ControlAngularVelocity.obj
                                  00000d20  00000d7f        60
  _st_BodyOmega
                                  00000d20         4   data ,l         4
  _st_BodyAngle
                                  00000d24         4   data ,l         4
  _st_VirtualGeometry
                                  00000d28        10   data ,l         c
  _st_Controller
                                  00000d38        48   data ,l        32
FILE=.\UserSrc\ControlSensorAngle.obj
                                  00000d80  00000dcf        50
  _st_Theta
                                  00000d80        4c   data ,l        1d
  _st_PotentioTheta
                                  00000dcc         4   data ,l         3
FILE=.\UserSrc\ControlVelocity.obj
                                  00000dd0  00000e47        78
  _st_Encoder
                                  00000dd0        30   data ,g        22
  _st_Controller
                                  00000e00        48   data ,l        32
FILE=.\UserSrc\DriveAssert.obj
                                  00000e48  00000e53         c
  _st_AssertFlag
                                  00000e48         4   data ,l         5
  _st_LineAssert
                                  00000e4c         8   data ,l         6
FILE=.\UserSrc\FunctionTimer.obj
                                  00000e54  00000e93        40
  _st_BuzzerDuty
                                  00000e54         c   data ,l         9
  _st_RightMotorDuty
                                  00000e60        14   data ,l        11
  _st_LeftMotorDuty
                                  00000e74        14   data ,l        11
  _st_SensorMotorDuty
                                  00000e88         c   data ,l         a
FILE=.\UserSrc\Mode.obj
                                  00000e94  00000e9f         c
  _st_Swt
                                  00000e94         4   data ,l         2
  _st_ModeKind
                                  00000e98         4   data ,l         5
  _st_Decision
                                  00000e9c         4   data ,l         5
FILE=.\UserSrc\Sensor.obj
                                  00000ea0  00000f9f       100
  _st_SensorData
                                  00000ea0        b0   data ,l        43
  _st_Tx
                                  00000f50         8   data ,l         5
  _st_Rx
                                  00000f58         8   data ,l         5
  _st_LineCoefficient
                                  00000f60        10   data ,l         c
  _st_CourceMarker
                                  00000f70        30   data ,l        3f
FILE=.\UserSrc\Switch.obj
                                  00000fa0  00000fd7        38
  _st_Swt
                                  00000fa0        1c   data ,l        22
  _st_udMin
                                  00000fbc         4   data ,l         4
  _st_udMax
                                  00000fc0         4   data ,l         4
  _st_rlMin
                                  00000fc4         4   data ,l         4
  _st_rlMax
                                  00000fc8         4   data ,l         4
  _st_Decision
                                  00000fcc         c   data ,l         9
FILE=.\UserSrc\TaskTimer.obj
                                  00000fd8  0000100b        34
  _st_TaskState
                                  00000fd8         4   data ,l         c
  _st_TaskSchedule
                                  00000fdc        30   data ,l        10
FILE=.\UserSrc\Test.obj
                                  0000100c  00001017         c
  _st_Swt
                                  0000100c         4   data ,l        12
  _st_ModeLevel
                                  00001010         4   data ,l         4
  _st_Decision
                                  00001014         4   data ,l        3a
FILE=.\UserSrc\Tracer.obj
                                  00001018  0000101b         4
  _st_Decision
                                  00001018         4   data ,l         6
FILE=.\src\cg_src\r_cg_rspi.obj
                                  0000101c  00001023         8
  _gp_rspi0_tx_address
                                  0000101c         4   data ,g         3
  _gp_rspi0_rx_address
                                  00001020         4   data ,g         3
FILE=.\src\cg_src\r_cg_sci.obj
                                  00001024  0000102b         8
  _gp_sci2_tx_address
                                  00001024         4   data ,g         3
  _gp_sci2_rx_address
                                  00001028         4   data ,g         3
FILE=_errno
                                  0000102c  0000102f         4
  __errno
                                  0000102c         4   data ,g         3

SECTION=R
FILE=.\src\cg_src\r_cg_sbrk.obj
                                  00001030  00001033         4
  _brk
                                  00001030         4   data ,l         3
FILE=sincosfsub
                                  00001034  0000106f        3c
  _sinf_coeff
                                  00001034        10   data ,l         1
  _cosf_coeff
                                  00001044        10   data ,l         1
  _pi4ptr_table
                                  00001054         c   data ,l         1
  _sub_table
                                  00001060        10   data ,l         1
FILE=xprintf
                                  00001070  00001073         4
  _stderr
                                  00001070         4   data ,g         0
FILE=xfiles
                                  00001074  0000114b        d8
  __Stdin
                                  00001074        48   data ,g         7
  __Stdout
                                  000010bc        48   data ,g         7
  __Stderr
                                  00001104        48   data ,g         3
FILE=xctype
                                  0000114c  00001153         8
  __Ctype
                                  0000114c         4   data ,g         2
  __Tls_setup__Ctype
                                  00001150         4   data ,g         1
FILE=xstate
                                  00001154  0000119b        48
  __Tls_setup__Mbcurmax
                                  00001154         4   data ,g         1
  __Mbstate
                                  00001158        40   data ,g         2
  __Tls_setup__Mbstate
                                  00001198         4   data ,g         2
FILE=malloc
                                  0000119c  000011a3         8
  __Aldata
                                  0000119c         8   data ,g         3
FILE=localeco
                                  000011a4  000011f7        54
  __Locale
                                  000011a4        50   data ,g         1
  __Tls_setup__Locale
                                  000011f4         4   data ,g         0
FILE=xwcstate
                                  000011f8  0000123b        44
  __Wcstate
                                  000011f8        40   data ,g         2
  __Tls_setup__Wcstate
                                  00001238         4   data ,g         2
FILE=xfvalues
                                  0000123c  000012b3        78
  __FDenorm
                                  0000123c        10   data ,g         0
  __FEps
                                  0000124c        10   data ,g         0
  __FHugeval
                                  0000125c        10   data ,g         0
  __FInf
                                  0000126c        10   data ,g         1
  __FNan
                                  0000127c        10   data ,g         0
  __FSnan
                                  0000128c        10   data ,g         0
  __FRteps
                                  0000129c        10   data ,g         0
  __FXbig
                                  000012ac         4   data ,g         0
  __FZero
                                  000012b0         4   data ,g         0

SECTION=$ADDR_C_120040
FILE=.\src\cg_src\r_cg_vecttbl.obj
                                  00120040  00120043         4
  ___SPCCreg
                                  00120040         4   data ,g         0

SECTION=$ADDR_C_120048
FILE=.\src\cg_src\r_cg_vecttbl.obj
                                  00120048  0012004b         4
  ___TMEFreg
                                  00120048         4   data ,g         0

SECTION=$ADDR_C_120050
FILE=.\src\cg_src\r_cg_vecttbl.obj
                                  00120050  0012006f        20
  ___OSISreg
                                  00120050        10   data ,g         0
  ___TMINFreg
                                  00120060         4   data ,g         0
  ___MDEreg
                                  00120064         4   data ,g         0
  ___OFS0reg
                                  00120068         4   data ,g         0
  ___OFS1reg
                                  0012006c         4   data ,g         0

SECTION=PResetPRG
FILE=.\src\cg_src\r_cg_resetprg.obj
                                  ffc00000  ffc0003d        3e
  _PowerON_Reset_PC
                                  ffc00000        3e   entry,g         1

SECTION=C_1
FILE=xprintf
                                  ffc0003e  ffc00047         a
  _fchar$1
                                  ffc0003e         a   data ,l         1
FILE=xputtxt
                                  ffc00048  ffc000ec        a5
  _spaces
                                  ffc00048        21   data ,l         1
  _zeroes
                                  ffc00069        21   data ,l         1
  _asterisk
                                  ffc0008a        21   data ,l         1
  _plus
                                  ffc000ab        21   data ,l         1
  _minus
                                  ffc000cc        21   data ,l         1
FILE=xlitob
                                  ffc000ed  ffc0010e        22
  _ldigs
                                  ffc000ed        11   data ,l         1
  _udigs
                                  ffc000fe        11   data ,l         1
FILE=localeco
                                  ffc0010f  ffc0010f         1
  _null
                                  ffc0010f         1   data ,l         d

SECTION=C_2
FILE=xctype
                                  ffc00110  ffc00311       202
  _ctyp_tab
                                  ffc00110       202   data ,l         1

SECTION=C
FILE=.\src\cg_src\r_cg_dbsct.obj
                                  ffc00314  ffc00347        34
  __CTBL
                                  ffc00314        34   data ,g         0
FILE=xprintf
                                  ffc00348  ffc0035f        18
  _fbit$2
                                  ffc00348        18   data ,l         1
FILE=xldtob
                                  ffc00360  ffc00377        18
  _pows
                                  ffc00360        18   data ,l         1
FILE=floatval
                                  ffc00378  ffc0039f        28
  __FLT_MAX_VAL
                                  ffc00378         0   none ,g         1
  __FLT_MIN_VAL
                                  ffc0037c         0   none ,g         0
  __DBL_MAX_VAL
                                  ffc00380         0   none ,g         0
  __DBL_MIN_VAL
                                  ffc00388         0   none ,g         0
  __LDBL_MAX_VAL
                                  ffc00390         0   none ,g         0
  __LDBL_MIN_VAL
                                  ffc00398         0   none ,g         0
FILE=_const
                                  ffc003a0  ffc003c3        24
  __IFNAND
                                  ffc003a0         0   none ,g         0
  __IFINFD
                                  ffc003a8         0   none ,g         0
  __NIFINFD
                                  ffc003b0         0   none ,g         0
  __IFNANS
                                  ffc003b8         0   none ,g         1
  __IFINFS
                                  ffc003bc         0   none ,g         0
  __NIFINFS
                                  ffc003c0         0   none ,g         0
FILE=_sbrk_si
                                  ffc003c4  ffc003c7         4
  __sbrk_size
                                  ffc003c4         4   data ,g         1

SECTION=C$DSEC
FILE=.\src\cg_src\r_cg_dbsct.obj
                                  ffc003c8  ffc003eb        24
  __DTBL
                                  ffc003c8        24   data ,g         0

SECTION=C$BSEC
FILE=.\src\cg_src\r_cg_dbsct.obj
                                  ffc003ec  ffc00403        18
  __BTBL
                                  ffc003ec        18   data ,g         0

SECTION=C$VECT
FILE=.\src\cg_src\r_cg_dbsct.obj
                                  ffc00404  ffc00803       400

SECTION=D
FILE=.\src\cg_src\r_cg_sbrk.obj
                                  ffc00804  ffc00807         4
FILE=sincosfsub
                                  ffc00808  ffc00843        3c
FILE=xprintf
                                  ffc00844  ffc00847         4
FILE=xfiles
                                  ffc00848  ffc0091f        d8
FILE=xctype
                                  ffc00920  ffc00927         8
FILE=xstate
                                  ffc00928  ffc0096f        48
FILE=malloc
                                  ffc00970  ffc00977         8
FILE=localeco
                                  ffc00978  ffc009cb        54
FILE=xwcstate
                                  ffc009cc  ffc00a0f        44
FILE=xfvalues
                                  ffc00a10  ffc00a87        78

SECTION=D_1
FILE=xfiles
                                  ffc00a88  ffc00ad7        50
FILE=xstate
                                  ffc00ad8  ffc00ad8         1

SECTION=W_2
FILE=.\UserSrc\Led.obj
                                  ffc00adc  ffc00afb        20
FILE=.\UserSrc\TaskTimer.obj
                                  ffc00afc  ffc00b0f        14
FILE=.\UserSrc\Test.obj
                                  ffc00b10  ffc00b2d        1e

SECTION=L
FILE=.\UserSrc\Sensor.obj
                                  ffc00b30  ffc00b69        3a
FILE=.\UserSrc\Test.obj
                                  ffc00b6c  ffc00c71       106
FILE=.\UserSrc\Tracer.obj
                                  ffc00c74  ffc00c8a        17
FILE=xprintf
                                  ffc00c8c  ffc00c92         7
FILE=xldtob
                                  ffc00c94  ffc00cb5        22
FILE=xgenld
                                  ffc00cb8  ffc00cb9         2
FILE=localeco
                                  ffc00cbc  ffc00cc8         d

SECTION=PIntPRG
FILE=.\src\cg_src\r_cg_intprg.obj
                                  ffc00cc9  ffc00d40        78
  _r_undefined_exception
                                  ffc00cc9         2   func ,g         3
  _r_reserved_exception
                                  ffc00ccb         2   func ,g        1b
  _r_nmi_exception
                                  ffc00ccd         2   func ,g         1
  _r_brk_exception
                                  ffc00ccf         2   func ,g         0
  _r_icu_group_be0_interrupt
                                  ffc00cd1         2   func ,g         0
  _r_icu_group_bl0_interrupt
                                  ffc00cd3        35   func ,g         0
  _r_icu_group_bl1_interrupt
                                  ffc00d08         2   func ,g         0
  _r_icu_group_al0_interrupt
                                  ffc00d0a        35   func ,g         0
  _r_icu_group_al1_interrupt
                                  ffc00d3f         2   func ,g         0

SECTION=P
FILE=.\UserSrc\Buzzer.obj
                                  ffc00d41  ffc00dee        ae
  _BZR_Init
                                  ffc00d41        26   func ,g         1
  _BZR_BuzzerOn
                                  ffc00d67         b   func ,g         2
  _BZR_BuzzerOff
                                  ffc00d72         7   func ,g         2
  _BZR_SetBeepCount
                                  ffc00d79        22   func ,g        12
  _BZR_BuzzerTask
                                  ffc00d9b        54   func ,g         1
FILE=.\UserSrc\ControlAngularVelocity.obj
                                  ffc00def  ffc011c5       3d7
  _CAV_Init
                                  ffc00def       105   func ,g         4
  _CAV_StartDriveMotor
                                  ffc00ef4        22   func ,g         3
  _CAV_StopDriveMotor
                                  ffc00f16         d   func ,g         0
  _CAV_SetTargetUpAccel
                                  ffc00f23         e   func ,g         1
  _CAV_SetTargetDownAccel
                                  ffc00f31         e   func ,g         1
  _CAV_SetTarget
                                  ffc00f3f        51   func ,g         2
  _CAV_ControlTask
                                  ffc00f90        10   func ,g         1
  _CAV_GetTarget
                                  ffc00fa0         e   func ,g         3
  _CAV_GetVelocity
                                  ffc00fae         e   func ,g         4
  _CAV_GetErrorNow
                                  ffc00fbc         e   func ,g         4
  _CAV_GetAngle
                                  ffc00fca         e   func ,g         0
  _CAV_GetRadius
                                  ffc00fd8         e   func ,g         1
  _CAV_GetVirtualThetaDeg
                                  ffc00fe6         e   func ,g         9
  _CAV_ClearAngle
                                  ffc00ff4         a   func ,g         0
  _st_CalcTarget
                                  ffc00ffe        7e   func ,l         1
  _st_CalcGyro
                                  ffc0107c        3e   func ,l         1
  _st_UpdateTarget
                                  ffc010ba        3d   func ,l         1
  _st_CalcError
                                  ffc010f7        b3   func ,l         1
  _st_SetMotorDuty
                                  ffc011aa        1c   func ,l         1
FILE=.\UserSrc\ControlSensorAngle.obj
                                  ffc011c6  ffc013a0       1db
  _CSA_Init
                                  ffc011c6        cb   func ,g         1
  _CSA_StartSensorMotor
                                  ffc01291         d   func ,g         3
  _CSA_StopSensorMotor
                                  ffc0129e         d   func ,g         3
  _CSA_StartSensorTask
                                  ffc012ab         b   func ,g         4
  _CSA_ControlSensorTask
                                  ffc012b6        9f   func ,g         1
  _CSA_GetSensorTheta
                                  ffc01355        26   func ,g         1
  _st_CalcSensorAngle
                                  ffc0137b        1c   func ,l         1
  _st_DriveSensorMotor
                                  ffc01397         a   func ,l         1
FILE=.\UserSrc\ControlVelocity.obj
                                  ffc013a1  ffc0184f       4af
  _CVL_Init
                                  ffc013a1       16a   func ,g         6
  _CVL_StartDriveMotor
                                  ffc0150b        22   func ,g         6
  _CVL_StopDriveMotor
                                  ffc0152d         d   func ,g         4
  _CVL_SetTargetUpAccel
                                  ffc0153a         e   func ,g         1
  _CVL_SetTargetDownAccel
                                  ffc01548         e   func ,g         1
  _CVL_SetTarget
                                  ffc01556        51   func ,g        15
  _CVL_ControlTask
                                  ffc015a7         d   func ,g         1
  _CVL_GetTarget
                                  ffc015b4         e   func ,g         4
  _CVL_GetVelocity
                                  ffc015c2         e   func ,g         5
  _CVL_GetErrorNow
                                  ffc015d0         e   func ,g         4
  _CVL_GetDistance
                                  ffc015de         e   func ,g         6
  _CVL_GetEncoderDiff
                                  ffc015ec         e   func ,g         1
  _st_CalcEncoder
                                  ffc015fa       14c   func ,l         1
  _st_UpdateTarget
                                  ffc01746        3d   func ,l         1
  _st_CalcError
                                  ffc01783        b4   func ,l         1
  _st_SetMotorDuty
                                  ffc01837        19   func ,l         1
FILE=.\UserSrc\DriveAssert.obj
                                  ffc01850  ffc0190a        bb
  _DAS_Init
                                  ffc01850        1c   func ,g         5
  _DAS_AssertTask
                                  ffc0186c        30   func ,g         1
  _DAS_GetAssertFlag
                                  ffc0189c         e   func ,g         1
  _DAS_ClearAssertFlag
                                  ffc018aa        13   func ,g         1
  _st_LineSensorAssert
                                  ffc018bd        4e   func ,l         1
FILE=.\UserSrc\FunctionTimer.obj
                                  ffc0190b  ffc01e47       53d
  _FTR_Init
                                  ffc0190b        e9   func ,g         1
  _FTR_StartBuzzerTimer
                                  ffc019f4         5   func ,g         1
  _FTR_SetBuzzerDuty
                                  ffc019f9        55   func ,g         2
  _FTR_StartRightEncoderTimer
                                  ffc01a4e         5   func ,g         2
  _FTR_GetRightEncoderCount
                                  ffc01a53         e   func ,g         2
  _FTR_StartLeftEncoderTimer
                                  ffc01a61         5   func ,g         2
  _FTR_GetLeftEncoderCount
                                  ffc01a66         e   func ,g         2
  _FTR_StartRightMotorTimer
                                  ffc01a74         5   func ,g         2
  _FTR_SetTransitionRightMotorDuty
                                  ffc01a79        4a   func ,g         4
  _FTR_SetAngularRightMotorDuty
                                  ffc01ac3        48   func ,g         1
  _FTR_GetRightMotorDuty
                                  ffc01b0b         e   func ,g         5
  _FTR_StartLeftMotorTimer
                                  ffc01b19         5   func ,g         2
  _FTR_SetTransitionLeftMotorDuty
                                  ffc01b1e        4a   func ,g         4
  _FTR_SetAngularLeftMotorDuty
                                  ffc01b68        48   func ,g         1
  _FTR_GetLeftMotorDuty
                                  ffc01bb0         e   func ,g         5
  _FTR_StartSensorMotorTimer
                                  ffc01bbe         5   func ,g         2
  _FTR_SetSensorMotorDuty
                                  ffc01bc3        83   func ,g         2
  _FTR_GetSensorMotorDuty
                                  ffc01c46         e   func ,g         0
  _st_SetLeftMotorDuty
                                  ffc01c54        76   func ,l         2
  _st_SetRightMotorDuty
                                  ffc01cca        76   func ,l         2
  _st_SetLeftDriveCw
                                  ffc01d40        2c   func ,l         1
  _st_SetLeftDriveCcw
                                  ffc01d6c        2c   func ,l         1
  _st_SetRightDriveCw
                                  ffc01d98        2c   func ,l         1
  _st_SetRightDriveCcw
                                  ffc01dc4        2c   func ,l         1
  _st_SetSensorDriveCw
                                  ffc01df0        2c   func ,l         1
  _st_SetSensorDriveCcw
                                  ffc01e1c        2c   func ,l         1
FILE=.\UserSrc\Led.obj
                                  ffc01e48  ffc02089       242
  _LED_binaryOn
                                  ffc01e48       181   func ,g         3
  _LED_AllOff
                                  ffc01fc9        15   func ,g         1
  _LED_On
                                  ffc01fde        56   func ,g        21
  _LED_Off
                                  ffc02034        56   func ,g        25
FILE=.\UserSrc\Log.obj
                                  ffc0208a  ffc0208a         1
  _LOG_Init
                                  ffc0208a         1   func ,g         0
FILE=.\UserSrc\Mode.obj
                                  ffc0208b  ffc02154        ca
  _MDE_InitMode
                                  ffc0208b         e   func ,g         1
  _MDE_SelectMode
                                  ffc02099        bc   func ,g         1
FILE=.\UserSrc\SciFifo.obj
                                  ffc02155  ffc0217d        29
  _SCF_Init
                                  ffc02155         5   func ,g         1
  _SCF_WriteData
                                  ffc0215a        24   func ,g         f
FILE=.\UserSrc\Sensor.obj
                                  ffc0217e  ffc02e06       c89
  _SSR_Init
                                  ffc0217e       243   func ,g         3
  _SSR_TaskStartSensorGate
                                  ffc023c1         4   func ,g         1
  _SSR_TaskStopSensorGate
                                  ffc023c5         4   func ,g         1
  _SSR_TaskGetAnalogSensor
                                  ffc023c9         7   func ,g         2
  _SSR_TaskStartReadGyro
                                  ffc023d0         4   func ,g         1
  _SSR_TaskCalcSensor
                                  ffc023d4        c2   func ,g         1
  _SSR_TaskCalcFilter
                                  ffc02496       143   func ,g         1
  _SSR_TaskJudgeMarkerSensor
                                  ffc025d9       198   func ,g         1
  _SSR_CalibSensor
                                  ffc02771       23d   func ,g         5
  _SSR_GetSensorData
                                  ffc029ae        22   func ,g         5
  _SSR_GetPotentioData
                                  ffc029d0         f   func ,g         0
  _SSR_SetPotentioData
                                  ffc029df         f   func ,g         1
  _SSR_GetGyroData
                                  ffc029ee         f   func ,g         0
  _SSR_SetGyroData
                                  ffc029fd         f   func ,g         0
  _SSR_GetMarkerState
                                  ffc02a0c        21   func ,g         8
  _SSR_GetCourceMarker
                                  ffc02a2d        4f   func ,g         7
  _SSR_PrintAllSensor
                                  ffc02a7c        55   func ,g         2
  _st_SetSensorGateOn
                                  ffc02ad1         d   func ,l         1
  _st_SetSensorGateOff
                                  ffc02ade         d   func ,l         2
  _st_ReadLineSensor
                                  ffc02aeb        68   func ,l         2
  _st_ReadOtherSensor
                                  ffc02b53        3c   func ,l         1
  _st_ReadDarkSensor
                                  ffc02b8f         c   func ,l         1
  _st_ReadLightSensor
                                  ffc02b9b         c   func ,l         1
  _st_CalcLineSensor
                                  ffc02ba7        63   func ,l         1
  _st_CalcMarkerSensor
                                  ffc02c0a        3e   func ,l         2
  _st_RegistResetCourceMarker
                                  ffc02c48        eb   func ,l         2
  _st_InitGyro
                                  ffc02d33        67   func ,l         1
  _st_StartReadGyro
                                  ffc02d9a        11   func ,l         1
  _st_CommunicateGyro
                                  ffc02dab        45   func ,l         6
  _st_ParseGyro
                                  ffc02df0        17   func ,l         1
FILE=.\UserSrc\Switch.obj
                                  ffc02e07  ffc030ca       2c4
  _SWT_Init
                                  ffc02e07        a3   func ,g         6
  _SWT_CallCenter
                                  ffc02eaa        13   func ,g         1
  _SWT_CallRight
                                  ffc02ebd        16   func ,g         1
  _SWT_CallLeft
                                  ffc02ed3        16   func ,g         1
  _SWT_CallUp
                                  ffc02ee9        16   func ,g         1
  _SWT_CallDown
                                  ffc02eff        16   func ,g         1
  _SWT_ClearSwitchCount
                                  ffc02f15        34   func ,g         0
  _SWT_GetSwitch
                                  ffc02f49         c   func ,g         2
  _SWT_SetSwitch
                                  ffc02f55        28   func ,g         0
  _SWT_GetCenterDecision
                                  ffc02f7d        11   func ,g        16
  _st_CalcRL
                                  ffc02f8e        7c   func ,l         3
  _st_CalcUD
                                  ffc0300a        7c   func ,l         3
  _st_CalcDecision
                                  ffc03086        45   func ,l         1
FILE=.\UserSrc\TaskTimer.obj
                                  ffc030cb  ffc032b4       1ea
  _TSK_Init
                                  ffc030cb        2f   func ,g         1
  _TSK_Main
                                  ffc030fa       15c   func ,g         1
  _TSK_Start
                                  ffc03256        11   func ,g        16
  _TSK_Stop
                                  ffc03267        11   func ,g         0
  _st_Task0
                                  ffc03278         5   func ,l         1
  _st_Task1
                                  ffc0327d         5   func ,l         1
  _st_Task2
                                  ffc03282         5   func ,l         1
  _st_Task3
                                  ffc03287         5   func ,l         1
  _st_Task4
                                  ffc0328c         5   func ,l         1
  _st_Task5
                                  ffc03291         5   func ,l         1
  _st_Task6
                                  ffc03296         1   func ,l         1
  _st_Task7
                                  ffc03297         1   func ,l         1
  _st_Task8
                                  ffc03298         1   func ,l         1
  _st_Task9
                                  ffc03299         1   func ,l         1
  _st_Task10_StartCalc
                                  ffc0329a         9   func ,l         1
  _st_Task10_StartComm
                                  ffc032a3         d   func ,l         1
  _st_Task11
                                  ffc032b0         5   func ,l         1
FILE=.\UserSrc\Test.obj
                                  ffc032b5  ffc03b22       86e
  _TST_TestMode
                                  ffc032b5       17b   func ,g         1
  _st_SciTest
                                  ffc03430        52   func ,l         1
  _st_IrqTest
                                  ffc03482        70   func ,l         1
  _st_LedTest
                                  ffc034f2        df   func ,l         1
  _st_PwmTest
                                  ffc035d1        ba   func ,l         1
  _st_BuzzerTest
                                  ffc0368b        84   func ,l         1
  _st_IntBuzzerTest
                                  ffc0370f        94   func ,l         1
  _st_EncoderTest
                                  ffc037a3        5f   func ,l         1
  _st_SensorTest
                                  ffc03802        2e   func ,l         1
  _st_GyroTest
                                  ffc03830        2a   func ,l         1
  _st_CalibSensorTest
                                  ffc0385a         5   func ,l         1
  _st_MarkerTest
                                  ffc0385f        8e   func ,l         1
  _st_StraightTest
                                  ffc038ed        a1   func ,l         1
  _st_RotationTest
                                  ffc0398e        ac   func ,l         1
  _st_AssertTest
                                  ffc03a3a        97   func ,l         1
  _st_LogTest
                                  ffc03ad1        52   func ,l         1
FILE=.\UserSrc\Tracer.obj
                                  ffc03b23  ffc042d3       7b1
  _TRC_Init
                                  ffc03b23         1   func ,g         1
  _TRC_StartSearchMode
                                  ffc03b24       290   func ,g         1
  _TRC_StartDriveMode
                                  ffc03db4       290   func ,g         1
  _TRC_StartDriveMode2
                                  ffc04044       290   func ,g         1
FILE=.\src\cg_src\r_cg_cgc.obj
                                  ffc042d4  ffc0437c        a9
  _R_CGC_Create
                                  ffc042d4        a9   func ,g         1
FILE=.\src\cg_src\r_cg_cmt.obj
                                  ffc0437d  ffc0443a        be
  _R_CMT0_Create
                                  ffc0437d        34   func ,g         1
  _R_CMT0_Start
                                  ffc043b1        13   func ,g         1
  _R_CMT0_Stop
                                  ffc043c4        16   func ,g         0
  _R_CMT1_Create
                                  ffc043da        38   func ,g         1
  _R_CMT1_Start
                                  ffc04412        13   func ,g         5
  _R_CMT1_Stop
                                  ffc04425        16   func ,g         0
FILE=.\src\cg_src\r_cg_cmt_user.obj
                                  ffc0443b  ffc04466        2c
  _r_cmt_cmi0_interrupt
                                  ffc0443b         e   func ,l         0
  _r_cmt_cmi1_interrupt
                                  ffc04449        1e   func ,l         0
FILE=.\src\cg_src\r_cg_hardware_setup.obj
                                  ffc04467  ffc0450d        a7
  _R_Systeminit
                                  ffc04467        a3   func ,g         1
  _HardwareSetup
                                  ffc0450a         4   func ,g         1
FILE=.\src\cg_src\r_cg_icu.obj
                                  ffc0450e  ffc046ca       1bd
  _R_ICU_Create
                                  ffc0450e       16d   func ,g         1
  _R_ICU_IRQ5_Start
                                  ffc0467b         8   func ,g         2
  _R_ICU_IRQ5_Stop
                                  ffc04683         8   func ,g         1
  _R_ICU_IRQ6_Start
                                  ffc0468b         8   func ,g         2
  _R_ICU_IRQ6_Stop
                                  ffc04693         8   func ,g         1
  _R_ICU_IRQ7_Start
                                  ffc0469b         8   func ,g         2
  _R_ICU_IRQ7_Stop
                                  ffc046a3         8   func ,g         1
  _R_ICU_IRQ8_Start
                                  ffc046ab         8   func ,g         2
  _R_ICU_IRQ8_Stop
                                  ffc046b3         8   func ,g         1
  _R_ICU_IRQ9_Start
                                  ffc046bb         8   func ,g         2
  _R_ICU_IRQ9_Stop
                                  ffc046c3         8   func ,g         1
FILE=.\src\cg_src\r_cg_icu_user.obj
                                  ffc046cb  ffc04738        6e
  _r_icu_irq5_interrupt
                                  ffc046cb        16   func ,l         0
  _r_icu_irq6_interrupt
                                  ffc046e1        16   func ,l         0
  _r_icu_irq7_interrupt
                                  ffc046f7        16   func ,l         0
  _r_icu_irq8_interrupt
                                  ffc0470d        16   func ,l         0
  _r_icu_irq9_interrupt
                                  ffc04723        16   func ,l         0
FILE=.\src\cg_src\r_cg_main.obj
                                  ffc04739  ffc04768        30
  _main
                                  ffc04739         f   func ,g         1
  _R_MAIN_UserInit
                                  ffc04748        21   func ,l         1
FILE=.\src\cg_src\r_cg_mtu3.obj
                                  ffc04769  ffc04b86       41e
  _R_MTU3_Create
                                  ffc04769       2a0   func ,g         1
  _R_MTU3_C0_Start
                                  ffc04a09         8   func ,g         1
  _R_MTU3_C0_Stop
                                  ffc04a11         8   func ,g         0
  _R_MTU3_C1_Start
                                  ffc04a19         8   func ,g         1
  _R_MTU3_C1_Stop
                                  ffc04a21         8   func ,g         0
  _R_MTU3_C2_Start
                                  ffc04a29         8   func ,g         1
  _R_MTU3_C2_Stop
                                  ffc04a31         8   func ,g         0
  _R_MTU3_C3_Start
                                  ffc04a39         8   func ,g         1
  _R_MTU3_C3_Stop
                                  ffc04a41         8   func ,g         0
  _R_MTU3_C4_Start
                                  ffc04a49         8   func ,g         2
  _R_MTU3_C4_Stop
                                  ffc04a51         8   func ,g         0
  _R_MTU0_SetTGRA
                                  ffc04a59         d   func ,g         0
  _R_MTU0_GetTGRA
                                  ffc04a66        10   func ,g         0
  _R_MTU0_GetTGRB
                                  ffc04a76        10   func ,g         0
  _R_MTU0_SetTGRC
                                  ffc04a86         d   func ,g         2
  _R_MTU0_GetTGRC
                                  ffc04a93        10   func ,g         0
  _R_MTU0_GetTGRD
                                  ffc04aa3        10   func ,g         1
  _R_MTU1_GetTcnt
                                  ffc04ab3        10   func ,g         1
  _R_MTU2_GetTcnt
                                  ffc04ac3        10   func ,g         1
  _R_MTU3_SetTGRA
                                  ffc04ad3         d   func ,g         0
  _R_MTU3_GetTGRA
                                  ffc04ae0        10   func ,g         0
  _R_MTU3_GetTGRB
                                  ffc04af0        10   func ,g         0
  _R_MTU3_SetTGRC
                                  ffc04b00         d   func ,g         2
  _R_MTU3_GetTGRC
                                  ffc04b0d        10   func ,g         0
  _R_MTU3_GetTGRD
                                  ffc04b1d        10   func ,g         1
  _R_MTU4_SetTGRA
                                  ffc04b2d         d   func ,g         2
  _R_MTU4_GetTGRA
                                  ffc04b3a        10   func ,g         0
  _R_MTU4_GetTGRB
                                  ffc04b4a        10   func ,g         1
  _R_MTU4_SetTGRC
                                  ffc04b5a         d   func ,g         2
  _R_MTU4_GetTGRC
                                  ffc04b67        10   func ,g         0
  _R_MTU4_GetTGRD
                                  ffc04b77        10   func ,g         1
FILE=.\src\cg_src\r_cg_port.obj
                                  ffc04b87  ffc04d8e       208
  _R_PORT_Create
                                  ffc04b87        7a   func ,g         1
  _R_PORT_SetP05
                                  ffc04c01        1c   func ,g         0
  _R_PORT_SetP07
                                  ffc04c1d        18   func ,g         0
  _R_PORT_SetP14
                                  ffc04c35        1c   func ,g         2
  _R_PORT_SetPB0
                                  ffc04c51        19   func ,g         3
  _R_PORT_SetPB2
                                  ffc04c6a        1b   func ,g         4
  _R_PORT_SetPB4
                                  ffc04c85        1c   func ,g         2
  _R_PORT_SetPC0
                                  ffc04ca1        19   func ,g         4
  _R_PORT_SetPC1
                                  ffc04cba        1b   func ,g         4
  _R_PORT_SetPC2
                                  ffc04cd5        1b   func ,g         4
  _R_PORT_SetPC3
                                  ffc04cf0        1b   func ,g         4
  _R_PORT_SetPD0
                                  ffc04d0b        19   func ,g         3
  _R_PORT_SetPD1
                                  ffc04d24        1b   func ,g         3
  _R_PORT_SetPE0
                                  ffc04d3f        19   func ,g         3
  _R_PORT_SetPE3
                                  ffc04d58        1b   func ,g         3
  _R_PORT_SetPE4
                                  ffc04d73        1c   func ,g         3
FILE=.\src\cg_src\r_cg_rspi.obj
                                  ffc04d8f  ffc04f6d       1df
  _R_RSPI0_Create
                                  ffc04d8f       107   func ,g         1
  _R_RSPI0_Start
                                  ffc04e96        40   func ,g         1
  _R_RSPI0_Stop
                                  ffc04ed6        2c   func ,g         0
  _R_RSPI0_Send_Receive
                                  ffc04f02        6c   func ,g         1
FILE=.\src\cg_src\r_cg_rspi_user.obj
                                  ffc04f6e  ffc050d1       164
  _r_rspi0_transmit_interrupt
                                  ffc04f6e        67   func ,l         0
  _r_rspi0_receive_interrupt
                                  ffc04fd5        7f   func ,l         0
  _r_rspi0_error_interrupt
                                  ffc05054        63   func ,g         1
  _r_rspi0_idle_interrupt
                                  ffc050b7        13   func ,g         1
  _r_rspi0_callback_transmitend
                                  ffc050ca         1   func ,l         1
  _r_rspi0_callback_receiveend
                                  ffc050cb         1   func ,l         1
  _r_rspi0_callback_error
                                  ffc050cc         6   func ,l         1
FILE=.\src\cg_src\r_cg_s12ad.obj
                                  ffc050d2  ffc05344       273
  _R_S12AD0_Create
                                  ffc050d2       13e   func ,g         1
  _R_S12AD0_Start
                                  ffc05210         c   func ,g         2
  _R_S12AD0_Stop
                                  ffc0521c         e   func ,g         0
  _R_S12AD0_Get_ValueResult
                                  ffc0522a        e3   func ,g         6
  _R_S12AD0_Set_CompareValue
                                  ffc0530d        19   func ,g         0
  _R_S12AD0_WaitAdcEnd
                                  ffc05326        1f   func ,g         2
FILE=.\src\cg_src\r_cg_sbrk.obj
                                  ffc05345  ffc05381        3d
  _sbrk
                                  ffc05345        3d   func ,g         1
FILE=.\src\cg_src\r_cg_sci.obj
                                  ffc05382  ffc05539       1b8
  _R_SCI2_Create
                                  ffc05382        99   func ,g         1
  _R_SCI2_Start
                                  ffc0541b        33   func ,g         1
  _R_SCI2_Stop
                                  ffc0544e        56   func ,g         0
  _R_SCI2_Serial_Receive
                                  ffc054a4        48   func ,g         0
  _R_SCI2_Serial_Send
                                  ffc054ec        4e   func ,g         1
FILE=.\src\cg_src\r_cg_sci_user.obj
                                  ffc0553a  ffc05635        fc
  _r_sci2_transmit_interrupt
                                  ffc0553a        4d   func ,l         0
  _r_sci2_transmitend_interrupt
                                  ffc05587        28   func ,g         1
  _r_sci2_receive_interrupt
                                  ffc055af        60   func ,l         0
  _r_sci2_receiveerror_interrupt
                                  ffc0560f        25   func ,g         1
  _r_sci2_callback_transmitend
                                  ffc05634         1   func ,l         1
  _r_sci2_callback_receiveend
                                  ffc05635         1   func ,l         1
FILE=sinf
                                  ffc05636  ffc05674        3f
  _sinl
                                  ffc05636         2   func ,g         0
  _sin
                                  ffc05638         2   func ,g         1
  _sinf
                                  ffc0563a        3b   func ,g         2
FILE=sprintf
                                  ffc05675  ffc056ab        37
  _prout
                                  ffc05675         b   func ,l         1
  _sprintf
                                  ffc05680        2c   func ,g        10
FILE=__initsct
                                  ffc056ac  ffc056f5        4a
  __INITSCT
                                  ffc056ac         0   none ,g         1
  loop1
                                  ffc056be         0   none ,l         1
  next_loop1
                                  ffc056cc         0   none ,l         2
  loop3
                                  ffc056de         0   none ,l         1
  next_loop3
                                  ffc056ef         0   none ,l         2
FILE=sincosfsub
                                  ffc056f6  ffc057dd        e8
  ___poly_sinf
                                  ffc056f6        31   func ,g         3
  ___poly_cosf
                                  ffc05727        28   func ,g         2
  _poly_cosfn
                                  ffc0574f         7   func ,l         1
  _poly_sinfn
                                  ffc05756         5   func ,l         1
  _sincosf_special
                                  ffc0575b        33   func ,l         1
  ___internal_sincosf
                                  ffc0578e        50   func ,g         3
FILE=xprintf
                                  ffc057de  ffc05a43       266
  __Printf
                                  ffc057de       266   func ,g         1
FILE=fmodf
                                  ffc05a44  ffc05a75        32
  _fmodl
                                  ffc05a44         2   func ,g         0
  _fmod
                                  ffc05a46         2   func ,g         1
  _fmodf
                                  ffc05a48        2e   func ,g         2
FILE=nanfval
                                  ffc05a76  ffc05a7c         7
  ___nanf_value
                                  ffc05a76         7   func ,g         1
FILE=xputfld
                                  ffc05a7d  ffc05f13       497
  __Putfld
                                  ffc05a7d       497   func ,g         1
FILE=xvacopy
                                  ffc05f14  ffc05f1b         8
  __Vacopy
                                  ffc05f14         8   func ,g         2
FILE=xputtxt
                                  ffc05f1c  ffc06200       2e5
  __Puttxt
                                  ffc05f1c       2e5   func ,g         3
FILE=strchr
                                  ffc06201  ffc06216        16
  _strchr
                                  ffc06201        16   func ,g         2
FILE=xctype
                                  ffc06217  ffc0622c        16
  __Getpctype
                                  ffc06217        16   func ,g         0
FILE=_i_fmds
                                  ffc0622d  ffc06304        d8
  __in_fmods
                                  ffc0622d        d8   func ,g         1
FILE=xldtob
                                  ffc06305  ffc0673b       437
  __Ldtob
                                  ffc06305       437   func ,g         1
FILE=xputstr
                                  ffc0673c  ffc0681b        e0
  __Putstr
                                  ffc0673c        e0   func ,g         1
FILE=xlitob
                                  ffc0681c  ffc06933       118
  __Litob
                                  ffc0681c       118   func ,g         1
FILE=xgenld
                                  ffc06934  ffc06be1       2ae
  __Genld
                                  ffc06934       2ae   func ,g         1
FILE=xwctomb
                                  ffc06be2  ffc06d39       158
  __Wctombx
                                  ffc06be2       112   func ,g         1
  __Wctomb
                                  ffc06cf4        46   func ,g         1
FILE=xstate
                                  ffc06d3a  ffc06d6b        32
  __Getmbcurmax
                                  ffc06d3a        16   func ,g         2
  __Getpmbstate
                                  ffc06d50        1c   func ,g         0
FILE=xldscale
                                  ffc06d6c  ffc06d6f         4
  __LDscale
                                  ffc06d6c         4   func ,g         1
FILE=xldunsca
                                  ffc06d70  ffc06d73         4
  __LDunscale
                                  ffc06d70         4   func ,g         1
FILE=__COM_DIV64u
                                  ffc06d74  ffc06e0c        99
  __COM_DIV64u
                                  ffc06d74         0   none ,g         2
  _Loop_Init
                                  ffc06d7e         0   none ,l         2
  _Loop
                                  ffc06d86         0   none ,l         1
  _DivStart
                                  ffc06d92         0   none ,l         3
  _Success
                                  ffc06da0         0   none ,l         1
  _DivEnd
                                  ffc06dac         0   none ,l         0
  IXI6DIV
                                  ffc06db1         0   none ,l         1
  IXI4DIV
                                  ffc06dc3         0   none ,l         1
  IXI2DIV
                                  ffc06dd3         0   none ,l         1
  I8I2DIV
                                  ffc06ddb         0   none ,l         1
  I4I2DIV
                                  ffc06e09         0   none ,l         1
  _i8divU_End
                                  ffc06e0c         0   none ,l         0
FILE=__COM_MOD64u
                                  ffc06e0d  ffc06e93        87
  __COM_MOD64u
                                  ffc06e0d         0   none ,g         1
  _Loop_Init
                                  ffc06e17         0   none ,l         2
  _Loop
                                  ffc06e1b         0   none ,l         1
  _DivStart
                                  ffc06e27         0   none ,l         3
  _Success
                                  ffc06e35         0   none ,l         1
  _DivEnd
                                  ffc06e3d         0   none ,l         0
  IXI6DIV
                                  ffc06e3e         0   none ,l         1
  IXI4DIV
                                  ffc06e50         0   none ,l         1
  IXI2DIV
                                  ffc06e60         0   none ,l         1
  I8I2DIV
                                  ffc06e68         0   none ,l         1
  I4I2DIV
                                  ffc06e88         0   none ,l         1
FILE=_div
                                  ffc06e94  ffc06e9f         c
  _ldiv
                                  ffc06e94         0   none ,g         1
  _div
                                  ffc06e94         0   none ,g         1
FILE=free
                                  ffc06ea0  ffc06f22        83
  _free
                                  ffc06ea0        83   func ,g         2
FILE=malloc
                                  ffc06f23  ffc07000        de
  _findmem
                                  ffc06f23        7b   func ,l         1
  _malloc
                                  ffc06f9e        63   func ,g         1
FILE=localeco
                                  ffc07001  ffc07007         7
  _localeconv
                                  ffc07001         7   func ,g         1
FILE=xwcstate
                                  ffc07008  ffc07023        1c
  __Getpwcstate
                                  ffc07008        1c   func ,g         0
FILE=xfdscale
                                  ffc07024  ffc07144       121
  __FDscale
                                  ffc07024       121   func ,g         1
FILE=xfdunsca
                                  ffc07145  ffc0719f        5b
  __FDunscale
                                  ffc07145        5b   func ,g         1
FILE=xgetmem
                                  ffc071a0  ffc071ba        1b
  __Getmem
                                  ffc071a0        1b   func ,g         1
FILE=xfdnorm
                                  ffc071bb  ffc07239        7f
  __FDnorm
                                  ffc071bb        7f   func ,g         2

SECTION=EXCEPTVECT
FILE=.\src\cg_src\r_cg_vecttbl.obj
                                  ffffff80  fffffffb        7c
  _Excpt_Vectors
                                  ffffff80        7c   data ,g         0

SECTION=RESETVECT
FILE=.\src\cg_src\r_cg_vecttbl.obj
                                  fffffffc  ffffffff         4
  _Reset_Vectors
                                  fffffffc         4   data ,g         0

*** Unfilled Areas ***

AREA                                START    END

*** Delete Symbols ***

SYMBOL                                SIZE    INFO
