Renesas Optimizing Linker (W2.04.00 )             01-Dec-2018 11:21:49

*** Options ***

-subcommand=LinkerSubCommand.tmp
-input="./UserSrc/Buzzer.obj"
-input="./UserSrc/ControlAngularVelocity.obj"
-input="./UserSrc/ControlSensorAngle.obj"
-input="./UserSrc/ControlVelocity.obj"
-input="./UserSrc/DriveAssert.obj"
-input="./UserSrc/FunctionTimer.obj"
-input="./UserSrc/Led.obj"
-input="./UserSrc/Log.obj"
-input="./UserSrc/Mode.obj"
-input="./UserSrc/SciFifo.obj"
-input="./UserSrc/Sensor.obj"
-input="./UserSrc/Switch.obj"
-input="./UserSrc/TaskTimer.obj"
-input="./UserSrc/Test.obj"
-input="./UserSrc/Tracer.obj"
-input="./src/cg_src/r_cg_cgc.obj"
-input="./src/cg_src/r_cg_cgc_user.obj"
-input="./src/cg_src/r_cg_cmt.obj"
-input="./src/cg_src/r_cg_cmt_user.obj"
-input="./src/cg_src/r_cg_dbsct.obj"
-input="./src/cg_src/r_cg_hardware_setup.obj"
-input="./src/cg_src/r_cg_icu.obj"
-input="./src/cg_src/r_cg_icu_user.obj"
-input="./src/cg_src/r_cg_intprg.obj"
-input="./src/cg_src/r_cg_main.obj"
-input="./src/cg_src/r_cg_mtu3.obj"
-input="./src/cg_src/r_cg_mtu3_user.obj"
-input="./src/cg_src/r_cg_port.obj"
-input="./src/cg_src/r_cg_port_user.obj"
-input="./src/cg_src/r_cg_resetprg.obj"
-input="./src/cg_src/r_cg_rspi.obj"
-input="./src/cg_src/r_cg_rspi_user.obj"
-input="./src/cg_src/r_cg_s12ad.obj"
-input="./src/cg_src/r_cg_s12ad_user.obj"
-input="./src/cg_src/r_cg_sbrk.obj"
-input="./src/cg_src/r_cg_sci.obj"
-input="./src/cg_src/r_cg_sci_user.obj"
-input="./src/cg_src/r_cg_vecttbl.obj"
-start=SU,SI,B_1,R_1,B_2,R_2,B,R/04,PResetPRG,C_1,C_2,C,C$*,D*,W*,L,PIntPRG,P/0FFC00000,EXCEPTVECT/0FFFFFF80,RESETVECT/0FFFFFFFC
-library=C:\Users\shuuichi\OneDrive\Robomech\ROBOTR~1\2018\program\VERDIR~1\HARDWA~2\VerdiRT17_RX64M.lib
-noprelink
-list=VerdiRT17_RX64M.map
-show
-nooptimize
-debug
-output=C:\Users\shuuichi\OneDrive\Robomech\Robotrace\2018\program\VerdiRT17_RX64M\HardwareDebug\VerdiRT17_RX64M.abs
-rom=D=R,D_1=R_1,D_2=R_2
-nocompress
-nomessage
-nologo

*** Error information ***

*** Mapping List ***

SECTION                            START      END         SIZE   ALIGN

SU
                                  00000004  00000303       300   4
SI
                                  00000304  00000803       500   4
B_1
                                  00000804  00000929       126   1
R_1
                                  0000092a  0000097a        51   1
B_2
                                  0000097c  00000ddd       462   2
R_2
                                  00000dde  00000dde         0   1
B
                                  00000de0  000715ff     70820   4
R
                                  00071600  00071883       284   4
$ADDR_C_120040
                                  00120040  00120043         4   1
$ADDR_C_120048
                                  00120048  0012004b         4   1
$ADDR_C_120050
                                  00120050  0012006f        20   1
PResetPRG
                                  ffc00000  ffc0003d        3e   1
C_1
                                  ffc0003e  ffc0010f        d2   1
C_2
                                  ffc00110  ffc00311       202   2
C
                                  ffc00314  ffc00477       164   4
C$DSEC
                                  ffc00478  ffc0049b        24   4
C$BSEC
                                  ffc0049c  ffc004b3        18   4
C$INIT
                                  ffc004b4  ffc004b4         0   1
C$VECT
                                  ffc004b4  ffc008b3       400   4
C$VTBL
                                  ffc008b4  ffc008b4         0   1
D
                                  ffc008b4  ffc00b37       284   4
D_1
                                  ffc00b38  ffc00b88        51   1
D_2
                                  ffc00b89  ffc00b89         0   1
W
                                  ffc00b8c  ffc00b8c         0   4
W_1
                                  ffc00b8c  ffc00b8c         0   1
W_2
                                  ffc00b8c  ffc00bdd        52   2
L
                                  ffc00be0  ffc01220       641   4
PIntPRG
                                  ffc01221  ffc01298        78   1
P
                                  ffc01299  ffc091e8      7f50   1
EXCEPTVECT
                                  ffffff80  fffffffb        7c   4
RESETVECT
                                  fffffffc  ffffffff         4   4

*** Symbol List ***

SECTION=
FILE=                               START        END    SIZE
  SYMBOL                            ADDR        SIZE    INFO      COUNTS  OPT

SECTION=SU
FILE=.\src\cg_src\r_cg_resetprg.obj
                                  00000004  00000303       300

SECTION=SI
FILE=.\src\cg_src\r_cg_resetprg.obj
                                  00000304  00000803       500

SECTION=B_1
FILE=.\UserSrc\Log.obj
                                  00000804  000008cc        c9
  _st_SendBuf
                                  00000804        c8   data ,l        1c
  _st_BufSize
                                  000008cc         1   data ,l        1c
FILE=.\UserSrc\Sensor.obj
                                  000008cd  000008e1        15
  _st_SendBuf
                                  000008cd        14   data ,l         2
  _st_SensorCalibFlag
                                  000008e1         1   data ,l         6
FILE=.\UserSrc\Test.obj
                                  000008e2  000008f6        15
  _st_SendBuf
                                  000008e2        14   data ,l        17
  _st_BufSize
                                  000008f6         1   data ,l        17
FILE=.\UserSrc\Tracer.obj
                                  000008f7  00000929        33
  _st_SendBuf
                                  000008f7        32   data ,l         6
  _st_BufSize
                                  00000929         1   data ,l         6

SECTION=R_1
FILE=xfiles
                                  0000092a  00000979        50
  _ebuf
                                  0000092a        50   data ,l         5
FILE=xstate
                                  0000097a  0000097a         1
  __Mbcurmax
                                  0000097a         1   data ,g         1

SECTION=B_2
FILE=.\UserSrc\ControlAngularVelocity.obj
                                  0000097c  00000989         e
  _st_SensorData
                                  0000097c         e   data ,l         2
FILE=.\UserSrc\ControlSensorAngle.obj
                                  0000098a  00000997         e
  _st_SensorData
                                  0000098a         e   data ,l         5
FILE=.\UserSrc\DriveAssert.obj
                                  00000998  000009a5         e
  _st_SensorData
                                  00000998         e   data ,l         3
FILE=.\UserSrc\Sensor.obj
                                  000009a6  000009d1        2c
  _st_LineSensor
                                  000009a6        18   data ,l         c
  _st_InstantMax
                                  000009be         8   data ,l        10
  _st_InstantMin
                                  000009c6         8   data ,l        14
  _st_SensorCalibMax
                                  000009ce         2   data ,l         9
  _st_SensorCalibMin
                                  000009d0         2   data ,l         9
FILE=.\src\cg_src\r_cg_rspi.obj
                                  000009d2  000009d7         6
  _g_rspi0_tx_count
                                  000009d2         2   data ,g         3
  _g_rspi0_rx_count
                                  000009d4         2   data ,g         4
  _g_rspi0_rx_length
                                  000009d6         2   data ,g         3
FILE=.\src\cg_src\r_cg_sbrk.obj
                                  000009d8  00000dd7       400
  _heap_area
                                  000009d8       400   data ,l         2
FILE=.\src\cg_src\r_cg_sci.obj
                                  00000dd8  00000ddd         6
  _g_sci2_tx_count
                                  00000dd8         2   data ,g         3
  _g_sci2_rx_count
                                  00000dda         2   data ,g         4
  _g_sci2_rx_length
                                  00000ddc         2   data ,g         3

SECTION=B
FILE=.\UserSrc\Buzzer.obj
                                  00000de0  00000deb         c
  _st_BeepCount
                                  00000de0         4   data ,l         5
  _st_TaskCounter
                                  00000de4         4   data ,l         5
  _st_TaskInterval
                                  00000de8         4   data ,l         3
FILE=.\UserSrc\ControlAngularVelocity.obj
                                  00000dec  00000e8b        a0
  _st_BodyOmega
                                  00000dec         4   data ,l         5
  _st_BodyAngle
                                  00000df0         4   data ,l         5
  _st_VirtualGeometry
                                  00000df4        14   data ,l         e
  _st_Controller
                                  00000e08        48   data ,l        36
  _st_LogHeader
                                  00000e50        14   data ,l         2
  _st_LogArray
                                  00000e64        28   data ,l         7
FILE=.\UserSrc\ControlSensorAngle.obj
                                  00000e8c  00000f1b        90
  _st_Theta
                                  00000e8c        50   data ,l        29
  _st_PotentioTheta
                                  00000edc         4   data ,l         3
  _st_LogHeader
                                  00000ee0        14   data ,l         2
  _st_LogArray
                                  00000ef4        28   data ,l         8
FILE=.\UserSrc\ControlVelocity.obj
                                  00000f1c  00000fcf        b4
  _st_Encoder
                                  00000f1c        30   data ,l        24
  _st_Controller
                                  00000f4c        48   data ,l        38
  _st_LogHeader
                                  00000f94        14   data ,l         2
  _st_LogArray
                                  00000fa8        28   data ,l         6
FILE=.\UserSrc\DriveAssert.obj
                                  00000fd0  00000fdb         c
  _st_AssertFlag
                                  00000fd0         4   data ,l         5
  _st_LineAssert
                                  00000fd4         8   data ,l         9
FILE=.\UserSrc\FunctionTimer.obj
                                  00000fdc  00001027        4c
  _st_BuzzerDuty
                                  00000fdc         c   data ,l         9
  _st_RightMotorDuty
                                  00000fe8        14   data ,l        15
  _st_LeftMotorDuty
                                  00000ffc        14   data ,l        15
  _st_SensorMotorDuty
                                  00001010         c   data ,l         b
  _st_VelocityDutyArray
                                  0000101c         8   data ,l         3
  _st_SensorDutyArray
                                  00001024         4   data ,l         2
FILE=.\UserSrc\Log.obj
                                  00001028  00070d7b     6fd54
  _st_ControlLog
                                  00001028     305b0   data ,l        32
  _st_CourceLog
                                  000315d8     3f7a4   data ,l        15
FILE=.\UserSrc\Mode.obj
                                  00070d7c  00070d87         c
  _st_Swt
                                  00070d7c         4   data ,l         2
  _st_ModeKind
                                  00070d80         4   data ,l         5
  _st_Decision
                                  00070d84         4   data ,l         5
FILE=.\UserSrc\Sensor.obj
                                  00070d88  00070e87       100
  _st_SensorData
                                  00070d88        b0   data ,l        43
  _st_Tx
                                  00070e38         8   data ,l         5
  _st_Rx
                                  00070e40         8   data ,l         5
  _st_LineCoefficient
                                  00070e48        10   data ,l         c
  _st_CourceMarker
                                  00070e58        30   data ,l        3f
FILE=.\UserSrc\Switch.obj
                                  00070e88  00070ebf        38
  _st_Swt
                                  00070e88        1c   data ,l        22
  _st_udMin
                                  00070ea4         4   data ,l         4
  _st_udMax
                                  00070ea8         4   data ,l         4
  _st_rlMin
                                  00070eac         4   data ,l         4
  _st_rlMax
                                  00070eb0         4   data ,l         4
  _st_Decision
                                  00070eb4         c   data ,l         a
FILE=.\UserSrc\TaskTimer.obj
                                  00070ec0  00070ef3        34
  _st_TaskState
                                  00070ec0         4   data ,l         c
  _st_TaskSchedule
                                  00070ec4        30   data ,l        10
FILE=.\UserSrc\Test.obj
                                  00070ef4  00070eff         c
  _st_Swt
                                  00070ef4         4   data ,l        12
  _st_ModeLevel
                                  00070ef8         4   data ,l         4
  _st_Decision
                                  00070efc         4   data ,l        3a
FILE=.\UserSrc\Tracer.obj
                                  00070f00  000715eb       6ec
  _st_Decision
                                  00070f00         4   data ,l         a
  _st_CourceLogStoreParam
                                  00070f04        20   data ,l        1f
  _st_CourceLog
                                  00070f24         c   data ,l        3c
  _st_CourceAnalysisParam
                                  00070f30         c   data ,l         8
  _st_CrossMarkerArray
                                  00070f3c       640   data ,l         1
  _st_RightMarkerArray
                                  0007157c        50   data ,l         1
  _st_CrossMarkerRecord
                                  000715cc         c   data ,l        11
  _st_RightMarkerRecord
                                  000715d8         c   data ,l        11
  _st_ModeKind
                                  000715e4         4   data ,l         4
  _st_Swt
                                  000715e8         4   data ,l         2
FILE=.\src\cg_src\r_cg_rspi.obj
                                  000715ec  000715f3         8
  _gp_rspi0_tx_address
                                  000715ec         4   data ,g         3
  _gp_rspi0_rx_address
                                  000715f0         4   data ,g         3
FILE=.\src\cg_src\r_cg_sci.obj
                                  000715f4  000715fb         8
  _gp_sci2_tx_address
                                  000715f4         4   data ,g         3
  _gp_sci2_rx_address
                                  000715f8         4   data ,g         3
FILE=_errno
                                  000715fc  000715ff         4
  __errno
                                  000715fc         4   data ,g         4

SECTION=R
FILE=.\src\cg_src\r_cg_sbrk.obj
                                  00071600  00071603         4
  _brk
                                  00071600         4   data ,l         3
FILE=sincosfsub
                                  00071604  0007163f        3c
  _sinf_coeff
                                  00071604        10   data ,l         1
  _cosf_coeff
                                  00071614        10   data ,l         1
  _pi4ptr_table
                                  00071624         c   data ,l         1
  _sub_table
                                  00071630        10   data ,l         1
FILE=xprintf
                                  00071640  00071643         4
  _stderr
                                  00071640         4   data ,g         0
FILE=xfiles
                                  00071644  0007171b        d8
  __Stdin
                                  00071644        48   data ,g         7
  __Stdout
                                  0007168c        48   data ,g         7
  __Stderr
                                  000716d4        48   data ,g         3
FILE=xctype
                                  0007171c  00071723         8
  __Ctype
                                  0007171c         4   data ,g         2
  __Tls_setup__Ctype
                                  00071720         4   data ,g         1
FILE=xstate
                                  00071724  0007176b        48
  __Tls_setup__Mbcurmax
                                  00071724         4   data ,g         1
  __Mbstate
                                  00071728        40   data ,g         2
  __Tls_setup__Mbstate
                                  00071768         4   data ,g         2
FILE=malloc
                                  0007176c  00071773         8
  __Aldata
                                  0007176c         8   data ,g         3
FILE=localeco
                                  00071774  000717c7        54
  __Locale
                                  00071774        50   data ,g         1
  __Tls_setup__Locale
                                  000717c4         4   data ,g         0
FILE=xwcstate
                                  000717c8  0007180b        44
  __Wcstate
                                  000717c8        40   data ,g         2
  __Tls_setup__Wcstate
                                  00071808         4   data ,g         2
FILE=xfvalues
                                  0007180c  00071883        78
  __FDenorm
                                  0007180c        10   data ,g         0
  __FEps
                                  0007181c        10   data ,g         0
  __FHugeval
                                  0007182c        10   data ,g         0
  __FInf
                                  0007183c        10   data ,g         1
  __FNan
                                  0007184c        10   data ,g         0
  __FSnan
                                  0007185c        10   data ,g         0
  __FRteps
                                  0007186c        10   data ,g         0
  __FXbig
                                  0007187c         4   data ,g         0
  __FZero
                                  00071880         4   data ,g         0

SECTION=$ADDR_C_120040
FILE=.\src\cg_src\r_cg_vecttbl.obj
                                  00120040  00120043         4
  ___SPCCreg
                                  00120040         4   data ,g         0

SECTION=$ADDR_C_120048
FILE=.\src\cg_src\r_cg_vecttbl.obj
                                  00120048  0012004b         4
  ___TMEFreg
                                  00120048         4   data ,g         0

SECTION=$ADDR_C_120050
FILE=.\src\cg_src\r_cg_vecttbl.obj
                                  00120050  0012006f        20
  ___OSISreg
                                  00120050        10   data ,g         0
  ___TMINFreg
                                  00120060         4   data ,g         0
  ___MDEreg
                                  00120064         4   data ,g         0
  ___OFS0reg
                                  00120068         4   data ,g         0
  ___OFS1reg
                                  0012006c         4   data ,g         0

SECTION=PResetPRG
FILE=.\src\cg_src\r_cg_resetprg.obj
                                  ffc00000  ffc0003d        3e
  _PowerON_Reset_PC
                                  ffc00000        3e   entry,g         1

SECTION=C_1
FILE=xprintf
                                  ffc0003e  ffc00047         a
  _fchar$1
                                  ffc0003e         a   data ,l         1
FILE=xputtxt
                                  ffc00048  ffc000ec        a5
  _spaces
                                  ffc00048        21   data ,l         1
  _zeroes
                                  ffc00069        21   data ,l         1
  _asterisk
                                  ffc0008a        21   data ,l         1
  _plus
                                  ffc000ab        21   data ,l         1
  _minus
                                  ffc000cc        21   data ,l         1
FILE=xlitob
                                  ffc000ed  ffc0010e        22
  _ldigs
                                  ffc000ed        11   data ,l         1
  _udigs
                                  ffc000fe        11   data ,l         1
FILE=localeco
                                  ffc0010f  ffc0010f         1
  _null
                                  ffc0010f         1   data ,l         d

SECTION=C_2
FILE=xctype
                                  ffc00110  ffc00311       202
  _ctyp_tab
                                  ffc00110       202   data ,l         1

SECTION=C
FILE=.\src\cg_src\r_cg_dbsct.obj
                                  ffc00314  ffc00347        34
  __CTBL
                                  ffc00314        34   data ,g         0
FILE=xprintf
                                  ffc00348  ffc0035f        18
  _fbit$2
                                  ffc00348        18   data ,l         1
FILE=_in_exps
                                  ffc00360  ffc00397        38
  _exp_lcoef$2
                                  ffc00360        1c   data ,l         1
  _exp_hcoef$1
                                  ffc0037c        1c   data ,l         1
FILE=_in_logs
                                  ffc00398  ffc003b7        20
  _log_coef$3
                                  ffc00398        20   data ,l         1
FILE=consts
                                  ffc003b8  ffc0040f        58
  __IFZEROS
                                  ffc003b8         4   data ,g         4
  __IFONES
                                  ffc003bc         4   data ,g         3
  __HALFS
                                  ffc003c0         4   data ,g         1
  __QUOTS
                                  ffc003c4         4   data ,g         0
  __TWOS
                                  ffc003c8         4   data ,g         0
  __FOURS
                                  ffc003cc         4   data ,g         0
  __PAIS
                                  ffc003d0         4   data ,g         0
  __2PAIS
                                  ffc003d4         4   data ,g         0
  __HLFPAIS
                                  ffc003d8         4   data ,g         0
  __QUOPAIS
                                  ffc003dc         4   data ,g         0
  __LOGE2S
                                  ffc003e0         4   data ,g         2
  __NIFZEROS
                                  ffc003e4         4   data ,g         1
  __NIFONES
                                  ffc003e8         4   data ,g         1
  __NHALFS
                                  ffc003ec         4   data ,g         0
  __NQUOTS
                                  ffc003f0         4   data ,g         0
  __NTWOS
                                  ffc003f4         4   data ,g         0
  __NFOURS
                                  ffc003f8         4   data ,g         0
  __NPAIS
                                  ffc003fc         4   data ,g         0
  __N2PAIS
                                  ffc00400         4   data ,g         0
  __NHLFPAIS
                                  ffc00404         4   data ,g         0
  __NQUOPAIS
                                  ffc00408         4   data ,g         0
  __NLOGE2S
                                  ffc0040c         4   data ,g         0
FILE=_const
                                  ffc00410  ffc00433        24
  __IFNAND
                                  ffc00410         0   none ,g         0
  __IFINFD
                                  ffc00418         0   none ,g         0
  __NIFINFD
                                  ffc00420         0   none ,g         0
  __IFNANS
                                  ffc00428         0   none ,g         5
  __IFINFS
                                  ffc0042c         0   none ,g         3
  __NIFINFS
                                  ffc00430         0   none ,g         2
FILE=xldtob
                                  ffc00434  ffc0044b        18
  _pows
                                  ffc00434        18   data ,l         1
FILE=floatval
                                  ffc0044c  ffc00473        28
  __FLT_MAX_VAL
                                  ffc0044c         0   none ,g         1
  __FLT_MIN_VAL
                                  ffc00450         0   none ,g         0
  __DBL_MAX_VAL
                                  ffc00454         0   none ,g         0
  __DBL_MIN_VAL
                                  ffc0045c         0   none ,g         0
  __LDBL_MAX_VAL
                                  ffc00464         0   none ,g         0
  __LDBL_MIN_VAL
                                  ffc0046c         0   none ,g         0
FILE=_sbrk_si
                                  ffc00474  ffc00477         4
  __sbrk_size
                                  ffc00474         4   data ,g         1

SECTION=C$DSEC
FILE=.\src\cg_src\r_cg_dbsct.obj
                                  ffc00478  ffc0049b        24
  __DTBL
                                  ffc00478        24   data ,g         0

SECTION=C$BSEC
FILE=.\src\cg_src\r_cg_dbsct.obj
                                  ffc0049c  ffc004b3        18
  __BTBL
                                  ffc0049c        18   data ,g         0

SECTION=C$VECT
FILE=.\src\cg_src\r_cg_dbsct.obj
                                  ffc004b4  ffc008b3       400

SECTION=D
FILE=.\src\cg_src\r_cg_sbrk.obj
                                  ffc008b4  ffc008b7         4
FILE=sincosfsub
                                  ffc008b8  ffc008f3        3c
FILE=xprintf
                                  ffc008f4  ffc008f7         4
FILE=xfiles
                                  ffc008f8  ffc009cf        d8
FILE=xctype
                                  ffc009d0  ffc009d7         8
FILE=xstate
                                  ffc009d8  ffc00a1f        48
FILE=malloc
                                  ffc00a20  ffc00a27         8
FILE=localeco
                                  ffc00a28  ffc00a7b        54
FILE=xwcstate
                                  ffc00a7c  ffc00abf        44
FILE=xfvalues
                                  ffc00ac0  ffc00b37        78

SECTION=D_1
FILE=xfiles
                                  ffc00b38  ffc00b87        50
FILE=xstate
                                  ffc00b88  ffc00b88         1

SECTION=W_2
FILE=.\UserSrc\Led.obj
                                  ffc00b8c  ffc00bab        20
FILE=.\UserSrc\TaskTimer.obj
                                  ffc00bac  ffc00bbf        14
FILE=.\UserSrc\Test.obj
                                  ffc00bc0  ffc00bdd        1e

SECTION=L
FILE=.\UserSrc\Log.obj
                                  ffc00be0  ffc0101f       440
FILE=.\UserSrc\Sensor.obj
                                  ffc01020  ffc01059        3a
FILE=.\UserSrc\Test.obj
                                  ffc0105c  ffc01161       106
FILE=.\UserSrc\Tracer.obj
                                  ffc01164  ffc011e2        7f
FILE=xprintf
                                  ffc011e4  ffc011ea         7
FILE=xldtob
                                  ffc011ec  ffc0120d        22
FILE=xgenld
                                  ffc01210  ffc01211         2
FILE=localeco
                                  ffc01214  ffc01220         d

SECTION=PIntPRG
FILE=.\src\cg_src\r_cg_intprg.obj
                                  ffc01221  ffc01298        78
  _r_undefined_exception
                                  ffc01221         2   func ,g         3
  _r_reserved_exception
                                  ffc01223         2   func ,g        1b
  _r_nmi_exception
                                  ffc01225         2   func ,g         1
  _r_brk_exception
                                  ffc01227         2   func ,g         0
  _r_icu_group_be0_interrupt
                                  ffc01229         2   func ,g         0
  _r_icu_group_bl0_interrupt
                                  ffc0122b        35   func ,g         0
  _r_icu_group_bl1_interrupt
                                  ffc01260         2   func ,g         0
  _r_icu_group_al0_interrupt
                                  ffc01262        35   func ,g         0
  _r_icu_group_al1_interrupt
                                  ffc01297         2   func ,g         0

SECTION=P
FILE=.\UserSrc\Buzzer.obj
                                  ffc01299  ffc01346        ae
  _BZR_Init
                                  ffc01299        26   func ,g         1
  _BZR_BuzzerOn
                                  ffc012bf         b   func ,g         2
  _BZR_BuzzerOff
                                  ffc012ca         7   func ,g         2
  _BZR_SetBeepCount
                                  ffc012d1        22   func ,g        19
  _BZR_BuzzerTask
                                  ffc012f3        54   func ,g         1
FILE=.\UserSrc\ControlAngularVelocity.obj
                                  ffc01347  ffc017ed       4a7
  _CAV_Init
                                  ffc01347       116   func ,g         3
  _CAV_StartDriveMotor
                                  ffc0145d        22   func ,g         2
  _CAV_StopDriveMotor
                                  ffc0147f         d   func ,g         0
  _CAV_SetTargetUpAccel
                                  ffc0148c         e   func ,g         1
  _CAV_SetTargetDownAccel
                                  ffc0149a         e   func ,g         1
  _CAV_SetTarget
                                  ffc014a8        51   func ,g         2
  _CAV_ControlTask
                                  ffc014f9        10   func ,g         1
  _CAV_GetTarget
                                  ffc01509         e   func ,g         0
  _CAV_GetVelocity
                                  ffc01517         e   func ,g         2
  _CAV_GetErrorNow
                                  ffc01525         e   func ,g         1
  _CAV_GetAngle
                                  ffc01533         e   func ,g         0
  _CAV_GetRadius
                                  ffc01541         e   func ,g         1
  _CAV_GetVirtualThetaDeg
                                  ffc0154f         e   func ,g         1
  _CAV_ClearAngle
                                  ffc0155d         a   func ,g         0
  _CAV_GetLogHeader
                                  ffc01567        2b   func ,g         1
  _CAV_GetLogArray
                                  ffc01592        90   func ,g         1
  _st_CalcTarget
                                  ffc01622        82   func ,l         1
  _st_CalcGyro
                                  ffc016a4        3e   func ,l         1
  _st_UpdateTarget
                                  ffc016e2        3d   func ,l         1
  _st_CalcError
                                  ffc0171f        b3   func ,l         1
  _st_SetMotorDuty
                                  ffc017d2        1c   func ,l         1
FILE=.\UserSrc\ControlSensorAngle.obj
                                  ffc017ee  ffc01ad9       2ec
  _CSA_Init
                                  ffc017ee        cd   func ,g         1
  _CSA_StartSensorMotor
                                  ffc018bb         d   func ,g         2
  _CSA_StopSensorMotor
                                  ffc018c8         d   func ,g         2
  _CSA_StartSensorTask
                                  ffc018d5         b   func ,g         3
  _CSA_ControlSensorTask
                                  ffc018e0        f4   func ,g         1
  _CSA_GetSensorTheta
                                  ffc019d4        1b   func ,g         3
  _CSA_GetLogHeader
                                  ffc019ef        2b   func ,g         1
  _CSA_GetLogArray
                                  ffc01a1a        8d   func ,g         1
  _st_CalcSensorAngle
                                  ffc01aa7        25   func ,l         1
  _st_DriveSensorMotor
                                  ffc01acc         e   func ,l         1
FILE=.\UserSrc\ControlVelocity.obj
                                  ffc01ada  ffc02037       55e
  _CVL_Init
                                  ffc01ada       16a   func ,g         5
  _CVL_StartDriveMotor
                                  ffc01c44        22   func ,g         5
  _CVL_StopDriveMotor
                                  ffc01c66         d   func ,g         3
  _CVL_SetTargetUpAccel
                                  ffc01c73         e   func ,g         1
  _CVL_SetTargetDownAccel
                                  ffc01c81         e   func ,g         1
  _CVL_SetTarget
                                  ffc01c8f        51   func ,g         c
  _CVL_ControlTask
                                  ffc01ce0         d   func ,g         1
  _CVL_GetTarget
                                  ffc01ced         e   func ,g         2
  _CVL_GetVelocity
                                  ffc01cfb         e   func ,g         4
  _CVL_GetErrorNow
                                  ffc01d09         e   func ,g         1
  _CVL_GetDistance
                                  ffc01d17         e   func ,g         9
  _CVL_GetEncoderDiff
                                  ffc01d25         e   func ,g         1
  _CVL_GetUpAccel
                                  ffc01d33         e   func ,g         1
  _CVL_GetDownAccel
                                  ffc01d41         e   func ,g         1
  _CVL_GetLogHeader
                                  ffc01d4f        2b   func ,g         1
  _CVL_GetLogArray
                                  ffc01d7a        68   func ,g         1
  _st_CalcEncoder
                                  ffc01de2       14c   func ,l         1
  _st_UpdateTarget
                                  ffc01f2e        3d   func ,l         1
  _st_CalcError
                                  ffc01f6b        b4   func ,l         1
  _st_SetMotorDuty
                                  ffc0201f        19   func ,l         1
FILE=.\UserSrc\DriveAssert.obj
                                  ffc02038  ffc02115        de
  _DAS_Init
                                  ffc02038        1c   func ,g         4
  _DAS_AssertTask
                                  ffc02054        30   func ,g         1
  _DAS_GetAssertFlag
                                  ffc02084         e   func ,g         1
  _DAS_ClearAssertFlag
                                  ffc02092        13   func ,g         1
  _st_LineSensorAssert
                                  ffc020a5        71   func ,l         1
FILE=.\UserSrc\FunctionTimer.obj
                                  ffc02116  ffc026dd       5c8
  _FTR_Init
                                  ffc02116        e9   func ,g         1
  _FTR_StartBuzzerTimer
                                  ffc021ff         5   func ,g         1
  _FTR_SetBuzzerDuty
                                  ffc02204        55   func ,g         2
  _FTR_StartRightEncoderTimer
                                  ffc02259         5   func ,g         2
  _FTR_GetRightEncoderCount
                                  ffc0225e         e   func ,g         2
  _FTR_StartLeftEncoderTimer
                                  ffc0226c         5   func ,g         2
  _FTR_GetLeftEncoderCount
                                  ffc02271         e   func ,g         2
  _FTR_StartRightMotorTimer
                                  ffc0227f        20   func ,g         2
  _FTR_SetTransitionRightMotorDuty
                                  ffc0229f        4a   func ,g         4
  _FTR_SetAngularRightMotorDuty
                                  ffc022e9        48   func ,g         1
  _FTR_GetRightMotorDuty
                                  ffc02331         e   func ,g         2
  _FTR_StartLeftMotorTimer
                                  ffc0233f        20   func ,g         2
  _FTR_SetTransitionLeftMotorDuty
                                  ffc0235f        4a   func ,g         4
  _FTR_SetAngularLeftMotorDuty
                                  ffc023a9        48   func ,g         1
  _FTR_GetLeftMotorDuty
                                  ffc023f1         e   func ,g         2
  _FTR_StartSensorMotorTimer
                                  ffc023ff         5   func ,g         2
  _FTR_SetSensorMotorDuty
                                  ffc02404        90   func ,g         2
  _FTR_GetSensorMotorDuty
                                  ffc02494         e   func ,g         0
  _FTR_GetVelocityLogDutyArray
                                  ffc024a2        2c   func ,g         1
  _FTR_GetSensorLogDutyArray
                                  ffc024ce        1c   func ,g         1
  _st_SetLeftMotorDuty
                                  ffc024ea        76   func ,l         2
  _st_SetRightMotorDuty
                                  ffc02560        76   func ,l         2
  _st_SetLeftDriveCw
                                  ffc025d6        2c   func ,l         1
  _st_SetLeftDriveCcw
                                  ffc02602        2c   func ,l         1
  _st_SetRightDriveCw
                                  ffc0262e        2c   func ,l         1
  _st_SetRightDriveCcw
                                  ffc0265a        2c   func ,l         1
  _st_SetSensorDriveCw
                                  ffc02686        2c   func ,l         1
  _st_SetSensorDriveCcw
                                  ffc026b2        2c   func ,l         1
FILE=.\UserSrc\Led.obj
                                  ffc026de  ffc0291f       242
  _LED_binaryOn
                                  ffc026de       181   func ,g         4
  _LED_AllOff
                                  ffc0285f        15   func ,g         1
  _LED_On
                                  ffc02874        56   func ,g        21
  _LED_Off
                                  ffc028ca        56   func ,g        25
FILE=.\UserSrc\Log.obj
                                  ffc02920  ffc032f8       9d9
  _LOG_Init
                                  ffc02920         7   func ,g         1
  _LOG_InitControl
                                  ffc02927       29f   func ,g         1
  _LOG_InitCource
                                  ffc02bc6        c6   func ,g         1
  _LOG_RecordControl
                                  ffc02c8c       13b   func ,g         1
  _LOG_RecordCource
                                  ffc02dc7        9e   func ,g         2
  _LOG_PrintControlRecord
                                  ffc02e65       3b0   func ,g         0
  _LOG_PrintCourceRecord
                                  ffc03215        c8   func ,g         0
  _LOG_GetCourceRecordIndex
                                  ffc032dd        10   func ,g         1
  _LOG_GetCourceRecord
                                  ffc032ed         c   func ,g         1
FILE=.\UserSrc\Mode.obj
                                  ffc032f9  ffc033d5        dd
  _MDE_InitMode
                                  ffc032f9         e   func ,g         1
  _MDE_SelectMode
                                  ffc03307        cf   func ,g         1
FILE=.\UserSrc\SciFifo.obj
                                  ffc033d6  ffc033fe        29
  _SCF_Init
                                  ffc033d6         5   func ,g         1
  _SCF_WriteData
                                  ffc033db        24   func ,g        1d
FILE=.\UserSrc\Sensor.obj
                                  ffc033ff  ffc0412b       d2d
  _SSR_Init
                                  ffc033ff       243   func ,g         3
  _SSR_TaskStartSensorGate
                                  ffc03642         4   func ,g         1
  _SSR_TaskStopSensorGate
                                  ffc03646         4   func ,g         1
  _SSR_TaskGetAnalogSensor
                                  ffc0364a         7   func ,g         2
  _SSR_TaskStartReadGyro
                                  ffc03651         4   func ,g         1
  _SSR_TaskCalcSensor
                                  ffc03655        c2   func ,g         1
  _SSR_TaskCalcFilter
                                  ffc03717       143   func ,g         1
  _SSR_TaskJudgeMarkerSensor
                                  ffc0385a       198   func ,g         1
  _SSR_CalibSensor
                                  ffc039f2       23d   func ,g         3
  _SSR_GetSensorData
                                  ffc03c2f        22   func ,g         3
  _SSR_GetPotentioData
                                  ffc03c51         f   func ,g         0
  _SSR_SetPotentioData
                                  ffc03c60         f   func ,g         1
  _SSR_GetGyroData
                                  ffc03c6f         f   func ,g         0
  _SSR_SetGyroData
                                  ffc03c7e         f   func ,g         0
  _SSR_GetMarkerState
                                  ffc03c8d        21   func ,g         2
  _SSR_GetCourceMarker
                                  ffc03cae        4f   func ,g         3
  _SSR_PrintAllSensor
                                  ffc03cfd        55   func ,g         2
  _st_SetSensorGateOn
                                  ffc03d52         d   func ,l         1
  _st_SetSensorGateOff
                                  ffc03d5f         d   func ,l         2
  _st_ReadLineSensor
                                  ffc03d6c        68   func ,l         2
  _st_ReadOtherSensor
                                  ffc03dd4        3c   func ,l         1
  _st_ReadDarkSensor
                                  ffc03e10         c   func ,l         1
  _st_ReadLightSensor
                                  ffc03e1c         c   func ,l         1
  _st_CalcLineSensor
                                  ffc03e28        63   func ,l         1
  _st_CalcMarkerSensor
                                  ffc03e8b        3e   func ,l         2
  _st_RegistResetCourceMarker
                                  ffc03ec9        ec   func ,l         2
  _st_InitGyro
                                  ffc03fb5       10a   func ,l         1
  _st_StartReadGyro
                                  ffc040bf        11   func ,l         1
  _st_CommunicateGyro
                                  ffc040d0        45   func ,l         8
  _st_ParseGyro
                                  ffc04115        17   func ,l         1
FILE=.\UserSrc\Switch.obj
                                  ffc0412c  ffc0441e       2f3
  _SWT_Init
                                  ffc0412c        a3   func ,g         7
  _SWT_CallCenter
                                  ffc041cf        13   func ,g         1
  _SWT_CallRight
                                  ffc041e2        16   func ,g         1
  _SWT_CallLeft
                                  ffc041f8        16   func ,g         1
  _SWT_CallUp
                                  ffc0420e        16   func ,g         1
  _SWT_CallDown
                                  ffc04224        16   func ,g         1
  _SWT_ClearSwitchCount
                                  ffc0423a        34   func ,g         0
  _SWT_GetSwitch
                                  ffc0426e         c   func ,g         3
  _SWT_SetSwitch
                                  ffc0427a        28   func ,g         0
  _SWT_GetCenterDecision
                                  ffc042a2        40   func ,g        17
  _st_CalcRL
                                  ffc042e2        7c   func ,l         3
  _st_CalcUD
                                  ffc0435e        7c   func ,l         3
  _st_CalcDecision
                                  ffc043da        45   func ,l         2
FILE=.\UserSrc\TaskTimer.obj
                                  ffc0441f  ffc04614       1f6
  _TSK_Init
                                  ffc0441f        2f   func ,g         1
  _TSK_Main
                                  ffc0444e       15c   func ,g         1
  _TSK_Start
                                  ffc045aa        11   func ,g        15
  _TSK_Stop
                                  ffc045bb        11   func ,g         b
  _st_Task0
                                  ffc045cc         5   func ,l         1
  _st_Task1
                                  ffc045d1         5   func ,l         1
  _st_Task2
                                  ffc045d6         5   func ,l         1
  _st_Task3
                                  ffc045db         5   func ,l         1
  _st_Task4
                                  ffc045e0         5   func ,l         1
  _st_Task5
                                  ffc045e5         5   func ,l         1
  _st_Task6
                                  ffc045ea         5   func ,l         1
  _st_Task7
                                  ffc045ef         5   func ,l         1
  _st_Task8
                                  ffc045f4         1   func ,l         1
  _st_Task9
                                  ffc045f5         5   func ,l         1
  _st_Task10_StartCalc
                                  ffc045fa         9   func ,l         1
  _st_Task10_StartComm
                                  ffc04603         d   func ,l         1
  _st_Task11
                                  ffc04610         5   func ,l         1
FILE=.\UserSrc\Test.obj
                                  ffc04615  ffc04e84       870
  _TST_TestMode
                                  ffc04615       17b   func ,g         1
  _st_SciTest
                                  ffc04790        52   func ,l         1
  _st_IrqTest
                                  ffc047e2        70   func ,l         1
  _st_LedTest
                                  ffc04852        df   func ,l         1
  _st_PwmTest
                                  ffc04931        bc   func ,l         1
  _st_BuzzerTest
                                  ffc049ed        84   func ,l         1
  _st_IntBuzzerTest
                                  ffc04a71        94   func ,l         1
  _st_EncoderTest
                                  ffc04b05        5f   func ,l         1
  _st_SensorTest
                                  ffc04b64        2e   func ,l         1
  _st_GyroTest
                                  ffc04b92        2a   func ,l         1
  _st_CalibSensorTest
                                  ffc04bbc         5   func ,l         1
  _st_MarkerTest
                                  ffc04bc1        8e   func ,l         1
  _st_StraightTest
                                  ffc04c4f        a1   func ,l         1
  _st_RotationTest
                                  ffc04cf0        ac   func ,l         1
  _st_AssertTest
                                  ffc04d9c        97   func ,l         1
  _st_LogTest
                                  ffc04e33        52   func ,l         1
FILE=.\UserSrc\Tracer.obj
                                  ffc04e85  ffc05f0b      1087
  _TRC_Init
                                  ffc04e85        d2   func ,g         1
  _TRC_StartSearchMode
                                  ffc04f57       22f   func ,g         3
  _TRC_DriveMode
                                  ffc05186       145   func ,g         1
  _TRC_RecordCourceTask
                                  ffc052cb        79   func ,g         1
  _TRC_PlayCourceTask
                                  ffc05344       20e   func ,g         1
  _st_SetAnalysisParam
                                  ffc05552        1a   func ,l         5
  _st_StartRecordCource
                                  ffc0556c        63   func ,l         2
  _st_GetCourceMarker
                                  ffc055cf        42   func ,l         2
  _st_PrepareCource
                                  ffc05611       1b1   func ,l         1
  _st_AnalyzeCource
                                  ffc057c2       4dc   func ,l         1
  _st_CalculateRadius
                                  ffc05c9e        4f   func ,l         3
  _st_ExecuteDriveMode
                                  ffc05ced       1ef   func ,l         4
  _st_CalculateVelocityFromSensorAngle
                                  ffc05edc        30   func ,l         1
FILE=.\src\cg_src\r_cg_cgc.obj
                                  ffc05f0c  ffc05fb4        a9
  _R_CGC_Create
                                  ffc05f0c        a9   func ,g         1
FILE=.\src\cg_src\r_cg_cmt.obj
                                  ffc05fb5  ffc06072        be
  _R_CMT0_Create
                                  ffc05fb5        34   func ,g         1
  _R_CMT0_Start
                                  ffc05fe9        13   func ,g         1
  _R_CMT0_Stop
                                  ffc05ffc        16   func ,g         0
  _R_CMT1_Create
                                  ffc06012        38   func ,g         1
  _R_CMT1_Start
                                  ffc0604a        13   func ,g         5
  _R_CMT1_Stop
                                  ffc0605d        16   func ,g         0
FILE=.\src\cg_src\r_cg_cmt_user.obj
                                  ffc06073  ffc0609e        2c
  _r_cmt_cmi0_interrupt
                                  ffc06073         e   func ,l         0
  _r_cmt_cmi1_interrupt
                                  ffc06081        1e   func ,l         0
FILE=.\src\cg_src\r_cg_hardware_setup.obj
                                  ffc0609f  ffc06145        a7
  _R_Systeminit
                                  ffc0609f        a3   func ,g         1
  _HardwareSetup
                                  ffc06142         4   func ,g         1
FILE=.\src\cg_src\r_cg_icu.obj
                                  ffc06146  ffc06302       1bd
  _R_ICU_Create
                                  ffc06146       16d   func ,g         1
  _R_ICU_IRQ5_Start
                                  ffc062b3         8   func ,g         2
  _R_ICU_IRQ5_Stop
                                  ffc062bb         8   func ,g         1
  _R_ICU_IRQ6_Start
                                  ffc062c3         8   func ,g         2
  _R_ICU_IRQ6_Stop
                                  ffc062cb         8   func ,g         1
  _R_ICU_IRQ7_Start
                                  ffc062d3         8   func ,g         2
  _R_ICU_IRQ7_Stop
                                  ffc062db         8   func ,g         1
  _R_ICU_IRQ8_Start
                                  ffc062e3         8   func ,g         2
  _R_ICU_IRQ8_Stop
                                  ffc062eb         8   func ,g         1
  _R_ICU_IRQ9_Start
                                  ffc062f3         8   func ,g         2
  _R_ICU_IRQ9_Stop
                                  ffc062fb         8   func ,g         1
FILE=.\src\cg_src\r_cg_icu_user.obj
                                  ffc06303  ffc06370        6e
  _r_icu_irq5_interrupt
                                  ffc06303        16   func ,l         0
  _r_icu_irq6_interrupt
                                  ffc06319        16   func ,l         0
  _r_icu_irq7_interrupt
                                  ffc0632f        16   func ,l         0
  _r_icu_irq8_interrupt
                                  ffc06345        16   func ,l         0
  _r_icu_irq9_interrupt
                                  ffc0635b        16   func ,l         0
FILE=.\src\cg_src\r_cg_main.obj
                                  ffc06371  ffc063a0        30
  _main
                                  ffc06371         f   func ,g         1
  _R_MAIN_UserInit
                                  ffc06380        21   func ,l         1
FILE=.\src\cg_src\r_cg_mtu3.obj
                                  ffc063a1  ffc067be       41e
  _R_MTU3_Create
                                  ffc063a1       2a0   func ,g         1
  _R_MTU3_C0_Start
                                  ffc06641         8   func ,g         1
  _R_MTU3_C0_Stop
                                  ffc06649         8   func ,g         0
  _R_MTU3_C1_Start
                                  ffc06651         8   func ,g         1
  _R_MTU3_C1_Stop
                                  ffc06659         8   func ,g         0
  _R_MTU3_C2_Start
                                  ffc06661         8   func ,g         1
  _R_MTU3_C2_Stop
                                  ffc06669         8   func ,g         0
  _R_MTU3_C3_Start
                                  ffc06671         8   func ,g         1
  _R_MTU3_C3_Stop
                                  ffc06679         8   func ,g         0
  _R_MTU3_C4_Start
                                  ffc06681         8   func ,g         2
  _R_MTU3_C4_Stop
                                  ffc06689         8   func ,g         0
  _R_MTU0_SetTGRA
                                  ffc06691         d   func ,g         0
  _R_MTU0_GetTGRA
                                  ffc0669e        10   func ,g         0
  _R_MTU0_GetTGRB
                                  ffc066ae        10   func ,g         0
  _R_MTU0_SetTGRC
                                  ffc066be         d   func ,g         2
  _R_MTU0_GetTGRC
                                  ffc066cb        10   func ,g         0
  _R_MTU0_GetTGRD
                                  ffc066db        10   func ,g         1
  _R_MTU1_GetTcnt
                                  ffc066eb        10   func ,g         1
  _R_MTU2_GetTcnt
                                  ffc066fb        10   func ,g         1
  _R_MTU3_SetTGRA
                                  ffc0670b         d   func ,g         0
  _R_MTU3_GetTGRA
                                  ffc06718        10   func ,g         0
  _R_MTU3_GetTGRB
                                  ffc06728        10   func ,g         0
  _R_MTU3_SetTGRC
                                  ffc06738         d   func ,g         2
  _R_MTU3_GetTGRC
                                  ffc06745        10   func ,g         0
  _R_MTU3_GetTGRD
                                  ffc06755        10   func ,g         1
  _R_MTU4_SetTGRA
                                  ffc06765         d   func ,g         2
  _R_MTU4_GetTGRA
                                  ffc06772        10   func ,g         0
  _R_MTU4_GetTGRB
                                  ffc06782        10   func ,g         1
  _R_MTU4_SetTGRC
                                  ffc06792         d   func ,g         2
  _R_MTU4_GetTGRC
                                  ffc0679f        10   func ,g         0
  _R_MTU4_GetTGRD
                                  ffc067af        10   func ,g         1
FILE=.\src\cg_src\r_cg_port.obj
                                  ffc067bf  ffc069c6       208
  _R_PORT_Create
                                  ffc067bf        7a   func ,g         1
  _R_PORT_SetP05
                                  ffc06839        1c   func ,g         0
  _R_PORT_SetP07
                                  ffc06855        18   func ,g         0
  _R_PORT_SetP14
                                  ffc0686d        1c   func ,g         2
  _R_PORT_SetPB0
                                  ffc06889        19   func ,g         3
  _R_PORT_SetPB2
                                  ffc068a2        1b   func ,g         4
  _R_PORT_SetPB4
                                  ffc068bd        1c   func ,g         2
  _R_PORT_SetPC0
                                  ffc068d9        19   func ,g         4
  _R_PORT_SetPC1
                                  ffc068f2        1b   func ,g         4
  _R_PORT_SetPC2
                                  ffc0690d        1b   func ,g         4
  _R_PORT_SetPC3
                                  ffc06928        1b   func ,g         4
  _R_PORT_SetPD0
                                  ffc06943        19   func ,g         3
  _R_PORT_SetPD1
                                  ffc0695c        1b   func ,g         3
  _R_PORT_SetPE0
                                  ffc06977        19   func ,g         3
  _R_PORT_SetPE3
                                  ffc06990        1b   func ,g         3
  _R_PORT_SetPE4
                                  ffc069ab        1c   func ,g         3
FILE=.\src\cg_src\r_cg_rspi.obj
                                  ffc069c7  ffc06ba5       1df
  _R_RSPI0_Create
                                  ffc069c7       107   func ,g         1
  _R_RSPI0_Start
                                  ffc06ace        40   func ,g         1
  _R_RSPI0_Stop
                                  ffc06b0e        2c   func ,g         0
  _R_RSPI0_Send_Receive
                                  ffc06b3a        6c   func ,g         1
FILE=.\src\cg_src\r_cg_rspi_user.obj
                                  ffc06ba6  ffc06d09       164
  _r_rspi0_transmit_interrupt
                                  ffc06ba6        67   func ,l         0
  _r_rspi0_receive_interrupt
                                  ffc06c0d        7f   func ,l         0
  _r_rspi0_error_interrupt
                                  ffc06c8c        63   func ,g         1
  _r_rspi0_idle_interrupt
                                  ffc06cef        13   func ,g         1
  _r_rspi0_callback_transmitend
                                  ffc06d02         1   func ,l         1
  _r_rspi0_callback_receiveend
                                  ffc06d03         1   func ,l         1
  _r_rspi0_callback_error
                                  ffc06d04         6   func ,l         1
FILE=.\src\cg_src\r_cg_s12ad.obj
                                  ffc06d0a  ffc06f7c       273
  _R_S12AD0_Create
                                  ffc06d0a       13e   func ,g         1
  _R_S12AD0_Start
                                  ffc06e48         c   func ,g         2
  _R_S12AD0_Stop
                                  ffc06e54         e   func ,g         0
  _R_S12AD0_Get_ValueResult
                                  ffc06e62        e3   func ,g         6
  _R_S12AD0_Set_CompareValue
                                  ffc06f45        19   func ,g         0
  _R_S12AD0_WaitAdcEnd
                                  ffc06f5e        1f   func ,g         2
FILE=.\src\cg_src\r_cg_sbrk.obj
                                  ffc06f7d  ffc06fb9        3d
  _sbrk
                                  ffc06f7d        3d   func ,g         1
FILE=.\src\cg_src\r_cg_sci.obj
                                  ffc06fba  ffc07171       1b8
  _R_SCI2_Create
                                  ffc06fba        99   func ,g         1
  _R_SCI2_Start
                                  ffc07053        33   func ,g         1
  _R_SCI2_Stop
                                  ffc07086        56   func ,g         0
  _R_SCI2_Serial_Receive
                                  ffc070dc        48   func ,g         0
  _R_SCI2_Serial_Send
                                  ffc07124        4e   func ,g         1
FILE=.\src\cg_src\r_cg_sci_user.obj
                                  ffc07172  ffc0726d        fc
  _r_sci2_transmit_interrupt
                                  ffc07172        4d   func ,l         0
  _r_sci2_transmitend_interrupt
                                  ffc071bf        28   func ,g         1
  _r_sci2_receive_interrupt
                                  ffc071e7        60   func ,l         0
  _r_sci2_receiveerror_interrupt
                                  ffc07247        25   func ,g         1
  _r_sci2_callback_transmitend
                                  ffc0726c         1   func ,l         1
  _r_sci2_callback_receiveend
                                  ffc0726d         1   func ,l         1
FILE=sinf
                                  ffc0726e  ffc072ac        3f
  _sinl
                                  ffc0726e         2   func ,g         0
  _sin
                                  ffc07270         2   func ,g         1
  _sinf
                                  ffc07272        3b   func ,g         3
FILE=powf
                                  ffc072ad  ffc072d9        2d
  _powl
                                  ffc072ad         2   func ,g         0
  _pow
                                  ffc072af         2   func ,g         1
  _powf
                                  ffc072b1        29   func ,g         5
FILE=sprintf
                                  ffc072da  ffc07310        37
  _prout
                                  ffc072da         b   func ,l         1
  _sprintf
                                  ffc072e5        2c   func ,g        1e
FILE=__initsct
                                  ffc07311  ffc0735a        4a
  __INITSCT
                                  ffc07311         0   none ,g         1
  loop1
                                  ffc07323         0   none ,l         1
  next_loop1
                                  ffc07331         0   none ,l         2
  loop3
                                  ffc07343         0   none ,l         1
  next_loop3
                                  ffc07354         0   none ,l         2
FILE=_in_pows
                                  ffc0735b  ffc07463       109
  __in_pows
                                  ffc0735b       109   func ,g         1
FILE=sincosfsub
                                  ffc07464  ffc0754b        e8
  ___poly_sinf
                                  ffc07464        31   func ,g         3
  ___poly_cosf
                                  ffc07495        28   func ,g         2
  _poly_cosfn
                                  ffc074bd         7   func ,l         1
  _poly_sinfn
                                  ffc074c4         5   func ,l         1
  _sincosf_special
                                  ffc074c9        33   func ,l         1
  ___internal_sincosf
                                  ffc074fc        50   func ,g         3
FILE=xprintf
                                  ffc0754c  ffc077b1       266
  __Printf
                                  ffc0754c       266   func ,g         1
FILE=fmodf
                                  ffc077b2  ffc077e3        32
  _fmodl
                                  ffc077b2         2   func ,g         0
  _fmod
                                  ffc077b4         2   func ,g         1
  _fmodf
                                  ffc077b6        2e   func ,g         2
FILE=_i_ldes
                                  ffc077e4  ffc07862        7f
  __in_ldexps
                                  ffc077e4        7f   func ,g         2
FILE=_in_exps
                                  ffc07863  ffc0795d        fb
  __in_exps
                                  ffc07863        fb   func ,g         2
FILE=_in_logs
                                  ffc0795e  ffc07a24        c7
  __in_logs
                                  ffc0795e        c7   func ,g         2
FILE=nanfval
                                  ffc07a25  ffc07a2b         7
  ___nanf_value
                                  ffc07a25         7   func ,g         1
FILE=xputfld
                                  ffc07a2c  ffc07ec2       497
  __Putfld
                                  ffc07a2c       497   func ,g         1
FILE=xvacopy
                                  ffc07ec3  ffc07eca         8
  __Vacopy
                                  ffc07ec3         8   func ,g         2
FILE=xputtxt
                                  ffc07ecb  ffc081af       2e5
  __Puttxt
                                  ffc07ecb       2e5   func ,g         3
FILE=strchr
                                  ffc081b0  ffc081c5        16
  _strchr
                                  ffc081b0        16   func ,g         2
FILE=xctype
                                  ffc081c6  ffc081db        16
  __Getpctype
                                  ffc081c6        16   func ,g         0
FILE=_i_fmds
                                  ffc081dc  ffc082b3        d8
  __in_fmods
                                  ffc081dc        d8   func ,g         1
FILE=xldtob
                                  ffc082b4  ffc086ea       437
  __Ldtob
                                  ffc082b4       437   func ,g         1
FILE=xputstr
                                  ffc086eb  ffc087ca        e0
  __Putstr
                                  ffc086eb        e0   func ,g         1
FILE=xlitob
                                  ffc087cb  ffc088e2       118
  __Litob
                                  ffc087cb       118   func ,g         1
FILE=xgenld
                                  ffc088e3  ffc08b90       2ae
  __Genld
                                  ffc088e3       2ae   func ,g         1
FILE=xwctomb
                                  ffc08b91  ffc08ce8       158
  __Wctombx
                                  ffc08b91       112   func ,g         1
  __Wctomb
                                  ffc08ca3        46   func ,g         1
FILE=xstate
                                  ffc08ce9  ffc08d1a        32
  __Getmbcurmax
                                  ffc08ce9        16   func ,g         2
  __Getpmbstate
                                  ffc08cff        1c   func ,g         0
FILE=xldscale
                                  ffc08d1b  ffc08d1e         4
  __LDscale
                                  ffc08d1b         4   func ,g         1
FILE=xldunsca
                                  ffc08d1f  ffc08d22         4
  __LDunscale
                                  ffc08d1f         4   func ,g         1
FILE=__COM_DIV64u
                                  ffc08d23  ffc08dbb        99
  __COM_DIV64u
                                  ffc08d23         0   none ,g         2
  _Loop_Init
                                  ffc08d2d         0   none ,l         2
  _Loop
                                  ffc08d35         0   none ,l         1
  _DivStart
                                  ffc08d41         0   none ,l         3
  _Success
                                  ffc08d4f         0   none ,l         1
  _DivEnd
                                  ffc08d5b         0   none ,l         0
  IXI6DIV
                                  ffc08d60         0   none ,l         1
  IXI4DIV
                                  ffc08d72         0   none ,l         1
  IXI2DIV
                                  ffc08d82         0   none ,l         1
  I8I2DIV
                                  ffc08d8a         0   none ,l         1
  I4I2DIV
                                  ffc08db8         0   none ,l         1
  _i8divU_End
                                  ffc08dbb         0   none ,l         0
FILE=__COM_MOD64u
                                  ffc08dbc  ffc08e42        87
  __COM_MOD64u
                                  ffc08dbc         0   none ,g         1
  _Loop_Init
                                  ffc08dc6         0   none ,l         2
  _Loop
                                  ffc08dca         0   none ,l         1
  _DivStart
                                  ffc08dd6         0   none ,l         3
  _Success
                                  ffc08de4         0   none ,l         1
  _DivEnd
                                  ffc08dec         0   none ,l         0
  IXI6DIV
                                  ffc08ded         0   none ,l         1
  IXI4DIV
                                  ffc08dff         0   none ,l         1
  IXI2DIV
                                  ffc08e0f         0   none ,l         1
  I8I2DIV
                                  ffc08e17         0   none ,l         1
  I4I2DIV
                                  ffc08e37         0   none ,l         1
FILE=_div
                                  ffc08e43  ffc08e4e         c
  _ldiv
                                  ffc08e43         0   none ,g         1
  _div
                                  ffc08e43         0   none ,g         1
FILE=free
                                  ffc08e4f  ffc08ed1        83
  _free
                                  ffc08e4f        83   func ,g         2
FILE=malloc
                                  ffc08ed2  ffc08faf        de
  _findmem
                                  ffc08ed2        7b   func ,l         1
  _malloc
                                  ffc08f4d        63   func ,g         1
FILE=localeco
                                  ffc08fb0  ffc08fb6         7
  _localeconv
                                  ffc08fb0         7   func ,g         1
FILE=xwcstate
                                  ffc08fb7  ffc08fd2        1c
  __Getpwcstate
                                  ffc08fb7        1c   func ,g         0
FILE=xfdscale
                                  ffc08fd3  ffc090f3       121
  __FDscale
                                  ffc08fd3       121   func ,g         1
FILE=xfdunsca
                                  ffc090f4  ffc0914e        5b
  __FDunscale
                                  ffc090f4        5b   func ,g         1
FILE=xgetmem
                                  ffc0914f  ffc09169        1b
  __Getmem
                                  ffc0914f        1b   func ,g         1
FILE=xfdnorm
                                  ffc0916a  ffc091e8        7f
  __FDnorm
                                  ffc0916a        7f   func ,g         2

SECTION=EXCEPTVECT
FILE=.\src\cg_src\r_cg_vecttbl.obj
                                  ffffff80  fffffffb        7c
  _Excpt_Vectors
                                  ffffff80        7c   data ,g         0

SECTION=RESETVECT
FILE=.\src\cg_src\r_cg_vecttbl.obj
                                  fffffffc  ffffffff         4
  _Reset_Vectors
                                  fffffffc         4   data ,g         0

*** Unfilled Areas ***

AREA                                START    END

*** Delete Symbols ***

SYMBOL                                SIZE    INFO
