Renesas Optimizing Linker (W2.04.00 )             02-Nov-2018 16:35:51

*** Options ***

-subcommand=LinkerSubCommand.tmp
-input="./UserSrc/Buzzer.obj"
-input="./UserSrc/ControlAngularVelocity.obj"
-input="./UserSrc/ControlSensorAngle.obj"
-input="./UserSrc/ControlVelocity.obj"
-input="./UserSrc/DriveAssert.obj"
-input="./UserSrc/FunctionTimer.obj"
-input="./UserSrc/Led.obj"
-input="./UserSrc/Log.obj"
-input="./UserSrc/Mode.obj"
-input="./UserSrc/SciFifo.obj"
-input="./UserSrc/Sensor.obj"
-input="./UserSrc/Switch.obj"
-input="./UserSrc/TaskTimer.obj"
-input="./UserSrc/Test.obj"
-input="./UserSrc/Tracer.obj"
-input="./src/cg_src/r_cg_cgc.obj"
-input="./src/cg_src/r_cg_cgc_user.obj"
-input="./src/cg_src/r_cg_cmt.obj"
-input="./src/cg_src/r_cg_cmt_user.obj"
-input="./src/cg_src/r_cg_dbsct.obj"
-input="./src/cg_src/r_cg_hardware_setup.obj"
-input="./src/cg_src/r_cg_icu.obj"
-input="./src/cg_src/r_cg_icu_user.obj"
-input="./src/cg_src/r_cg_intprg.obj"
-input="./src/cg_src/r_cg_main.obj"
-input="./src/cg_src/r_cg_mtu3.obj"
-input="./src/cg_src/r_cg_mtu3_user.obj"
-input="./src/cg_src/r_cg_port.obj"
-input="./src/cg_src/r_cg_port_user.obj"
-input="./src/cg_src/r_cg_resetprg.obj"
-input="./src/cg_src/r_cg_rspi.obj"
-input="./src/cg_src/r_cg_rspi_user.obj"
-input="./src/cg_src/r_cg_s12ad.obj"
-input="./src/cg_src/r_cg_s12ad_user.obj"
-input="./src/cg_src/r_cg_sbrk.obj"
-input="./src/cg_src/r_cg_sci.obj"
-input="./src/cg_src/r_cg_sci_user.obj"
-input="./src/cg_src/r_cg_vecttbl.obj"
-start=SU,SI,B_1,R_1,B_2,R_2,B,R/04,PResetPRG,C_1,C_2,C,C$*,D*,W*,L,PIntPRG,P/0FFC00000,EXCEPTVECT/0FFFFFF80,RESETVECT/0FFFFFFFC
-library=C:\Users\shuuichi\OneDrive\Robomech\ROBOTR~1\2018\program\VERDIR~1\HARDWA~2\VerdiRT17_RX64M.lib
-noprelink
-list=VerdiRT17_RX64M.map
-show
-nooptimize
-debug
-output=C:\Users\shuuichi\OneDrive\Robomech\Robotrace\2018\program\VerdiRT17_RX64M\HardwareDebug\VerdiRT17_RX64M.abs
-rom=D=R,D_1=R_1,D_2=R_2
-nocompress
-nomessage
-nologo

*** Error information ***

*** Mapping List ***

SECTION                            START      END         SIZE   ALIGN

SU
                                  00000004  00000303       300   4
SI
                                  00000304  00000803       500   4
B_1
                                  00000804  00000860        5d   1
R_1
                                  00000861  000008b1        51   1
B_2
                                  000008b2  00000d13       462   2
R_2
                                  00000d14  00000d14         0   1
B
                                  00000d14  00001037       324   4
R
                                  00001038  000012bb       284   4
$ADDR_C_120040
                                  00120040  00120043         4   1
$ADDR_C_120048
                                  00120048  0012004b         4   1
$ADDR_C_120050
                                  00120050  0012006f        20   1
PResetPRG
                                  ffc00000  ffc0003d        3e   1
C_1
                                  ffc0003e  ffc0010f        d2   1
C_2
                                  ffc00110  ffc00311       202   2
C
                                  ffc00314  ffc003c7        b4   4
C$DSEC
                                  ffc003c8  ffc003eb        24   4
C$BSEC
                                  ffc003ec  ffc00403        18   4
C$INIT
                                  ffc00404  ffc00404         0   1
C$VECT
                                  ffc00404  ffc00803       400   4
C$VTBL
                                  ffc00804  ffc00804         0   1
D
                                  ffc00804  ffc00a87       284   4
D_1
                                  ffc00a88  ffc00ad8        51   1
D_2
                                  ffc00ad9  ffc00ad9         0   1
W
                                  ffc00adc  ffc00adc         0   4
W_1
                                  ffc00adc  ffc00adc         0   1
W_2
                                  ffc00adc  ffc00b2d        52   2
L
                                  ffc00b30  ffc00cd0       1a1   4
PIntPRG
                                  ffc00cd1  ffc00d48        78   1
P
                                  ffc00d49  ffc072fa      65b2   1
EXCEPTVECT
                                  ffffff80  fffffffb        7c   4
RESETVECT
                                  fffffffc  ffffffff         4   4

*** Symbol List ***

SECTION=
FILE=                               START        END    SIZE
  SYMBOL                            ADDR        SIZE    INFO      COUNTS  OPT

SECTION=SU
FILE=.\src\cg_src\r_cg_resetprg.obj
                                  00000004  00000303       300

SECTION=SI
FILE=.\src\cg_src\r_cg_resetprg.obj
                                  00000304  00000803       500

SECTION=B_1
FILE=.\UserSrc\Sensor.obj
                                  00000804  00000818        15
  _st_SendBuf
                                  00000804        14   data ,l         2
  _st_SensorCalibFlag
                                  00000818         1   data ,l         6
FILE=.\UserSrc\Test.obj
                                  00000819  0000082d        15
  _st_SendBuf
                                  00000819        14   data ,l        17
  _st_BufSize
                                  0000082d         1   data ,l        17
FILE=.\UserSrc\Tracer.obj
                                  0000082e  00000860        33
  _st_SendBuf
                                  0000082e        32   data ,l         4
  _st_BufSize
                                  00000860         1   data ,l         4

SECTION=R_1
FILE=xfiles
                                  00000861  000008b0        50
  _ebuf
                                  00000861        50   data ,l         5
FILE=xstate
                                  000008b1  000008b1         1
  __Mbcurmax
                                  000008b1         1   data ,g         1

SECTION=B_2
FILE=.\UserSrc\ControlSensorAngle.obj
                                  000008b2  000008bf         e
  _st_SensorData
                                  000008b2         e   data ,l         3
FILE=.\UserSrc\DriveAssert.obj
                                  000008c0  000008cd         e
  _st_SensorData
                                  000008c0         e   data ,l         3
FILE=.\UserSrc\Sensor.obj
                                  000008ce  000008f9        2c
  _st_LineSensor
                                  000008ce        18   data ,l         c
  _st_InstantMax
                                  000008e6         8   data ,l        10
  _st_InstantMin
                                  000008ee         8   data ,l        14
  _st_SensorCalibMax
                                  000008f6         2   data ,l         9
  _st_SensorCalibMin
                                  000008f8         2   data ,l         9
FILE=.\UserSrc\Tracer.obj
                                  000008fa  00000907         e
  _st_SensorData
                                  000008fa         e   data ,l         3
FILE=.\src\cg_src\r_cg_rspi.obj
                                  00000908  0000090d         6
  _g_rspi0_tx_count
                                  00000908         2   data ,g         3
  _g_rspi0_rx_count
                                  0000090a         2   data ,g         4
  _g_rspi0_rx_length
                                  0000090c         2   data ,g         3
FILE=.\src\cg_src\r_cg_sbrk.obj
                                  0000090e  00000d0d       400
  _heap_area
                                  0000090e       400   data ,l         2
FILE=.\src\cg_src\r_cg_sci.obj
                                  00000d0e  00000d13         6
  _g_sci2_tx_count
                                  00000d0e         2   data ,g         3
  _g_sci2_rx_count
                                  00000d10         2   data ,g         4
  _g_sci2_rx_length
                                  00000d12         2   data ,g         3

SECTION=B
FILE=.\UserSrc\Buzzer.obj
                                  00000d14  00000d1f         c
  _st_BeepCount
                                  00000d14         4   data ,l         5
  _st_TaskCounter
                                  00000d18         4   data ,l         5
  _st_TaskInterval
                                  00000d1c         4   data ,l         3
FILE=.\UserSrc\ControlAngularVelocity.obj
                                  00000d20  00000d83        64
  _st_BodyOmega
                                  00000d20         4   data ,l         4
  _st_BodyAngle
                                  00000d24         4   data ,l         4
  _st_VirtualGeometry
                                  00000d28        14   data ,l         e
  _st_Controller
                                  00000d3c        48   data ,l        32
FILE=.\UserSrc\ControlSensorAngle.obj
                                  00000d84  00000dd7        54
  _st_Theta
                                  00000d84        50   data ,l        1e
  _st_PotentioTheta
                                  00000dd4         4   data ,l         3
FILE=.\UserSrc\ControlVelocity.obj
                                  00000dd8  00000e4f        78
  _st_Encoder
                                  00000dd8        30   data ,g        22
  _st_Controller
                                  00000e08        48   data ,l        32
FILE=.\UserSrc\DriveAssert.obj
                                  00000e50  00000e5b         c
  _st_AssertFlag
                                  00000e50         4   data ,l         5
  _st_LineAssert
                                  00000e54         8   data ,l         9
FILE=.\UserSrc\FunctionTimer.obj
                                  00000e5c  00000e9b        40
  _st_BuzzerDuty
                                  00000e5c         c   data ,l         9
  _st_RightMotorDuty
                                  00000e68        14   data ,l        11
  _st_LeftMotorDuty
                                  00000e7c        14   data ,l        11
  _st_SensorMotorDuty
                                  00000e90         c   data ,l         a
FILE=.\UserSrc\Mode.obj
                                  00000e9c  00000ea7         c
  _st_Swt
                                  00000e9c         4   data ,l         2
  _st_ModeKind
                                  00000ea0         4   data ,l         5
  _st_Decision
                                  00000ea4         4   data ,l         5
FILE=.\UserSrc\Sensor.obj
                                  00000ea8  00000fa7       100
  _st_SensorData
                                  00000ea8        b0   data ,l        43
  _st_Tx
                                  00000f58         8   data ,l         5
  _st_Rx
                                  00000f60         8   data ,l         5
  _st_LineCoefficient
                                  00000f68        10   data ,l         c
  _st_CourceMarker
                                  00000f78        30   data ,l        3f
FILE=.\UserSrc\Switch.obj
                                  00000fa8  00000fdf        38
  _st_Swt
                                  00000fa8        1c   data ,l        22
  _st_udMin
                                  00000fc4         4   data ,l         4
  _st_udMax
                                  00000fc8         4   data ,l         4
  _st_rlMin
                                  00000fcc         4   data ,l         4
  _st_rlMax
                                  00000fd0         4   data ,l         4
  _st_Decision
                                  00000fd4         c   data ,l         a
FILE=.\UserSrc\TaskTimer.obj
                                  00000fe0  00001013        34
  _st_TaskState
                                  00000fe0         4   data ,l         c
  _st_TaskSchedule
                                  00000fe4        30   data ,l        10
FILE=.\UserSrc\Test.obj
                                  00001014  0000101f         c
  _st_Swt
                                  00001014         4   data ,l        12
  _st_ModeLevel
                                  00001018         4   data ,l         4
  _st_Decision
                                  0000101c         4   data ,l        3a
FILE=.\UserSrc\Tracer.obj
                                  00001020  00001023         4
  _st_Decision
                                  00001020         4   data ,l         9
FILE=.\src\cg_src\r_cg_rspi.obj
                                  00001024  0000102b         8
  _gp_rspi0_tx_address
                                  00001024         4   data ,g         3
  _gp_rspi0_rx_address
                                  00001028         4   data ,g         3
FILE=.\src\cg_src\r_cg_sci.obj
                                  0000102c  00001033         8
  _gp_sci2_tx_address
                                  0000102c         4   data ,g         3
  _gp_sci2_rx_address
                                  00001030         4   data ,g         3
FILE=_errno
                                  00001034  00001037         4
  __errno
                                  00001034         4   data ,g         3

SECTION=R
FILE=.\src\cg_src\r_cg_sbrk.obj
                                  00001038  0000103b         4
  _brk
                                  00001038         4   data ,l         3
FILE=sincosfsub
                                  0000103c  00001077        3c
  _sinf_coeff
                                  0000103c        10   data ,l         1
  _cosf_coeff
                                  0000104c        10   data ,l         1
  _pi4ptr_table
                                  0000105c         c   data ,l         1
  _sub_table
                                  00001068        10   data ,l         1
FILE=xprintf
                                  00001078  0000107b         4
  _stderr
                                  00001078         4   data ,g         0
FILE=xfiles
                                  0000107c  00001153        d8
  __Stdin
                                  0000107c        48   data ,g         7
  __Stdout
                                  000010c4        48   data ,g         7
  __Stderr
                                  0000110c        48   data ,g         3
FILE=xctype
                                  00001154  0000115b         8
  __Ctype
                                  00001154         4   data ,g         2
  __Tls_setup__Ctype
                                  00001158         4   data ,g         1
FILE=xstate
                                  0000115c  000011a3        48
  __Tls_setup__Mbcurmax
                                  0000115c         4   data ,g         1
  __Mbstate
                                  00001160        40   data ,g         2
  __Tls_setup__Mbstate
                                  000011a0         4   data ,g         2
FILE=malloc
                                  000011a4  000011ab         8
  __Aldata
                                  000011a4         8   data ,g         3
FILE=localeco
                                  000011ac  000011ff        54
  __Locale
                                  000011ac        50   data ,g         1
  __Tls_setup__Locale
                                  000011fc         4   data ,g         0
FILE=xwcstate
                                  00001200  00001243        44
  __Wcstate
                                  00001200        40   data ,g         2
  __Tls_setup__Wcstate
                                  00001240         4   data ,g         2
FILE=xfvalues
                                  00001244  000012bb        78
  __FDenorm
                                  00001244        10   data ,g         0
  __FEps
                                  00001254        10   data ,g         0
  __FHugeval
                                  00001264        10   data ,g         0
  __FInf
                                  00001274        10   data ,g         1
  __FNan
                                  00001284        10   data ,g         0
  __FSnan
                                  00001294        10   data ,g         0
  __FRteps
                                  000012a4        10   data ,g         0
  __FXbig
                                  000012b4         4   data ,g         0
  __FZero
                                  000012b8         4   data ,g         0

SECTION=$ADDR_C_120040
FILE=.\src\cg_src\r_cg_vecttbl.obj
                                  00120040  00120043         4
  ___SPCCreg
                                  00120040         4   data ,g         0

SECTION=$ADDR_C_120048
FILE=.\src\cg_src\r_cg_vecttbl.obj
                                  00120048  0012004b         4
  ___TMEFreg
                                  00120048         4   data ,g         0

SECTION=$ADDR_C_120050
FILE=.\src\cg_src\r_cg_vecttbl.obj
                                  00120050  0012006f        20
  ___OSISreg
                                  00120050        10   data ,g         0
  ___TMINFreg
                                  00120060         4   data ,g         0
  ___MDEreg
                                  00120064         4   data ,g         0
  ___OFS0reg
                                  00120068         4   data ,g         0
  ___OFS1reg
                                  0012006c         4   data ,g         0

SECTION=PResetPRG
FILE=.\src\cg_src\r_cg_resetprg.obj
                                  ffc00000  ffc0003d        3e
  _PowerON_Reset_PC
                                  ffc00000        3e   entry,g         1

SECTION=C_1
FILE=xprintf
                                  ffc0003e  ffc00047         a
  _fchar$1
                                  ffc0003e         a   data ,l         1
FILE=xputtxt
                                  ffc00048  ffc000ec        a5
  _spaces
                                  ffc00048        21   data ,l         1
  _zeroes
                                  ffc00069        21   data ,l         1
  _asterisk
                                  ffc0008a        21   data ,l         1
  _plus
                                  ffc000ab        21   data ,l         1
  _minus
                                  ffc000cc        21   data ,l         1
FILE=xlitob
                                  ffc000ed  ffc0010e        22
  _ldigs
                                  ffc000ed        11   data ,l         1
  _udigs
                                  ffc000fe        11   data ,l         1
FILE=localeco
                                  ffc0010f  ffc0010f         1
  _null
                                  ffc0010f         1   data ,l         d

SECTION=C_2
FILE=xctype
                                  ffc00110  ffc00311       202
  _ctyp_tab
                                  ffc00110       202   data ,l         1

SECTION=C
FILE=.\src\cg_src\r_cg_dbsct.obj
                                  ffc00314  ffc00347        34
  __CTBL
                                  ffc00314        34   data ,g         0
FILE=xprintf
                                  ffc00348  ffc0035f        18
  _fbit$2
                                  ffc00348        18   data ,l         1
FILE=xldtob
                                  ffc00360  ffc00377        18
  _pows
                                  ffc00360        18   data ,l         1
FILE=floatval
                                  ffc00378  ffc0039f        28
  __FLT_MAX_VAL
                                  ffc00378         0   none ,g         1
  __FLT_MIN_VAL
                                  ffc0037c         0   none ,g         0
  __DBL_MAX_VAL
                                  ffc00380         0   none ,g         0
  __DBL_MIN_VAL
                                  ffc00388         0   none ,g         0
  __LDBL_MAX_VAL
                                  ffc00390         0   none ,g         0
  __LDBL_MIN_VAL
                                  ffc00398         0   none ,g         0
FILE=_const
                                  ffc003a0  ffc003c3        24
  __IFNAND
                                  ffc003a0         0   none ,g         0
  __IFINFD
                                  ffc003a8         0   none ,g         0
  __NIFINFD
                                  ffc003b0         0   none ,g         0
  __IFNANS
                                  ffc003b8         0   none ,g         1
  __IFINFS
                                  ffc003bc         0   none ,g         0
  __NIFINFS
                                  ffc003c0         0   none ,g         0
FILE=_sbrk_si
                                  ffc003c4  ffc003c7         4
  __sbrk_size
                                  ffc003c4         4   data ,g         1

SECTION=C$DSEC
FILE=.\src\cg_src\r_cg_dbsct.obj
                                  ffc003c8  ffc003eb        24
  __DTBL
                                  ffc003c8        24   data ,g         0

SECTION=C$BSEC
FILE=.\src\cg_src\r_cg_dbsct.obj
                                  ffc003ec  ffc00403        18
  __BTBL
                                  ffc003ec        18   data ,g         0

SECTION=C$VECT
FILE=.\src\cg_src\r_cg_dbsct.obj
                                  ffc00404  ffc00803       400

SECTION=D
FILE=.\src\cg_src\r_cg_sbrk.obj
                                  ffc00804  ffc00807         4
FILE=sincosfsub
                                  ffc00808  ffc00843        3c
FILE=xprintf
                                  ffc00844  ffc00847         4
FILE=xfiles
                                  ffc00848  ffc0091f        d8
FILE=xctype
                                  ffc00920  ffc00927         8
FILE=xstate
                                  ffc00928  ffc0096f        48
FILE=malloc
                                  ffc00970  ffc00977         8
FILE=localeco
                                  ffc00978  ffc009cb        54
FILE=xwcstate
                                  ffc009cc  ffc00a0f        44
FILE=xfvalues
                                  ffc00a10  ffc00a87        78

SECTION=D_1
FILE=xfiles
                                  ffc00a88  ffc00ad7        50
FILE=xstate
                                  ffc00ad8  ffc00ad8         1

SECTION=W_2
FILE=.\UserSrc\Led.obj
                                  ffc00adc  ffc00afb        20
FILE=.\UserSrc\TaskTimer.obj
                                  ffc00afc  ffc00b0f        14
FILE=.\UserSrc\Test.obj
                                  ffc00b10  ffc00b2d        1e

SECTION=L
FILE=.\UserSrc\Sensor.obj
                                  ffc00b30  ffc00b69        3a
FILE=.\UserSrc\Test.obj
                                  ffc00b6c  ffc00c71       106
FILE=.\UserSrc\Tracer.obj
                                  ffc00c74  ffc00c92        1f
FILE=xprintf
                                  ffc00c94  ffc00c9a         7
FILE=xldtob
                                  ffc00c9c  ffc00cbd        22
FILE=xgenld
                                  ffc00cc0  ffc00cc1         2
FILE=localeco
                                  ffc00cc4  ffc00cd0         d

SECTION=PIntPRG
FILE=.\src\cg_src\r_cg_intprg.obj
                                  ffc00cd1  ffc00d48        78
  _r_undefined_exception
                                  ffc00cd1         2   func ,g         3
  _r_reserved_exception
                                  ffc00cd3         2   func ,g        1b
  _r_nmi_exception
                                  ffc00cd5         2   func ,g         1
  _r_brk_exception
                                  ffc00cd7         2   func ,g         0
  _r_icu_group_be0_interrupt
                                  ffc00cd9         2   func ,g         0
  _r_icu_group_bl0_interrupt
                                  ffc00cdb        35   func ,g         0
  _r_icu_group_bl1_interrupt
                                  ffc00d10         2   func ,g         0
  _r_icu_group_al0_interrupt
                                  ffc00d12        35   func ,g         0
  _r_icu_group_al1_interrupt
                                  ffc00d47         2   func ,g         0

SECTION=P
FILE=.\UserSrc\Buzzer.obj
                                  ffc00d49  ffc00df6        ae
  _BZR_Init
                                  ffc00d49        26   func ,g         1
  _BZR_BuzzerOn
                                  ffc00d6f         b   func ,g         2
  _BZR_BuzzerOff
                                  ffc00d7a         7   func ,g         2
  _BZR_SetBeepCount
                                  ffc00d81        22   func ,g        12
  _BZR_BuzzerTask
                                  ffc00da3        54   func ,g         1
FILE=.\UserSrc\ControlAngularVelocity.obj
                                  ffc00df7  ffc011de       3e8
  _CAV_Init
                                  ffc00df7       112   func ,g         4
  _CAV_StartDriveMotor
                                  ffc00f09        22   func ,g         3
  _CAV_StopDriveMotor
                                  ffc00f2b         d   func ,g         0
  _CAV_SetTargetUpAccel
                                  ffc00f38         e   func ,g         1
  _CAV_SetTargetDownAccel
                                  ffc00f46         e   func ,g         1
  _CAV_SetTarget
                                  ffc00f54        51   func ,g         2
  _CAV_ControlTask
                                  ffc00fa5        10   func ,g         1
  _CAV_GetTarget
                                  ffc00fb5         e   func ,g         3
  _CAV_GetVelocity
                                  ffc00fc3         e   func ,g         4
  _CAV_GetErrorNow
                                  ffc00fd1         e   func ,g         4
  _CAV_GetAngle
                                  ffc00fdf         e   func ,g         0
  _CAV_GetRadius
                                  ffc00fed         e   func ,g         1
  _CAV_GetVirtualThetaDeg
                                  ffc00ffb         e   func ,g         9
  _CAV_ClearAngle
                                  ffc01009         a   func ,g         0
  _st_CalcTarget
                                  ffc01013        82   func ,l         1
  _st_CalcGyro
                                  ffc01095        3e   func ,l         1
  _st_UpdateTarget
                                  ffc010d3        3d   func ,l         1
  _st_CalcError
                                  ffc01110        b3   func ,l         1
  _st_SetMotorDuty
                                  ffc011c3        1c   func ,l         1
FILE=.\UserSrc\ControlSensorAngle.obj
                                  ffc011df  ffc013c0       1e2
  _CSA_Init
                                  ffc011df        cc   func ,g         1
  _CSA_StartSensorMotor
                                  ffc012ab         d   func ,g         3
  _CSA_StopSensorMotor
                                  ffc012b8         d   func ,g         3
  _CSA_StartSensorTask
                                  ffc012c5         b   func ,g         4
  _CSA_ControlSensorTask
                                  ffc012d0        a1   func ,g         1
  _CSA_GetSensorTheta
                                  ffc01371        26   func ,g         1
  _st_CalcSensorAngle
                                  ffc01397        1c   func ,l         1
  _st_DriveSensorMotor
                                  ffc013b3         e   func ,l         1
FILE=.\UserSrc\ControlVelocity.obj
                                  ffc013c1  ffc0186f       4af
  _CVL_Init
                                  ffc013c1       16a   func ,g         6
  _CVL_StartDriveMotor
                                  ffc0152b        22   func ,g         6
  _CVL_StopDriveMotor
                                  ffc0154d         d   func ,g         4
  _CVL_SetTargetUpAccel
                                  ffc0155a         e   func ,g         1
  _CVL_SetTargetDownAccel
                                  ffc01568         e   func ,g         1
  _CVL_SetTarget
                                  ffc01576        51   func ,g        15
  _CVL_ControlTask
                                  ffc015c7         d   func ,g         1
  _CVL_GetTarget
                                  ffc015d4         e   func ,g         5
  _CVL_GetVelocity
                                  ffc015e2         e   func ,g         6
  _CVL_GetErrorNow
                                  ffc015f0         e   func ,g         4
  _CVL_GetDistance
                                  ffc015fe         e   func ,g         6
  _CVL_GetEncoderDiff
                                  ffc0160c         e   func ,g         1
  _st_CalcEncoder
                                  ffc0161a       14c   func ,l         1
  _st_UpdateTarget
                                  ffc01766        3d   func ,l         1
  _st_CalcError
                                  ffc017a3        b4   func ,l         1
  _st_SetMotorDuty
                                  ffc01857        19   func ,l         1
FILE=.\UserSrc\DriveAssert.obj
                                  ffc01870  ffc0194d        de
  _DAS_Init
                                  ffc01870        1c   func ,g         5
  _DAS_AssertTask
                                  ffc0188c        30   func ,g         1
  _DAS_GetAssertFlag
                                  ffc018bc         e   func ,g         1
  _DAS_ClearAssertFlag
                                  ffc018ca        13   func ,g         1
  _st_LineSensorAssert
                                  ffc018dd        71   func ,l         1
FILE=.\UserSrc\FunctionTimer.obj
                                  ffc0194e  ffc01e97       54a
  _FTR_Init
                                  ffc0194e        e9   func ,g         1
  _FTR_StartBuzzerTimer
                                  ffc01a37         5   func ,g         1
  _FTR_SetBuzzerDuty
                                  ffc01a3c        55   func ,g         2
  _FTR_StartRightEncoderTimer
                                  ffc01a91         5   func ,g         2
  _FTR_GetRightEncoderCount
                                  ffc01a96         e   func ,g         2
  _FTR_StartLeftEncoderTimer
                                  ffc01aa4         5   func ,g         2
  _FTR_GetLeftEncoderCount
                                  ffc01aa9         e   func ,g         2
  _FTR_StartRightMotorTimer
                                  ffc01ab7         5   func ,g         2
  _FTR_SetTransitionRightMotorDuty
                                  ffc01abc        4a   func ,g         4
  _FTR_SetAngularRightMotorDuty
                                  ffc01b06        48   func ,g         1
  _FTR_GetRightMotorDuty
                                  ffc01b4e         e   func ,g         5
  _FTR_StartLeftMotorTimer
                                  ffc01b5c         5   func ,g         2
  _FTR_SetTransitionLeftMotorDuty
                                  ffc01b61        4a   func ,g         4
  _FTR_SetAngularLeftMotorDuty
                                  ffc01bab        48   func ,g         1
  _FTR_GetLeftMotorDuty
                                  ffc01bf3         e   func ,g         5
  _FTR_StartSensorMotorTimer
                                  ffc01c01         5   func ,g         2
  _FTR_SetSensorMotorDuty
                                  ffc01c06        90   func ,g         2
  _FTR_GetSensorMotorDuty
                                  ffc01c96         e   func ,g         0
  _st_SetLeftMotorDuty
                                  ffc01ca4        76   func ,l         2
  _st_SetRightMotorDuty
                                  ffc01d1a        76   func ,l         2
  _st_SetLeftDriveCw
                                  ffc01d90        2c   func ,l         1
  _st_SetLeftDriveCcw
                                  ffc01dbc        2c   func ,l         1
  _st_SetRightDriveCw
                                  ffc01de8        2c   func ,l         1
  _st_SetRightDriveCcw
                                  ffc01e14        2c   func ,l         1
  _st_SetSensorDriveCw
                                  ffc01e40        2c   func ,l         1
  _st_SetSensorDriveCcw
                                  ffc01e6c        2c   func ,l         1
FILE=.\UserSrc\Led.obj
                                  ffc01e98  ffc020d9       242
  _LED_binaryOn
                                  ffc01e98       181   func ,g         3
  _LED_AllOff
                                  ffc02019        15   func ,g         1
  _LED_On
                                  ffc0202e        56   func ,g        21
  _LED_Off
                                  ffc02084        56   func ,g        25
FILE=.\UserSrc\Log.obj
                                  ffc020da  ffc020da         1
  _LOG_Init
                                  ffc020da         1   func ,g         0
FILE=.\UserSrc\Mode.obj
                                  ffc020db  ffc021a4        ca
  _MDE_InitMode
                                  ffc020db         e   func ,g         1
  _MDE_SelectMode
                                  ffc020e9        bc   func ,g         1
FILE=.\UserSrc\SciFifo.obj
                                  ffc021a5  ffc021cd        29
  _SCF_Init
                                  ffc021a5         5   func ,g         1
  _SCF_WriteData
                                  ffc021aa        24   func ,g         e
FILE=.\UserSrc\Sensor.obj
                                  ffc021ce  ffc02e56       c89
  _SSR_Init
                                  ffc021ce       243   func ,g         3
  _SSR_TaskStartSensorGate
                                  ffc02411         4   func ,g         1
  _SSR_TaskStopSensorGate
                                  ffc02415         4   func ,g         1
  _SSR_TaskGetAnalogSensor
                                  ffc02419         7   func ,g         2
  _SSR_TaskStartReadGyro
                                  ffc02420         4   func ,g         1
  _SSR_TaskCalcSensor
                                  ffc02424        c2   func ,g         1
  _SSR_TaskCalcFilter
                                  ffc024e6       143   func ,g         1
  _SSR_TaskJudgeMarkerSensor
                                  ffc02629       198   func ,g         1
  _SSR_CalibSensor
                                  ffc027c1       23d   func ,g         5
  _SSR_GetSensorData
                                  ffc029fe        22   func ,g         5
  _SSR_GetPotentioData
                                  ffc02a20         f   func ,g         0
  _SSR_SetPotentioData
                                  ffc02a2f         f   func ,g         1
  _SSR_GetGyroData
                                  ffc02a3e         f   func ,g         0
  _SSR_SetGyroData
                                  ffc02a4d         f   func ,g         0
  _SSR_GetMarkerState
                                  ffc02a5c        21   func ,g         8
  _SSR_GetCourceMarker
                                  ffc02a7d        4f   func ,g         7
  _SSR_PrintAllSensor
                                  ffc02acc        55   func ,g         2
  _st_SetSensorGateOn
                                  ffc02b21         d   func ,l         1
  _st_SetSensorGateOff
                                  ffc02b2e         d   func ,l         2
  _st_ReadLineSensor
                                  ffc02b3b        68   func ,l         2
  _st_ReadOtherSensor
                                  ffc02ba3        3c   func ,l         1
  _st_ReadDarkSensor
                                  ffc02bdf         c   func ,l         1
  _st_ReadLightSensor
                                  ffc02beb         c   func ,l         1
  _st_CalcLineSensor
                                  ffc02bf7        63   func ,l         1
  _st_CalcMarkerSensor
                                  ffc02c5a        3e   func ,l         2
  _st_RegistResetCourceMarker
                                  ffc02c98        eb   func ,l         2
  _st_InitGyro
                                  ffc02d83        67   func ,l         1
  _st_StartReadGyro
                                  ffc02dea        11   func ,l         1
  _st_CommunicateGyro
                                  ffc02dfb        45   func ,l         6
  _st_ParseGyro
                                  ffc02e40        17   func ,l         1
FILE=.\UserSrc\Switch.obj
                                  ffc02e57  ffc03149       2f3
  _SWT_Init
                                  ffc02e57        a3   func ,g         6
  _SWT_CallCenter
                                  ffc02efa        13   func ,g         1
  _SWT_CallRight
                                  ffc02f0d        16   func ,g         1
  _SWT_CallLeft
                                  ffc02f23        16   func ,g         1
  _SWT_CallUp
                                  ffc02f39        16   func ,g         1
  _SWT_CallDown
                                  ffc02f4f        16   func ,g         1
  _SWT_ClearSwitchCount
                                  ffc02f65        34   func ,g         0
  _SWT_GetSwitch
                                  ffc02f99         c   func ,g         2
  _SWT_SetSwitch
                                  ffc02fa5        28   func ,g         0
  _SWT_GetCenterDecision
                                  ffc02fcd        40   func ,g        19
  _st_CalcRL
                                  ffc0300d        7c   func ,l         3
  _st_CalcUD
                                  ffc03089        7c   func ,l         3
  _st_CalcDecision
                                  ffc03105        45   func ,l         2
FILE=.\UserSrc\TaskTimer.obj
                                  ffc0314a  ffc03333       1ea
  _TSK_Init
                                  ffc0314a        2f   func ,g         1
  _TSK_Main
                                  ffc03179       15c   func ,g         1
  _TSK_Start
                                  ffc032d5        11   func ,g        16
  _TSK_Stop
                                  ffc032e6        11   func ,g         0
  _st_Task0
                                  ffc032f7         5   func ,l         1
  _st_Task1
                                  ffc032fc         5   func ,l         1
  _st_Task2
                                  ffc03301         5   func ,l         1
  _st_Task3
                                  ffc03306         5   func ,l         1
  _st_Task4
                                  ffc0330b         5   func ,l         1
  _st_Task5
                                  ffc03310         5   func ,l         1
  _st_Task6
                                  ffc03315         1   func ,l         1
  _st_Task7
                                  ffc03316         1   func ,l         1
  _st_Task8
                                  ffc03317         1   func ,l         1
  _st_Task9
                                  ffc03318         1   func ,l         1
  _st_Task10_StartCalc
                                  ffc03319         9   func ,l         1
  _st_Task10_StartComm
                                  ffc03322         d   func ,l         1
  _st_Task11
                                  ffc0332f         5   func ,l         1
FILE=.\UserSrc\Test.obj
                                  ffc03334  ffc03ba3       870
  _TST_TestMode
                                  ffc03334       17b   func ,g         1
  _st_SciTest
                                  ffc034af        52   func ,l         1
  _st_IrqTest
                                  ffc03501        70   func ,l         1
  _st_LedTest
                                  ffc03571        df   func ,l         1
  _st_PwmTest
                                  ffc03650        bc   func ,l         1
  _st_BuzzerTest
                                  ffc0370c        84   func ,l         1
  _st_IntBuzzerTest
                                  ffc03790        94   func ,l         1
  _st_EncoderTest
                                  ffc03824        5f   func ,l         1
  _st_SensorTest
                                  ffc03883        2e   func ,l         1
  _st_GyroTest
                                  ffc038b1        2a   func ,l         1
  _st_CalibSensorTest
                                  ffc038db         5   func ,l         1
  _st_MarkerTest
                                  ffc038e0        8e   func ,l         1
  _st_StraightTest
                                  ffc0396e        a1   func ,l         1
  _st_RotationTest
                                  ffc03a0f        ac   func ,l         1
  _st_AssertTest
                                  ffc03abb        97   func ,l         1
  _st_LogTest
                                  ffc03b52        52   func ,l         1
FILE=.\UserSrc\Tracer.obj
                                  ffc03ba4  ffc04394       7f1
  _TRC_Init
                                  ffc03ba4         1   func ,g         1
  _TRC_StartSearchMode
                                  ffc03ba5       300   func ,g         1
  _TRC_StartDriveMode
                                  ffc03ea5       278   func ,g         1
  _TRC_StartDriveMode2
                                  ffc0411d       278   func ,g         1
FILE=.\src\cg_src\r_cg_cgc.obj
                                  ffc04395  ffc0443d        a9
  _R_CGC_Create
                                  ffc04395        a9   func ,g         1
FILE=.\src\cg_src\r_cg_cmt.obj
                                  ffc0443e  ffc044fb        be
  _R_CMT0_Create
                                  ffc0443e        34   func ,g         1
  _R_CMT0_Start
                                  ffc04472        13   func ,g         1
  _R_CMT0_Stop
                                  ffc04485        16   func ,g         0
  _R_CMT1_Create
                                  ffc0449b        38   func ,g         1
  _R_CMT1_Start
                                  ffc044d3        13   func ,g         5
  _R_CMT1_Stop
                                  ffc044e6        16   func ,g         0
FILE=.\src\cg_src\r_cg_cmt_user.obj
                                  ffc044fc  ffc04527        2c
  _r_cmt_cmi0_interrupt
                                  ffc044fc         e   func ,l         0
  _r_cmt_cmi1_interrupt
                                  ffc0450a        1e   func ,l         0
FILE=.\src\cg_src\r_cg_hardware_setup.obj
                                  ffc04528  ffc045ce        a7
  _R_Systeminit
                                  ffc04528        a3   func ,g         1
  _HardwareSetup
                                  ffc045cb         4   func ,g         1
FILE=.\src\cg_src\r_cg_icu.obj
                                  ffc045cf  ffc0478b       1bd
  _R_ICU_Create
                                  ffc045cf       16d   func ,g         1
  _R_ICU_IRQ5_Start
                                  ffc0473c         8   func ,g         2
  _R_ICU_IRQ5_Stop
                                  ffc04744         8   func ,g         1
  _R_ICU_IRQ6_Start
                                  ffc0474c         8   func ,g         2
  _R_ICU_IRQ6_Stop
                                  ffc04754         8   func ,g         1
  _R_ICU_IRQ7_Start
                                  ffc0475c         8   func ,g         2
  _R_ICU_IRQ7_Stop
                                  ffc04764         8   func ,g         1
  _R_ICU_IRQ8_Start
                                  ffc0476c         8   func ,g         2
  _R_ICU_IRQ8_Stop
                                  ffc04774         8   func ,g         1
  _R_ICU_IRQ9_Start
                                  ffc0477c         8   func ,g         2
  _R_ICU_IRQ9_Stop
                                  ffc04784         8   func ,g         1
FILE=.\src\cg_src\r_cg_icu_user.obj
                                  ffc0478c  ffc047f9        6e
  _r_icu_irq5_interrupt
                                  ffc0478c        16   func ,l         0
  _r_icu_irq6_interrupt
                                  ffc047a2        16   func ,l         0
  _r_icu_irq7_interrupt
                                  ffc047b8        16   func ,l         0
  _r_icu_irq8_interrupt
                                  ffc047ce        16   func ,l         0
  _r_icu_irq9_interrupt
                                  ffc047e4        16   func ,l         0
FILE=.\src\cg_src\r_cg_main.obj
                                  ffc047fa  ffc04829        30
  _main
                                  ffc047fa         f   func ,g         1
  _R_MAIN_UserInit
                                  ffc04809        21   func ,l         1
FILE=.\src\cg_src\r_cg_mtu3.obj
                                  ffc0482a  ffc04c47       41e
  _R_MTU3_Create
                                  ffc0482a       2a0   func ,g         1
  _R_MTU3_C0_Start
                                  ffc04aca         8   func ,g         1
  _R_MTU3_C0_Stop
                                  ffc04ad2         8   func ,g         0
  _R_MTU3_C1_Start
                                  ffc04ada         8   func ,g         1
  _R_MTU3_C1_Stop
                                  ffc04ae2         8   func ,g         0
  _R_MTU3_C2_Start
                                  ffc04aea         8   func ,g         1
  _R_MTU3_C2_Stop
                                  ffc04af2         8   func ,g         0
  _R_MTU3_C3_Start
                                  ffc04afa         8   func ,g         1
  _R_MTU3_C3_Stop
                                  ffc04b02         8   func ,g         0
  _R_MTU3_C4_Start
                                  ffc04b0a         8   func ,g         2
  _R_MTU3_C4_Stop
                                  ffc04b12         8   func ,g         0
  _R_MTU0_SetTGRA
                                  ffc04b1a         d   func ,g         0
  _R_MTU0_GetTGRA
                                  ffc04b27        10   func ,g         0
  _R_MTU0_GetTGRB
                                  ffc04b37        10   func ,g         0
  _R_MTU0_SetTGRC
                                  ffc04b47         d   func ,g         2
  _R_MTU0_GetTGRC
                                  ffc04b54        10   func ,g         0
  _R_MTU0_GetTGRD
                                  ffc04b64        10   func ,g         1
  _R_MTU1_GetTcnt
                                  ffc04b74        10   func ,g         1
  _R_MTU2_GetTcnt
                                  ffc04b84        10   func ,g         1
  _R_MTU3_SetTGRA
                                  ffc04b94         d   func ,g         0
  _R_MTU3_GetTGRA
                                  ffc04ba1        10   func ,g         0
  _R_MTU3_GetTGRB
                                  ffc04bb1        10   func ,g         0
  _R_MTU3_SetTGRC
                                  ffc04bc1         d   func ,g         2
  _R_MTU3_GetTGRC
                                  ffc04bce        10   func ,g         0
  _R_MTU3_GetTGRD
                                  ffc04bde        10   func ,g         1
  _R_MTU4_SetTGRA
                                  ffc04bee         d   func ,g         2
  _R_MTU4_GetTGRA
                                  ffc04bfb        10   func ,g         0
  _R_MTU4_GetTGRB
                                  ffc04c0b        10   func ,g         1
  _R_MTU4_SetTGRC
                                  ffc04c1b         d   func ,g         2
  _R_MTU4_GetTGRC
                                  ffc04c28        10   func ,g         0
  _R_MTU4_GetTGRD
                                  ffc04c38        10   func ,g         1
FILE=.\src\cg_src\r_cg_port.obj
                                  ffc04c48  ffc04e4f       208
  _R_PORT_Create
                                  ffc04c48        7a   func ,g         1
  _R_PORT_SetP05
                                  ffc04cc2        1c   func ,g         0
  _R_PORT_SetP07
                                  ffc04cde        18   func ,g         0
  _R_PORT_SetP14
                                  ffc04cf6        1c   func ,g         2
  _R_PORT_SetPB0
                                  ffc04d12        19   func ,g         3
  _R_PORT_SetPB2
                                  ffc04d2b        1b   func ,g         4
  _R_PORT_SetPB4
                                  ffc04d46        1c   func ,g         2
  _R_PORT_SetPC0
                                  ffc04d62        19   func ,g         4
  _R_PORT_SetPC1
                                  ffc04d7b        1b   func ,g         4
  _R_PORT_SetPC2
                                  ffc04d96        1b   func ,g         4
  _R_PORT_SetPC3
                                  ffc04db1        1b   func ,g         4
  _R_PORT_SetPD0
                                  ffc04dcc        19   func ,g         3
  _R_PORT_SetPD1
                                  ffc04de5        1b   func ,g         3
  _R_PORT_SetPE0
                                  ffc04e00        19   func ,g         3
  _R_PORT_SetPE3
                                  ffc04e19        1b   func ,g         3
  _R_PORT_SetPE4
                                  ffc04e34        1c   func ,g         3
FILE=.\src\cg_src\r_cg_rspi.obj
                                  ffc04e50  ffc0502e       1df
  _R_RSPI0_Create
                                  ffc04e50       107   func ,g         1
  _R_RSPI0_Start
                                  ffc04f57        40   func ,g         1
  _R_RSPI0_Stop
                                  ffc04f97        2c   func ,g         0
  _R_RSPI0_Send_Receive
                                  ffc04fc3        6c   func ,g         1
FILE=.\src\cg_src\r_cg_rspi_user.obj
                                  ffc0502f  ffc05192       164
  _r_rspi0_transmit_interrupt
                                  ffc0502f        67   func ,l         0
  _r_rspi0_receive_interrupt
                                  ffc05096        7f   func ,l         0
  _r_rspi0_error_interrupt
                                  ffc05115        63   func ,g         1
  _r_rspi0_idle_interrupt
                                  ffc05178        13   func ,g         1
  _r_rspi0_callback_transmitend
                                  ffc0518b         1   func ,l         1
  _r_rspi0_callback_receiveend
                                  ffc0518c         1   func ,l         1
  _r_rspi0_callback_error
                                  ffc0518d         6   func ,l         1
FILE=.\src\cg_src\r_cg_s12ad.obj
                                  ffc05193  ffc05405       273
  _R_S12AD0_Create
                                  ffc05193       13e   func ,g         1
  _R_S12AD0_Start
                                  ffc052d1         c   func ,g         2
  _R_S12AD0_Stop
                                  ffc052dd         e   func ,g         0
  _R_S12AD0_Get_ValueResult
                                  ffc052eb        e3   func ,g         6
  _R_S12AD0_Set_CompareValue
                                  ffc053ce        19   func ,g         0
  _R_S12AD0_WaitAdcEnd
                                  ffc053e7        1f   func ,g         2
FILE=.\src\cg_src\r_cg_sbrk.obj
                                  ffc05406  ffc05442        3d
  _sbrk
                                  ffc05406        3d   func ,g         1
FILE=.\src\cg_src\r_cg_sci.obj
                                  ffc05443  ffc055fa       1b8
  _R_SCI2_Create
                                  ffc05443        99   func ,g         1
  _R_SCI2_Start
                                  ffc054dc        33   func ,g         1
  _R_SCI2_Stop
                                  ffc0550f        56   func ,g         0
  _R_SCI2_Serial_Receive
                                  ffc05565        48   func ,g         0
  _R_SCI2_Serial_Send
                                  ffc055ad        4e   func ,g         1
FILE=.\src\cg_src\r_cg_sci_user.obj
                                  ffc055fb  ffc056f6        fc
  _r_sci2_transmit_interrupt
                                  ffc055fb        4d   func ,l         0
  _r_sci2_transmitend_interrupt
                                  ffc05648        28   func ,g         1
  _r_sci2_receive_interrupt
                                  ffc05670        60   func ,l         0
  _r_sci2_receiveerror_interrupt
                                  ffc056d0        25   func ,g         1
  _r_sci2_callback_transmitend
                                  ffc056f5         1   func ,l         1
  _r_sci2_callback_receiveend
                                  ffc056f6         1   func ,l         1
FILE=sinf
                                  ffc056f7  ffc05735        3f
  _sinl
                                  ffc056f7         2   func ,g         0
  _sin
                                  ffc056f9         2   func ,g         1
  _sinf
                                  ffc056fb        3b   func ,g         2
FILE=sprintf
                                  ffc05736  ffc0576c        37
  _prout
                                  ffc05736         b   func ,l         1
  _sprintf
                                  ffc05741        2c   func ,g         f
FILE=__initsct
                                  ffc0576d  ffc057b6        4a
  __INITSCT
                                  ffc0576d         0   none ,g         1
  loop1
                                  ffc0577f         0   none ,l         1
  next_loop1
                                  ffc0578d         0   none ,l         2
  loop3
                                  ffc0579f         0   none ,l         1
  next_loop3
                                  ffc057b0         0   none ,l         2
FILE=sincosfsub
                                  ffc057b7  ffc0589e        e8
  ___poly_sinf
                                  ffc057b7        31   func ,g         3
  ___poly_cosf
                                  ffc057e8        28   func ,g         2
  _poly_cosfn
                                  ffc05810         7   func ,l         1
  _poly_sinfn
                                  ffc05817         5   func ,l         1
  _sincosf_special
                                  ffc0581c        33   func ,l         1
  ___internal_sincosf
                                  ffc0584f        50   func ,g         3
FILE=xprintf
                                  ffc0589f  ffc05b04       266
  __Printf
                                  ffc0589f       266   func ,g         1
FILE=fmodf
                                  ffc05b05  ffc05b36        32
  _fmodl
                                  ffc05b05         2   func ,g         0
  _fmod
                                  ffc05b07         2   func ,g         1
  _fmodf
                                  ffc05b09        2e   func ,g         2
FILE=nanfval
                                  ffc05b37  ffc05b3d         7
  ___nanf_value
                                  ffc05b37         7   func ,g         1
FILE=xputfld
                                  ffc05b3e  ffc05fd4       497
  __Putfld
                                  ffc05b3e       497   func ,g         1
FILE=xvacopy
                                  ffc05fd5  ffc05fdc         8
  __Vacopy
                                  ffc05fd5         8   func ,g         2
FILE=xputtxt
                                  ffc05fdd  ffc062c1       2e5
  __Puttxt
                                  ffc05fdd       2e5   func ,g         3
FILE=strchr
                                  ffc062c2  ffc062d7        16
  _strchr
                                  ffc062c2        16   func ,g         2
FILE=xctype
                                  ffc062d8  ffc062ed        16
  __Getpctype
                                  ffc062d8        16   func ,g         0
FILE=_i_fmds
                                  ffc062ee  ffc063c5        d8
  __in_fmods
                                  ffc062ee        d8   func ,g         1
FILE=xldtob
                                  ffc063c6  ffc067fc       437
  __Ldtob
                                  ffc063c6       437   func ,g         1
FILE=xputstr
                                  ffc067fd  ffc068dc        e0
  __Putstr
                                  ffc067fd        e0   func ,g         1
FILE=xlitob
                                  ffc068dd  ffc069f4       118
  __Litob
                                  ffc068dd       118   func ,g         1
FILE=xgenld
                                  ffc069f5  ffc06ca2       2ae
  __Genld
                                  ffc069f5       2ae   func ,g         1
FILE=xwctomb
                                  ffc06ca3  ffc06dfa       158
  __Wctombx
                                  ffc06ca3       112   func ,g         1
  __Wctomb
                                  ffc06db5        46   func ,g         1
FILE=xstate
                                  ffc06dfb  ffc06e2c        32
  __Getmbcurmax
                                  ffc06dfb        16   func ,g         2
  __Getpmbstate
                                  ffc06e11        1c   func ,g         0
FILE=xldscale
                                  ffc06e2d  ffc06e30         4
  __LDscale
                                  ffc06e2d         4   func ,g         1
FILE=xldunsca
                                  ffc06e31  ffc06e34         4
  __LDunscale
                                  ffc06e31         4   func ,g         1
FILE=__COM_DIV64u
                                  ffc06e35  ffc06ecd        99
  __COM_DIV64u
                                  ffc06e35         0   none ,g         2
  _Loop_Init
                                  ffc06e3f         0   none ,l         2
  _Loop
                                  ffc06e47         0   none ,l         1
  _DivStart
                                  ffc06e53         0   none ,l         3
  _Success
                                  ffc06e61         0   none ,l         1
  _DivEnd
                                  ffc06e6d         0   none ,l         0
  IXI6DIV
                                  ffc06e72         0   none ,l         1
  IXI4DIV
                                  ffc06e84         0   none ,l         1
  IXI2DIV
                                  ffc06e94         0   none ,l         1
  I8I2DIV
                                  ffc06e9c         0   none ,l         1
  I4I2DIV
                                  ffc06eca         0   none ,l         1
  _i8divU_End
                                  ffc06ecd         0   none ,l         0
FILE=__COM_MOD64u
                                  ffc06ece  ffc06f54        87
  __COM_MOD64u
                                  ffc06ece         0   none ,g         1
  _Loop_Init
                                  ffc06ed8         0   none ,l         2
  _Loop
                                  ffc06edc         0   none ,l         1
  _DivStart
                                  ffc06ee8         0   none ,l         3
  _Success
                                  ffc06ef6         0   none ,l         1
  _DivEnd
                                  ffc06efe         0   none ,l         0
  IXI6DIV
                                  ffc06eff         0   none ,l         1
  IXI4DIV
                                  ffc06f11         0   none ,l         1
  IXI2DIV
                                  ffc06f21         0   none ,l         1
  I8I2DIV
                                  ffc06f29         0   none ,l         1
  I4I2DIV
                                  ffc06f49         0   none ,l         1
FILE=_div
                                  ffc06f55  ffc06f60         c
  _ldiv
                                  ffc06f55         0   none ,g         1
  _div
                                  ffc06f55         0   none ,g         1
FILE=free
                                  ffc06f61  ffc06fe3        83
  _free
                                  ffc06f61        83   func ,g         2
FILE=malloc
                                  ffc06fe4  ffc070c1        de
  _findmem
                                  ffc06fe4        7b   func ,l         1
  _malloc
                                  ffc0705f        63   func ,g         1
FILE=localeco
                                  ffc070c2  ffc070c8         7
  _localeconv
                                  ffc070c2         7   func ,g         1
FILE=xwcstate
                                  ffc070c9  ffc070e4        1c
  __Getpwcstate
                                  ffc070c9        1c   func ,g         0
FILE=xfdscale
                                  ffc070e5  ffc07205       121
  __FDscale
                                  ffc070e5       121   func ,g         1
FILE=xfdunsca
                                  ffc07206  ffc07260        5b
  __FDunscale
                                  ffc07206        5b   func ,g         1
FILE=xgetmem
                                  ffc07261  ffc0727b        1b
  __Getmem
                                  ffc07261        1b   func ,g         1
FILE=xfdnorm
                                  ffc0727c  ffc072fa        7f
  __FDnorm
                                  ffc0727c        7f   func ,g         2

SECTION=EXCEPTVECT
FILE=.\src\cg_src\r_cg_vecttbl.obj
                                  ffffff80  fffffffb        7c
  _Excpt_Vectors
                                  ffffff80        7c   data ,g         0

SECTION=RESETVECT
FILE=.\src\cg_src\r_cg_vecttbl.obj
                                  fffffffc  ffffffff         4
  _Reset_Vectors
                                  fffffffc         4   data ,g         0

*** Unfilled Areas ***

AREA                                START    END

*** Delete Symbols ***

SYMBOL                                SIZE    INFO
