Renesas Optimizing Linker (W2.04.00 )             01-Dec-2018 03:26:32

*** Options ***

-subcommand=LinkerSubCommand.tmp
-input="./UserSrc/Buzzer.obj"
-input="./UserSrc/ControlAngularVelocity.obj"
-input="./UserSrc/ControlSensorAngle.obj"
-input="./UserSrc/ControlVelocity.obj"
-input="./UserSrc/DriveAssert.obj"
-input="./UserSrc/FunctionTimer.obj"
-input="./UserSrc/Led.obj"
-input="./UserSrc/Log.obj"
-input="./UserSrc/Mode.obj"
-input="./UserSrc/SciFifo.obj"
-input="./UserSrc/Sensor.obj"
-input="./UserSrc/Switch.obj"
-input="./UserSrc/TaskTimer.obj"
-input="./UserSrc/Test.obj"
-input="./UserSrc/Tracer.obj"
-input="./src/cg_src/r_cg_cgc.obj"
-input="./src/cg_src/r_cg_cgc_user.obj"
-input="./src/cg_src/r_cg_cmt.obj"
-input="./src/cg_src/r_cg_cmt_user.obj"
-input="./src/cg_src/r_cg_dbsct.obj"
-input="./src/cg_src/r_cg_hardware_setup.obj"
-input="./src/cg_src/r_cg_icu.obj"
-input="./src/cg_src/r_cg_icu_user.obj"
-input="./src/cg_src/r_cg_intprg.obj"
-input="./src/cg_src/r_cg_main.obj"
-input="./src/cg_src/r_cg_mtu3.obj"
-input="./src/cg_src/r_cg_mtu3_user.obj"
-input="./src/cg_src/r_cg_port.obj"
-input="./src/cg_src/r_cg_port_user.obj"
-input="./src/cg_src/r_cg_resetprg.obj"
-input="./src/cg_src/r_cg_rspi.obj"
-input="./src/cg_src/r_cg_rspi_user.obj"
-input="./src/cg_src/r_cg_s12ad.obj"
-input="./src/cg_src/r_cg_s12ad_user.obj"
-input="./src/cg_src/r_cg_sbrk.obj"
-input="./src/cg_src/r_cg_sci.obj"
-input="./src/cg_src/r_cg_sci_user.obj"
-input="./src/cg_src/r_cg_vecttbl.obj"
-start=SU,SI,B_1,R_1,B_2,R_2,B,R/04,PResetPRG,C_1,C_2,C,C$*,D*,W*,L,PIntPRG,P/0FFC00000,EXCEPTVECT/0FFFFFF80,RESETVECT/0FFFFFFFC
-library=C:\Users\shuuichi\OneDrive\Robomech\ROBOTR~1\2018\program\VERDIR~1\HARDWA~2\VerdiRT17_RX64M.lib
-noprelink
-list=VerdiRT17_RX64M.map
-show
-nooptimize
-debug
-output=C:\Users\shuuichi\OneDrive\Robomech\Robotrace\2018\program\VerdiRT17_RX64M\HardwareDebug\VerdiRT17_RX64M.abs
-rom=D=R,D_1=R_1,D_2=R_2
-nocompress
-nomessage
-nologo

*** Error information ***

*** Mapping List ***

SECTION                            START      END         SIZE   ALIGN

SU
                                  00000004  00000303       300   4
SI
                                  00000304  00000803       500   4
B_1
                                  00000804  00000929       126   1
R_1
                                  0000092a  0000097a        51   1
B_2
                                  0000097c  00000ddd       462   2
R_2
                                  00000dde  00000dde         0   1
B
                                  00000de0  000715ff     70820   4
R
                                  00071600  00071883       284   4
$ADDR_C_120040
                                  00120040  00120043         4   1
$ADDR_C_120048
                                  00120048  0012004b         4   1
$ADDR_C_120050
                                  00120050  0012006f        20   1
PResetPRG
                                  ffc00000  ffc0003d        3e   1
C_1
                                  ffc0003e  ffc0010f        d2   1
C_2
                                  ffc00110  ffc00311       202   2
C
                                  ffc00314  ffc00477       164   4
C$DSEC
                                  ffc00478  ffc0049b        24   4
C$BSEC
                                  ffc0049c  ffc004b3        18   4
C$INIT
                                  ffc004b4  ffc004b4         0   1
C$VECT
                                  ffc004b4  ffc008b3       400   4
C$VTBL
                                  ffc008b4  ffc008b4         0   1
D
                                  ffc008b4  ffc00b37       284   4
D_1
                                  ffc00b38  ffc00b88        51   1
D_2
                                  ffc00b89  ffc00b89         0   1
W
                                  ffc00b8c  ffc00b8c         0   4
W_1
                                  ffc00b8c  ffc00b8c         0   1
W_2
                                  ffc00b8c  ffc00bdd        52   2
L
                                  ffc00be0  ffc011d0       5f1   4
PIntPRG
                                  ffc011d1  ffc01248        78   1
P
                                  ffc01249  ffc09016      7dce   1
EXCEPTVECT
                                  ffffff80  fffffffb        7c   4
RESETVECT
                                  fffffffc  ffffffff         4   4

*** Symbol List ***

SECTION=
FILE=                               START        END    SIZE
  SYMBOL                            ADDR        SIZE    INFO      COUNTS  OPT

SECTION=SU
FILE=.\src\cg_src\r_cg_resetprg.obj
                                  00000004  00000303       300

SECTION=SI
FILE=.\src\cg_src\r_cg_resetprg.obj
                                  00000304  00000803       500

SECTION=B_1
FILE=.\UserSrc\Log.obj
                                  00000804  000008cc        c9
  _st_SendBuf
                                  00000804        c8   data ,l        1c
  _st_BufSize
                                  000008cc         1   data ,l        1c
FILE=.\UserSrc\Sensor.obj
                                  000008cd  000008e1        15
  _st_SendBuf
                                  000008cd        14   data ,l         2
  _st_SensorCalibFlag
                                  000008e1         1   data ,l         6
FILE=.\UserSrc\Test.obj
                                  000008e2  000008f6        15
  _st_SendBuf
                                  000008e2        14   data ,l        17
  _st_BufSize
                                  000008f6         1   data ,l        17
FILE=.\UserSrc\Tracer.obj
                                  000008f7  00000929        33
  _st_SendBuf
                                  000008f7        32   data ,l         4
  _st_BufSize
                                  00000929         1   data ,l         4

SECTION=R_1
FILE=xfiles
                                  0000092a  00000979        50
  _ebuf
                                  0000092a        50   data ,l         5
FILE=xstate
                                  0000097a  0000097a         1
  __Mbcurmax
                                  0000097a         1   data ,g         1

SECTION=B_2
FILE=.\UserSrc\ControlAngularVelocity.obj
                                  0000097c  00000989         e
  _st_SensorData
                                  0000097c         e   data ,l         2
FILE=.\UserSrc\ControlSensorAngle.obj
                                  0000098a  00000997         e
  _st_SensorData
                                  0000098a         e   data ,l         5
FILE=.\UserSrc\DriveAssert.obj
                                  00000998  000009a5         e
  _st_SensorData
                                  00000998         e   data ,l         3
FILE=.\UserSrc\Sensor.obj
                                  000009a6  000009d1        2c
  _st_LineSensor
                                  000009a6        18   data ,l         c
  _st_InstantMax
                                  000009be         8   data ,l        10
  _st_InstantMin
                                  000009c6         8   data ,l        14
  _st_SensorCalibMax
                                  000009ce         2   data ,l         9
  _st_SensorCalibMin
                                  000009d0         2   data ,l         9
FILE=.\src\cg_src\r_cg_rspi.obj
                                  000009d2  000009d7         6
  _g_rspi0_tx_count
                                  000009d2         2   data ,g         3
  _g_rspi0_rx_count
                                  000009d4         2   data ,g         4
  _g_rspi0_rx_length
                                  000009d6         2   data ,g         3
FILE=.\src\cg_src\r_cg_sbrk.obj
                                  000009d8  00000dd7       400
  _heap_area
                                  000009d8       400   data ,l         2
FILE=.\src\cg_src\r_cg_sci.obj
                                  00000dd8  00000ddd         6
  _g_sci2_tx_count
                                  00000dd8         2   data ,g         3
  _g_sci2_rx_count
                                  00000dda         2   data ,g         4
  _g_sci2_rx_length
                                  00000ddc         2   data ,g         3

SECTION=B
FILE=.\UserSrc\Buzzer.obj
                                  00000de0  00000deb         c
  _st_BeepCount
                                  00000de0         4   data ,l         5
  _st_TaskCounter
                                  00000de4         4   data ,l         5
  _st_TaskInterval
                                  00000de8         4   data ,l         3
FILE=.\UserSrc\ControlAngularVelocity.obj
                                  00000dec  00000e8b        a0
  _st_BodyOmega
                                  00000dec         4   data ,l         5
  _st_BodyAngle
                                  00000df0         4   data ,l         5
  _st_VirtualGeometry
                                  00000df4        14   data ,l         e
  _st_Controller
                                  00000e08        48   data ,l        36
  _st_LogHeader
                                  00000e50        14   data ,l         2
  _st_LogArray
                                  00000e64        28   data ,l         7
FILE=.\UserSrc\ControlSensorAngle.obj
                                  00000e8c  00000f1b        90
  _st_Theta
                                  00000e8c        50   data ,l        29
  _st_PotentioTheta
                                  00000edc         4   data ,l         3
  _st_LogHeader
                                  00000ee0        14   data ,l         2
  _st_LogArray
                                  00000ef4        28   data ,l         8
FILE=.\UserSrc\ControlVelocity.obj
                                  00000f1c  00000fcf        b4
  _st_Encoder
                                  00000f1c        30   data ,l        24
  _st_Controller
                                  00000f4c        48   data ,l        38
  _st_LogHeader
                                  00000f94        14   data ,l         2
  _st_LogArray
                                  00000fa8        28   data ,l         6
FILE=.\UserSrc\DriveAssert.obj
                                  00000fd0  00000fdb         c
  _st_AssertFlag
                                  00000fd0         4   data ,l         5
  _st_LineAssert
                                  00000fd4         8   data ,l         9
FILE=.\UserSrc\FunctionTimer.obj
                                  00000fdc  00001027        4c
  _st_BuzzerDuty
                                  00000fdc         c   data ,l         9
  _st_RightMotorDuty
                                  00000fe8        14   data ,l        15
  _st_LeftMotorDuty
                                  00000ffc        14   data ,l        15
  _st_SensorMotorDuty
                                  00001010         c   data ,l         b
  _st_VelocityDutyArray
                                  0000101c         8   data ,l         3
  _st_SensorDutyArray
                                  00001024         4   data ,l         2
FILE=.\UserSrc\Log.obj
                                  00001028  00070d7b     6fd54
  _st_ControlLog
                                  00001028     305b0   data ,l        32
  _st_CourceLog
                                  000315d8     3f7a4   data ,l        15
FILE=.\UserSrc\Mode.obj
                                  00070d7c  00070d87         c
  _st_Swt
                                  00070d7c         4   data ,l         2
  _st_ModeKind
                                  00070d80         4   data ,l         5
  _st_Decision
                                  00070d84         4   data ,l         5
FILE=.\UserSrc\Sensor.obj
                                  00070d88  00070e87       100
  _st_SensorData
                                  00070d88        b0   data ,l        43
  _st_Tx
                                  00070e38         8   data ,l         5
  _st_Rx
                                  00070e40         8   data ,l         5
  _st_LineCoefficient
                                  00070e48        10   data ,l         c
  _st_CourceMarker
                                  00070e58        30   data ,l        3f
FILE=.\UserSrc\Switch.obj
                                  00070e88  00070ebf        38
  _st_Swt
                                  00070e88        1c   data ,l        22
  _st_udMin
                                  00070ea4         4   data ,l         4
  _st_udMax
                                  00070ea8         4   data ,l         4
  _st_rlMin
                                  00070eac         4   data ,l         4
  _st_rlMax
                                  00070eb0         4   data ,l         4
  _st_Decision
                                  00070eb4         c   data ,l         a
FILE=.\UserSrc\TaskTimer.obj
                                  00070ec0  00070ef3        34
  _st_TaskState
                                  00070ec0         4   data ,l         c
  _st_TaskSchedule
                                  00070ec4        30   data ,l        10
FILE=.\UserSrc\Test.obj
                                  00070ef4  00070eff         c
  _st_Swt
                                  00070ef4         4   data ,l        12
  _st_ModeLevel
                                  00070ef8         4   data ,l         4
  _st_Decision
                                  00070efc         4   data ,l        3a
FILE=.\UserSrc\Tracer.obj
                                  00070f00  000715eb       6ec
  _st_Decision
                                  00070f00         4   data ,l         a
  _st_CourceLogStoreParam
                                  00070f04        20   data ,l        1e
  _st_CourceLog
                                  00070f24         c   data ,l        37
  _st_CourceAnalysisParam
                                  00070f30         c   data ,l         7
  _st_CrossMarkerArray
                                  00070f3c       640   data ,l         1
  _st_RightMarkerArray
                                  0007157c        50   data ,l         1
  _st_CrossMarkerRecord
                                  000715cc         c   data ,l        10
  _st_RightMarkerRecord
                                  000715d8         c   data ,l        10
  _st_ModeKind
                                  000715e4         4   data ,l         4
  _st_Swt
                                  000715e8         4   data ,l         2
FILE=.\src\cg_src\r_cg_rspi.obj
                                  000715ec  000715f3         8
  _gp_rspi0_tx_address
                                  000715ec         4   data ,g         3
  _gp_rspi0_rx_address
                                  000715f0         4   data ,g         3
FILE=.\src\cg_src\r_cg_sci.obj
                                  000715f4  000715fb         8
  _gp_sci2_tx_address
                                  000715f4         4   data ,g         3
  _gp_sci2_rx_address
                                  000715f8         4   data ,g         3
FILE=_errno
                                  000715fc  000715ff         4
  __errno
                                  000715fc         4   data ,g         4

SECTION=R
FILE=.\src\cg_src\r_cg_sbrk.obj
                                  00071600  00071603         4
  _brk
                                  00071600         4   data ,l         3
FILE=sincosfsub
                                  00071604  0007163f        3c
  _sinf_coeff
                                  00071604        10   data ,l         1
  _cosf_coeff
                                  00071614        10   data ,l         1
  _pi4ptr_table
                                  00071624         c   data ,l         1
  _sub_table
                                  00071630        10   data ,l         1
FILE=xprintf
                                  00071640  00071643         4
  _stderr
                                  00071640         4   data ,g         0
FILE=xfiles
                                  00071644  0007171b        d8
  __Stdin
                                  00071644        48   data ,g         7
  __Stdout
                                  0007168c        48   data ,g         7
  __Stderr
                                  000716d4        48   data ,g         3
FILE=xctype
                                  0007171c  00071723         8
  __Ctype
                                  0007171c         4   data ,g         2
  __Tls_setup__Ctype
                                  00071720         4   data ,g         1
FILE=xstate
                                  00071724  0007176b        48
  __Tls_setup__Mbcurmax
                                  00071724         4   data ,g         1
  __Mbstate
                                  00071728        40   data ,g         2
  __Tls_setup__Mbstate
                                  00071768         4   data ,g         2
FILE=malloc
                                  0007176c  00071773         8
  __Aldata
                                  0007176c         8   data ,g         3
FILE=localeco
                                  00071774  000717c7        54
  __Locale
                                  00071774        50   data ,g         1
  __Tls_setup__Locale
                                  000717c4         4   data ,g         0
FILE=xwcstate
                                  000717c8  0007180b        44
  __Wcstate
                                  000717c8        40   data ,g         2
  __Tls_setup__Wcstate
                                  00071808         4   data ,g         2
FILE=xfvalues
                                  0007180c  00071883        78
  __FDenorm
                                  0007180c        10   data ,g         0
  __FEps
                                  0007181c        10   data ,g         0
  __FHugeval
                                  0007182c        10   data ,g         0
  __FInf
                                  0007183c        10   data ,g         1
  __FNan
                                  0007184c        10   data ,g         0
  __FSnan
                                  0007185c        10   data ,g         0
  __FRteps
                                  0007186c        10   data ,g         0
  __FXbig
                                  0007187c         4   data ,g         0
  __FZero
                                  00071880         4   data ,g         0

SECTION=$ADDR_C_120040
FILE=.\src\cg_src\r_cg_vecttbl.obj
                                  00120040  00120043         4
  ___SPCCreg
                                  00120040         4   data ,g         0

SECTION=$ADDR_C_120048
FILE=.\src\cg_src\r_cg_vecttbl.obj
                                  00120048  0012004b         4
  ___TMEFreg
                                  00120048         4   data ,g         0

SECTION=$ADDR_C_120050
FILE=.\src\cg_src\r_cg_vecttbl.obj
                                  00120050  0012006f        20
  ___OSISreg
                                  00120050        10   data ,g         0
  ___TMINFreg
                                  00120060         4   data ,g         0
  ___MDEreg
                                  00120064         4   data ,g         0
  ___OFS0reg
                                  00120068         4   data ,g         0
  ___OFS1reg
                                  0012006c         4   data ,g         0

SECTION=PResetPRG
FILE=.\src\cg_src\r_cg_resetprg.obj
                                  ffc00000  ffc0003d        3e
  _PowerON_Reset_PC
                                  ffc00000        3e   entry,g         1

SECTION=C_1
FILE=xprintf
                                  ffc0003e  ffc00047         a
  _fchar$1
                                  ffc0003e         a   data ,l         1
FILE=xputtxt
                                  ffc00048  ffc000ec        a5
  _spaces
                                  ffc00048        21   data ,l         1
  _zeroes
                                  ffc00069        21   data ,l         1
  _asterisk
                                  ffc0008a        21   data ,l         1
  _plus
                                  ffc000ab        21   data ,l         1
  _minus
                                  ffc000cc        21   data ,l         1
FILE=xlitob
                                  ffc000ed  ffc0010e        22
  _ldigs
                                  ffc000ed        11   data ,l         1
  _udigs
                                  ffc000fe        11   data ,l         1
FILE=localeco
                                  ffc0010f  ffc0010f         1
  _null
                                  ffc0010f         1   data ,l         d

SECTION=C_2
FILE=xctype
                                  ffc00110  ffc00311       202
  _ctyp_tab
                                  ffc00110       202   data ,l         1

SECTION=C
FILE=.\src\cg_src\r_cg_dbsct.obj
                                  ffc00314  ffc00347        34
  __CTBL
                                  ffc00314        34   data ,g         0
FILE=xprintf
                                  ffc00348  ffc0035f        18
  _fbit$2
                                  ffc00348        18   data ,l         1
FILE=_in_exps
                                  ffc00360  ffc00397        38
  _exp_lcoef$2
                                  ffc00360        1c   data ,l         1
  _exp_hcoef$1
                                  ffc0037c        1c   data ,l         1
FILE=_in_logs
                                  ffc00398  ffc003b7        20
  _log_coef$3
                                  ffc00398        20   data ,l         1
FILE=consts
                                  ffc003b8  ffc0040f        58
  __IFZEROS
                                  ffc003b8         4   data ,g         4
  __IFONES
                                  ffc003bc         4   data ,g         3
  __HALFS
                                  ffc003c0         4   data ,g         1
  __QUOTS
                                  ffc003c4         4   data ,g         0
  __TWOS
                                  ffc003c8         4   data ,g         0
  __FOURS
                                  ffc003cc         4   data ,g         0
  __PAIS
                                  ffc003d0         4   data ,g         0
  __2PAIS
                                  ffc003d4         4   data ,g         0
  __HLFPAIS
                                  ffc003d8         4   data ,g         0
  __QUOPAIS
                                  ffc003dc         4   data ,g         0
  __LOGE2S
                                  ffc003e0         4   data ,g         2
  __NIFZEROS
                                  ffc003e4         4   data ,g         1
  __NIFONES
                                  ffc003e8         4   data ,g         1
  __NHALFS
                                  ffc003ec         4   data ,g         0
  __NQUOTS
                                  ffc003f0         4   data ,g         0
  __NTWOS
                                  ffc003f4         4   data ,g         0
  __NFOURS
                                  ffc003f8         4   data ,g         0
  __NPAIS
                                  ffc003fc         4   data ,g         0
  __N2PAIS
                                  ffc00400         4   data ,g         0
  __NHLFPAIS
                                  ffc00404         4   data ,g         0
  __NQUOPAIS
                                  ffc00408         4   data ,g         0
  __NLOGE2S
                                  ffc0040c         4   data ,g         0
FILE=_const
                                  ffc00410  ffc00433        24
  __IFNAND
                                  ffc00410         0   none ,g         0
  __IFINFD
                                  ffc00418         0   none ,g         0
  __NIFINFD
                                  ffc00420         0   none ,g         0
  __IFNANS
                                  ffc00428         0   none ,g         5
  __IFINFS
                                  ffc0042c         0   none ,g         3
  __NIFINFS
                                  ffc00430         0   none ,g         2
FILE=xldtob
                                  ffc00434  ffc0044b        18
  _pows
                                  ffc00434        18   data ,l         1
FILE=floatval
                                  ffc0044c  ffc00473        28
  __FLT_MAX_VAL
                                  ffc0044c         0   none ,g         1
  __FLT_MIN_VAL
                                  ffc00450         0   none ,g         0
  __DBL_MAX_VAL
                                  ffc00454         0   none ,g         0
  __DBL_MIN_VAL
                                  ffc0045c         0   none ,g         0
  __LDBL_MAX_VAL
                                  ffc00464         0   none ,g         0
  __LDBL_MIN_VAL
                                  ffc0046c         0   none ,g         0
FILE=_sbrk_si
                                  ffc00474  ffc00477         4
  __sbrk_size
                                  ffc00474         4   data ,g         1

SECTION=C$DSEC
FILE=.\src\cg_src\r_cg_dbsct.obj
                                  ffc00478  ffc0049b        24
  __DTBL
                                  ffc00478        24   data ,g         0

SECTION=C$BSEC
FILE=.\src\cg_src\r_cg_dbsct.obj
                                  ffc0049c  ffc004b3        18
  __BTBL
                                  ffc0049c        18   data ,g         0

SECTION=C$VECT
FILE=.\src\cg_src\r_cg_dbsct.obj
                                  ffc004b4  ffc008b3       400

SECTION=D
FILE=.\src\cg_src\r_cg_sbrk.obj
                                  ffc008b4  ffc008b7         4
FILE=sincosfsub
                                  ffc008b8  ffc008f3        3c
FILE=xprintf
                                  ffc008f4  ffc008f7         4
FILE=xfiles
                                  ffc008f8  ffc009cf        d8
FILE=xctype
                                  ffc009d0  ffc009d7         8
FILE=xstate
                                  ffc009d8  ffc00a1f        48
FILE=malloc
                                  ffc00a20  ffc00a27         8
FILE=localeco
                                  ffc00a28  ffc00a7b        54
FILE=xwcstate
                                  ffc00a7c  ffc00abf        44
FILE=xfvalues
                                  ffc00ac0  ffc00b37        78

SECTION=D_1
FILE=xfiles
                                  ffc00b38  ffc00b87        50
FILE=xstate
                                  ffc00b88  ffc00b88         1

SECTION=W_2
FILE=.\UserSrc\Led.obj
                                  ffc00b8c  ffc00bab        20
FILE=.\UserSrc\TaskTimer.obj
                                  ffc00bac  ffc00bbf        14
FILE=.\UserSrc\Test.obj
                                  ffc00bc0  ffc00bdd        1e

SECTION=L
FILE=.\UserSrc\Log.obj
                                  ffc00be0  ffc0101f       440
FILE=.\UserSrc\Sensor.obj
                                  ffc01020  ffc01059        3a
FILE=.\UserSrc\Test.obj
                                  ffc0105c  ffc01161       106
FILE=.\UserSrc\Tracer.obj
                                  ffc01164  ffc01193        30
FILE=xprintf
                                  ffc01194  ffc0119a         7
FILE=xldtob
                                  ffc0119c  ffc011bd        22
FILE=xgenld
                                  ffc011c0  ffc011c1         2
FILE=localeco
                                  ffc011c4  ffc011d0         d

SECTION=PIntPRG
FILE=.\src\cg_src\r_cg_intprg.obj
                                  ffc011d1  ffc01248        78
  _r_undefined_exception
                                  ffc011d1         2   func ,g         3
  _r_reserved_exception
                                  ffc011d3         2   func ,g        1b
  _r_nmi_exception
                                  ffc011d5         2   func ,g         1
  _r_brk_exception
                                  ffc011d7         2   func ,g         0
  _r_icu_group_be0_interrupt
                                  ffc011d9         2   func ,g         0
  _r_icu_group_bl0_interrupt
                                  ffc011db        35   func ,g         0
  _r_icu_group_bl1_interrupt
                                  ffc01210         2   func ,g         0
  _r_icu_group_al0_interrupt
                                  ffc01212        35   func ,g         0
  _r_icu_group_al1_interrupt
                                  ffc01247         2   func ,g         0

SECTION=P
FILE=.\UserSrc\Buzzer.obj
                                  ffc01249  ffc012f6        ae
  _BZR_Init
                                  ffc01249        26   func ,g         1
  _BZR_BuzzerOn
                                  ffc0126f         b   func ,g         2
  _BZR_BuzzerOff
                                  ffc0127a         7   func ,g         2
  _BZR_SetBeepCount
                                  ffc01281        22   func ,g        15
  _BZR_BuzzerTask
                                  ffc012a3        54   func ,g         1
FILE=.\UserSrc\ControlAngularVelocity.obj
                                  ffc012f7  ffc0179d       4a7
  _CAV_Init
                                  ffc012f7       116   func ,g         3
  _CAV_StartDriveMotor
                                  ffc0140d        22   func ,g         2
  _CAV_StopDriveMotor
                                  ffc0142f         d   func ,g         0
  _CAV_SetTargetUpAccel
                                  ffc0143c         e   func ,g         1
  _CAV_SetTargetDownAccel
                                  ffc0144a         e   func ,g         1
  _CAV_SetTarget
                                  ffc01458        51   func ,g         2
  _CAV_ControlTask
                                  ffc014a9        10   func ,g         1
  _CAV_GetTarget
                                  ffc014b9         e   func ,g         0
  _CAV_GetVelocity
                                  ffc014c7         e   func ,g         2
  _CAV_GetErrorNow
                                  ffc014d5         e   func ,g         1
  _CAV_GetAngle
                                  ffc014e3         e   func ,g         0
  _CAV_GetRadius
                                  ffc014f1         e   func ,g         1
  _CAV_GetVirtualThetaDeg
                                  ffc014ff         e   func ,g         1
  _CAV_ClearAngle
                                  ffc0150d         a   func ,g         0
  _CAV_GetLogHeader
                                  ffc01517        2b   func ,g         1
  _CAV_GetLogArray
                                  ffc01542        90   func ,g         1
  _st_CalcTarget
                                  ffc015d2        82   func ,l         1
  _st_CalcGyro
                                  ffc01654        3e   func ,l         1
  _st_UpdateTarget
                                  ffc01692        3d   func ,l         1
  _st_CalcError
                                  ffc016cf        b3   func ,l         1
  _st_SetMotorDuty
                                  ffc01782        1c   func ,l         1
FILE=.\UserSrc\ControlSensorAngle.obj
                                  ffc0179e  ffc01a89       2ec
  _CSA_Init
                                  ffc0179e        cd   func ,g         1
  _CSA_StartSensorMotor
                                  ffc0186b         d   func ,g         2
  _CSA_StopSensorMotor
                                  ffc01878         d   func ,g         2
  _CSA_StartSensorTask
                                  ffc01885         b   func ,g         3
  _CSA_ControlSensorTask
                                  ffc01890        f4   func ,g         1
  _CSA_GetSensorTheta
                                  ffc01984        1b   func ,g         3
  _CSA_GetLogHeader
                                  ffc0199f        2b   func ,g         1
  _CSA_GetLogArray
                                  ffc019ca        8d   func ,g         1
  _st_CalcSensorAngle
                                  ffc01a57        25   func ,l         1
  _st_DriveSensorMotor
                                  ffc01a7c         e   func ,l         1
FILE=.\UserSrc\ControlVelocity.obj
                                  ffc01a8a  ffc01fe7       55e
  _CVL_Init
                                  ffc01a8a       16a   func ,g         5
  _CVL_StartDriveMotor
                                  ffc01bf4        22   func ,g         5
  _CVL_StopDriveMotor
                                  ffc01c16         d   func ,g         3
  _CVL_SetTargetUpAccel
                                  ffc01c23         e   func ,g         1
  _CVL_SetTargetDownAccel
                                  ffc01c31         e   func ,g         1
  _CVL_SetTarget
                                  ffc01c3f        51   func ,g         b
  _CVL_ControlTask
                                  ffc01c90         d   func ,g         1
  _CVL_GetTarget
                                  ffc01c9d         e   func ,g         2
  _CVL_GetVelocity
                                  ffc01cab         e   func ,g         4
  _CVL_GetErrorNow
                                  ffc01cb9         e   func ,g         1
  _CVL_GetDistance
                                  ffc01cc7         e   func ,g         9
  _CVL_GetEncoderDiff
                                  ffc01cd5         e   func ,g         1
  _CVL_GetUpAccel
                                  ffc01ce3         e   func ,g         1
  _CVL_GetDownAccel
                                  ffc01cf1         e   func ,g         1
  _CVL_GetLogHeader
                                  ffc01cff        2b   func ,g         1
  _CVL_GetLogArray
                                  ffc01d2a        68   func ,g         1
  _st_CalcEncoder
                                  ffc01d92       14c   func ,l         1
  _st_UpdateTarget
                                  ffc01ede        3d   func ,l         1
  _st_CalcError
                                  ffc01f1b        b4   func ,l         1
  _st_SetMotorDuty
                                  ffc01fcf        19   func ,l         1
FILE=.\UserSrc\DriveAssert.obj
                                  ffc01fe8  ffc020c5        de
  _DAS_Init
                                  ffc01fe8        1c   func ,g         4
  _DAS_AssertTask
                                  ffc02004        30   func ,g         1
  _DAS_GetAssertFlag
                                  ffc02034         e   func ,g         1
  _DAS_ClearAssertFlag
                                  ffc02042        13   func ,g         1
  _st_LineSensorAssert
                                  ffc02055        71   func ,l         1
FILE=.\UserSrc\FunctionTimer.obj
                                  ffc020c6  ffc0268d       5c8
  _FTR_Init
                                  ffc020c6        e9   func ,g         1
  _FTR_StartBuzzerTimer
                                  ffc021af         5   func ,g         1
  _FTR_SetBuzzerDuty
                                  ffc021b4        55   func ,g         2
  _FTR_StartRightEncoderTimer
                                  ffc02209         5   func ,g         2
  _FTR_GetRightEncoderCount
                                  ffc0220e         e   func ,g         2
  _FTR_StartLeftEncoderTimer
                                  ffc0221c         5   func ,g         2
  _FTR_GetLeftEncoderCount
                                  ffc02221         e   func ,g         2
  _FTR_StartRightMotorTimer
                                  ffc0222f        20   func ,g         2
  _FTR_SetTransitionRightMotorDuty
                                  ffc0224f        4a   func ,g         4
  _FTR_SetAngularRightMotorDuty
                                  ffc02299        48   func ,g         1
  _FTR_GetRightMotorDuty
                                  ffc022e1         e   func ,g         2
  _FTR_StartLeftMotorTimer
                                  ffc022ef        20   func ,g         2
  _FTR_SetTransitionLeftMotorDuty
                                  ffc0230f        4a   func ,g         4
  _FTR_SetAngularLeftMotorDuty
                                  ffc02359        48   func ,g         1
  _FTR_GetLeftMotorDuty
                                  ffc023a1         e   func ,g         2
  _FTR_StartSensorMotorTimer
                                  ffc023af         5   func ,g         2
  _FTR_SetSensorMotorDuty
                                  ffc023b4        90   func ,g         2
  _FTR_GetSensorMotorDuty
                                  ffc02444         e   func ,g         0
  _FTR_GetVelocityLogDutyArray
                                  ffc02452        2c   func ,g         1
  _FTR_GetSensorLogDutyArray
                                  ffc0247e        1c   func ,g         1
  _st_SetLeftMotorDuty
                                  ffc0249a        76   func ,l         2
  _st_SetRightMotorDuty
                                  ffc02510        76   func ,l         2
  _st_SetLeftDriveCw
                                  ffc02586        2c   func ,l         1
  _st_SetLeftDriveCcw
                                  ffc025b2        2c   func ,l         1
  _st_SetRightDriveCw
                                  ffc025de        2c   func ,l         1
  _st_SetRightDriveCcw
                                  ffc0260a        2c   func ,l         1
  _st_SetSensorDriveCw
                                  ffc02636        2c   func ,l         1
  _st_SetSensorDriveCcw
                                  ffc02662        2c   func ,l         1
FILE=.\UserSrc\Led.obj
                                  ffc0268e  ffc028cf       242
  _LED_binaryOn
                                  ffc0268e       181   func ,g         4
  _LED_AllOff
                                  ffc0280f        15   func ,g         1
  _LED_On
                                  ffc02824        56   func ,g        21
  _LED_Off
                                  ffc0287a        56   func ,g        25
FILE=.\UserSrc\Log.obj
                                  ffc028d0  ffc032a8       9d9
  _LOG_Init
                                  ffc028d0         7   func ,g         1
  _LOG_InitControl
                                  ffc028d7       29f   func ,g         1
  _LOG_InitCource
                                  ffc02b76        c6   func ,g         1
  _LOG_RecordControl
                                  ffc02c3c       13b   func ,g         1
  _LOG_RecordCource
                                  ffc02d77        9e   func ,g         2
  _LOG_PrintControlRecord
                                  ffc02e15       3b0   func ,g         0
  _LOG_PrintCourceRecord
                                  ffc031c5        c8   func ,g         0
  _LOG_GetCourceRecordIndex
                                  ffc0328d        10   func ,g         1
  _LOG_GetCourceRecord
                                  ffc0329d         c   func ,g         1
FILE=.\UserSrc\Mode.obj
                                  ffc032a9  ffc03385        dd
  _MDE_InitMode
                                  ffc032a9         e   func ,g         1
  _MDE_SelectMode
                                  ffc032b7        cf   func ,g         1
FILE=.\UserSrc\SciFifo.obj
                                  ffc03386  ffc033ae        29
  _SCF_Init
                                  ffc03386         5   func ,g         1
  _SCF_WriteData
                                  ffc0338b        24   func ,g        1c
FILE=.\UserSrc\Sensor.obj
                                  ffc033af  ffc040db       d2d
  _SSR_Init
                                  ffc033af       243   func ,g         3
  _SSR_TaskStartSensorGate
                                  ffc035f2         4   func ,g         1
  _SSR_TaskStopSensorGate
                                  ffc035f6         4   func ,g         1
  _SSR_TaskGetAnalogSensor
                                  ffc035fa         7   func ,g         2
  _SSR_TaskStartReadGyro
                                  ffc03601         4   func ,g         1
  _SSR_TaskCalcSensor
                                  ffc03605        c2   func ,g         1
  _SSR_TaskCalcFilter
                                  ffc036c7       143   func ,g         1
  _SSR_TaskJudgeMarkerSensor
                                  ffc0380a       198   func ,g         1
  _SSR_CalibSensor
                                  ffc039a2       23d   func ,g         3
  _SSR_GetSensorData
                                  ffc03bdf        22   func ,g         3
  _SSR_GetPotentioData
                                  ffc03c01         f   func ,g         0
  _SSR_SetPotentioData
                                  ffc03c10         f   func ,g         1
  _SSR_GetGyroData
                                  ffc03c1f         f   func ,g         0
  _SSR_SetGyroData
                                  ffc03c2e         f   func ,g         0
  _SSR_GetMarkerState
                                  ffc03c3d        21   func ,g         2
  _SSR_GetCourceMarker
                                  ffc03c5e        4f   func ,g         3
  _SSR_PrintAllSensor
                                  ffc03cad        55   func ,g         2
  _st_SetSensorGateOn
                                  ffc03d02         d   func ,l         1
  _st_SetSensorGateOff
                                  ffc03d0f         d   func ,l         2
  _st_ReadLineSensor
                                  ffc03d1c        68   func ,l         2
  _st_ReadOtherSensor
                                  ffc03d84        3c   func ,l         1
  _st_ReadDarkSensor
                                  ffc03dc0         c   func ,l         1
  _st_ReadLightSensor
                                  ffc03dcc         c   func ,l         1
  _st_CalcLineSensor
                                  ffc03dd8        63   func ,l         1
  _st_CalcMarkerSensor
                                  ffc03e3b        3e   func ,l         2
  _st_RegistResetCourceMarker
                                  ffc03e79        ec   func ,l         2
  _st_InitGyro
                                  ffc03f65       10a   func ,l         1
  _st_StartReadGyro
                                  ffc0406f        11   func ,l         1
  _st_CommunicateGyro
                                  ffc04080        45   func ,l         8
  _st_ParseGyro
                                  ffc040c5        17   func ,l         1
FILE=.\UserSrc\Switch.obj
                                  ffc040dc  ffc043ce       2f3
  _SWT_Init
                                  ffc040dc        a3   func ,g         7
  _SWT_CallCenter
                                  ffc0417f        13   func ,g         1
  _SWT_CallRight
                                  ffc04192        16   func ,g         1
  _SWT_CallLeft
                                  ffc041a8        16   func ,g         1
  _SWT_CallUp
                                  ffc041be        16   func ,g         1
  _SWT_CallDown
                                  ffc041d4        16   func ,g         1
  _SWT_ClearSwitchCount
                                  ffc041ea        34   func ,g         0
  _SWT_GetSwitch
                                  ffc0421e         c   func ,g         3
  _SWT_SetSwitch
                                  ffc0422a        28   func ,g         0
  _SWT_GetCenterDecision
                                  ffc04252        40   func ,g        17
  _st_CalcRL
                                  ffc04292        7c   func ,l         3
  _st_CalcUD
                                  ffc0430e        7c   func ,l         3
  _st_CalcDecision
                                  ffc0438a        45   func ,l         2
FILE=.\UserSrc\TaskTimer.obj
                                  ffc043cf  ffc045c4       1f6
  _TSK_Init
                                  ffc043cf        2f   func ,g         1
  _TSK_Main
                                  ffc043fe       15c   func ,g         1
  _TSK_Start
                                  ffc0455a        11   func ,g        15
  _TSK_Stop
                                  ffc0456b        11   func ,g         5
  _st_Task0
                                  ffc0457c         5   func ,l         1
  _st_Task1
                                  ffc04581         5   func ,l         1
  _st_Task2
                                  ffc04586         5   func ,l         1
  _st_Task3
                                  ffc0458b         5   func ,l         1
  _st_Task4
                                  ffc04590         5   func ,l         1
  _st_Task5
                                  ffc04595         5   func ,l         1
  _st_Task6
                                  ffc0459a         5   func ,l         1
  _st_Task7
                                  ffc0459f         5   func ,l         1
  _st_Task8
                                  ffc045a4         1   func ,l         1
  _st_Task9
                                  ffc045a5         5   func ,l         1
  _st_Task10_StartCalc
                                  ffc045aa         9   func ,l         1
  _st_Task10_StartComm
                                  ffc045b3         d   func ,l         1
  _st_Task11
                                  ffc045c0         5   func ,l         1
FILE=.\UserSrc\Test.obj
                                  ffc045c5  ffc04e34       870
  _TST_TestMode
                                  ffc045c5       17b   func ,g         1
  _st_SciTest
                                  ffc04740        52   func ,l         1
  _st_IrqTest
                                  ffc04792        70   func ,l         1
  _st_LedTest
                                  ffc04802        df   func ,l         1
  _st_PwmTest
                                  ffc048e1        bc   func ,l         1
  _st_BuzzerTest
                                  ffc0499d        84   func ,l         1
  _st_IntBuzzerTest
                                  ffc04a21        94   func ,l         1
  _st_EncoderTest
                                  ffc04ab5        5f   func ,l         1
  _st_SensorTest
                                  ffc04b14        2e   func ,l         1
  _st_GyroTest
                                  ffc04b42        2a   func ,l         1
  _st_CalibSensorTest
                                  ffc04b6c         5   func ,l         1
  _st_MarkerTest
                                  ffc04b71        8e   func ,l         1
  _st_StraightTest
                                  ffc04bff        a1   func ,l         1
  _st_RotationTest
                                  ffc04ca0        ac   func ,l         1
  _st_AssertTest
                                  ffc04d4c        97   func ,l         1
  _st_LogTest
                                  ffc04de3        52   func ,l         1
FILE=.\UserSrc\Tracer.obj
                                  ffc04e35  ffc05d39       f05
  _TRC_Init
                                  ffc04e35        d2   func ,g         1
  _TRC_StartSearchMode
                                  ffc04f07       21d   func ,g         3
  _TRC_DriveMode
                                  ffc05124       12c   func ,g         1
  _TRC_RecordCourceTask
                                  ffc05250        79   func ,g         1
  _TRC_PlayCourceTask
                                  ffc052c9       168   func ,g         1
  _st_SetAnalysisParam
                                  ffc05431        1a   func ,l         5
  _st_StartRecordCource
                                  ffc0544b        63   func ,l         2
  _st_GetCourceMarker
                                  ffc054ae        42   func ,l         2
  _st_PrepareCource
                                  ffc054f0       1b1   func ,l         1
  _st_AnalyzeCource
                                  ffc056a1       4dc   func ,l         1
  _st_CalculateRadius
                                  ffc05b7d        4f   func ,l         3
  _st_ExecuteDriveMode
                                  ffc05bcc       16e   func ,l         4
FILE=.\src\cg_src\r_cg_cgc.obj
                                  ffc05d3a  ffc05de2        a9
  _R_CGC_Create
                                  ffc05d3a        a9   func ,g         1
FILE=.\src\cg_src\r_cg_cmt.obj
                                  ffc05de3  ffc05ea0        be
  _R_CMT0_Create
                                  ffc05de3        34   func ,g         1
  _R_CMT0_Start
                                  ffc05e17        13   func ,g         1
  _R_CMT0_Stop
                                  ffc05e2a        16   func ,g         0
  _R_CMT1_Create
                                  ffc05e40        38   func ,g         1
  _R_CMT1_Start
                                  ffc05e78        13   func ,g         5
  _R_CMT1_Stop
                                  ffc05e8b        16   func ,g         0
FILE=.\src\cg_src\r_cg_cmt_user.obj
                                  ffc05ea1  ffc05ecc        2c
  _r_cmt_cmi0_interrupt
                                  ffc05ea1         e   func ,l         0
  _r_cmt_cmi1_interrupt
                                  ffc05eaf        1e   func ,l         0
FILE=.\src\cg_src\r_cg_hardware_setup.obj
                                  ffc05ecd  ffc05f73        a7
  _R_Systeminit
                                  ffc05ecd        a3   func ,g         1
  _HardwareSetup
                                  ffc05f70         4   func ,g         1
FILE=.\src\cg_src\r_cg_icu.obj
                                  ffc05f74  ffc06130       1bd
  _R_ICU_Create
                                  ffc05f74       16d   func ,g         1
  _R_ICU_IRQ5_Start
                                  ffc060e1         8   func ,g         2
  _R_ICU_IRQ5_Stop
                                  ffc060e9         8   func ,g         1
  _R_ICU_IRQ6_Start
                                  ffc060f1         8   func ,g         2
  _R_ICU_IRQ6_Stop
                                  ffc060f9         8   func ,g         1
  _R_ICU_IRQ7_Start
                                  ffc06101         8   func ,g         2
  _R_ICU_IRQ7_Stop
                                  ffc06109         8   func ,g         1
  _R_ICU_IRQ8_Start
                                  ffc06111         8   func ,g         2
  _R_ICU_IRQ8_Stop
                                  ffc06119         8   func ,g         1
  _R_ICU_IRQ9_Start
                                  ffc06121         8   func ,g         2
  _R_ICU_IRQ9_Stop
                                  ffc06129         8   func ,g         1
FILE=.\src\cg_src\r_cg_icu_user.obj
                                  ffc06131  ffc0619e        6e
  _r_icu_irq5_interrupt
                                  ffc06131        16   func ,l         0
  _r_icu_irq6_interrupt
                                  ffc06147        16   func ,l         0
  _r_icu_irq7_interrupt
                                  ffc0615d        16   func ,l         0
  _r_icu_irq8_interrupt
                                  ffc06173        16   func ,l         0
  _r_icu_irq9_interrupt
                                  ffc06189        16   func ,l         0
FILE=.\src\cg_src\r_cg_main.obj
                                  ffc0619f  ffc061ce        30
  _main
                                  ffc0619f         f   func ,g         1
  _R_MAIN_UserInit
                                  ffc061ae        21   func ,l         1
FILE=.\src\cg_src\r_cg_mtu3.obj
                                  ffc061cf  ffc065ec       41e
  _R_MTU3_Create
                                  ffc061cf       2a0   func ,g         1
  _R_MTU3_C0_Start
                                  ffc0646f         8   func ,g         1
  _R_MTU3_C0_Stop
                                  ffc06477         8   func ,g         0
  _R_MTU3_C1_Start
                                  ffc0647f         8   func ,g         1
  _R_MTU3_C1_Stop
                                  ffc06487         8   func ,g         0
  _R_MTU3_C2_Start
                                  ffc0648f         8   func ,g         1
  _R_MTU3_C2_Stop
                                  ffc06497         8   func ,g         0
  _R_MTU3_C3_Start
                                  ffc0649f         8   func ,g         1
  _R_MTU3_C3_Stop
                                  ffc064a7         8   func ,g         0
  _R_MTU3_C4_Start
                                  ffc064af         8   func ,g         2
  _R_MTU3_C4_Stop
                                  ffc064b7         8   func ,g         0
  _R_MTU0_SetTGRA
                                  ffc064bf         d   func ,g         0
  _R_MTU0_GetTGRA
                                  ffc064cc        10   func ,g         0
  _R_MTU0_GetTGRB
                                  ffc064dc        10   func ,g         0
  _R_MTU0_SetTGRC
                                  ffc064ec         d   func ,g         2
  _R_MTU0_GetTGRC
                                  ffc064f9        10   func ,g         0
  _R_MTU0_GetTGRD
                                  ffc06509        10   func ,g         1
  _R_MTU1_GetTcnt
                                  ffc06519        10   func ,g         1
  _R_MTU2_GetTcnt
                                  ffc06529        10   func ,g         1
  _R_MTU3_SetTGRA
                                  ffc06539         d   func ,g         0
  _R_MTU3_GetTGRA
                                  ffc06546        10   func ,g         0
  _R_MTU3_GetTGRB
                                  ffc06556        10   func ,g         0
  _R_MTU3_SetTGRC
                                  ffc06566         d   func ,g         2
  _R_MTU3_GetTGRC
                                  ffc06573        10   func ,g         0
  _R_MTU3_GetTGRD
                                  ffc06583        10   func ,g         1
  _R_MTU4_SetTGRA
                                  ffc06593         d   func ,g         2
  _R_MTU4_GetTGRA
                                  ffc065a0        10   func ,g         0
  _R_MTU4_GetTGRB
                                  ffc065b0        10   func ,g         1
  _R_MTU4_SetTGRC
                                  ffc065c0         d   func ,g         2
  _R_MTU4_GetTGRC
                                  ffc065cd        10   func ,g         0
  _R_MTU4_GetTGRD
                                  ffc065dd        10   func ,g         1
FILE=.\src\cg_src\r_cg_port.obj
                                  ffc065ed  ffc067f4       208
  _R_PORT_Create
                                  ffc065ed        7a   func ,g         1
  _R_PORT_SetP05
                                  ffc06667        1c   func ,g         0
  _R_PORT_SetP07
                                  ffc06683        18   func ,g         0
  _R_PORT_SetP14
                                  ffc0669b        1c   func ,g         2
  _R_PORT_SetPB0
                                  ffc066b7        19   func ,g         3
  _R_PORT_SetPB2
                                  ffc066d0        1b   func ,g         4
  _R_PORT_SetPB4
                                  ffc066eb        1c   func ,g         2
  _R_PORT_SetPC0
                                  ffc06707        19   func ,g         4
  _R_PORT_SetPC1
                                  ffc06720        1b   func ,g         4
  _R_PORT_SetPC2
                                  ffc0673b        1b   func ,g         4
  _R_PORT_SetPC3
                                  ffc06756        1b   func ,g         4
  _R_PORT_SetPD0
                                  ffc06771        19   func ,g         3
  _R_PORT_SetPD1
                                  ffc0678a        1b   func ,g         3
  _R_PORT_SetPE0
                                  ffc067a5        19   func ,g         3
  _R_PORT_SetPE3
                                  ffc067be        1b   func ,g         3
  _R_PORT_SetPE4
                                  ffc067d9        1c   func ,g         3
FILE=.\src\cg_src\r_cg_rspi.obj
                                  ffc067f5  ffc069d3       1df
  _R_RSPI0_Create
                                  ffc067f5       107   func ,g         1
  _R_RSPI0_Start
                                  ffc068fc        40   func ,g         1
  _R_RSPI0_Stop
                                  ffc0693c        2c   func ,g         0
  _R_RSPI0_Send_Receive
                                  ffc06968        6c   func ,g         1
FILE=.\src\cg_src\r_cg_rspi_user.obj
                                  ffc069d4  ffc06b37       164
  _r_rspi0_transmit_interrupt
                                  ffc069d4        67   func ,l         0
  _r_rspi0_receive_interrupt
                                  ffc06a3b        7f   func ,l         0
  _r_rspi0_error_interrupt
                                  ffc06aba        63   func ,g         1
  _r_rspi0_idle_interrupt
                                  ffc06b1d        13   func ,g         1
  _r_rspi0_callback_transmitend
                                  ffc06b30         1   func ,l         1
  _r_rspi0_callback_receiveend
                                  ffc06b31         1   func ,l         1
  _r_rspi0_callback_error
                                  ffc06b32         6   func ,l         1
FILE=.\src\cg_src\r_cg_s12ad.obj
                                  ffc06b38  ffc06daa       273
  _R_S12AD0_Create
                                  ffc06b38       13e   func ,g         1
  _R_S12AD0_Start
                                  ffc06c76         c   func ,g         2
  _R_S12AD0_Stop
                                  ffc06c82         e   func ,g         0
  _R_S12AD0_Get_ValueResult
                                  ffc06c90        e3   func ,g         6
  _R_S12AD0_Set_CompareValue
                                  ffc06d73        19   func ,g         0
  _R_S12AD0_WaitAdcEnd
                                  ffc06d8c        1f   func ,g         2
FILE=.\src\cg_src\r_cg_sbrk.obj
                                  ffc06dab  ffc06de7        3d
  _sbrk
                                  ffc06dab        3d   func ,g         1
FILE=.\src\cg_src\r_cg_sci.obj
                                  ffc06de8  ffc06f9f       1b8
  _R_SCI2_Create
                                  ffc06de8        99   func ,g         1
  _R_SCI2_Start
                                  ffc06e81        33   func ,g         1
  _R_SCI2_Stop
                                  ffc06eb4        56   func ,g         0
  _R_SCI2_Serial_Receive
                                  ffc06f0a        48   func ,g         0
  _R_SCI2_Serial_Send
                                  ffc06f52        4e   func ,g         1
FILE=.\src\cg_src\r_cg_sci_user.obj
                                  ffc06fa0  ffc0709b        fc
  _r_sci2_transmit_interrupt
                                  ffc06fa0        4d   func ,l         0
  _r_sci2_transmitend_interrupt
                                  ffc06fed        28   func ,g         1
  _r_sci2_receive_interrupt
                                  ffc07015        60   func ,l         0
  _r_sci2_receiveerror_interrupt
                                  ffc07075        25   func ,g         1
  _r_sci2_callback_transmitend
                                  ffc0709a         1   func ,l         1
  _r_sci2_callback_receiveend
                                  ffc0709b         1   func ,l         1
FILE=sinf
                                  ffc0709c  ffc070da        3f
  _sinl
                                  ffc0709c         2   func ,g         0
  _sin
                                  ffc0709e         2   func ,g         1
  _sinf
                                  ffc070a0        3b   func ,g         2
FILE=powf
                                  ffc070db  ffc07107        2d
  _powl
                                  ffc070db         2   func ,g         0
  _pow
                                  ffc070dd         2   func ,g         1
  _powf
                                  ffc070df        29   func ,g         5
FILE=sprintf
                                  ffc07108  ffc0713e        37
  _prout
                                  ffc07108         b   func ,l         1
  _sprintf
                                  ffc07113        2c   func ,g        1d
FILE=__initsct
                                  ffc0713f  ffc07188        4a
  __INITSCT
                                  ffc0713f         0   none ,g         1
  loop1
                                  ffc07151         0   none ,l         1
  next_loop1
                                  ffc0715f         0   none ,l         2
  loop3
                                  ffc07171         0   none ,l         1
  next_loop3
                                  ffc07182         0   none ,l         2
FILE=_in_pows
                                  ffc07189  ffc07291       109
  __in_pows
                                  ffc07189       109   func ,g         1
FILE=sincosfsub
                                  ffc07292  ffc07379        e8
  ___poly_sinf
                                  ffc07292        31   func ,g         3
  ___poly_cosf
                                  ffc072c3        28   func ,g         2
  _poly_cosfn
                                  ffc072eb         7   func ,l         1
  _poly_sinfn
                                  ffc072f2         5   func ,l         1
  _sincosf_special
                                  ffc072f7        33   func ,l         1
  ___internal_sincosf
                                  ffc0732a        50   func ,g         3
FILE=xprintf
                                  ffc0737a  ffc075df       266
  __Printf
                                  ffc0737a       266   func ,g         1
FILE=fmodf
                                  ffc075e0  ffc07611        32
  _fmodl
                                  ffc075e0         2   func ,g         0
  _fmod
                                  ffc075e2         2   func ,g         1
  _fmodf
                                  ffc075e4        2e   func ,g         2
FILE=_i_ldes
                                  ffc07612  ffc07690        7f
  __in_ldexps
                                  ffc07612        7f   func ,g         2
FILE=_in_exps
                                  ffc07691  ffc0778b        fb
  __in_exps
                                  ffc07691        fb   func ,g         2
FILE=_in_logs
                                  ffc0778c  ffc07852        c7
  __in_logs
                                  ffc0778c        c7   func ,g         2
FILE=nanfval
                                  ffc07853  ffc07859         7
  ___nanf_value
                                  ffc07853         7   func ,g         1
FILE=xputfld
                                  ffc0785a  ffc07cf0       497
  __Putfld
                                  ffc0785a       497   func ,g         1
FILE=xvacopy
                                  ffc07cf1  ffc07cf8         8
  __Vacopy
                                  ffc07cf1         8   func ,g         2
FILE=xputtxt
                                  ffc07cf9  ffc07fdd       2e5
  __Puttxt
                                  ffc07cf9       2e5   func ,g         3
FILE=strchr
                                  ffc07fde  ffc07ff3        16
  _strchr
                                  ffc07fde        16   func ,g         2
FILE=xctype
                                  ffc07ff4  ffc08009        16
  __Getpctype
                                  ffc07ff4        16   func ,g         0
FILE=_i_fmds
                                  ffc0800a  ffc080e1        d8
  __in_fmods
                                  ffc0800a        d8   func ,g         1
FILE=xldtob
                                  ffc080e2  ffc08518       437
  __Ldtob
                                  ffc080e2       437   func ,g         1
FILE=xputstr
                                  ffc08519  ffc085f8        e0
  __Putstr
                                  ffc08519        e0   func ,g         1
FILE=xlitob
                                  ffc085f9  ffc08710       118
  __Litob
                                  ffc085f9       118   func ,g         1
FILE=xgenld
                                  ffc08711  ffc089be       2ae
  __Genld
                                  ffc08711       2ae   func ,g         1
FILE=xwctomb
                                  ffc089bf  ffc08b16       158
  __Wctombx
                                  ffc089bf       112   func ,g         1
  __Wctomb
                                  ffc08ad1        46   func ,g         1
FILE=xstate
                                  ffc08b17  ffc08b48        32
  __Getmbcurmax
                                  ffc08b17        16   func ,g         2
  __Getpmbstate
                                  ffc08b2d        1c   func ,g         0
FILE=xldscale
                                  ffc08b49  ffc08b4c         4
  __LDscale
                                  ffc08b49         4   func ,g         1
FILE=xldunsca
                                  ffc08b4d  ffc08b50         4
  __LDunscale
                                  ffc08b4d         4   func ,g         1
FILE=__COM_DIV64u
                                  ffc08b51  ffc08be9        99
  __COM_DIV64u
                                  ffc08b51         0   none ,g         2
  _Loop_Init
                                  ffc08b5b         0   none ,l         2
  _Loop
                                  ffc08b63         0   none ,l         1
  _DivStart
                                  ffc08b6f         0   none ,l         3
  _Success
                                  ffc08b7d         0   none ,l         1
  _DivEnd
                                  ffc08b89         0   none ,l         0
  IXI6DIV
                                  ffc08b8e         0   none ,l         1
  IXI4DIV
                                  ffc08ba0         0   none ,l         1
  IXI2DIV
                                  ffc08bb0         0   none ,l         1
  I8I2DIV
                                  ffc08bb8         0   none ,l         1
  I4I2DIV
                                  ffc08be6         0   none ,l         1
  _i8divU_End
                                  ffc08be9         0   none ,l         0
FILE=__COM_MOD64u
                                  ffc08bea  ffc08c70        87
  __COM_MOD64u
                                  ffc08bea         0   none ,g         1
  _Loop_Init
                                  ffc08bf4         0   none ,l         2
  _Loop
                                  ffc08bf8         0   none ,l         1
  _DivStart
                                  ffc08c04         0   none ,l         3
  _Success
                                  ffc08c12         0   none ,l         1
  _DivEnd
                                  ffc08c1a         0   none ,l         0
  IXI6DIV
                                  ffc08c1b         0   none ,l         1
  IXI4DIV
                                  ffc08c2d         0   none ,l         1
  IXI2DIV
                                  ffc08c3d         0   none ,l         1
  I8I2DIV
                                  ffc08c45         0   none ,l         1
  I4I2DIV
                                  ffc08c65         0   none ,l         1
FILE=_div
                                  ffc08c71  ffc08c7c         c
  _ldiv
                                  ffc08c71         0   none ,g         1
  _div
                                  ffc08c71         0   none ,g         1
FILE=free
                                  ffc08c7d  ffc08cff        83
  _free
                                  ffc08c7d        83   func ,g         2
FILE=malloc
                                  ffc08d00  ffc08ddd        de
  _findmem
                                  ffc08d00        7b   func ,l         1
  _malloc
                                  ffc08d7b        63   func ,g         1
FILE=localeco
                                  ffc08dde  ffc08de4         7
  _localeconv
                                  ffc08dde         7   func ,g         1
FILE=xwcstate
                                  ffc08de5  ffc08e00        1c
  __Getpwcstate
                                  ffc08de5        1c   func ,g         0
FILE=xfdscale
                                  ffc08e01  ffc08f21       121
  __FDscale
                                  ffc08e01       121   func ,g         1
FILE=xfdunsca
                                  ffc08f22  ffc08f7c        5b
  __FDunscale
                                  ffc08f22        5b   func ,g         1
FILE=xgetmem
                                  ffc08f7d  ffc08f97        1b
  __Getmem
                                  ffc08f7d        1b   func ,g         1
FILE=xfdnorm
                                  ffc08f98  ffc09016        7f
  __FDnorm
                                  ffc08f98        7f   func ,g         2

SECTION=EXCEPTVECT
FILE=.\src\cg_src\r_cg_vecttbl.obj
                                  ffffff80  fffffffb        7c
  _Excpt_Vectors
                                  ffffff80        7c   data ,g         0

SECTION=RESETVECT
FILE=.\src\cg_src\r_cg_vecttbl.obj
                                  fffffffc  ffffffff         4
  _Reset_Vectors
                                  fffffffc         4   data ,g         0

*** Unfilled Areas ***

AREA                                START    END

*** Delete Symbols ***

SYMBOL                                SIZE    INFO
