Renesas Optimizing Linker (W2.04.00 )             11-Mar-2022 15:55:01

*** Options ***

-subcommand=LinkerSubCommand.tmp
-input="./UserSrc/Buzzer.obj"
-input="./UserSrc/ControlAngularVelocity.obj"
-input="./UserSrc/ControlSensorAngle.obj"
-input="./UserSrc/ControlVelocity.obj"
-input="./UserSrc/DriveAssert.obj"
-input="./UserSrc/FunctionTimer.obj"
-input="./UserSrc/Led.obj"
-input="./UserSrc/Log.obj"
-input="./UserSrc/Mode.obj"
-input="./UserSrc/SciFifo.obj"
-input="./UserSrc/Sensor.obj"
-input="./UserSrc/Switch.obj"
-input="./UserSrc/TaskTimer.obj"
-input="./UserSrc/Test.obj"
-input="./UserSrc/Tracer.obj"
-input="./src/cg_src/r_cg_cgc.obj"
-input="./src/cg_src/r_cg_cgc_user.obj"
-input="./src/cg_src/r_cg_cmt.obj"
-input="./src/cg_src/r_cg_cmt_user.obj"
-input="./src/cg_src/r_cg_dbsct.obj"
-input="./src/cg_src/r_cg_hardware_setup.obj"
-input="./src/cg_src/r_cg_icu.obj"
-input="./src/cg_src/r_cg_icu_user.obj"
-input="./src/cg_src/r_cg_intprg.obj"
-input="./src/cg_src/r_cg_main.obj"
-input="./src/cg_src/r_cg_mtu3.obj"
-input="./src/cg_src/r_cg_mtu3_user.obj"
-input="./src/cg_src/r_cg_port.obj"
-input="./src/cg_src/r_cg_port_user.obj"
-input="./src/cg_src/r_cg_resetprg.obj"
-input="./src/cg_src/r_cg_rspi.obj"
-input="./src/cg_src/r_cg_rspi_user.obj"
-input="./src/cg_src/r_cg_s12ad.obj"
-input="./src/cg_src/r_cg_s12ad_user.obj"
-input="./src/cg_src/r_cg_sbrk.obj"
-input="./src/cg_src/r_cg_sci.obj"
-input="./src/cg_src/r_cg_sci_user.obj"
-input="./src/cg_src/r_cg_vecttbl.obj"
-start=SU,SI,B_1,R_1,B_2,R_2,B,R/04,PResetPRG,C_1,C_2,C,C$*,D*,W*,L,PIntPRG,P/0FFC00000,EXCEPTVECT/0FFFFFF80,RESETVECT/0FFFFFFFC
-library=C:\Users\shuuichi\OneDrive\Robomech\ROBOTR~1\2019\program\VERDIR~1\HARDWA~2\VerdiRT17_RX64M.lib
-noprelink
-list=VerdiRT17_RX64M.map
-show
-nooptimize
-debug
-output=C:\Users\shuuichi\OneDrive\Robomech\Robotrace\2019\program\VerdiRT17_RX64M\HardwareDebug\VerdiRT17_RX64M.abs
-rom=D=R,D_1=R_1,D_2=R_2
-nocompress
-nomessage
-nologo

*** Error information ***

*** Mapping List ***

SECTION                            START      END         SIZE   ALIGN

SU
                                  00000004  00000303       300   4
SI
                                  00000304  00000803       500   4
B_1
                                  00000804  00000929       126   1
R_1
                                  0000092a  0000097a        51   1
B_2
                                  0000097c  00000ddd       462   2
R_2
                                  00000dde  000015ad       7d0   2
B
                                  000015b0  0007bd4f     7a7a0   4
R
                                  0007bd50  0007bfd3       284   4
$ADDR_C_120040
                                  00120040  00120043         4   1
$ADDR_C_120048
                                  00120048  0012004b         4   1
$ADDR_C_120050
                                  00120050  0012006f        20   1
PResetPRG
                                  ffc00000  ffc0003d        3e   1
C_1
                                  ffc0003e  ffc0010f        d2   1
C_2
                                  ffc00110  ffc00311       202   2
C
                                  ffc00314  ffc00477       164   4
C$DSEC
                                  ffc00478  ffc0049b        24   4
C$BSEC
                                  ffc0049c  ffc004b3        18   4
C$INIT
                                  ffc004b4  ffc004b4         0   1
C$VECT
                                  ffc004b4  ffc008b3       400   4
C$VTBL
                                  ffc008b4  ffc008b4         0   1
D_2
                                  ffc008b4  ffc01083       7d0   2
D
                                  ffc01084  ffc01307       284   4
D_1
                                  ffc01308  ffc01358        51   1
W
                                  ffc0135c  ffc0135c         0   4
W_1
                                  ffc0135c  ffc0135c         0   1
W_2
                                  ffc0135c  ffc013ad        52   2
L
                                  ffc013b0  ffc019ec       63d   4
PIntPRG
                                  ffc019ed  ffc01a64        78   1
P
                                  ffc01a65  ffc09f39      84d5   1
EXCEPTVECT
                                  ffffff80  fffffffb        7c   4
RESETVECT
                                  fffffffc  ffffffff         4   4

*** Symbol List ***

SECTION=
FILE=                               START        END    SIZE
  SYMBOL                            ADDR        SIZE    INFO      COUNTS  OPT

SECTION=SU
FILE=.\src\cg_src\r_cg_resetprg.obj
                                  00000004  00000303       300

SECTION=SI
FILE=.\src\cg_src\r_cg_resetprg.obj
                                  00000304  00000803       500

SECTION=B_1
FILE=.\UserSrc\Log.obj
                                  00000804  000008cc        c9
  _st_SendBuf
                                  00000804        c8   data ,l        1c
  _st_BufSize
                                  000008cc         1   data ,l        1c
FILE=.\UserSrc\Sensor.obj
                                  000008cd  000008e1        15
  _st_SendBuf
                                  000008cd        14   data ,l         2
  _st_SensorCalibFlag
                                  000008e1         1   data ,l         6
FILE=.\UserSrc\Test.obj
                                  000008e2  000008f6        15
  _st_SendBuf
                                  000008e2        14   data ,l        17
  _st_BufSize
                                  000008f6         1   data ,l        17
FILE=.\UserSrc\Tracer.obj
                                  000008f7  00000929        33
  _st_SendBuf
                                  000008f7        32   data ,l         a
  _st_BufSize
                                  00000929         1   data ,l         a

SECTION=R_1
FILE=xfiles
                                  0000092a  00000979        50
  _ebuf
                                  0000092a        50   data ,l         5
FILE=xstate
                                  0000097a  0000097a         1
  __Mbcurmax
                                  0000097a         1   data ,g         1

SECTION=B_2
FILE=.\UserSrc\ControlAngularVelocity.obj
                                  0000097c  00000989         e
  _st_SensorData
                                  0000097c         e   data ,l         2
FILE=.\UserSrc\ControlSensorAngle.obj
                                  0000098a  00000997         e
  _st_SensorData
                                  0000098a         e   data ,l         5
FILE=.\UserSrc\DriveAssert.obj
                                  00000998  000009a5         e
  _st_SensorData
                                  00000998         e   data ,l         3
FILE=.\UserSrc\Sensor.obj
                                  000009a6  000009d1        2c
  _st_LineSensor
                                  000009a6        18   data ,l         c
  _st_InstantMax
                                  000009be         8   data ,l        10
  _st_InstantMin
                                  000009c6         8   data ,l        14
  _st_SensorCalibMax
                                  000009ce         2   data ,l         9
  _st_SensorCalibMin
                                  000009d0         2   data ,l         9
FILE=.\src\cg_src\r_cg_rspi.obj
                                  000009d2  000009d7         6
  _g_rspi0_tx_count
                                  000009d2         2   data ,g         3
  _g_rspi0_rx_count
                                  000009d4         2   data ,g         4
  _g_rspi0_rx_length
                                  000009d6         2   data ,g         3
FILE=.\src\cg_src\r_cg_sbrk.obj
                                  000009d8  00000dd7       400
  _heap_area
                                  000009d8       400   data ,l         2
FILE=.\src\cg_src\r_cg_sci.obj
                                  00000dd8  00000ddd         6
  _g_sci2_tx_count
                                  00000dd8         2   data ,g         3
  _g_sci2_rx_count
                                  00000dda         2   data ,g         4
  _g_sci2_rx_length
                                  00000ddc         2   data ,g         3

SECTION=R_2
FILE=.\UserSrc\Tracer.obj
                                  00000dde  000015ad       7d0
  _markerIndexList
                                  00000dde       7d0   data ,l         7

SECTION=B
FILE=.\UserSrc\Buzzer.obj
                                  000015b0  000015bb         c
  _st_BeepCount
                                  000015b0         4   data ,l         5
  _st_TaskCounter
                                  000015b4         4   data ,l         5
  _st_TaskInterval
                                  000015b8         4   data ,l         3
FILE=.\UserSrc\ControlAngularVelocity.obj
                                  000015bc  0000165b        a0
  _st_BodyOmega
                                  000015bc         4   data ,l         6
  _st_BodyAngle
                                  000015c0         4   data ,l         5
  _st_VirtualGeometry
                                  000015c4        14   data ,l         f
  _st_Controller
                                  000015d8        48   data ,l        36
  _st_LogHeader
                                  00001620        14   data ,l         2
  _st_LogArray
                                  00001634        28   data ,l         7
FILE=.\UserSrc\ControlSensorAngle.obj
                                  0000165c  000016eb        90
  _st_Theta
                                  0000165c        50   data ,l        29
  _st_PotentioTheta
                                  000016ac         4   data ,l         3
  _st_LogHeader
                                  000016b0        14   data ,l         2
  _st_LogArray
                                  000016c4        28   data ,l         8
FILE=.\UserSrc\ControlVelocity.obj
                                  000016ec  0000179f        b4
  _st_Encoder
                                  000016ec        30   data ,l        24
  _st_Controller
                                  0000171c        48   data ,l        38
  _st_LogHeader
                                  00001764        14   data ,l         2
  _st_LogArray
                                  00001778        28   data ,l         6
FILE=.\UserSrc\DriveAssert.obj
                                  000017a0  000017ab         c
  _st_AssertFlag
                                  000017a0         4   data ,l         5
  _st_LineAssert
                                  000017a4         8   data ,l         9
FILE=.\UserSrc\FunctionTimer.obj
                                  000017ac  000017f7        4c
  _st_BuzzerDuty
                                  000017ac         c   data ,l         9
  _st_RightMotorDuty
                                  000017b8        14   data ,l        16
  _st_LeftMotorDuty
                                  000017cc        14   data ,l        16
  _st_SensorMotorDuty
                                  000017e0         c   data ,l         b
  _st_VelocityDutyArray
                                  000017ec         8   data ,l         3
  _st_SensorDutyArray
                                  000017f4         4   data ,l         2
FILE=.\UserSrc\Log.obj
                                  000017f8  00077adb     762e4
  _st_ControlLog
                                  000017f8     305b0   data ,l        32
  _st_CourceLog
                                  00031da8     45d34   data ,l        15
FILE=.\UserSrc\Mode.obj
                                  00077adc  00077ae7         c
  _st_Swt
                                  00077adc         4   data ,l         2
  _st_ModeKind
                                  00077ae0         4   data ,l         5
  _st_Decision
                                  00077ae4         4   data ,l         5
FILE=.\UserSrc\Sensor.obj
                                  00077ae8  00077be7       100
  _st_SensorData
                                  00077ae8        b0   data ,l        43
  _st_Tx
                                  00077b98         8   data ,l         5
  _st_Rx
                                  00077ba0         8   data ,l         5
  _st_LineCoefficient
                                  00077ba8        10   data ,l         c
  _st_CourceMarker
                                  00077bb8        30   data ,l        3f
FILE=.\UserSrc\Switch.obj
                                  00077be8  00077c1f        38
  _st_Swt
                                  00077be8        1c   data ,l        22
  _st_udMin
                                  00077c04         4   data ,l         4
  _st_udMax
                                  00077c08         4   data ,l         4
  _st_rlMin
                                  00077c0c         4   data ,l         4
  _st_rlMax
                                  00077c10         4   data ,l         4
  _st_Decision
                                  00077c14         c   data ,l         a
FILE=.\UserSrc\TaskTimer.obj
                                  00077c20  00077c53        34
  _st_TaskState
                                  00077c20         4   data ,l         c
  _st_TaskSchedule
                                  00077c24        30   data ,l        10
FILE=.\UserSrc\Test.obj
                                  00077c54  00077c5f         c
  _st_Swt
                                  00077c54         4   data ,l        12
  _st_ModeLevel
                                  00077c58         4   data ,l         4
  _st_Decision
                                  00077c5c         4   data ,l        3a
FILE=.\UserSrc\Tracer.obj
                                  00077c60  0007bd3b      40dc
  _st_Decision
                                  00077c60         4   data ,l         a
  _st_CourceLogStoreParam
                                  00077c64        20   data ,l        23
  _st_CourceLog
                                  00077c84         c   data ,l        4f
  _st_DrivePlan
                                  00077c90         c   data ,l         1
  _st_CourceAnalysisParam
                                  00077c9c        14   data ,l         9
  _st_LeftMarkerArray
                                  00077cb0       640   data ,l         1
  _st_RightMarkerArray
                                  000782f0        50   data ,l         1
  _st_CrossMarkerArray
                                  00078340       640   data ,l         1
  _st_LeftMarkerRecord
                                  00078980         c   data ,l         a
  _st_RightMarkerRecord
                                  0007898c         c   data ,l         b
  _st_CrossMarkerRecord
                                  00078998         c   data ,l         b
  _st_ModeKind
                                  000789a4         4   data ,l         4
  _st_Swt
                                  000789a8         4   data ,l         2
  _st_PlanArray
                                  000789ac      3390   data ,l         a
FILE=.\src\cg_src\r_cg_rspi.obj
                                  0007bd3c  0007bd43         8
  _gp_rspi0_tx_address
                                  0007bd3c         4   data ,g         3
  _gp_rspi0_rx_address
                                  0007bd40         4   data ,g         3
FILE=.\src\cg_src\r_cg_sci.obj
                                  0007bd44  0007bd4b         8
  _gp_sci2_tx_address
                                  0007bd44         4   data ,g         3
  _gp_sci2_rx_address
                                  0007bd48         4   data ,g         3
FILE=_errno
                                  0007bd4c  0007bd4f         4
  __errno
                                  0007bd4c         4   data ,g         4

SECTION=R
FILE=.\src\cg_src\r_cg_sbrk.obj
                                  0007bd50  0007bd53         4
  _brk
                                  0007bd50         4   data ,l         3
FILE=sincosfsub
                                  0007bd54  0007bd8f        3c
  _sinf_coeff
                                  0007bd54        10   data ,l         1
  _cosf_coeff
                                  0007bd64        10   data ,l         1
  _pi4ptr_table
                                  0007bd74         c   data ,l         1
  _sub_table
                                  0007bd80        10   data ,l         1
FILE=xprintf
                                  0007bd90  0007bd93         4
  _stderr
                                  0007bd90         4   data ,g         0
FILE=xfiles
                                  0007bd94  0007be6b        d8
  __Stdin
                                  0007bd94        48   data ,g         7
  __Stdout
                                  0007bddc        48   data ,g         7
  __Stderr
                                  0007be24        48   data ,g         3
FILE=xctype
                                  0007be6c  0007be73         8
  __Ctype
                                  0007be6c         4   data ,g         2
  __Tls_setup__Ctype
                                  0007be70         4   data ,g         1
FILE=xstate
                                  0007be74  0007bebb        48
  __Tls_setup__Mbcurmax
                                  0007be74         4   data ,g         1
  __Mbstate
                                  0007be78        40   data ,g         2
  __Tls_setup__Mbstate
                                  0007beb8         4   data ,g         2
FILE=malloc
                                  0007bebc  0007bec3         8
  __Aldata
                                  0007bebc         8   data ,g         3
FILE=localeco
                                  0007bec4  0007bf17        54
  __Locale
                                  0007bec4        50   data ,g         1
  __Tls_setup__Locale
                                  0007bf14         4   data ,g         0
FILE=xwcstate
                                  0007bf18  0007bf5b        44
  __Wcstate
                                  0007bf18        40   data ,g         2
  __Tls_setup__Wcstate
                                  0007bf58         4   data ,g         2
FILE=xfvalues
                                  0007bf5c  0007bfd3        78
  __FDenorm
                                  0007bf5c        10   data ,g         0
  __FEps
                                  0007bf6c        10   data ,g         0
  __FHugeval
                                  0007bf7c        10   data ,g         0
  __FInf
                                  0007bf8c        10   data ,g         1
  __FNan
                                  0007bf9c        10   data ,g         0
  __FSnan
                                  0007bfac        10   data ,g         0
  __FRteps
                                  0007bfbc        10   data ,g         0
  __FXbig
                                  0007bfcc         4   data ,g         0
  __FZero
                                  0007bfd0         4   data ,g         0

SECTION=$ADDR_C_120040
FILE=.\src\cg_src\r_cg_vecttbl.obj
                                  00120040  00120043         4
  ___SPCCreg
                                  00120040         4   data ,g         0

SECTION=$ADDR_C_120048
FILE=.\src\cg_src\r_cg_vecttbl.obj
                                  00120048  0012004b         4
  ___TMEFreg
                                  00120048         4   data ,g         0

SECTION=$ADDR_C_120050
FILE=.\src\cg_src\r_cg_vecttbl.obj
                                  00120050  0012006f        20
  ___OSISreg
                                  00120050        10   data ,g         0
  ___TMINFreg
                                  00120060         4   data ,g         0
  ___MDEreg
                                  00120064         4   data ,g         0
  ___OFS0reg
                                  00120068         4   data ,g         0
  ___OFS1reg
                                  0012006c         4   data ,g         0

SECTION=PResetPRG
FILE=.\src\cg_src\r_cg_resetprg.obj
                                  ffc00000  ffc0003d        3e
  _PowerON_Reset_PC
                                  ffc00000        3e   entry,g         1

SECTION=C_1
FILE=xprintf
                                  ffc0003e  ffc00047         a
  _fchar$1
                                  ffc0003e         a   data ,l         1
FILE=xputtxt
                                  ffc00048  ffc000ec        a5
  _spaces
                                  ffc00048        21   data ,l         1
  _zeroes
                                  ffc00069        21   data ,l         1
  _asterisk
                                  ffc0008a        21   data ,l         1
  _plus
                                  ffc000ab        21   data ,l         1
  _minus
                                  ffc000cc        21   data ,l         1
FILE=xlitob
                                  ffc000ed  ffc0010e        22
  _ldigs
                                  ffc000ed        11   data ,l         1
  _udigs
                                  ffc000fe        11   data ,l         1
FILE=localeco
                                  ffc0010f  ffc0010f         1
  _null
                                  ffc0010f         1   data ,l         d

SECTION=C_2
FILE=xctype
                                  ffc00110  ffc00311       202
  _ctyp_tab
                                  ffc00110       202   data ,l         1

SECTION=C
FILE=.\src\cg_src\r_cg_dbsct.obj
                                  ffc00314  ffc00347        34
  __CTBL
                                  ffc00314        34   data ,g         0
FILE=xprintf
                                  ffc00348  ffc0035f        18
  _fbit$2
                                  ffc00348        18   data ,l         1
FILE=_in_exps
                                  ffc00360  ffc00397        38
  _exp_lcoef$2
                                  ffc00360        1c   data ,l         1
  _exp_hcoef$1
                                  ffc0037c        1c   data ,l         1
FILE=_in_logs
                                  ffc00398  ffc003b7        20
  _log_coef$3
                                  ffc00398        20   data ,l         1
FILE=consts
                                  ffc003b8  ffc0040f        58
  __IFZEROS
                                  ffc003b8         4   data ,g         4
  __IFONES
                                  ffc003bc         4   data ,g         3
  __HALFS
                                  ffc003c0         4   data ,g         1
  __QUOTS
                                  ffc003c4         4   data ,g         0
  __TWOS
                                  ffc003c8         4   data ,g         0
  __FOURS
                                  ffc003cc         4   data ,g         0
  __PAIS
                                  ffc003d0         4   data ,g         0
  __2PAIS
                                  ffc003d4         4   data ,g         0
  __HLFPAIS
                                  ffc003d8         4   data ,g         0
  __QUOPAIS
                                  ffc003dc         4   data ,g         0
  __LOGE2S
                                  ffc003e0         4   data ,g         2
  __NIFZEROS
                                  ffc003e4         4   data ,g         1
  __NIFONES
                                  ffc003e8         4   data ,g         1
  __NHALFS
                                  ffc003ec         4   data ,g         0
  __NQUOTS
                                  ffc003f0         4   data ,g         0
  __NTWOS
                                  ffc003f4         4   data ,g         0
  __NFOURS
                                  ffc003f8         4   data ,g         0
  __NPAIS
                                  ffc003fc         4   data ,g         0
  __N2PAIS
                                  ffc00400         4   data ,g         0
  __NHLFPAIS
                                  ffc00404         4   data ,g         0
  __NQUOPAIS
                                  ffc00408         4   data ,g         0
  __NLOGE2S
                                  ffc0040c         4   data ,g         0
FILE=_const
                                  ffc00410  ffc00433        24
  __IFNAND
                                  ffc00410         0   none ,g         0
  __IFINFD
                                  ffc00418         0   none ,g         0
  __NIFINFD
                                  ffc00420         0   none ,g         0
  __IFNANS
                                  ffc00428         0   none ,g         5
  __IFINFS
                                  ffc0042c         0   none ,g         3
  __NIFINFS
                                  ffc00430         0   none ,g         2
FILE=xldtob
                                  ffc00434  ffc0044b        18
  _pows
                                  ffc00434        18   data ,l         1
FILE=floatval
                                  ffc0044c  ffc00473        28
  __FLT_MAX_VAL
                                  ffc0044c         0   none ,g         1
  __FLT_MIN_VAL
                                  ffc00450         0   none ,g         0
  __DBL_MAX_VAL
                                  ffc00454         0   none ,g         0
  __DBL_MIN_VAL
                                  ffc0045c         0   none ,g         0
  __LDBL_MAX_VAL
                                  ffc00464         0   none ,g         0
  __LDBL_MIN_VAL
                                  ffc0046c         0   none ,g         0
FILE=_sbrk_si
                                  ffc00474  ffc00477         4
  __sbrk_size
                                  ffc00474         4   data ,g         1

SECTION=C$DSEC
FILE=.\src\cg_src\r_cg_dbsct.obj
                                  ffc00478  ffc0049b        24
  __DTBL
                                  ffc00478        24   data ,g         0

SECTION=C$BSEC
FILE=.\src\cg_src\r_cg_dbsct.obj
                                  ffc0049c  ffc004b3        18
  __BTBL
                                  ffc0049c        18   data ,g         0

SECTION=C$VECT
FILE=.\src\cg_src\r_cg_dbsct.obj
                                  ffc004b4  ffc008b3       400

SECTION=D_2
FILE=.\UserSrc\Tracer.obj
                                  ffc008b4  ffc01083       7d0

SECTION=D
FILE=.\src\cg_src\r_cg_sbrk.obj
                                  ffc01084  ffc01087         4
FILE=sincosfsub
                                  ffc01088  ffc010c3        3c
FILE=xprintf
                                  ffc010c4  ffc010c7         4
FILE=xfiles
                                  ffc010c8  ffc0119f        d8
FILE=xctype
                                  ffc011a0  ffc011a7         8
FILE=xstate
                                  ffc011a8  ffc011ef        48
FILE=malloc
                                  ffc011f0  ffc011f7         8
FILE=localeco
                                  ffc011f8  ffc0124b        54
FILE=xwcstate
                                  ffc0124c  ffc0128f        44
FILE=xfvalues
                                  ffc01290  ffc01307        78

SECTION=D_1
FILE=xfiles
                                  ffc01308  ffc01357        50
FILE=xstate
                                  ffc01358  ffc01358         1

SECTION=W_2
FILE=.\UserSrc\Led.obj
                                  ffc0135c  ffc0137b        20
FILE=.\UserSrc\TaskTimer.obj
                                  ffc0137c  ffc0138f        14
FILE=.\UserSrc\Test.obj
                                  ffc01390  ffc013ad        1e

SECTION=L
FILE=.\UserSrc\Log.obj
                                  ffc013b0  ffc01804       455
FILE=.\UserSrc\Sensor.obj
                                  ffc01808  ffc01841        3a
FILE=.\UserSrc\Test.obj
                                  ffc01844  ffc01949       106
FILE=.\UserSrc\Tracer.obj
                                  ffc0194c  ffc019ae        63
FILE=xprintf
                                  ffc019b0  ffc019b6         7
FILE=xldtob
                                  ffc019b8  ffc019d9        22
FILE=xgenld
                                  ffc019dc  ffc019dd         2
FILE=localeco
                                  ffc019e0  ffc019ec         d

SECTION=PIntPRG
FILE=.\src\cg_src\r_cg_intprg.obj
                                  ffc019ed  ffc01a64        78
  _r_undefined_exception
                                  ffc019ed         2   func ,g         3
  _r_reserved_exception
                                  ffc019ef         2   func ,g        1b
  _r_nmi_exception
                                  ffc019f1         2   func ,g         1
  _r_brk_exception
                                  ffc019f3         2   func ,g         0
  _r_icu_group_be0_interrupt
                                  ffc019f5         2   func ,g         0
  _r_icu_group_bl0_interrupt
                                  ffc019f7        35   func ,g         0
  _r_icu_group_bl1_interrupt
                                  ffc01a2c         2   func ,g         0
  _r_icu_group_al0_interrupt
                                  ffc01a2e        35   func ,g         0
  _r_icu_group_al1_interrupt
                                  ffc01a63         2   func ,g         0

SECTION=P
FILE=.\UserSrc\Buzzer.obj
                                  ffc01a65  ffc01b12        ae
  _BZR_Init
                                  ffc01a65        26   func ,g         1
  _BZR_BuzzerOn
                                  ffc01a8b         b   func ,g         2
  _BZR_BuzzerOff
                                  ffc01a96         7   func ,g         2
  _BZR_SetBeepCount
                                  ffc01a9d        22   func ,g        19
  _BZR_BuzzerTask
                                  ffc01abf        54   func ,g         1
FILE=.\UserSrc\ControlAngularVelocity.obj
                                  ffc01b13  ffc01fdb       4c9
  _CAV_Init
                                  ffc01b13       11f   func ,g         5
  _CAV_StartDriveMotor
                                  ffc01c32        22   func ,g         2
  _CAV_StopDriveMotor
                                  ffc01c54         d   func ,g         0
  _CAV_SetTargetUpAccel
                                  ffc01c61         e   func ,g         1
  _CAV_SetTargetDownAccel
                                  ffc01c6f         e   func ,g         1
  _CAV_SetTarget
                                  ffc01c7d        51   func ,g         2
  _CAV_ControlTask
                                  ffc01cce        10   func ,g         1
  _CAV_GetTarget
                                  ffc01cde         e   func ,g         0
  _CAV_GetVelocity
                                  ffc01cec         e   func ,g         2
  _CAV_GetErrorNow
                                  ffc01cfa         e   func ,g         1
  _CAV_GetAngle
                                  ffc01d08         e   func ,g         0
  _CAV_GetRadius
                                  ffc01d16         e   func ,g         1
  _CAV_GetVirtualThetaDeg
                                  ffc01d24         e   func ,g         1
  _CAV_ClearAngle
                                  ffc01d32         a   func ,g         0
  _CAV_GetLogHeader
                                  ffc01d3c        2b   func ,g         1
  _CAV_GetLogArray
                                  ffc01d67        90   func ,g         1
  _st_CalcTarget
                                  ffc01df7        9b   func ,l         1
  _st_CalcGyro
                                  ffc01e92        3e   func ,l         1
  _st_UpdateTarget
                                  ffc01ed0        3d   func ,l         1
  _st_CalcError
                                  ffc01f0d        b3   func ,l         1
  _st_SetMotorDuty
                                  ffc01fc0        1c   func ,l         1
FILE=.\UserSrc\ControlSensorAngle.obj
                                  ffc01fdc  ffc022c7       2ec
  _CSA_Init
                                  ffc01fdc        cd   func ,g         1
  _CSA_StartSensorMotor
                                  ffc020a9         d   func ,g         2
  _CSA_StopSensorMotor
                                  ffc020b6         d   func ,g         2
  _CSA_StartSensorTask
                                  ffc020c3         b   func ,g         3
  _CSA_ControlSensorTask
                                  ffc020ce        f4   func ,g         1
  _CSA_GetSensorTheta
                                  ffc021c2        1b   func ,g         5
  _CSA_GetLogHeader
                                  ffc021dd        2b   func ,g         1
  _CSA_GetLogArray
                                  ffc02208        8d   func ,g         1
  _st_CalcSensorAngle
                                  ffc02295        25   func ,l         1
  _st_DriveSensorMotor
                                  ffc022ba         e   func ,l         1
FILE=.\UserSrc\ControlVelocity.obj
                                  ffc022c8  ffc02825       55e
  _CVL_Init
                                  ffc022c8       16a   func ,g         5
  _CVL_StartDriveMotor
                                  ffc02432        22   func ,g         5
  _CVL_StopDriveMotor
                                  ffc02454         d   func ,g         3
  _CVL_SetTargetUpAccel
                                  ffc02461         e   func ,g         5
  _CVL_SetTargetDownAccel
                                  ffc0246f         e   func ,g         4
  _CVL_SetTarget
                                  ffc0247d        51   func ,g         f
  _CVL_ControlTask
                                  ffc024ce         d   func ,g         1
  _CVL_GetTarget
                                  ffc024db         e   func ,g         2
  _CVL_GetVelocity
                                  ffc024e9         e   func ,g         5
  _CVL_GetErrorNow
                                  ffc024f7         e   func ,g         1
  _CVL_GetDistance
                                  ffc02505         e   func ,g         9
  _CVL_GetEncoderDiff
                                  ffc02513         e   func ,g         1
  _CVL_GetUpAccel
                                  ffc02521         e   func ,g         1
  _CVL_GetDownAccel
                                  ffc0252f         e   func ,g         2
  _CVL_GetLogHeader
                                  ffc0253d        2b   func ,g         1
  _CVL_GetLogArray
                                  ffc02568        68   func ,g         1
  _st_CalcEncoder
                                  ffc025d0       14c   func ,l         1
  _st_UpdateTarget
                                  ffc0271c        3d   func ,l         1
  _st_CalcError
                                  ffc02759        b4   func ,l         1
  _st_SetMotorDuty
                                  ffc0280d        19   func ,l         1
FILE=.\UserSrc\DriveAssert.obj
                                  ffc02826  ffc02903        de
  _DAS_Init
                                  ffc02826        1c   func ,g         4
  _DAS_AssertTask
                                  ffc02842        30   func ,g         1
  _DAS_GetAssertFlag
                                  ffc02872         e   func ,g         2
  _DAS_ClearAssertFlag
                                  ffc02880        13   func ,g         1
  _st_LineSensorAssert
                                  ffc02893        71   func ,l         1
FILE=.\UserSrc\FunctionTimer.obj
                                  ffc02904  ffc02ee7       5e4
  _FTR_Init
                                  ffc02904        e9   func ,g         1
  _FTR_StartBuzzerTimer
                                  ffc029ed         5   func ,g         1
  _FTR_SetBuzzerDuty
                                  ffc029f2        55   func ,g         2
  _FTR_StartRightEncoderTimer
                                  ffc02a47         5   func ,g         2
  _FTR_GetRightEncoderCount
                                  ffc02a4c         e   func ,g         2
  _FTR_StartLeftEncoderTimer
                                  ffc02a5a         5   func ,g         2
  _FTR_GetLeftEncoderCount
                                  ffc02a5f         e   func ,g         2
  _FTR_StartRightMotorTimer
                                  ffc02a6d        2e   func ,g         2
  _FTR_SetTransitionRightMotorDuty
                                  ffc02a9b        4a   func ,g         4
  _FTR_SetAngularRightMotorDuty
                                  ffc02ae5        48   func ,g         1
  _FTR_GetRightMotorDuty
                                  ffc02b2d         e   func ,g         2
  _FTR_StartLeftMotorTimer
                                  ffc02b3b        2e   func ,g         2
  _FTR_SetTransitionLeftMotorDuty
                                  ffc02b69        4a   func ,g         4
  _FTR_SetAngularLeftMotorDuty
                                  ffc02bb3        48   func ,g         1
  _FTR_GetLeftMotorDuty
                                  ffc02bfb         e   func ,g         2
  _FTR_StartSensorMotorTimer
                                  ffc02c09         5   func ,g         2
  _FTR_SetSensorMotorDuty
                                  ffc02c0e        90   func ,g         2
  _FTR_GetSensorMotorDuty
                                  ffc02c9e         e   func ,g         0
  _FTR_GetVelocityLogDutyArray
                                  ffc02cac        2c   func ,g         1
  _FTR_GetSensorLogDutyArray
                                  ffc02cd8        1c   func ,g         1
  _st_SetLeftMotorDuty
                                  ffc02cf4        76   func ,l         3
  _st_SetRightMotorDuty
                                  ffc02d6a        76   func ,l         3
  _st_SetLeftDriveCw
                                  ffc02de0        2c   func ,l         1
  _st_SetLeftDriveCcw
                                  ffc02e0c        2c   func ,l         1
  _st_SetRightDriveCw
                                  ffc02e38        2c   func ,l         3
  _st_SetRightDriveCcw
                                  ffc02e64        2c   func ,l         1
  _st_SetSensorDriveCw
                                  ffc02e90        2c   func ,l         1
  _st_SetSensorDriveCcw
                                  ffc02ebc        2c   func ,l         1
FILE=.\UserSrc\Led.obj
                                  ffc02ee8  ffc03129       242
  _LED_binaryOn
                                  ffc02ee8       181   func ,g         4
  _LED_AllOff
                                  ffc03069        15   func ,g         1
  _LED_On
                                  ffc0307e        56   func ,g        21
  _LED_Off
                                  ffc030d4        56   func ,g        25
FILE=.\UserSrc\Log.obj
                                  ffc0312a  ffc03b23       9fa
  _LOG_Init
                                  ffc0312a         7   func ,g         1
  _LOG_InitControl
                                  ffc03131       2a2   func ,g         1
  _LOG_InitCource
                                  ffc033d3        c9   func ,g         1
  _LOG_RecordControl
                                  ffc0349c       13b   func ,g         1
  _LOG_RecordCource
                                  ffc035d7        ac   func ,g         3
  _LOG_PrintControlRecord
                                  ffc03683       3b0   func ,g         0
  _LOG_PrintCourceRecord
                                  ffc03a33        d2   func ,g         0
  _LOG_GetCourceRecordIndex
                                  ffc03b05        13   func ,g         1
  _LOG_GetCourceRecord
                                  ffc03b18         c   func ,g         1
FILE=.\UserSrc\Mode.obj
                                  ffc03b24  ffc03c3e       11b
  _MDE_InitMode
                                  ffc03b24         e   func ,g         1
  _MDE_SelectMode
                                  ffc03b32       10d   func ,g         1
FILE=.\UserSrc\SciFifo.obj
                                  ffc03c3f  ffc03c67        29
  _SCF_Init
                                  ffc03c3f         5   func ,g         1
  _SCF_WriteData
                                  ffc03c44        24   func ,g        1f
FILE=.\UserSrc\Sensor.obj
                                  ffc03c68  ffc04997       d30
  _SSR_Init
                                  ffc03c68       243   func ,g         2
  _SSR_TaskStartSensorGate
                                  ffc03eab         4   func ,g         1
  _SSR_TaskStopSensorGate
                                  ffc03eaf         4   func ,g         1
  _SSR_TaskGetAnalogSensor
                                  ffc03eb3         7   func ,g         2
  _SSR_TaskStartReadGyro
                                  ffc03eba         4   func ,g         1
  _SSR_TaskCalcSensor
                                  ffc03ebe        c2   func ,g         1
  _SSR_TaskCalcFilter
                                  ffc03f80       143   func ,g         1
  _SSR_TaskJudgeMarkerSensor
                                  ffc040c3       198   func ,g         1
  _SSR_CalibSensor
                                  ffc0425b       23d   func ,g         3
  _SSR_GetSensorData
                                  ffc04498        22   func ,g         3
  _SSR_GetPotentioData
                                  ffc044ba         f   func ,g         0
  _SSR_SetPotentioData
                                  ffc044c9         f   func ,g         1
  _SSR_GetGyroData
                                  ffc044d8         f   func ,g         0
  _SSR_SetGyroData
                                  ffc044e7         f   func ,g         0
  _SSR_GetMarkerState
                                  ffc044f6        21   func ,g         2
  _SSR_GetCourceMarker
                                  ffc04517        4f   func ,g         3
  _SSR_PrintAllSensor
                                  ffc04566        55   func ,g         2
  _st_SetSensorGateOn
                                  ffc045bb         d   func ,l         1
  _st_SetSensorGateOff
                                  ffc045c8         d   func ,l         2
  _st_ReadLineSensor
                                  ffc045d5        68   func ,l         2
  _st_ReadOtherSensor
                                  ffc0463d        3c   func ,l         1
  _st_ReadDarkSensor
                                  ffc04679         c   func ,l         1
  _st_ReadLightSensor
                                  ffc04685         c   func ,l         1
  _st_CalcLineSensor
                                  ffc04691        63   func ,l         1
  _st_CalcMarkerSensor
                                  ffc046f4        3e   func ,l         2
  _st_RegistResetCourceMarker
                                  ffc04732        ec   func ,l         2
  _st_InitGyro
                                  ffc0481e       10d   func ,l         1
  _st_StartReadGyro
                                  ffc0492b        11   func ,l         1
  _st_CommunicateGyro
                                  ffc0493c        45   func ,l         8
  _st_ParseGyro
                                  ffc04981        17   func ,l         1
FILE=.\UserSrc\Switch.obj
                                  ffc04998  ffc04c8a       2f3
  _SWT_Init
                                  ffc04998        a3   func ,g         7
  _SWT_CallCenter
                                  ffc04a3b        13   func ,g         1
  _SWT_CallRight
                                  ffc04a4e        16   func ,g         1
  _SWT_CallLeft
                                  ffc04a64        16   func ,g         1
  _SWT_CallUp
                                  ffc04a7a        16   func ,g         1
  _SWT_CallDown
                                  ffc04a90        16   func ,g         1
  _SWT_ClearSwitchCount
                                  ffc04aa6        34   func ,g         0
  _SWT_GetSwitch
                                  ffc04ada         c   func ,g         3
  _SWT_SetSwitch
                                  ffc04ae6        28   func ,g         0
  _SWT_GetCenterDecision
                                  ffc04b0e        40   func ,g        17
  _st_CalcRL
                                  ffc04b4e        7c   func ,l         3
  _st_CalcUD
                                  ffc04bca        7c   func ,l         3
  _st_CalcDecision
                                  ffc04c46        45   func ,l         2
FILE=.\UserSrc\TaskTimer.obj
                                  ffc04c8b  ffc04e80       1f6
  _TSK_Init
                                  ffc04c8b        2f   func ,g         1
  _TSK_Main
                                  ffc04cba       15c   func ,g         1
  _TSK_Start
                                  ffc04e16        11   func ,g        15
  _TSK_Stop
                                  ffc04e27        11   func ,g         b
  _st_Task0
                                  ffc04e38         5   func ,l         1
  _st_Task1
                                  ffc04e3d         5   func ,l         1
  _st_Task2
                                  ffc04e42         5   func ,l         1
  _st_Task3
                                  ffc04e47         5   func ,l         1
  _st_Task4
                                  ffc04e4c         5   func ,l         1
  _st_Task5
                                  ffc04e51         5   func ,l         1
  _st_Task6
                                  ffc04e56         5   func ,l         1
  _st_Task7
                                  ffc04e5b         5   func ,l         1
  _st_Task8
                                  ffc04e60         1   func ,l         1
  _st_Task9
                                  ffc04e61         5   func ,l         1
  _st_Task10_StartCalc
                                  ffc04e66         9   func ,l         1
  _st_Task10_StartComm
                                  ffc04e6f         d   func ,l         1
  _st_Task11
                                  ffc04e7c         5   func ,l         1
FILE=.\UserSrc\Test.obj
                                  ffc04e81  ffc056ec       86c
  _TST_TestMode
                                  ffc04e81       17b   func ,g         1
  _st_SciTest
                                  ffc04ffc        52   func ,l         1
  _st_IrqTest
                                  ffc0504e        70   func ,l         1
  _st_LedTest
                                  ffc050be        df   func ,l         1
  _st_PwmTest
                                  ffc0519d        bc   func ,l         1
  _st_BuzzerTest
                                  ffc05259        84   func ,l         1
  _st_IntBuzzerTest
                                  ffc052dd        94   func ,l         1
  _st_EncoderTest
                                  ffc05371        5f   func ,l         1
  _st_SensorTest
                                  ffc053d0        2e   func ,l         1
  _st_GyroTest
                                  ffc053fe        26   func ,l         1
  _st_CalibSensorTest
                                  ffc05424         5   func ,l         1
  _st_MarkerTest
                                  ffc05429        8e   func ,l         1
  _st_StraightTest
                                  ffc054b7        a1   func ,l         1
  _st_RotationTest
                                  ffc05558        ac   func ,l         1
  _st_AssertTest
                                  ffc05604        97   func ,l         1
  _st_LogTest
                                  ffc0569b        52   func ,l         1
FILE=.\UserSrc\Tracer.obj
                                  ffc056ed  ffc06c5c      1570
  _TRC_Init
                                  ffc056ed       1e6   func ,g         1
  _TRC_StartSearchMode
                                  ffc058d3       28e   func ,g         3
  _TRC_DriveMode
                                  ffc05b61       199   func ,g         1
  _TRC_RecordCourceTask
                                  ffc05cfa        d1   func ,g         1
  _TRC_PlayCourceTask
                                  ffc05dcb       242   func ,g         1
  _st_SetAnalysisParam
                                  ffc0600d        30   func ,l         6
  _st_GetAnalysisParam
                                  ffc0603d        19   func ,l         1
  _st_StartRecordCource
                                  ffc06056        63   func ,l         2
  _st_GetCourceMarker
                                  ffc060b9        42   func ,l         2
  _st_PrepareCource
                                  ffc060fb       217   func ,l         1
  _st_AnalyzeCourceByMarker
                                  ffc06312       772   func ,l         1
  _st_CalculateRadius
                                  ffc06a84        51   func ,l         3
  _st_ExecuteDriveMode
                                  ffc06ad5       188   func ,l         4
FILE=.\src\cg_src\r_cg_cgc.obj
                                  ffc06c5d  ffc06d05        a9
  _R_CGC_Create
                                  ffc06c5d        a9   func ,g         1
FILE=.\src\cg_src\r_cg_cmt.obj
                                  ffc06d06  ffc06dc3        be
  _R_CMT0_Create
                                  ffc06d06        34   func ,g         1
  _R_CMT0_Start
                                  ffc06d3a        13   func ,g         1
  _R_CMT0_Stop
                                  ffc06d4d        16   func ,g         0
  _R_CMT1_Create
                                  ffc06d63        38   func ,g         1
  _R_CMT1_Start
                                  ffc06d9b        13   func ,g         5
  _R_CMT1_Stop
                                  ffc06dae        16   func ,g         0
FILE=.\src\cg_src\r_cg_cmt_user.obj
                                  ffc06dc4  ffc06def        2c
  _r_cmt_cmi0_interrupt
                                  ffc06dc4         e   func ,l         0
  _r_cmt_cmi1_interrupt
                                  ffc06dd2        1e   func ,l         0
FILE=.\src\cg_src\r_cg_hardware_setup.obj
                                  ffc06df0  ffc06e96        a7
  _R_Systeminit
                                  ffc06df0        a3   func ,g         1
  _HardwareSetup
                                  ffc06e93         4   func ,g         1
FILE=.\src\cg_src\r_cg_icu.obj
                                  ffc06e97  ffc07053       1bd
  _R_ICU_Create
                                  ffc06e97       16d   func ,g         1
  _R_ICU_IRQ5_Start
                                  ffc07004         8   func ,g         2
  _R_ICU_IRQ5_Stop
                                  ffc0700c         8   func ,g         1
  _R_ICU_IRQ6_Start
                                  ffc07014         8   func ,g         2
  _R_ICU_IRQ6_Stop
                                  ffc0701c         8   func ,g         1
  _R_ICU_IRQ7_Start
                                  ffc07024         8   func ,g         2
  _R_ICU_IRQ7_Stop
                                  ffc0702c         8   func ,g         1
  _R_ICU_IRQ8_Start
                                  ffc07034         8   func ,g         2
  _R_ICU_IRQ8_Stop
                                  ffc0703c         8   func ,g         1
  _R_ICU_IRQ9_Start
                                  ffc07044         8   func ,g         2
  _R_ICU_IRQ9_Stop
                                  ffc0704c         8   func ,g         1
FILE=.\src\cg_src\r_cg_icu_user.obj
                                  ffc07054  ffc070c1        6e
  _r_icu_irq5_interrupt
                                  ffc07054        16   func ,l         0
  _r_icu_irq6_interrupt
                                  ffc0706a        16   func ,l         0
  _r_icu_irq7_interrupt
                                  ffc07080        16   func ,l         0
  _r_icu_irq8_interrupt
                                  ffc07096        16   func ,l         0
  _r_icu_irq9_interrupt
                                  ffc070ac        16   func ,l         0
FILE=.\src\cg_src\r_cg_main.obj
                                  ffc070c2  ffc070f1        30
  _main
                                  ffc070c2         f   func ,g         1
  _R_MAIN_UserInit
                                  ffc070d1        21   func ,l         1
FILE=.\src\cg_src\r_cg_mtu3.obj
                                  ffc070f2  ffc0750f       41e
  _R_MTU3_Create
                                  ffc070f2       2a0   func ,g         1
  _R_MTU3_C0_Start
                                  ffc07392         8   func ,g         1
  _R_MTU3_C0_Stop
                                  ffc0739a         8   func ,g         0
  _R_MTU3_C1_Start
                                  ffc073a2         8   func ,g         1
  _R_MTU3_C1_Stop
                                  ffc073aa         8   func ,g         0
  _R_MTU3_C2_Start
                                  ffc073b2         8   func ,g         1
  _R_MTU3_C2_Stop
                                  ffc073ba         8   func ,g         0
  _R_MTU3_C3_Start
                                  ffc073c2         8   func ,g         1
  _R_MTU3_C3_Stop
                                  ffc073ca         8   func ,g         0
  _R_MTU3_C4_Start
                                  ffc073d2         8   func ,g         2
  _R_MTU3_C4_Stop
                                  ffc073da         8   func ,g         0
  _R_MTU0_SetTGRA
                                  ffc073e2         d   func ,g         0
  _R_MTU0_GetTGRA
                                  ffc073ef        10   func ,g         0
  _R_MTU0_GetTGRB
                                  ffc073ff        10   func ,g         0
  _R_MTU0_SetTGRC
                                  ffc0740f         d   func ,g         2
  _R_MTU0_GetTGRC
                                  ffc0741c        10   func ,g         0
  _R_MTU0_GetTGRD
                                  ffc0742c        10   func ,g         1
  _R_MTU1_GetTcnt
                                  ffc0743c        10   func ,g         1
  _R_MTU2_GetTcnt
                                  ffc0744c        10   func ,g         1
  _R_MTU3_SetTGRA
                                  ffc0745c         d   func ,g         0
  _R_MTU3_GetTGRA
                                  ffc07469        10   func ,g         0
  _R_MTU3_GetTGRB
                                  ffc07479        10   func ,g         0
  _R_MTU3_SetTGRC
                                  ffc07489         d   func ,g         2
  _R_MTU3_GetTGRC
                                  ffc07496        10   func ,g         0
  _R_MTU3_GetTGRD
                                  ffc074a6        10   func ,g         1
  _R_MTU4_SetTGRA
                                  ffc074b6         d   func ,g         2
  _R_MTU4_GetTGRA
                                  ffc074c3        10   func ,g         0
  _R_MTU4_GetTGRB
                                  ffc074d3        10   func ,g         1
  _R_MTU4_SetTGRC
                                  ffc074e3         d   func ,g         2
  _R_MTU4_GetTGRC
                                  ffc074f0        10   func ,g         0
  _R_MTU4_GetTGRD
                                  ffc07500        10   func ,g         1
FILE=.\src\cg_src\r_cg_port.obj
                                  ffc07510  ffc07717       208
  _R_PORT_Create
                                  ffc07510        7a   func ,g         1
  _R_PORT_SetP05
                                  ffc0758a        1c   func ,g         0
  _R_PORT_SetP07
                                  ffc075a6        18   func ,g         0
  _R_PORT_SetP14
                                  ffc075be        1c   func ,g         2
  _R_PORT_SetPB0
                                  ffc075da        19   func ,g         3
  _R_PORT_SetPB2
                                  ffc075f3        1b   func ,g         4
  _R_PORT_SetPB4
                                  ffc0760e        1c   func ,g         2
  _R_PORT_SetPC0
                                  ffc0762a        19   func ,g         4
  _R_PORT_SetPC1
                                  ffc07643        1b   func ,g         4
  _R_PORT_SetPC2
                                  ffc0765e        1b   func ,g         4
  _R_PORT_SetPC3
                                  ffc07679        1b   func ,g         4
  _R_PORT_SetPD0
                                  ffc07694        19   func ,g         3
  _R_PORT_SetPD1
                                  ffc076ad        1b   func ,g         3
  _R_PORT_SetPE0
                                  ffc076c8        19   func ,g         3
  _R_PORT_SetPE3
                                  ffc076e1        1b   func ,g         3
  _R_PORT_SetPE4
                                  ffc076fc        1c   func ,g         3
FILE=.\src\cg_src\r_cg_rspi.obj
                                  ffc07718  ffc078f6       1df
  _R_RSPI0_Create
                                  ffc07718       107   func ,g         1
  _R_RSPI0_Start
                                  ffc0781f        40   func ,g         1
  _R_RSPI0_Stop
                                  ffc0785f        2c   func ,g         0
  _R_RSPI0_Send_Receive
                                  ffc0788b        6c   func ,g         1
FILE=.\src\cg_src\r_cg_rspi_user.obj
                                  ffc078f7  ffc07a5a       164
  _r_rspi0_transmit_interrupt
                                  ffc078f7        67   func ,l         0
  _r_rspi0_receive_interrupt
                                  ffc0795e        7f   func ,l         0
  _r_rspi0_error_interrupt
                                  ffc079dd        63   func ,g         1
  _r_rspi0_idle_interrupt
                                  ffc07a40        13   func ,g         1
  _r_rspi0_callback_transmitend
                                  ffc07a53         1   func ,l         1
  _r_rspi0_callback_receiveend
                                  ffc07a54         1   func ,l         1
  _r_rspi0_callback_error
                                  ffc07a55         6   func ,l         1
FILE=.\src\cg_src\r_cg_s12ad.obj
                                  ffc07a5b  ffc07ccd       273
  _R_S12AD0_Create
                                  ffc07a5b       13e   func ,g         1
  _R_S12AD0_Start
                                  ffc07b99         c   func ,g         2
  _R_S12AD0_Stop
                                  ffc07ba5         e   func ,g         0
  _R_S12AD0_Get_ValueResult
                                  ffc07bb3        e3   func ,g         6
  _R_S12AD0_Set_CompareValue
                                  ffc07c96        19   func ,g         0
  _R_S12AD0_WaitAdcEnd
                                  ffc07caf        1f   func ,g         2
FILE=.\src\cg_src\r_cg_sbrk.obj
                                  ffc07cce  ffc07d0a        3d
  _sbrk
                                  ffc07cce        3d   func ,g         1
FILE=.\src\cg_src\r_cg_sci.obj
                                  ffc07d0b  ffc07ec2       1b8
  _R_SCI2_Create
                                  ffc07d0b        99   func ,g         1
  _R_SCI2_Start
                                  ffc07da4        33   func ,g         1
  _R_SCI2_Stop
                                  ffc07dd7        56   func ,g         0
  _R_SCI2_Serial_Receive
                                  ffc07e2d        48   func ,g         0
  _R_SCI2_Serial_Send
                                  ffc07e75        4e   func ,g         1
FILE=.\src\cg_src\r_cg_sci_user.obj
                                  ffc07ec3  ffc07fbe        fc
  _r_sci2_transmit_interrupt
                                  ffc07ec3        4d   func ,l         0
  _r_sci2_transmitend_interrupt
                                  ffc07f10        28   func ,g         1
  _r_sci2_receive_interrupt
                                  ffc07f38        60   func ,l         0
  _r_sci2_receiveerror_interrupt
                                  ffc07f98        25   func ,g         1
  _r_sci2_callback_transmitend
                                  ffc07fbd         1   func ,l         1
  _r_sci2_callback_receiveend
                                  ffc07fbe         1   func ,l         1
FILE=sinf
                                  ffc07fbf  ffc07ffd        3f
  _sinl
                                  ffc07fbf         2   func ,g         0
  _sin
                                  ffc07fc1         2   func ,g         1
  _sinf
                                  ffc07fc3        3b   func ,g         2
FILE=powf
                                  ffc07ffe  ffc0802a        2d
  _powl
                                  ffc07ffe         2   func ,g         0
  _pow
                                  ffc08000         2   func ,g         1
  _powf
                                  ffc08002        29   func ,g         b
FILE=sprintf
                                  ffc0802b  ffc08061        37
  _prout
                                  ffc0802b         b   func ,l         1
  _sprintf
                                  ffc08036        2c   func ,g        20
FILE=__initsct
                                  ffc08062  ffc080ab        4a
  __INITSCT
                                  ffc08062         0   none ,g         1
  loop1
                                  ffc08074         0   none ,l         1
  next_loop1
                                  ffc08082         0   none ,l         2
  loop3
                                  ffc08094         0   none ,l         1
  next_loop3
                                  ffc080a5         0   none ,l         2
FILE=_in_pows
                                  ffc080ac  ffc081b4       109
  __in_pows
                                  ffc080ac       109   func ,g         1
FILE=sincosfsub
                                  ffc081b5  ffc0829c        e8
  ___poly_sinf
                                  ffc081b5        31   func ,g         3
  ___poly_cosf
                                  ffc081e6        28   func ,g         2
  _poly_cosfn
                                  ffc0820e         7   func ,l         1
  _poly_sinfn
                                  ffc08215         5   func ,l         1
  _sincosf_special
                                  ffc0821a        33   func ,l         1
  ___internal_sincosf
                                  ffc0824d        50   func ,g         3
FILE=xprintf
                                  ffc0829d  ffc08502       266
  __Printf
                                  ffc0829d       266   func ,g         1
FILE=fmodf
                                  ffc08503  ffc08534        32
  _fmodl
                                  ffc08503         2   func ,g         0
  _fmod
                                  ffc08505         2   func ,g         1
  _fmodf
                                  ffc08507        2e   func ,g         2
FILE=_i_ldes
                                  ffc08535  ffc085b3        7f
  __in_ldexps
                                  ffc08535        7f   func ,g         2
FILE=_in_exps
                                  ffc085b4  ffc086ae        fb
  __in_exps
                                  ffc085b4        fb   func ,g         2
FILE=_in_logs
                                  ffc086af  ffc08775        c7
  __in_logs
                                  ffc086af        c7   func ,g         2
FILE=nanfval
                                  ffc08776  ffc0877c         7
  ___nanf_value
                                  ffc08776         7   func ,g         1
FILE=xputfld
                                  ffc0877d  ffc08c13       497
  __Putfld
                                  ffc0877d       497   func ,g         1
FILE=xvacopy
                                  ffc08c14  ffc08c1b         8
  __Vacopy
                                  ffc08c14         8   func ,g         2
FILE=xputtxt
                                  ffc08c1c  ffc08f00       2e5
  __Puttxt
                                  ffc08c1c       2e5   func ,g         3
FILE=strchr
                                  ffc08f01  ffc08f16        16
  _strchr
                                  ffc08f01        16   func ,g         2
FILE=xctype
                                  ffc08f17  ffc08f2c        16
  __Getpctype
                                  ffc08f17        16   func ,g         0
FILE=_i_fmds
                                  ffc08f2d  ffc09004        d8
  __in_fmods
                                  ffc08f2d        d8   func ,g         1
FILE=xldtob
                                  ffc09005  ffc0943b       437
  __Ldtob
                                  ffc09005       437   func ,g         1
FILE=xputstr
                                  ffc0943c  ffc0951b        e0
  __Putstr
                                  ffc0943c        e0   func ,g         1
FILE=xlitob
                                  ffc0951c  ffc09633       118
  __Litob
                                  ffc0951c       118   func ,g         1
FILE=xgenld
                                  ffc09634  ffc098e1       2ae
  __Genld
                                  ffc09634       2ae   func ,g         1
FILE=xwctomb
                                  ffc098e2  ffc09a39       158
  __Wctombx
                                  ffc098e2       112   func ,g         1
  __Wctomb
                                  ffc099f4        46   func ,g         1
FILE=xstate
                                  ffc09a3a  ffc09a6b        32
  __Getmbcurmax
                                  ffc09a3a        16   func ,g         2
  __Getpmbstate
                                  ffc09a50        1c   func ,g         0
FILE=xldscale
                                  ffc09a6c  ffc09a6f         4
  __LDscale
                                  ffc09a6c         4   func ,g         1
FILE=xldunsca
                                  ffc09a70  ffc09a73         4
  __LDunscale
                                  ffc09a70         4   func ,g         1
FILE=__COM_DIV64u
                                  ffc09a74  ffc09b0c        99
  __COM_DIV64u
                                  ffc09a74         0   none ,g         2
  _Loop_Init
                                  ffc09a7e         0   none ,l         2
  _Loop
                                  ffc09a86         0   none ,l         1
  _DivStart
                                  ffc09a92         0   none ,l         3
  _Success
                                  ffc09aa0         0   none ,l         1
  _DivEnd
                                  ffc09aac         0   none ,l         0
  IXI6DIV
                                  ffc09ab1         0   none ,l         1
  IXI4DIV
                                  ffc09ac3         0   none ,l         1
  IXI2DIV
                                  ffc09ad3         0   none ,l         1
  I8I2DIV
                                  ffc09adb         0   none ,l         1
  I4I2DIV
                                  ffc09b09         0   none ,l         1
  _i8divU_End
                                  ffc09b0c         0   none ,l         0
FILE=__COM_MOD64u
                                  ffc09b0d  ffc09b93        87
  __COM_MOD64u
                                  ffc09b0d         0   none ,g         1
  _Loop_Init
                                  ffc09b17         0   none ,l         2
  _Loop
                                  ffc09b1b         0   none ,l         1
  _DivStart
                                  ffc09b27         0   none ,l         3
  _Success
                                  ffc09b35         0   none ,l         1
  _DivEnd
                                  ffc09b3d         0   none ,l         0
  IXI6DIV
                                  ffc09b3e         0   none ,l         1
  IXI4DIV
                                  ffc09b50         0   none ,l         1
  IXI2DIV
                                  ffc09b60         0   none ,l         1
  I8I2DIV
                                  ffc09b68         0   none ,l         1
  I4I2DIV
                                  ffc09b88         0   none ,l         1
FILE=_div
                                  ffc09b94  ffc09b9f         c
  _ldiv
                                  ffc09b94         0   none ,g         1
  _div
                                  ffc09b94         0   none ,g         1
FILE=free
                                  ffc09ba0  ffc09c22        83
  _free
                                  ffc09ba0        83   func ,g         2
FILE=malloc
                                  ffc09c23  ffc09d00        de
  _findmem
                                  ffc09c23        7b   func ,l         1
  _malloc
                                  ffc09c9e        63   func ,g         1
FILE=localeco
                                  ffc09d01  ffc09d07         7
  _localeconv
                                  ffc09d01         7   func ,g         1
FILE=xwcstate
                                  ffc09d08  ffc09d23        1c
  __Getpwcstate
                                  ffc09d08        1c   func ,g         0
FILE=xfdscale
                                  ffc09d24  ffc09e44       121
  __FDscale
                                  ffc09d24       121   func ,g         1
FILE=xfdunsca
                                  ffc09e45  ffc09e9f        5b
  __FDunscale
                                  ffc09e45        5b   func ,g         1
FILE=xgetmem
                                  ffc09ea0  ffc09eba        1b
  __Getmem
                                  ffc09ea0        1b   func ,g         1
FILE=xfdnorm
                                  ffc09ebb  ffc09f39        7f
  __FDnorm
                                  ffc09ebb        7f   func ,g         2

SECTION=EXCEPTVECT
FILE=.\src\cg_src\r_cg_vecttbl.obj
                                  ffffff80  fffffffb        7c
  _Excpt_Vectors
                                  ffffff80        7c   data ,g         0

SECTION=RESETVECT
FILE=.\src\cg_src\r_cg_vecttbl.obj
                                  fffffffc  ffffffff         4
  _Reset_Vectors
                                  fffffffc         4   data ,g         0

*** Unfilled Areas ***

AREA                                START    END

*** Delete Symbols ***

SYMBOL                                SIZE    INFO
